---
http_interactions:
- request:
    method: put
    uri: http://backend:5352/source/target_project/_meta?user=maintainer
    body:
      encoding: UTF-8
      string: |
        <project name="target_project">
          <title>Rosemary Sutcliff</title>
          <description/>
          <person userid="maintainer" role="maintainer"/>
        </project>
    headers:
      Accept-Encoding:
      - gzip;q=1.0,deflate;q=0.6,identity;q=0.3
      Accept:
      - "*/*"
      User-Agent:
      - Ruby
  response:
    status:
      code: 200
      message: OK
    headers:
      Content-Type:
      - text/xml
      Cache-Control:
      - no-cache
      Connection:
      - close
      Content-Length:
      - '158'
    body:
      encoding: UTF-8
      string: |
        <project name="target_project">
          <title>Rosemary Sutcliff</title>
          <description></description>
          <person userid="maintainer" role="maintainer"/>
        </project>
  recorded_at: Mon, 31 Mar 2025 15:24:30 GMT
- request:
    method: put
    uri: http://backend:5352/source/target_project/target_package/_meta?user=maintainer
    body:
      encoding: UTF-8
      string: |
        <package name="target_package" project="target_project">
          <title>The Millstone</title>
          <description>Vero consequatur sint id.</description>
        </package>
    headers:
      Accept-Encoding:
      - gzip;q=1.0,deflate;q=0.6,identity;q=0.3
      Accept:
      - "*/*"
      User-Agent:
      - Ruby
  response:
    status:
      code: 200
      message: OK
    headers:
      Content-Type:
      - text/xml
      Cache-Control:
      - no-cache
      Connection:
      - close
      Content-Length:
      - '154'
    body:
      encoding: UTF-8
      string: |
        <package name="target_package" project="target_project">
          <title>The Millstone</title>
          <description>Vero consequatur sint id.</description>
        </package>
  recorded_at: Mon, 31 Mar 2025 15:24:31 GMT
- request:
    method: put
    uri: http://backend:5352/source/source_project/_meta?user=maintainer
    body:
      encoding: UTF-8
      string: |
        <project name="source_project">
          <title>Taming a Sea Horse</title>
          <description/>
        </project>
    headers:
      Accept-Encoding:
      - gzip;q=1.0,deflate;q=0.6,identity;q=0.3
      Accept:
      - "*/*"
      User-Agent:
      - Ruby
  response:
    status:
      code: 200
      message: OK
    headers:
      Content-Type:
      - text/xml
      Cache-Control:
      - no-cache
      Connection:
      - close
      Content-Length:
      - '109'
    body:
      encoding: UTF-8
      string: |
        <project name="source_project">
          <title>Taming a Sea Horse</title>
          <description></description>
        </project>
  recorded_at: Mon, 31 Mar 2025 15:24:31 GMT
- request:
    method: put
    uri: http://backend:5352/source/source_project/_project/_attribute?meta=1&user=maintainer
    body:
      encoding: UTF-8
      string: |
        <attributes>
          <attribute name="ApprovedRequestSource" namespace="OBS"/>
        </attributes>
    headers:
      Accept-Encoding:
      - gzip;q=1.0,deflate;q=0.6,identity;q=0.3
      Accept:
      - "*/*"
      User-Agent:
      - Ruby
  response:
    status:
      code: 200
      message: OK
    headers:
      Content-Type:
      - text/xml
      Cache-Control:
      - no-cache
      Connection:
      - close
      Content-Length:
      - '174'
    body:
      encoding: UTF-8
      string: |
        <revision rev="100">
          <srcmd5>1b8ff680237723997dab875980db2bbe</srcmd5>
          <time>1743434671</time>
          <user>maintainer</user>
          <comment></comment>
          <requestid/>
        </revision>
  recorded_at: Mon, 31 Mar 2025 15:24:31 GMT
- request:
    method: put
    uri: http://backend:5352/source/source_project/source_package/_meta?user=maintainer
    body:
      encoding: UTF-8
      string: |
        <package name="source_package" project="source_project">
          <title>Bury My Heart at Wounded Knee</title>
          <description>Voluptatibus minima quo sed.</description>
        </package>
    headers:
      Accept-Encoding:
      - gzip;q=1.0,deflate;q=0.6,identity;q=0.3
      Accept:
      - "*/*"
      User-Agent:
      - Ruby
  response:
    status:
      code: 200
      message: OK
    headers:
      Content-Type:
      - text/xml
      Cache-Control:
      - no-cache
      Connection:
      - close
      Content-Length:
      - '173'
    body:
      encoding: UTF-8
      string: |
        <package name="source_package" project="source_project">
          <title>Bury My Heart at Wounded Knee</title>
          <description>Voluptatibus minima quo sed.</description>
        </package>
  recorded_at: Mon, 31 Mar 2025 15:24:31 GMT
- request:
    method: get
    uri: http://backend:5352/source/source_project/source_package
    body:
      encoding: US-ASCII
      string: ''
    headers:
      Accept-Encoding:
      - gzip;q=1.0,deflate;q=0.6,identity;q=0.3
      Accept:
      - "*/*"
      User-Agent:
      - Ruby
  response:
    status:
      code: 200
      message: OK
    headers:
      Content-Type:
      - text/xml
      Cache-Control:
      - no-cache
      Connection:
      - close
      Content-Length:
      - '89'
    body:
      encoding: UTF-8
      string: |
        <directory name="source_package" srcmd5="d41d8cd98f00b204e9800998ecf8427e">
        </directory>
  recorded_at: Mon, 31 Mar 2025 15:24:31 GMT
- request:
    method: post
    uri: http://backend:5352/source/source_project/source_package?cmd=diff&expand=1&filelimit=10000&opackage=target_package&oproject=target_project&tarlimit=10000&view=xml&withissues=1
    body:
      encoding: UTF-8
      string: ''
    headers:
      Content-Type:
      - application/octet-stream
      Accept-Encoding:
      - gzip;q=1.0,deflate;q=0.6,identity;q=0.3
      Accept:
      - "*/*"
      User-Agent:
      - Ruby
  response:
    status:
      code: 200
      message: OK
    headers:
      Content-Type:
      - text/xml
      Content-Length:
      - '328'
      Cache-Control:
      - no-cache
      Connection:
      - close
    body:
      encoding: UTF-8
      string: |
        <sourcediff key="28bf7915bec73314a4e9120a7506c296">
          <old project="target_project" package="target_package" rev="0" srcmd5="d41d8cd98f00b204e9800998ecf8427e"/>
          <new project="source_project" package="source_package" rev="0" srcmd5="d41d8cd98f00b204e9800998ecf8427e"/>
          <files>
          </files>
          <issues>
          </issues>
        </sourcediff>
  recorded_at: Mon, 31 Mar 2025 15:24:31 GMT
- request:
    method: get
    uri: http://backend:5352/source/target_project/target_package
    body:
      encoding: US-ASCII
      string: ''
    headers:
      Accept-Encoding:
      - gzip;q=1.0,deflate;q=0.6,identity;q=0.3
      Accept:
      - "*/*"
      User-Agent:
      - Ruby
  response:
    status:
      code: 200
      message: OK
    headers:
      Content-Type:
      - text/xml
      Cache-Control:
      - no-cache
      Connection:
      - close
      Content-Length:
      - '89'
    body:
      encoding: UTF-8
      string: |
        <directory name="target_package" srcmd5="d41d8cd98f00b204e9800998ecf8427e">
        </directory>
  recorded_at: Mon, 31 Mar 2025 15:24:31 GMT
- request:
    method: get
    uri: http://backend:5352/source/target_project/target_package
    body:
      encoding: US-ASCII
      string: ''
    headers:
      Accept-Encoding:
      - gzip;q=1.0,deflate;q=0.6,identity;q=0.3
      Accept:
      - "*/*"
      User-Agent:
      - Ruby
  response:
    status:
      code: 200
      message: OK
    headers:
      Content-Type:
      - text/xml
      Cache-Control:
      - no-cache
      Connection:
      - close
      Content-Length:
      - '89'
    body:
      encoding: UTF-8
      string: |
        <directory name="target_package" srcmd5="d41d8cd98f00b204e9800998ecf8427e">
        </directory>
  recorded_at: Mon, 31 Mar 2025 15:24:31 GMT
- request:
    method: get
    uri: http://backend:5352/source/target_project/target_package
    body:
      encoding: US-ASCII
      string: ''
    headers:
      Accept-Encoding:
      - gzip;q=1.0,deflate;q=0.6,identity;q=0.3
      Accept:
      - "*/*"
      User-Agent:
      - Ruby
  response:
    status:
      code: 200
      message: OK
    headers:
      Content-Type:
      - text/xml
      Cache-Control:
      - no-cache
      Connection:
      - close
      Content-Length:
      - '89'
    body:
      encoding: UTF-8
      string: |
        <directory name="target_package" srcmd5="d41d8cd98f00b204e9800998ecf8427e">
        </directory>
  recorded_at: Mon, 31 Mar 2025 15:24:31 GMT
recorded_with: VCR 6.3.1
