---
http_interactions:
- request:
    method: put
    uri: http://backend:5352/source/home:tom/_meta?user=tom
    body:
      encoding: UTF-8
      string: |
        <project name="home:tom">
          <title/>
          <description/>
          <person userid="tom" role="maintainer"/>
        </project>
    headers:
      Accept-Encoding:
      - gzip;q=1.0,deflate;q=0.6,identity;q=0.3
      Accept:
      - "*/*"
      User-Agent:
      - Ruby
  response:
    status:
      code: 200
      message: OK
    headers:
      Content-Type:
      - text/xml
      Cache-Control:
      - no-cache
      Connection:
      - close
      Content-Length:
      - '129'
    body:
      encoding: UTF-8
      string: |
        <project name="home:tom">
          <title></title>
          <description></description>
          <person userid="tom" role="maintainer" />
        </project>
    http_version: 
  recorded_at: Tue, 13 Nov 2018 05:50:45 GMT
- request:
    method: put
    uri: http://backend:5352/source/Apache/_meta?user=tom
    body:
      encoding: UTF-8
      string: |
        <project name="Apache">
          <title>Little Hands Clapping</title>
          <description/>
        </project>
    headers:
      Accept-Encoding:
      - gzip;q=1.0,deflate;q=0.6,identity;q=0.3
      Accept:
      - "*/*"
      User-Agent:
      - Ruby
  response:
    status:
      code: 200
      message: OK
    headers:
      Content-Type:
      - text/xml
      Cache-Control:
      - no-cache
      Connection:
      - close
      Content-Length:
      - '104'
    body:
      encoding: UTF-8
      string: |
        <project name="Apache">
          <title>Little Hands Clapping</title>
          <description></description>
        </project>
    http_version: 
  recorded_at: Tue, 13 Nov 2018 05:50:45 GMT
- request:
    method: put
    uri: http://backend:5352/source/Apache/package_with_changes_file/_meta?user=tom
    body:
      encoding: UTF-8
      string: |
        <package name="package_with_changes_file" project="Apache">
          <title>In a Glass Darkly</title>
          <description>Velit consequuntur sunt perspiciatis.</description>
        </package>
    headers:
      Accept-Encoding:
      - gzip;q=1.0,deflate;q=0.6,identity;q=0.3
      Accept:
      - "*/*"
      User-Agent:
      - Ruby
  response:
    status:
      code: 200
      message: OK
    headers:
      Content-Type:
      - text/xml
      Cache-Control:
      - no-cache
      Connection:
      - close
      Content-Length:
      - '173'
    body:
      encoding: UTF-8
      string: |
        <package name="package_with_changes_file" project="Apache">
          <title>In a Glass Darkly</title>
          <description>Velit consequuntur sunt perspiciatis.</description>
        </package>
    http_version: 
  recorded_at: Tue, 13 Nov 2018 05:50:45 GMT
- request:
    method: put
    uri: http://backend:5352/source/Apache/package_with_changes_file/_meta?user=tom
    body:
      encoding: UTF-8
      string: |
        <package name="package_with_changes_file" project="Apache">
          <title>In a Glass Darkly</title>
          <description>Velit consequuntur sunt perspiciatis.</description>
        </package>
    headers:
      Accept-Encoding:
      - gzip;q=1.0,deflate;q=0.6,identity;q=0.3
      Accept:
      - "*/*"
      User-Agent:
      - Ruby
  response:
    status:
      code: 200
      message: OK
    headers:
      Content-Type:
      - text/xml
      Cache-Control:
      - no-cache
      Connection:
      - close
      Content-Length:
      - '173'
    body:
      encoding: UTF-8
      string: |
        <package name="package_with_changes_file" project="Apache">
          <title>In a Glass Darkly</title>
          <description>Velit consequuntur sunt perspiciatis.</description>
        </package>
    http_version: 
  recorded_at: Tue, 13 Nov 2018 05:50:45 GMT
- request:
    method: put
    uri: http://backend:5352/source/Apache/package_with_changes_file/package_with_changes_file.changes
    body:
      encoding: UTF-8
      string: |+
        -------------------------------------------------------------------
        Wed Aug  2 14:59:15 UTC 2017 - iggy@opensuse.org

        - Temporary hack

    headers:
      Accept-Encoding:
      - gzip;q=1.0,deflate;q=0.6,identity;q=0.3
      Accept:
      - "*/*"
      User-Agent:
      - Ruby
  response:
    status:
      code: 200
      message: OK
    headers:
      Content-Type:
      - text/xml
      Cache-Control:
      - no-cache
      Connection:
      - close
      Content-Length:
      - '209'
    body:
      encoding: UTF-8
      string: |
        <revision rev="14" vrev="14">
          <srcmd5>7c4fdaed1748a8e72e84c2141a00f19d</srcmd5>
          <version>unknown</version>
          <time>1542088245</time>
          <user>unknown</user>
          <comment></comment>
          <requestid/>
        </revision>
    http_version: 
  recorded_at: Tue, 13 Nov 2018 05:50:45 GMT
- request:
    method: put
    uri: http://backend:5352/source/home:foo:Apache/_meta?user=tom
    body:
      encoding: UTF-8
      string: |
        <project name="home:foo:Apache">
          <title>The Heart Is a Lonely Hunter</title>
          <description/>
        </project>
    headers:
      Accept-Encoding:
      - gzip;q=1.0,deflate;q=0.6,identity;q=0.3
      Accept:
      - "*/*"
      User-Agent:
      - Ruby
  response:
    status:
      code: 200
      message: OK
    headers:
      Content-Type:
      - text/xml
      Cache-Control:
      - no-cache
      Connection:
      - close
      Content-Length:
      - '120'
    body:
      encoding: UTF-8
      string: |
        <project name="home:foo:Apache">
          <title>The Heart Is a Lonely Hunter</title>
          <description></description>
        </project>
    http_version: 
  recorded_at: Tue, 13 Nov 2018 05:50:45 GMT
- request:
    method: put
    uri: http://backend:5352/source/home:foo:Apache/package_with_changes_file/_meta?user=tom
    body:
      encoding: UTF-8
      string: |
        <package name="package_with_changes_file" project="home:foo:Apache">
          <title>Frequent Hearses</title>
          <description>Qui dolorem nostrum dolores.</description>
        </package>
    headers:
      Accept-Encoding:
      - gzip;q=1.0,deflate;q=0.6,identity;q=0.3
      Accept:
      - "*/*"
      User-Agent:
      - Ruby
  response:
    status:
      code: 200
      message: OK
    headers:
      Content-Type:
      - text/xml
      Cache-Control:
      - no-cache
      Connection:
      - close
      Content-Length:
      - '172'
    body:
      encoding: UTF-8
      string: |
        <package name="package_with_changes_file" project="home:foo:Apache">
          <title>Frequent Hearses</title>
          <description>Qui dolorem nostrum dolores.</description>
        </package>
    http_version: 
  recorded_at: Tue, 13 Nov 2018 05:50:45 GMT
- request:
    method: put
    uri: http://backend:5352/source/home:foo:Apache/package_with_changes_file/_meta?user=tom
    body:
      encoding: UTF-8
      string: |
        <package name="package_with_changes_file" project="home:foo:Apache">
          <title>Frequent Hearses</title>
          <description>Qui dolorem nostrum dolores.</description>
        </package>
    headers:
      Accept-Encoding:
      - gzip;q=1.0,deflate;q=0.6,identity;q=0.3
      Accept:
      - "*/*"
      User-Agent:
      - Ruby
  response:
    status:
      code: 200
      message: OK
    headers:
      Content-Type:
      - text/xml
      Cache-Control:
      - no-cache
      Connection:
      - close
      Content-Length:
      - '172'
    body:
      encoding: UTF-8
      string: |
        <package name="package_with_changes_file" project="home:foo:Apache">
          <title>Frequent Hearses</title>
          <description>Qui dolorem nostrum dolores.</description>
        </package>
    http_version: 
  recorded_at: Tue, 13 Nov 2018 05:50:45 GMT
- request:
    method: put
    uri: http://backend:5352/source/home:foo:Apache/package_with_changes_file/package_with_changes_file.changes
    body:
      encoding: UTF-8
      string: |+
        -------------------------------------------------------------------
        Fri Aug 11 16:58:15 UTC 2017 - tom@opensuse.org

        - Testing the submit diff

        -------------------------------------------------------------------
        Wed Aug  2 14:59:15 UTC 2017 - iggy@opensuse.org

        - Temporary hack

    headers:
      Accept-Encoding:
      - gzip;q=1.0,deflate;q=0.6,identity;q=0.3
      Accept:
      - "*/*"
      User-Agent:
      - Ruby
  response:
    status:
      code: 200
      message: OK
    headers:
      Content-Type:
      - text/xml
      Cache-Control:
      - no-cache
      Connection:
      - close
      Content-Length:
      - '209'
    body:
      encoding: UTF-8
      string: |
        <revision rev="28" vrev="28">
          <srcmd5>3e1112aa978292ae8affb2d70ab564e5</srcmd5>
          <version>unknown</version>
          <time>1542088245</time>
          <user>unknown</user>
          <comment></comment>
          <requestid/>
        </revision>
    http_version: 
  recorded_at: Tue, 13 Nov 2018 05:50:45 GMT
- request:
    method: get
    uri: http://backend:5352/source/home:foo:Apache/package_with_changes_file
    body:
      encoding: US-ASCII
      string: ''
    headers:
      Accept-Encoding:
      - gzip;q=1.0,deflate;q=0.6,identity;q=0.3
      Accept:
      - "*/*"
      User-Agent:
      - Ruby
  response:
    status:
      code: 200
      message: OK
    headers:
      Content-Type:
      - text/xml
      Cache-Control:
      - no-cache
      Connection:
      - close
      Content-Length:
      - '342'
    body:
      encoding: UTF-8
      string: |
        <directory name="package_with_changes_file" rev="28" vrev="28" srcmd5="3e1112aa978292ae8affb2d70ab564e5">
          <entry name="lorem.changes" md5="143070716e28ed45a29514befe95043d" size="19" mtime="1542055489" />
          <entry name="package_with_changes_file.changes" md5="87b40d4b8cb98f7693786492ecda1339" size="280" mtime="1542051882" />
        </directory>
    http_version: 
  recorded_at: Tue, 13 Nov 2018 05:50:45 GMT
- request:
    method: get
    uri: http://backend:5352/source/home:foo:Apache/package_with_changes_file/lorem.changes
    body:
      encoding: US-ASCII
      string: ''
    headers:
      Accept-Encoding:
      - gzip;q=1.0,deflate;q=0.6,identity;q=0.3
      Accept:
      - "*/*"
      User-Agent:
      - Ruby
  response:
    status:
      code: 200
      message: OK
    headers:
      Content-Type:
      - application/octet-stream
      Content-Length:
      - '19'
      Cache-Control:
      - no-cache
      Connection:
      - close
    body:
      encoding: UTF-8
      string: Lorem ipsum dolorem
    http_version: 
  recorded_at: Tue, 13 Nov 2018 05:50:45 GMT
- request:
    method: get
    uri: http://backend:5352/source/Apache/package_with_changes_file/lorem.changes
    body:
      encoding: US-ASCII
      string: ''
    headers:
      Accept-Encoding:
      - gzip;q=1.0,deflate;q=0.6,identity;q=0.3
      Accept:
      - "*/*"
      User-Agent:
      - Ruby
  response:
    status:
      code: 404
      message: lorem.changes  no such file
    headers:
      Content-Type:
      - text/xml
      Cache-Control:
      - no-cache
      Connection:
      - close
      Content-Length:
      - '132'
    body:
      encoding: UTF-8
      string: |
        <status code="404">
          <summary>lorem.changes: no such file</summary>
          <details>404 lorem.changes: no such file</details>
        </status>
    http_version: 
  recorded_at: Tue, 13 Nov 2018 05:50:46 GMT
- request:
    method: get
    uri: http://backend:5352/source/home:foo:Apache/package_with_changes_file/package_with_changes_file.changes
    body:
      encoding: US-ASCII
      string: ''
    headers:
      Accept-Encoding:
      - gzip;q=1.0,deflate;q=0.6,identity;q=0.3
      Accept:
      - "*/*"
      User-Agent:
      - Ruby
  response:
    status:
      code: 200
      message: OK
    headers:
      Content-Type:
      - application/octet-stream
      Content-Length:
      - '280'
      Cache-Control:
      - no-cache
      Connection:
      - close
    body:
      encoding: UTF-8
      string: |+
        -------------------------------------------------------------------
        Fri Aug 11 16:58:15 UTC 2017 - tom@opensuse.org

        - Testing the submit diff

        -------------------------------------------------------------------
        Wed Aug  2 14:59:15 UTC 2017 - iggy@opensuse.org

        - Temporary hack

    http_version: 
  recorded_at: Tue, 13 Nov 2018 05:50:46 GMT
- request:
    method: get
    uri: http://backend:5352/source/Apache/package_with_changes_file/package_with_changes_file.changes
    body:
      encoding: US-ASCII
      string: ''
    headers:
      Accept-Encoding:
      - gzip;q=1.0,deflate;q=0.6,identity;q=0.3
      Accept:
      - "*/*"
      User-Agent:
      - Ruby
  response:
    status:
      code: 200
      message: OK
    headers:
      Content-Type:
      - application/octet-stream
      Content-Length:
      - '136'
      Cache-Control:
      - no-cache
      Connection:
      - close
    body:
      encoding: UTF-8
      string: |+
        -------------------------------------------------------------------
        Wed Aug  2 14:59:15 UTC 2017 - iggy@opensuse.org

        - Temporary hack

    http_version: 
  recorded_at: Tue, 13 Nov 2018 05:50:46 GMT
recorded_with: VCR 4.0.0
