---
http_interactions:
- request:
    method: put
    uri: http://backend:5352/source/home:tom/_meta?user=tom
    body:
      encoding: UTF-8
      string: |
        <project name="home:tom">
          <title/>
          <description/>
          <person userid="tom" role="maintainer"/>
        </project>
    headers:
      Accept-Encoding:
      - gzip;q=1.0,deflate;q=0.6,identity;q=0.3
      Accept:
      - "*/*"
      User-Agent:
      - Ruby
  response:
    status:
      code: 200
      message: OK
    headers:
      Content-Type:
      - text/xml
      Cache-Control:
      - no-cache
      Connection:
      - close
      Content-Length:
      - '129'
    body:
      encoding: UTF-8
      string: |
        <project name="home:tom">
          <title></title>
          <description></description>
          <person userid="tom" role="maintainer" />
        </project>
    http_version: 
  recorded_at: Mon, 14 Jan 2019 09:42:26 GMT
- request:
    method: put
    uri: http://backend:5352/source/home:user_1/_meta?user=user_1
    body:
      encoding: UTF-8
      string: |
        <project name="home:user_1">
          <title/>
          <description/>
          <person userid="user_1" role="maintainer"/>
        </project>
    headers:
      Accept-Encoding:
      - gzip;q=1.0,deflate;q=0.6,identity;q=0.3
      Accept:
      - "*/*"
      User-Agent:
      - Ruby
  response:
    status:
      code: 200
      message: OK
    headers:
      Content-Type:
      - text/xml
      Cache-Control:
      - no-cache
      Connection:
      - close
      Content-Length:
      - '135'
    body:
      encoding: UTF-8
      string: |
        <project name="home:user_1">
          <title></title>
          <description></description>
          <person userid="user_1" role="maintainer" />
        </project>
    http_version: 
  recorded_at: Mon, 14 Jan 2019 09:42:28 GMT
- request:
    method: put
    uri: http://backend:5352/source/home:tom/package_with_file/_meta?user=user_1
    body:
      encoding: UTF-8
      string: |
        <package name="package_with_file" project="home:tom">
          <title>As I Lay Dying</title>
          <description>Odio sequi velit omnis.</description>
        </package>
    headers:
      Accept-Encoding:
      - gzip;q=1.0,deflate;q=0.6,identity;q=0.3
      Accept:
      - "*/*"
      User-Agent:
      - Ruby
  response:
    status:
      code: 200
      message: OK
    headers:
      Content-Type:
      - text/xml
      Cache-Control:
      - no-cache
      Connection:
      - close
      Content-Length:
      - '150'
    body:
      encoding: UTF-8
      string: |
        <package name="package_with_file" project="home:tom">
          <title>As I Lay Dying</title>
          <description>Odio sequi velit omnis.</description>
        </package>
    http_version: 
  recorded_at: Mon, 14 Jan 2019 09:42:28 GMT
- request:
    method: put
    uri: http://backend:5352/source/home:tom/package_with_file/_meta?user=user_1
    body:
      encoding: UTF-8
      string: |
        <package name="package_with_file" project="home:tom">
          <title>As I Lay Dying</title>
          <description>Odio sequi velit omnis.</description>
        </package>
    headers:
      Accept-Encoding:
      - gzip;q=1.0,deflate;q=0.6,identity;q=0.3
      Accept:
      - "*/*"
      User-Agent:
      - Ruby
  response:
    status:
      code: 200
      message: OK
    headers:
      Content-Type:
      - text/xml
      Cache-Control:
      - no-cache
      Connection:
      - close
      Content-Length:
      - '150'
    body:
      encoding: UTF-8
      string: |
        <package name="package_with_file" project="home:tom">
          <title>As I Lay Dying</title>
          <description>Odio sequi velit omnis.</description>
        </package>
    http_version: 
  recorded_at: Mon, 14 Jan 2019 09:42:28 GMT
- request:
    method: put
    uri: http://backend:5352/source/home:tom/package_with_file/_config
    body:
      encoding: UTF-8
      string: Autem fugit consequuntur. Ullam voluptatum quia. Sed soluta cum.
    headers:
      Accept-Encoding:
      - gzip;q=1.0,deflate;q=0.6,identity;q=0.3
      Accept:
      - "*/*"
      User-Agent:
      - Ruby
  response:
    status:
      code: 200
      message: OK
    headers:
      Content-Type:
      - text/xml
      Cache-Control:
      - no-cache
      Connection:
      - close
      Content-Length:
      - '207'
    body:
      encoding: UTF-8
      string: |
        <revision rev="7" vrev="7">
          <srcmd5>ce5066648212cdc567191c8e3077eb81</srcmd5>
          <version>unknown</version>
          <time>1547458948</time>
          <user>unknown</user>
          <comment></comment>
          <requestid/>
        </revision>
    http_version: 
  recorded_at: Mon, 14 Jan 2019 09:42:28 GMT
- request:
    method: put
    uri: http://backend:5352/source/home:tom/package_with_file/somefile.txt
    body:
      encoding: UTF-8
      string: Cupiditate et voluptas. Voluptatem itaque fugiat. Aut et laboriosam.
    headers:
      Accept-Encoding:
      - gzip;q=1.0,deflate;q=0.6,identity;q=0.3
      Accept:
      - "*/*"
      User-Agent:
      - Ruby
  response:
    status:
      code: 200
      message: OK
    headers:
      Content-Type:
      - text/xml
      Cache-Control:
      - no-cache
      Connection:
      - close
      Content-Length:
      - '207'
    body:
      encoding: UTF-8
      string: |
        <revision rev="8" vrev="8">
          <srcmd5>005a32ad80b33929741b4d0e51f70743</srcmd5>
          <version>unknown</version>
          <time>1547458948</time>
          <user>unknown</user>
          <comment></comment>
          <requestid/>
        </revision>
    http_version: 
  recorded_at: Mon, 14 Jan 2019 09:42:29 GMT
recorded_with: VCR 4.0.0
