---
http_interactions:
- request:
    method: put
    uri: http://backend:5352/source/home:macario/_meta?user=macario
    body:
      encoding: UTF-8
      string: |
        <project name="home:macario">
          <title/>
          <description/>
          <person userid="macario" role="maintainer"/>
        </project>
    headers:
      Accept-Encoding:
      - gzip;q=1.0,deflate;q=0.6,identity;q=0.3
      Accept:
      - "*/*"
      User-Agent:
      - Ruby
  response:
    status:
      code: 200
      message: OK
    headers:
      Content-Type:
      - text/xml
      Cache-Control:
      - no-cache
      Connection:
      - close
      Content-Length:
      - '137'
    body:
      encoding: UTF-8
      string: |
        <project name="home:macario">
          <title></title>
          <description></description>
          <person userid="macario" role="maintainer" />
        </project>
    http_version: 
  recorded_at: Tue, 09 Aug 2016 11:50:07 GMT
- request:
    method: put
    uri: http://backend:5352/source/home:macario/other_package/_meta?user=macario
    body:
      encoding: UTF-8
      string: |
        <package name="other_package" project="home:macario">
          <title/>
          <description/>
        </package>
    headers:
      Accept-Encoding:
      - gzip;q=1.0,deflate;q=0.6,identity;q=0.3
      Accept:
      - "*/*"
      User-Agent:
      - Ruby
  response:
    status:
      code: 200
      message: OK
    headers:
      Content-Type:
      - text/xml
      Cache-Control:
      - no-cache
      Connection:
      - close
      Content-Length:
      - '113'
    body:
      encoding: UTF-8
      string: |
        <package name="other_package" project="home:macario">
          <title></title>
          <description></description>
        </package>
    http_version: 
  recorded_at: Tue, 09 Aug 2016 11:50:08 GMT
- request:
    method: get
    uri: http://backend:5352/build/home:macario/_result?view=binarylist
    body:
      encoding: US-ASCII
      string: ''
    headers:
      Content-Type:
      - text/plain
      Accept-Encoding:
      - identity
      Accept:
      - "*/*"
      User-Agent:
      - Ruby
  response:
    status:
      code: 200
      message: OK
    headers:
      Content-Type:
      - text/xml
      Cache-Control:
      - no-cache
      Connection:
      - close
      Content-Length:
      - '56'
    body:
      encoding: UTF-8
      string: '<resultlist state="00000000000000000000000000000000" />

'
    http_version: 
  recorded_at: Tue, 09 Aug 2016 11:50:08 GMT
- request:
    method: get
    uri: http://backend:5352/source/home:macario/other_package/_patchinfo
    body:
      encoding: US-ASCII
      string: ''
    headers:
      Accept-Encoding:
      - gzip;q=1.0,deflate;q=0.6,identity;q=0.3
      Accept:
      - "*/*"
      User-Agent:
      - Ruby
  response:
    status:
      code: 404
      message: _patchinfo  no such file
    headers:
      Content-Type:
      - text/xml
      Cache-Control:
      - no-cache
      Connection:
      - close
      Content-Length:
      - '126'
    body:
      encoding: UTF-8
      string: |
        <status code="404">
          <summary>_patchinfo: no such file</summary>
          <details>404 _patchinfo: no such file</details>
        </status>
    http_version: 
  recorded_at: Tue, 09 Aug 2016 11:50:08 GMT
- request:
    method: delete
    uri: http://backend:5352/source/home:macario/other_package?comment&user=macario
    body:
      encoding: US-ASCII
      string: ''
    headers:
      Accept-Encoding:
      - gzip;q=1.0,deflate;q=0.6,identity;q=0.3
      Accept:
      - "*/*"
      User-Agent:
      - Ruby
  response:
    status:
      code: 200
      message: OK
    headers:
      Content-Type:
      - text/xml
      Cache-Control:
      - no-cache
      Connection:
      - close
      Content-Length:
      - '21'
    body:
      encoding: UTF-8
      string: '<status code="ok" />

'
    http_version: 
  recorded_at: Tue, 09 Aug 2016 11:50:08 GMT
- request:
    method: put
    uri: http://backend:5352/source/home:macario/_meta
    body:
      encoding: UTF-8
      string: |
        <project name="home:macario">
          <title/>
          <description/>
          <person userid="macario" role="maintainer"/>
        </project>
    headers:
      Accept-Encoding:
      - gzip;q=1.0,deflate;q=0.6,identity;q=0.3
      Accept:
      - "*/*"
      User-Agent:
      - Ruby
  response:
    status:
      code: 200
      message: OK
    headers:
      Content-Type:
      - text/xml
      Cache-Control:
      - no-cache
      Connection:
      - close
      Content-Length:
      - '137'
    body:
      encoding: UTF-8
      string: |
        <project name="home:macario">
          <title></title>
          <description></description>
          <person userid="macario" role="maintainer" />
        </project>
    http_version: 
  recorded_at: Tue, 16 Aug 2016 15:48:03 GMT
- request:
    method: put
    uri: http://backend:5352/source/home:macario/other_package/_meta
    body:
      encoding: UTF-8
      string: |
        <package name="other_package" project="home:macario">
          <title/>
          <description/>
        </package>
    headers:
      Accept-Encoding:
      - gzip;q=1.0,deflate;q=0.6,identity;q=0.3
      Accept:
      - "*/*"
      User-Agent:
      - Ruby
  response:
    status:
      code: 200
      message: OK
    headers:
      Content-Type:
      - text/xml
      Cache-Control:
      - no-cache
      Connection:
      - close
      Content-Length:
      - '113'
    body:
      encoding: UTF-8
      string: |
        <package name="other_package" project="home:macario">
          <title></title>
          <description></description>
        </package>
    http_version: 
  recorded_at: Tue, 16 Aug 2016 15:48:03 GMT
- request:
    method: put
    uri: http://backend:5352/source/home:macario/other_package/somefile.txt
    body:
      encoding: UTF-8
      string: Velit officiis magnam ducimus. Iusto non earum provident qui placeat
        aperiam. Enim quae veniam ratione et.
    headers:
      Accept-Encoding:
      - gzip;q=1.0,deflate;q=0.6,identity;q=0.3
      Accept:
      - "*/*"
      User-Agent:
      - Ruby
  response:
    status:
      code: 200
      message: OK
    headers:
      Content-Type:
      - text/xml
      Cache-Control:
      - no-cache
      Connection:
      - close
      Content-Length:
      - '207'
    body:
      encoding: UTF-8
      string: |
        <revision rev="1" vrev="1">
          <srcmd5>3c57aaab543f3efc96df88eef2357143</srcmd5>
          <version>unknown</version>
          <time>1471362483</time>
          <user>unknown</user>
          <comment></comment>
          <requestid/>
        </revision>
    http_version: 
  recorded_at: Tue, 16 Aug 2016 15:48:03 GMT
recorded_with: VCR 3.0.1
