---
http_interactions:
- request:
    method: put
    uri: http://backend:5352/source/home:tom/_meta?user=tom
    body:
      encoding: UTF-8
      string: |
        <project name="home:tom">
          <title/>
          <description/>
          <person userid="tom" role="maintainer"/>
        </project>
    headers:
      Accept-Encoding:
      - gzip;q=1.0,deflate;q=0.6,identity;q=0.3
      Accept:
      - "*/*"
      User-Agent:
      - Ruby
  response:
    status:
      code: 200
      message: OK
    headers:
      Content-Type:
      - text/xml
      Cache-Control:
      - no-cache
      Connection:
      - close
      Content-Length:
      - '128'
    body:
      encoding: UTF-8
      string: |
        <project name="home:tom">
          <title></title>
          <description></description>
          <person userid="tom" role="maintainer"/>
        </project>
  recorded_at: Tue, 14 Feb 2023 14:07:25 GMT
- request:
    method: put
    uri: http://backend:5352/source/home:tom/my_package/_meta?user=tom
    body:
      encoding: UTF-8
      string: |
        <package name="my_package" project="home:tom">
          <title>Jesting Pilate</title>
          <description>Sunt voluptatem aliquid molestiae.</description>
        </package>
    headers:
      Accept-Encoding:
      - gzip;q=1.0,deflate;q=0.6,identity;q=0.3
      Accept:
      - "*/*"
      User-Agent:
      - Ruby
  response:
    status:
      code: 200
      message: OK
    headers:
      Content-Type:
      - text/xml
      Cache-Control:
      - no-cache
      Connection:
      - close
      Content-Length:
      - '154'
    body:
      encoding: UTF-8
      string: |
        <package name="my_package" project="home:tom">
          <title>Jesting Pilate</title>
          <description>Sunt voluptatem aliquid molestiae.</description>
        </package>
  recorded_at: Tue, 14 Feb 2023 14:07:25 GMT
- request:
    method: get
    uri: http://backend:5352/source/home:tom/my_package
    body:
      encoding: US-ASCII
      string: ''
    headers:
      Accept-Encoding:
      - gzip;q=1.0,deflate;q=0.6,identity;q=0.3
      Accept:
      - "*/*"
      User-Agent:
      - Ruby
  response:
    status:
      code: 200
      message: OK
    headers:
      Content-Type:
      - text/xml
      Cache-Control:
      - no-cache
      Connection:
      - close
      Content-Length:
      - '85'
    body:
      encoding: UTF-8
      string: |
        <directory name="my_package" srcmd5="d41d8cd98f00b204e9800998ecf8427e">
        </directory>
  recorded_at: Tue, 14 Feb 2023 14:07:25 GMT
- request:
    method: get
    uri: http://backend:5352/source/home:tom/my_package/_service
    body:
      encoding: US-ASCII
      string: ''
    headers:
      Accept-Encoding:
      - gzip;q=1.0,deflate;q=0.6,identity;q=0.3
      Accept:
      - "*/*"
      User-Agent:
      - Ruby
  response:
    status:
      code: 404
      message: _service  no such file
    headers:
      Content-Type:
      - text/xml
      Cache-Control:
      - no-cache
      Connection:
      - close
      Content-Length:
      - '122'
    body:
      encoding: UTF-8
      string: |
        <status code="404">
          <summary>_service: no such file</summary>
          <details>404 _service: no such file</details>
        </status>
  recorded_at: Tue, 14 Feb 2023 14:07:25 GMT
- request:
    method: put
    uri: http://backend:5352/source/home:tom/my_package/_service?comment=Modified%20via%20webui&user=tom
    body:
      encoding: UTF-8
      string: |-
        <services>
          <service name="download_url">
            <param name="host">raw.github.com</param>
            <param name="protocol">https</param>
            <param name="path">/openSUSE/open-build-service/master/.gitignore</param>
            <param name="filename">remote_file</param>
          </service>
        </services>
    headers:
      Accept-Encoding:
      - gzip;q=1.0,deflate;q=0.6,identity;q=0.3
      Accept:
      - "*/*"
      User-Agent:
      - Ruby
  response:
    status:
      code: 200
      message: OK
    headers:
      Content-Type:
      - text/xml
      Cache-Control:
      - no-cache
      Connection:
      - close
      Content-Length:
      - '221'
    body:
      encoding: UTF-8
      string: |
        <revision rev="1" vrev="1">
          <srcmd5>a8cbda5abba2d1ff53ba0a60200ae2f5</srcmd5>
          <version>unknown</version>
          <time>1676383645</time>
          <user>tom</user>
          <comment>Modified via webui</comment>
          <requestid/>
        </revision>
  recorded_at: Tue, 14 Feb 2023 14:07:26 GMT
- request:
    method: post
    uri: http://backend:5352/source/home:tom/my_package?cmd=runservice&user=tom
    body:
      encoding: UTF-8
      string: ''
    headers:
      Content-Type:
      - application/octet-stream
      Accept-Encoding:
      - gzip;q=1.0,deflate;q=0.6,identity;q=0.3
      Accept:
      - "*/*"
      User-Agent:
      - Ruby
  response:
    status:
      code: 200
      message: OK
    headers:
      Content-Type:
      - text/xml
      Cache-Control:
      - no-cache
      Connection:
      - close
      Content-Length:
      - '21'
    body:
      encoding: UTF-8
      string: '<status code="ok" />

'
  recorded_at: Tue, 14 Feb 2023 14:07:26 GMT
- request:
    method: put
    uri: http://backend:5352/source/home:tom/my_package/_meta?user=tom
    body:
      encoding: UTF-8
      string: |
        <package name="my_package" project="home:tom">
          <title>Jesting Pilate</title>
          <description>Sunt voluptatem aliquid molestiae.</description>
        </package>
    headers:
      Accept-Encoding:
      - gzip;q=1.0,deflate;q=0.6,identity;q=0.3
      Accept:
      - "*/*"
      User-Agent:
      - Ruby
  response:
    status:
      code: 200
      message: OK
    headers:
      Content-Type:
      - text/xml
      Cache-Control:
      - no-cache
      Connection:
      - close
      Content-Length:
      - '154'
    body:
      encoding: UTF-8
      string: |
        <package name="my_package" project="home:tom">
          <title>Jesting Pilate</title>
          <description>Sunt voluptatem aliquid molestiae.</description>
        </package>
  recorded_at: Tue, 14 Feb 2023 14:07:26 GMT
- request:
    method: get
    uri: http://backend:5352/source/home:tom/my_package
    body:
      encoding: US-ASCII
      string: ''
    headers:
      Accept-Encoding:
      - gzip;q=1.0,deflate;q=0.6,identity;q=0.3
      Accept:
      - "*/*"
      User-Agent:
      - Ruby
  response:
    status:
      code: 200
      message: OK
    headers:
      Content-Type:
      - text/xml
      Cache-Control:
      - no-cache
      Connection:
      - close
      Content-Length:
      - '230'
    body:
      encoding: UTF-8
      string: |
        <directory name="my_package" rev="2" vrev="2" srcmd5="cc4c8c27727761d8c8739f0a9afe73bd">
          <serviceinfo code="running"/>
          <entry name="_service" md5="4da20bf9b9adf337a61ec7571253d7f3" size="279" mtime="1674829157"/>
        </directory>
  recorded_at: Tue, 14 Feb 2023 14:07:26 GMT
- request:
    method: get
    uri: http://backend:5352/source/home:tom/my_package?view=info
    body:
      encoding: US-ASCII
      string: ''
    headers:
      Accept-Encoding:
      - gzip;q=1.0,deflate;q=0.6,identity;q=0.3
      Accept:
      - "*/*"
      User-Agent:
      - Ruby
  response:
    status:
      code: 200
      message: OK
    headers:
      Content-Type:
      - text/xml
      Cache-Control:
      - no-cache
      Connection:
      - close
      Content-Length:
      - '144'
    body:
      encoding: UTF-8
      string: |
        <sourceinfo package="my_package" rev="2" vrev="2" srcmd5="cc4c8c27727761d8c8739f0a9afe73bd">
          <error>service in progress</error>
        </sourceinfo>
  recorded_at: Tue, 14 Feb 2023 14:07:26 GMT
- request:
    method: get
    uri: http://backend:5352/source/home:tom/my_package
    body:
      encoding: US-ASCII
      string: ''
    headers:
      Accept-Encoding:
      - gzip;q=1.0,deflate;q=0.6,identity;q=0.3
      Accept:
      - "*/*"
      User-Agent:
      - Ruby
  response:
    status:
      code: 200
      message: OK
    headers:
      Content-Type:
      - text/xml
      Cache-Control:
      - no-cache
      Connection:
      - close
      Content-Length:
      - '230'
    body:
      encoding: UTF-8
      string: |
        <directory name="my_package" rev="2" vrev="2" srcmd5="cc4c8c27727761d8c8739f0a9afe73bd">
          <serviceinfo code="running"/>
          <entry name="_service" md5="4da20bf9b9adf337a61ec7571253d7f3" size="279" mtime="1674829157"/>
        </directory>
  recorded_at: Tue, 14 Feb 2023 14:07:26 GMT
- request:
    method: post
    uri: http://backend:5352/source/home:tom/my_package?cmd=diff&linkrev=base&onlyissues=1&orev=0&view=xml
    body:
      encoding: UTF-8
      string: ''
    headers:
      Content-Type:
      - application/octet-stream
      Accept-Encoding:
      - gzip;q=1.0,deflate;q=0.6,identity;q=0.3
      Accept:
      - "*/*"
      User-Agent:
      - Ruby
  response:
    status:
      code: 200
      message: OK
    headers:
      Content-Type:
      - text/xml
      Cache-Control:
      - no-cache
      Connection:
      - close
      Content-Length:
      - '298'
    body:
      encoding: UTF-8
      string: |
        <sourcediff key="4d2f214513cde700a11ad0390ef48e19">
          <old project="home:tom" package="my_package" rev="0" srcmd5="d41d8cd98f00b204e9800998ecf8427e"/>
          <new project="home:tom" package="my_package" rev="2" srcmd5="cc4c8c27727761d8c8739f0a9afe73bd"/>
          <files/>
          <issues>
          </issues>
        </sourcediff>
  recorded_at: Tue, 14 Feb 2023 14:07:26 GMT
- request:
    method: delete
    uri: http://backend:5352/source/home:tom/my_package?comment&user=tom
    body:
      encoding: US-ASCII
      string: ''
    headers:
      Accept-Encoding:
      - gzip;q=1.0,deflate;q=0.6,identity;q=0.3
      Accept:
      - "*/*"
      User-Agent:
      - Ruby
  response:
    status:
      code: 200
      message: OK
    headers:
      Content-Type:
      - text/xml
      Cache-Control:
      - no-cache
      Connection:
      - close
      Content-Length:
      - '21'
    body:
      encoding: UTF-8
      string: '<status code="ok" />

'
  recorded_at: Tue, 14 Feb 2023 14:07:26 GMT
recorded_with: VCR 6.1.0
