---
http_interactions:
- request:
    method: put
    uri: http://backend:5352/source/home:tom/_meta?user=tom
    body:
      encoding: UTF-8
      string: |
        <project name="home:tom">
          <title/>
          <description/>
          <person userid="tom" role="maintainer"/>
        </project>
    headers:
      Accept-Encoding:
      - gzip;q=1.0,deflate;q=0.6,identity;q=0.3
      Accept:
      - "*/*"
      User-Agent:
      - Ruby
  response:
    status:
      code: 200
      message: OK
    headers:
      Content-Type:
      - text/xml
      Cache-Control:
      - no-cache
      Connection:
      - close
      Content-Length:
      - '128'
    body:
      encoding: UTF-8
      string: |
        <project name="home:tom">
          <title></title>
          <description></description>
          <person userid="tom" role="maintainer"/>
        </project>
    http_version: 
  recorded_at: Fri, 27 Sep 2019 14:16:38 GMT
- request:
    method: put
    uri: http://backend:5352/source/home:tom/package_with_file/_meta?user=tom
    body:
      encoding: UTF-8
      string: |
        <package name="package_with_file" project="home:tom">
          <title>The Skull Beneath the Skin</title>
          <description>Officia voluptatibus vel magni.</description>
        </package>
    headers:
      Accept-Encoding:
      - gzip;q=1.0,deflate;q=0.6,identity;q=0.3
      Accept:
      - "*/*"
      User-Agent:
      - Ruby
  response:
    status:
      code: 200
      message: OK
    headers:
      Content-Type:
      - text/xml
      Cache-Control:
      - no-cache
      Connection:
      - close
      Content-Length:
      - '170'
    body:
      encoding: UTF-8
      string: |
        <package name="package_with_file" project="home:tom">
          <title>The Skull Beneath the Skin</title>
          <description>Officia voluptatibus vel magni.</description>
        </package>
    http_version: 
  recorded_at: Fri, 27 Sep 2019 14:16:38 GMT
- request:
    method: put
    uri: http://backend:5352/source/home:tom/package_with_file/_config
    body:
      encoding: UTF-8
      string: Eum eaque consequatur. Deleniti et et. Esse incidunt nostrum.
    headers:
      Accept-Encoding:
      - gzip;q=1.0,deflate;q=0.6,identity;q=0.3
      Accept:
      - "*/*"
      User-Agent:
      - Ruby
  response:
    status:
      code: 200
      message: OK
    headers:
      Content-Type:
      - text/xml
      Cache-Control:
      - no-cache
      Connection:
      - close
      Content-Length:
      - '209'
    body:
      encoding: UTF-8
      string: |
        <revision rev="41" vrev="41">
          <srcmd5>5e60d55c666ec8dbe82994a01905a0ae</srcmd5>
          <version>unknown</version>
          <time>1569593798</time>
          <user>unknown</user>
          <comment></comment>
          <requestid/>
        </revision>
    http_version: 
  recorded_at: Fri, 27 Sep 2019 14:16:38 GMT
- request:
    method: put
    uri: http://backend:5352/source/home:tom/package_with_file/somefile.txt
    body:
      encoding: UTF-8
      string: Ipsum hic quia. Sint eveniet quam. Error nihil quia.
    headers:
      Accept-Encoding:
      - gzip;q=1.0,deflate;q=0.6,identity;q=0.3
      Accept:
      - "*/*"
      User-Agent:
      - Ruby
  response:
    status:
      code: 200
      message: OK
    headers:
      Content-Type:
      - text/xml
      Cache-Control:
      - no-cache
      Connection:
      - close
      Content-Length:
      - '209'
    body:
      encoding: UTF-8
      string: |
        <revision rev="42" vrev="42">
          <srcmd5>33206d96063f6d34560f57f303017980</srcmd5>
          <version>unknown</version>
          <time>1569593798</time>
          <user>unknown</user>
          <comment></comment>
          <requestid/>
        </revision>
    http_version: 
  recorded_at: Fri, 27 Sep 2019 14:16:38 GMT
- request:
    method: put
    uri: http://backend:5352/source/project_22/_meta?user=tom
    body:
      encoding: UTF-8
      string: |
        <project name="project_22">
          <title>That Good Night</title>
          <description/>
        </project>
    headers:
      Accept-Encoding:
      - gzip;q=1.0,deflate;q=0.6,identity;q=0.3
      Accept:
      - "*/*"
      User-Agent:
      - Ruby
  response:
    status:
      code: 200
      message: OK
    headers:
      Content-Type:
      - text/xml
      Cache-Control:
      - no-cache
      Connection:
      - close
      Content-Length:
      - '102'
    body:
      encoding: UTF-8
      string: |
        <project name="project_22">
          <title>That Good Night</title>
          <description></description>
        </project>
    http_version: 
  recorded_at: Fri, 27 Sep 2019 14:16:38 GMT
- request:
    method: get
    uri: http://backend:5352/source/home:tom/package_with_file?expand=1
    body:
      encoding: US-ASCII
      string: ''
    headers:
      Accept-Encoding:
      - gzip;q=1.0,deflate;q=0.6,identity;q=0.3
      Accept:
      - "*/*"
      User-Agent:
      - Ruby
  response:
    status:
      code: 200
      message: OK
    headers:
      Content-Type:
      - text/xml
      Cache-Control:
      - no-cache
      Connection:
      - close
      Content-Length:
      - '304'
    body:
      encoding: UTF-8
      string: |
        <directory name="package_with_file" rev="42" vrev="42" srcmd5="33206d96063f6d34560f57f303017980">
          <entry name="_config" md5="cf2f52d32ae28cd371f36baadf047e98" size="61" mtime="1569593798"/>
          <entry name="somefile.txt" md5="a75a8740d5ed613f3c8072fd18b07354" size="52" mtime="1569593798"/>
        </directory>
    http_version: 
  recorded_at: Fri, 27 Sep 2019 14:16:38 GMT
recorded_with: VCR 5.0.0
