---
http_interactions:
- request:
    method: put
    uri: http://backend:5352/source/fake_project/_meta
    body:
      encoding: UTF-8
      string: |
        <project name="fake_project">
          <title>Time of our Darkness</title>
          <description/>
        </project>
    headers:
      Accept-Encoding:
      - gzip;q=1.0,deflate;q=0.6,identity;q=0.3
      Accept:
      - "*/*"
      User-Agent:
      - Ruby
  response:
    status:
      code: 200
      message: OK
    headers:
      Content-Type:
      - text/xml
      Cache-Control:
      - no-cache
      Connection:
      - close
      Content-Length:
      - '109'
    body:
      encoding: UTF-8
      string: |
        <project name="fake_project">
          <title>Time of our Darkness</title>
          <description></description>
        </project>
    http_version: 
  recorded_at: Mon, 11 Sep 2017 21:36:40 GMT
- request:
    method: put
    uri: http://backend:5352/source/fake_project/_config
    body:
      encoding: UTF-8
      string: Iste earum temporibus. Corporis in aut inventore vitae dolorem sequi.
        Harum unde inventore.
    headers:
      Accept-Encoding:
      - gzip;q=1.0,deflate;q=0.6,identity;q=0.3
      Accept:
      - "*/*"
      User-Agent:
      - Ruby
  response:
    status:
      code: 200
      message: OK
    headers:
      Content-Type:
      - text/xml
      Cache-Control:
      - no-cache
      Connection:
      - close
      Content-Length:
      - '21'
    body:
      encoding: UTF-8
      string: '<status code="ok" />

'
    http_version: 
  recorded_at: Mon, 11 Sep 2017 21:36:40 GMT
- request:
    method: put
    uri: http://backend:5352/source/fake_project/package_without_kiwi_file/_meta?user=_nobody_
    body:
      encoding: UTF-8
      string: |
        <package name="package_without_kiwi_file" project="fake_project">
          <title>The Last Temptation</title>
          <description>Dignissimos odit enim vero.</description>
        </package>
    headers:
      Accept-Encoding:
      - gzip;q=1.0,deflate;q=0.6,identity;q=0.3
      Accept:
      - "*/*"
      User-Agent:
      - Ruby
  response:
    status:
      code: 200
      message: OK
    headers:
      Content-Type:
      - text/xml
      Cache-Control:
      - no-cache
      Connection:
      - close
      Content-Length:
      - '171'
    body:
      encoding: UTF-8
      string: |
        <package name="package_without_kiwi_file" project="fake_project">
          <title>The Last Temptation</title>
          <description>Dignissimos odit enim vero.</description>
        </package>
    http_version: 
  recorded_at: Mon, 11 Sep 2017 21:36:40 GMT
- request:
    method: put
    uri: http://backend:5352/source/fake_project/package_without_kiwi_file/_meta
    body:
      encoding: UTF-8
      string: |
        <package name="package_without_kiwi_file" project="fake_project">
          <title>The Last Temptation</title>
          <description>Dignissimos odit enim vero.</description>
        </package>
    headers:
      Accept-Encoding:
      - gzip;q=1.0,deflate;q=0.6,identity;q=0.3
      Accept:
      - "*/*"
      User-Agent:
      - Ruby
  response:
    status:
      code: 200
      message: OK
    headers:
      Content-Type:
      - text/xml
      Cache-Control:
      - no-cache
      Connection:
      - close
      Content-Length:
      - '171'
    body:
      encoding: UTF-8
      string: |
        <package name="package_without_kiwi_file" project="fake_project">
          <title>The Last Temptation</title>
          <description>Dignissimos odit enim vero.</description>
        </package>
    http_version: 
  recorded_at: Mon, 11 Sep 2017 21:36:40 GMT
- request:
    method: get
    uri: http://backend:5352/source/fake_project/package_without_kiwi_file
    body:
      encoding: US-ASCII
      string: ''
    headers:
      Accept-Encoding:
      - gzip;q=1.0,deflate;q=0.6,identity;q=0.3
      Accept:
      - "*/*"
      User-Agent:
      - Ruby
  response:
    status:
      code: 200
      message: OK
    headers:
      Content-Type:
      - text/xml
      Cache-Control:
      - no-cache
      Connection:
      - close
      Content-Length:
      - '100'
    body:
      encoding: UTF-8
      string: |
        <directory name="package_without_kiwi_file" srcmd5="d41d8cd98f00b204e9800998ecf8427e">
        </directory>
    http_version: 
  recorded_at: Mon, 11 Sep 2017 21:36:40 GMT
recorded_with: VCR 3.0.3
