---
http_interactions:
- request:
    method: put
    uri: http://backend:5352/source/fake_project/_meta
    body:
      encoding: UTF-8
      string: |
        <project name="fake_project">
          <title>The Wealth of Nations</title>
          <description/>
        </project>
    headers:
      Accept-Encoding:
      - gzip;q=1.0,deflate;q=0.6,identity;q=0.3
      Accept:
      - "*/*"
      User-Agent:
      - Ruby
  response:
    status:
      code: 200
      message: OK
    headers:
      Content-Type:
      - text/xml
      Cache-Control:
      - no-cache
      Connection:
      - close
      Content-Length:
      - '110'
    body:
      encoding: UTF-8
      string: |
        <project name="fake_project">
          <title>The Wealth of Nations</title>
          <description></description>
        </project>
    http_version: 
  recorded_at: Mon, 11 Sep 2017 21:36:40 GMT
- request:
    method: put
    uri: http://backend:5352/source/fake_project/_config
    body:
      encoding: UTF-8
      string: Rem maiores aut. Aut ab nihil nesciunt velit consequatur id adipisci.
        Asperiores necessitatibus hic impedit ut quia. Eius aperiam iure temporibus
        modi impedit amet tempora.
    headers:
      Accept-Encoding:
      - gzip;q=1.0,deflate;q=0.6,identity;q=0.3
      Accept:
      - "*/*"
      User-Agent:
      - Ruby
  response:
    status:
      code: 200
      message: OK
    headers:
      Content-Type:
      - text/xml
      Cache-Control:
      - no-cache
      Connection:
      - close
      Content-Length:
      - '21'
    body:
      encoding: UTF-8
      string: '<status code="ok" />

'
    http_version: 
  recorded_at: Mon, 11 Sep 2017 21:36:40 GMT
- request:
    method: put
    uri: http://backend:5352/source/fake_project/package_without_kiwi_file/_meta?user=_nobody_
    body:
      encoding: UTF-8
      string: |
        <package name="package_without_kiwi_file" project="fake_project">
          <title>An Acceptable Time</title>
          <description>Et voluptatem reprehenderit non praesentium nostrum.</description>
        </package>
    headers:
      Accept-Encoding:
      - gzip;q=1.0,deflate;q=0.6,identity;q=0.3
      Accept:
      - "*/*"
      User-Agent:
      - Ruby
  response:
    status:
      code: 200
      message: OK
    headers:
      Content-Type:
      - text/xml
      Cache-Control:
      - no-cache
      Connection:
      - close
      Content-Length:
      - '195'
    body:
      encoding: UTF-8
      string: |
        <package name="package_without_kiwi_file" project="fake_project">
          <title>An Acceptable Time</title>
          <description>Et voluptatem reprehenderit non praesentium nostrum.</description>
        </package>
    http_version: 
  recorded_at: Mon, 11 Sep 2017 21:36:40 GMT
- request:
    method: put
    uri: http://backend:5352/source/fake_project/package_without_kiwi_file/_meta
    body:
      encoding: UTF-8
      string: |
        <package name="package_without_kiwi_file" project="fake_project">
          <title>An Acceptable Time</title>
          <description>Et voluptatem reprehenderit non praesentium nostrum.</description>
        </package>
    headers:
      Accept-Encoding:
      - gzip;q=1.0,deflate;q=0.6,identity;q=0.3
      Accept:
      - "*/*"
      User-Agent:
      - Ruby
  response:
    status:
      code: 200
      message: OK
    headers:
      Content-Type:
      - text/xml
      Cache-Control:
      - no-cache
      Connection:
      - close
      Content-Length:
      - '195'
    body:
      encoding: UTF-8
      string: |
        <package name="package_without_kiwi_file" project="fake_project">
          <title>An Acceptable Time</title>
          <description>Et voluptatem reprehenderit non praesentium nostrum.</description>
        </package>
    http_version: 
  recorded_at: Mon, 11 Sep 2017 21:36:40 GMT
- request:
    method: get
    uri: http://backend:5352/source/fake_project/package_without_kiwi_file
    body:
      encoding: US-ASCII
      string: ''
    headers:
      Accept-Encoding:
      - gzip;q=1.0,deflate;q=0.6,identity;q=0.3
      Accept:
      - "*/*"
      User-Agent:
      - Ruby
  response:
    status:
      code: 200
      message: OK
    headers:
      Content-Type:
      - text/xml
      Cache-Control:
      - no-cache
      Connection:
      - close
      Content-Length:
      - '100'
    body:
      encoding: UTF-8
      string: |
        <directory name="package_without_kiwi_file" srcmd5="d41d8cd98f00b204e9800998ecf8427e">
        </directory>
    http_version: 
  recorded_at: Mon, 11 Sep 2017 21:36:40 GMT
- request:
    method: put
    uri: http://backend:5352/source/fake_project/package_without_kiwi_file/_meta?user=tom
    body:
      encoding: UTF-8
      string: |
        <package name="package_without_kiwi_file" project="fake_project">
          <title>A Monstrous Regiment of Women</title>
          <description>Hic veritatis cumque unde.</description>
        </package>
    headers:
      Accept-Encoding:
      - gzip;q=1.0,deflate;q=0.6,identity;q=0.3
      Accept:
      - "*/*"
      User-Agent:
      - Ruby
  response:
    status:
      code: 200
      message: OK
    headers:
      Content-Type:
      - text/xml
      Cache-Control:
      - no-cache
      Connection:
      - close
      Content-Length:
      - '180'
    body:
      encoding: UTF-8
      string: |
        <package name="package_without_kiwi_file" project="fake_project">
          <title>A Monstrous Regiment of Women</title>
          <description>Hic veritatis cumque unde.</description>
        </package>
    http_version: 
  recorded_at: Wed, 11 Oct 2017 15:18:22 GMT
recorded_with: VCR 3.0.3
