---
http_interactions:
- request:
    method: put
    uri: http://backend:5352/source/home:package_test_user/_meta?user=package_test_user
    body:
      encoding: UTF-8
      string: |
        <project name="home:package_test_user">
          <title/>
          <description/>
          <person userid="package_test_user" role="maintainer"/>
        </project>
    headers:
      Accept-Encoding:
      - gzip;q=1.0,deflate;q=0.6,identity;q=0.3
      Accept:
      - "*/*"
      User-Agent:
      - Ruby
  response:
    status:
      code: 200
      message: OK
    headers:
      Content-Type:
      - text/xml
      Cache-Control:
      - no-cache
      Connection:
      - close
      Content-Length:
      - '157'
    body:
      encoding: UTF-8
      string: |
        <project name="home:package_test_user">
          <title></title>
          <description></description>
          <person userid="package_test_user" role="maintainer" />
        </project>
    http_version: 
  recorded_at: Tue, 21 Aug 2018 15:57:19 GMT
- request:
    method: put
    uri: http://backend:5352/source/home:user_tab_user/_meta?user=user_tab_user
    body:
      encoding: UTF-8
      string: |
        <project name="home:user_tab_user">
          <title/>
          <description/>
          <person userid="user_tab_user" role="maintainer"/>
        </project>
    headers:
      Accept-Encoding:
      - gzip;q=1.0,deflate;q=0.6,identity;q=0.3
      Accept:
      - "*/*"
      User-Agent:
      - Ruby
  response:
    status:
      code: 200
      message: OK
    headers:
      Content-Type:
      - text/xml
      Cache-Control:
      - no-cache
      Connection:
      - close
      Content-Length:
      - '149'
    body:
      encoding: UTF-8
      string: |
        <project name="home:user_tab_user">
          <title></title>
          <description></description>
          <person userid="user_tab_user" role="maintainer" />
        </project>
    http_version: 
  recorded_at: Tue, 21 Aug 2018 15:57:19 GMT
- request:
    method: put
    uri: http://backend:5352/source/home:user_tab_user/group_test_package/_meta?user=_nobody_
    body:
      encoding: UTF-8
      string: |
        <package name="group_test_package" project="home:user_tab_user">
          <title>Pale Kings and Princes</title>
          <description>Consequatur nesciunt minus omnis.</description>
        </package>
    headers:
      Accept-Encoding:
      - gzip;q=1.0,deflate;q=0.6,identity;q=0.3
      Accept:
      - "*/*"
      User-Agent:
      - Ruby
  response:
    status:
      code: 200
      message: OK
    headers:
      Content-Type:
      - text/xml
      Cache-Control:
      - no-cache
      Connection:
      - close
      Content-Length:
      - '179'
    body:
      encoding: UTF-8
      string: |
        <package name="group_test_package" project="home:user_tab_user">
          <title>Pale Kings and Princes</title>
          <description>Consequatur nesciunt minus omnis.</description>
        </package>
    http_version: 
  recorded_at: Tue, 21 Aug 2018 15:57:19 GMT
- request:
    method: put
    uri: http://backend:5352/source/home:user_tab_user/group_test_package/_meta?user=_nobody_
    body:
      encoding: UTF-8
      string: |
        <package name="group_test_package" project="home:user_tab_user">
          <title>Pale Kings and Princes</title>
          <description>Consequatur nesciunt minus omnis.</description>
        </package>
    headers:
      Accept-Encoding:
      - gzip;q=1.0,deflate;q=0.6,identity;q=0.3
      Accept:
      - "*/*"
      User-Agent:
      - Ruby
  response:
    status:
      code: 200
      message: OK
    headers:
      Content-Type:
      - text/xml
      Cache-Control:
      - no-cache
      Connection:
      - close
      Content-Length:
      - '179'
    body:
      encoding: UTF-8
      string: |
        <package name="group_test_package" project="home:user_tab_user">
          <title>Pale Kings and Princes</title>
          <description>Consequatur nesciunt minus omnis.</description>
        </package>
    http_version: 
  recorded_at: Tue, 21 Aug 2018 15:57:19 GMT
- request:
    method: put
    uri: http://backend:5352/source/home:other_user/_meta?user=other_user
    body:
      encoding: UTF-8
      string: |
        <project name="home:other_user">
          <title/>
          <description/>
          <person userid="other_user" role="maintainer"/>
        </project>
    headers:
      Accept-Encoding:
      - gzip;q=1.0,deflate;q=0.6,identity;q=0.3
      Accept:
      - "*/*"
      User-Agent:
      - Ruby
  response:
    status:
      code: 200
      message: OK
    headers:
      Content-Type:
      - text/xml
      Cache-Control:
      - no-cache
      Connection:
      - close
      Content-Length:
      - '143'
    body:
      encoding: UTF-8
      string: |
        <project name="home:other_user">
          <title></title>
          <description></description>
          <person userid="other_user" role="maintainer" />
        </project>
    http_version: 
  recorded_at: Tue, 21 Aug 2018 15:57:19 GMT
- request:
    method: put
    uri: http://backend:5352/source/home:other_user/branch_test_package/_meta?user=_nobody_
    body:
      encoding: UTF-8
      string: |
        <package name="branch_test_package" project="home:other_user">
          <title>Fair Stood the Wind for France</title>
          <description>Omnis quo unde commodi.</description>
        </package>
    headers:
      Accept-Encoding:
      - gzip;q=1.0,deflate;q=0.6,identity;q=0.3
      Accept:
      - "*/*"
      User-Agent:
      - Ruby
  response:
    status:
      code: 200
      message: OK
    headers:
      Content-Type:
      - text/xml
      Cache-Control:
      - no-cache
      Connection:
      - close
      Content-Length:
      - '175'
    body:
      encoding: UTF-8
      string: |
        <package name="branch_test_package" project="home:other_user">
          <title>Fair Stood the Wind for France</title>
          <description>Omnis quo unde commodi.</description>
        </package>
    http_version: 
  recorded_at: Tue, 21 Aug 2018 15:57:19 GMT
- request:
    method: put
    uri: http://backend:5352/source/home:other_user/branch_test_package/_meta?user=_nobody_
    body:
      encoding: UTF-8
      string: |
        <package name="branch_test_package" project="home:other_user">
          <title>Fair Stood the Wind for France</title>
          <description>Omnis quo unde commodi.</description>
        </package>
    headers:
      Accept-Encoding:
      - gzip;q=1.0,deflate;q=0.6,identity;q=0.3
      Accept:
      - "*/*"
      User-Agent:
      - Ruby
  response:
    status:
      code: 200
      message: OK
    headers:
      Content-Type:
      - text/xml
      Cache-Control:
      - no-cache
      Connection:
      - close
      Content-Length:
      - '175'
    body:
      encoding: UTF-8
      string: |
        <package name="branch_test_package" project="home:other_user">
          <title>Fair Stood the Wind for France</title>
          <description>Omnis quo unde commodi.</description>
        </package>
    http_version: 
  recorded_at: Tue, 21 Aug 2018 15:57:19 GMT
- request:
    method: put
    uri: http://backend:5352/source/home:other_user/branch_test_package/_config
    body:
      encoding: UTF-8
      string: Ab laborum beatae. Non qui qui. Nesciunt illo nulla.
    headers:
      Accept-Encoding:
      - gzip;q=1.0,deflate;q=0.6,identity;q=0.3
      Accept:
      - "*/*"
      User-Agent:
      - Ruby
  response:
    status:
      code: 200
      message: OK
    headers:
      Content-Type:
      - text/xml
      Cache-Control:
      - no-cache
      Connection:
      - close
      Content-Length:
      - '211'
    body:
      encoding: UTF-8
      string: |
        <revision rev="143" vrev="143">
          <srcmd5>c4f9193abb3b2ef9a3ea9805bcf5e4f3</srcmd5>
          <version>unknown</version>
          <time>1534867039</time>
          <user>unknown</user>
          <comment></comment>
          <requestid/>
        </revision>
    http_version: 
  recorded_at: Tue, 21 Aug 2018 15:57:19 GMT
- request:
    method: put
    uri: http://backend:5352/source/home:other_user/branch_test_package/somefile.txt
    body:
      encoding: UTF-8
      string: Omnis dolore labore. Et eligendi ratione. Consectetur voluptatem in.
    headers:
      Accept-Encoding:
      - gzip;q=1.0,deflate;q=0.6,identity;q=0.3
      Accept:
      - "*/*"
      User-Agent:
      - Ruby
  response:
    status:
      code: 200
      message: OK
    headers:
      Content-Type:
      - text/xml
      Cache-Control:
      - no-cache
      Connection:
      - close
      Content-Length:
      - '211'
    body:
      encoding: UTF-8
      string: |
        <revision rev="144" vrev="144">
          <srcmd5>293f751bb56877f9c922a2095a4a9f52</srcmd5>
          <version>unknown</version>
          <time>1534867039</time>
          <user>unknown</user>
          <comment></comment>
          <requestid/>
        </revision>
    http_version: 
  recorded_at: Tue, 21 Aug 2018 15:57:19 GMT
- request:
    method: put
    uri: http://backend:5352/source/home:reader_user/_meta?user=reader_user
    body:
      encoding: UTF-8
      string: |
        <project name="home:reader_user">
          <title/>
          <description/>
          <person userid="reader_user" role="maintainer"/>
        </project>
    headers:
      Accept-Encoding:
      - gzip;q=1.0,deflate;q=0.6,identity;q=0.3
      Accept:
      - "*/*"
      User-Agent:
      - Ruby
  response:
    status:
      code: 200
      message: OK
    headers:
      Content-Type:
      - text/xml
      Cache-Control:
      - no-cache
      Connection:
      - close
      Content-Length:
      - '145'
    body:
      encoding: UTF-8
      string: |
        <project name="home:reader_user">
          <title></title>
          <description></description>
          <person userid="reader_user" role="maintainer" />
        </project>
    http_version: 
  recorded_at: Tue, 21 Aug 2018 15:57:19 GMT
- request:
    method: get
    uri: http://backend:5352/source/home:user_tab_user/group_test_package
    body:
      encoding: US-ASCII
      string: ''
    headers:
      Accept-Encoding:
      - gzip;q=1.0,deflate;q=0.6,identity;q=0.3
      Accept:
      - "*/*"
      User-Agent:
      - Ruby
  response:
    status:
      code: 200
      message: OK
    headers:
      Content-Type:
      - text/xml
      Cache-Control:
      - no-cache
      Connection:
      - close
      Content-Length:
      - '93'
    body:
      encoding: UTF-8
      string: |
        <directory name="group_test_package" srcmd5="d41d8cd98f00b204e9800998ecf8427e">
        </directory>
    http_version: 
  recorded_at: Tue, 21 Aug 2018 15:57:21 GMT
- request:
    method: get
    uri: http://backend:5352/source/home:user_tab_user/group_test_package?expand=1
    body:
      encoding: US-ASCII
      string: ''
    headers:
      Accept-Encoding:
      - gzip;q=1.0,deflate;q=0.6,identity;q=0.3
      Accept:
      - "*/*"
      User-Agent:
      - Ruby
  response:
    status:
      code: 200
      message: OK
    headers:
      Content-Type:
      - text/xml
      Cache-Control:
      - no-cache
      Connection:
      - close
      Content-Length:
      - '93'
    body:
      encoding: UTF-8
      string: |
        <directory name="group_test_package" srcmd5="d41d8cd98f00b204e9800998ecf8427e">
        </directory>
    http_version: 
  recorded_at: Tue, 21 Aug 2018 15:57:21 GMT
- request:
    method: get
    uri: http://backend:5352/source/home:user_tab_user/group_test_package/_service
    body:
      encoding: US-ASCII
      string: ''
    headers:
      Accept-Encoding:
      - gzip;q=1.0,deflate;q=0.6,identity;q=0.3
      Accept:
      - "*/*"
      User-Agent:
      - Ruby
  response:
    status:
      code: 404
      message: _service  no such file
    headers:
      Content-Type:
      - text/xml
      Cache-Control:
      - no-cache
      Connection:
      - close
      Content-Length:
      - '122'
    body:
      encoding: UTF-8
      string: |
        <status code="404">
          <summary>_service: no such file</summary>
          <details>404 _service: no such file</details>
        </status>
    http_version: 
  recorded_at: Tue, 21 Aug 2018 15:57:21 GMT
- request:
    method: get
    uri: http://backend:5352/source/home:user_tab_user/group_test_package
    body:
      encoding: US-ASCII
      string: ''
    headers:
      Accept-Encoding:
      - gzip;q=1.0,deflate;q=0.6,identity;q=0.3
      Accept:
      - "*/*"
      User-Agent:
      - Ruby
  response:
    status:
      code: 200
      message: OK
    headers:
      Content-Type:
      - text/xml
      Cache-Control:
      - no-cache
      Connection:
      - close
      Content-Length:
      - '93'
    body:
      encoding: UTF-8
      string: |
        <directory name="group_test_package" srcmd5="d41d8cd98f00b204e9800998ecf8427e">
        </directory>
    http_version: 
  recorded_at: Tue, 21 Aug 2018 15:57:21 GMT
- request:
    method: get
    uri: http://backend:5352/source/home:user_tab_user/group_test_package
    body:
      encoding: US-ASCII
      string: ''
    headers:
      Accept-Encoding:
      - gzip;q=1.0,deflate;q=0.6,identity;q=0.3
      Accept:
      - "*/*"
      User-Agent:
      - Ruby
  response:
    status:
      code: 200
      message: OK
    headers:
      Content-Type:
      - text/xml
      Cache-Control:
      - no-cache
      Connection:
      - close
      Content-Length:
      - '93'
    body:
      encoding: UTF-8
      string: |
        <directory name="group_test_package" srcmd5="d41d8cd98f00b204e9800998ecf8427e">
        </directory>
    http_version: 
  recorded_at: Tue, 21 Aug 2018 15:57:21 GMT
- request:
    method: get
    uri: http://backend:5352/build/home:user_tab_user/_result?package=group_test_package&view=status
    body:
      encoding: US-ASCII
      string: ''
    headers:
      Content-Type:
      - text/plain
      Accept-Encoding:
      - identity
      Accept:
      - "*/*"
      User-Agent:
      - Ruby
  response:
    status:
      code: 200
      message: OK
    headers:
      Content-Type:
      - text/xml
      Cache-Control:
      - no-cache
      Connection:
      - close
      Content-Length:
      - '56'
    body:
      encoding: UTF-8
      string: '<resultlist state="00000000000000000000000000000000" />

'
    http_version: 
  recorded_at: Tue, 21 Aug 2018 15:57:21 GMT
- request:
    method: put
    uri: http://backend:5352/source/home:user_tab_user/group_test_package/_meta?user=user_tab_user
    body:
      encoding: UTF-8
      string: |
        <package name="group_test_package" project="home:user_tab_user">
          <title>Pale Kings and Princes</title>
          <description>Consequatur nesciunt minus omnis.</description>
          <person userid="user_tab_user" role="bugowner"/>
          <person userid="other_user" role="maintainer"/>
          <person userid="user_tab_user" role="maintainer"/>
          <person userid="reader_user" role="reader"/>
        </package>
    headers:
      Accept-Encoding:
      - gzip;q=1.0,deflate;q=0.6,identity;q=0.3
      Accept:
      - "*/*"
      User-Agent:
      - Ruby
  response:
    status:
      code: 200
      message: OK
    headers:
      Content-Type:
      - text/xml
      Cache-Control:
      - no-cache
      Connection:
      - close
      Content-Length:
      - '384'
    body:
      encoding: UTF-8
      string: |
        <package name="group_test_package" project="home:user_tab_user">
          <title>Pale Kings and Princes</title>
          <description>Consequatur nesciunt minus omnis.</description>
          <person userid="user_tab_user" role="bugowner" />
          <person userid="other_user" role="maintainer" />
          <person userid="user_tab_user" role="maintainer" />
          <person userid="reader_user" role="reader" />
        </package>
    http_version: 
  recorded_at: Tue, 21 Aug 2018 15:57:23 GMT
recorded_with: VCR 4.0.0
