---
http_interactions:
- request:
    method: put
    uri: http://backend:5352/source/project/_meta?user=user_1
    body:
      encoding: UTF-8
      string: |
        <project name="project">
          <title>In a Glass Darkly</title>
          <description/>
          <person userid="foo" role="maintainer"/>
        </project>
    headers:
      Accept-Encoding:
      - gzip;q=1.0,deflate;q=0.6,identity;q=0.3
      Accept:
      - "*/*"
      User-Agent:
      - Ruby
  response:
    status:
      code: 200
      message: OK
    headers:
      Content-Type:
      - text/xml
      Cache-Control:
      - no-cache
      Connection:
      - close
      Content-Length:
      - '144'
    body:
      encoding: UTF-8
      string: |
        <project name="project">
          <title>In a Glass Darkly</title>
          <description></description>
          <person userid="foo" role="maintainer"/>
        </project>
  recorded_at: Mon, 03 May 2021 16:18:07 GMT
- request:
    method: put
    uri: http://backend:5352/source/project/package_trigger/_meta?user=user_2
    body:
      encoding: UTF-8
      string: |
        <package name="package_trigger" project="project">
          <title>Beyond the Mexique Bay</title>
          <description>Ut illo atque qui.</description>
        </package>
    headers:
      Accept-Encoding:
      - gzip;q=1.0,deflate;q=0.6,identity;q=0.3
      Accept:
      - "*/*"
      User-Agent:
      - Ruby
  response:
    status:
      code: 200
      message: OK
    headers:
      Content-Type:
      - text/xml
      Cache-Control:
      - no-cache
      Connection:
      - close
      Content-Length:
      - '150'
    body:
      encoding: UTF-8
      string: |
        <package name="package_trigger" project="project">
          <title>Beyond the Mexique Bay</title>
          <description>Ut illo atque qui.</description>
        </package>
  recorded_at: Mon, 03 May 2021 16:18:07 GMT
- request:
    method: put
    uri: http://backend:5352/source/project/package_a/_meta?user=user_3
    body:
      encoding: UTF-8
      string: |
        <package name="package_a" project="project">
          <title>The Moon by Night</title>
          <description>Omnis quas voluptatem voluptas.</description>
        </package>
    headers:
      Accept-Encoding:
      - gzip;q=1.0,deflate;q=0.6,identity;q=0.3
      Accept:
      - "*/*"
      User-Agent:
      - Ruby
  response:
    status:
      code: 200
      message: OK
    headers:
      Content-Type:
      - text/xml
      Cache-Control:
      - no-cache
      Connection:
      - close
      Content-Length:
      - '152'
    body:
      encoding: UTF-8
      string: |
        <package name="package_a" project="project">
          <title>The Moon by Night</title>
          <description>Omnis quas voluptatem voluptas.</description>
        </package>
  recorded_at: Mon, 03 May 2021 16:18:07 GMT
- request:
    method: put
    uri: http://backend:5352/source/project/package_a/_config
    body:
      encoding: UTF-8
      string: Rerum voluptatum omnis. Et fugit quaerat. Molestiae ab in.
    headers:
      Accept-Encoding:
      - gzip;q=1.0,deflate;q=0.6,identity;q=0.3
      Accept:
      - "*/*"
      User-Agent:
      - Ruby
  response:
    status:
      code: 200
      message: OK
    headers:
      Content-Type:
      - text/xml
      Cache-Control:
      - no-cache
      Connection:
      - close
      Content-Length:
      - '207'
    body:
      encoding: UTF-8
      string: |
        <revision rev="1" vrev="1">
          <srcmd5>65e8f4bf743cf81daf5d4fa1489f71d8</srcmd5>
          <version>unknown</version>
          <time>1620058687</time>
          <user>unknown</user>
          <comment></comment>
          <requestid/>
        </revision>
  recorded_at: Mon, 03 May 2021 16:18:07 GMT
- request:
    method: put
    uri: http://backend:5352/source/project/package_a/_multibuild
    body:
      encoding: UTF-8
      string: "<multibuild><flavor>libfoo1</flavor><flavor>libfoo2</flavor></multibuild>"
    headers:
      Accept-Encoding:
      - gzip;q=1.0,deflate;q=0.6,identity;q=0.3
      Accept:
      - "*/*"
      User-Agent:
      - Ruby
  response:
    status:
      code: 200
      message: OK
    headers:
      Content-Type:
      - text/xml
      Cache-Control:
      - no-cache
      Connection:
      - close
      Content-Length:
      - '207'
    body:
      encoding: UTF-8
      string: |
        <revision rev="2" vrev="2">
          <srcmd5>b27106cc29bc04304b9ff562a959e328</srcmd5>
          <version>unknown</version>
          <time>1620058687</time>
          <user>unknown</user>
          <comment></comment>
          <requestid/>
        </revision>
  recorded_at: Mon, 03 May 2021 16:18:07 GMT
- request:
    method: get
    uri: http://backend:5352/source/project/package_a
    body:
      encoding: US-ASCII
      string: ''
    headers:
      Accept-Encoding:
      - gzip;q=1.0,deflate;q=0.6,identity;q=0.3
      Accept:
      - "*/*"
      User-Agent:
      - Ruby
  response:
    status:
      code: 200
      message: OK
    headers:
      Content-Type:
      - text/xml
      Cache-Control:
      - no-cache
      Connection:
      - close
      Content-Length:
      - '293'
    body:
      encoding: UTF-8
      string: |
        <directory name="package_a" rev="2" vrev="2" srcmd5="b27106cc29bc04304b9ff562a959e328">
          <entry name="_config" md5="76718c1dafb6ad32fac2b71d788bab2f" size="58" mtime="1620058687"/>
          <entry name="_multibuild" md5="e2eefd88e351d165ca5708c73383daf0" size="73" mtime="1620058687"/>
        </directory>
  recorded_at: Mon, 03 May 2021 16:18:07 GMT
- request:
    method: get
    uri: http://backend:5352/source/project/package_a
    body:
      encoding: US-ASCII
      string: ''
    headers:
      Accept-Encoding:
      - gzip;q=1.0,deflate;q=0.6,identity;q=0.3
      Accept:
      - "*/*"
      User-Agent:
      - Ruby
  response:
    status:
      code: 200
      message: OK
    headers:
      Content-Type:
      - text/xml
      Cache-Control:
      - no-cache
      Connection:
      - close
      Content-Length:
      - '293'
    body:
      encoding: UTF-8
      string: |
        <directory name="package_a" rev="2" vrev="2" srcmd5="b27106cc29bc04304b9ff562a959e328">
          <entry name="_config" md5="76718c1dafb6ad32fac2b71d788bab2f" size="58" mtime="1620058687"/>
          <entry name="_multibuild" md5="e2eefd88e351d165ca5708c73383daf0" size="73" mtime="1620058687"/>
        </directory>
  recorded_at: Mon, 03 May 2021 16:18:07 GMT
- request:
    method: get
    uri: http://backend:5352/source/project/package_a
    body:
      encoding: US-ASCII
      string: ''
    headers:
      Accept-Encoding:
      - gzip;q=1.0,deflate;q=0.6,identity;q=0.3
      Accept:
      - "*/*"
      User-Agent:
      - Ruby
  response:
    status:
      code: 200
      message: OK
    headers:
      Content-Type:
      - text/xml
      Cache-Control:
      - no-cache
      Connection:
      - close
      Content-Length:
      - '293'
    body:
      encoding: UTF-8
      string: |
        <directory name="package_a" rev="2" vrev="2" srcmd5="b27106cc29bc04304b9ff562a959e328">
          <entry name="_config" md5="76718c1dafb6ad32fac2b71d788bab2f" size="58" mtime="1620058687"/>
          <entry name="_multibuild" md5="e2eefd88e351d165ca5708c73383daf0" size="73" mtime="1620058687"/>
        </directory>
  recorded_at: Mon, 03 May 2021 16:18:07 GMT
- request:
    method: get
    uri: http://backend:5352/source/project/package_a
    body:
      encoding: US-ASCII
      string: ''
    headers:
      Accept-Encoding:
      - gzip;q=1.0,deflate;q=0.6,identity;q=0.3
      Accept:
      - "*/*"
      User-Agent:
      - Ruby
  response:
    status:
      code: 200
      message: OK
    headers:
      Content-Type:
      - text/xml
      Cache-Control:
      - no-cache
      Connection:
      - close
      Content-Length:
      - '293'
    body:
      encoding: UTF-8
      string: |
        <directory name="package_a" rev="2" vrev="2" srcmd5="b27106cc29bc04304b9ff562a959e328">
          <entry name="_config" md5="76718c1dafb6ad32fac2b71d788bab2f" size="58" mtime="1620058687"/>
          <entry name="_multibuild" md5="e2eefd88e351d165ca5708c73383daf0" size="73" mtime="1620058687"/>
        </directory>
  recorded_at: Mon, 03 May 2021 16:18:07 GMT
- request:
    method: get
    uri: http://backend:5352/source/project/package_a/_multibuild
    body:
      encoding: US-ASCII
      string: ''
    headers:
      Accept-Encoding:
      - gzip;q=1.0,deflate;q=0.6,identity;q=0.3
      Accept:
      - "*/*"
      User-Agent:
      - Ruby
  response:
    status:
      code: 200
      message: OK
    headers:
      Content-Type:
      - application/octet-stream
      Content-Length:
      - '73'
      Cache-Control:
      - no-cache
      Connection:
      - close
    body:
      encoding: UTF-8
      string: "<multibuild><flavor>libfoo1</flavor><flavor>libfoo2</flavor></multibuild>"
  recorded_at: Mon, 03 May 2021 16:18:07 GMT
- request:
    method: post
    uri: http://backend:5352/build/project?cmd=rebuild&package=package_a:libfoo2
    body:
      encoding: UTF-8
      string: ''
    headers:
      Content-Type:
      - application/octet-stream
      Accept-Encoding:
      - gzip;q=1.0,deflate;q=0.6,identity;q=0.3
      Accept:
      - "*/*"
      User-Agent:
      - Ruby
  response:
    status:
      code: 400
      message: no repository defined
    headers:
      Content-Type:
      - text/xml
      Cache-Control:
      - no-cache
      Connection:
      - close
      Content-Length:
      - '73'
    body:
      encoding: UTF-8
      string: |
        <status code="400">
          <summary>no repository defined</summary>
        </status>
  recorded_at: Mon, 03 May 2021 16:18:07 GMT
recorded_with: VCR 6.0.0
