---
http_interactions:
- request:
    method: put
    uri: http://backend:5352/source/home:permitted_user/_meta?user=permitted_user
    body:
      encoding: UTF-8
      string: |
        <project name="home:permitted_user">
          <title/>
          <description/>
          <person userid="permitted_user" role="maintainer"/>
        </project>
    headers:
      Accept-Encoding:
      - gzip;q=1.0,deflate;q=0.6,identity;q=0.3
      Accept:
      - "*/*"
      User-Agent:
      - Ruby
  response:
    status:
      code: 200
      message: OK
    headers:
      Content-Type:
      - text/xml
      Cache-Control:
      - no-cache
      Connection:
      - close
      Content-Length:
      - '151'
    body:
      encoding: UTF-8
      string: |
        <project name="home:permitted_user">
          <title></title>
          <description></description>
          <person userid="permitted_user" role="maintainer" />
        </project>
    http_version: 
  recorded_at: Tue, 02 Apr 2019 05:26:45 GMT
- request:
    method: put
    uri: http://backend:5352/source/home:permitted_user/_project/_staging_workflow?user=permitted_user
    body:
      encoding: UTF-8
      string: |
        <workflow project="home:permitted_user" managers="staging-workflow-managers-1">
          <staging_project name="home:permitted_user:Staging:A"/>
        </workflow>
    headers:
      Accept-Encoding:
      - gzip;q=1.0,deflate;q=0.6,identity;q=0.3
      Accept:
      - "*/*"
      User-Agent:
      - Ruby
  response:
    status:
      code: 200
      message: OK
    headers:
      Content-Type:
      - text/xml
      Cache-Control:
      - no-cache
      Connection:
      - close
      Content-Length:
      - '178'
    body:
      encoding: UTF-8
      string: |
        <revision rev="495">
          <srcmd5>9dcb5cf420daed4d036a384bfeb64efb</srcmd5>
          <time>1554182805</time>
          <user>permitted_user</user>
          <comment></comment>
          <requestid/>
        </revision>
    http_version: 
  recorded_at: Tue, 02 Apr 2019 05:26:45 GMT
- request:
    method: put
    uri: http://backend:5352/source/home:permitted_user:Staging:A/_meta?user=permitted_user
    body:
      encoding: UTF-8
      string: |
        <project name="home:permitted_user:Staging:A">
          <title/>
          <description/>
          <group groupid="staging-workflow-managers-1" role="maintainer"/>
        </project>
    headers:
      Accept-Encoding:
      - gzip;q=1.0,deflate;q=0.6,identity;q=0.3
      Accept:
      - "*/*"
      User-Agent:
      - Ruby
  response:
    status:
      code: 200
      message: OK
    headers:
      Content-Type:
      - text/xml
      Cache-Control:
      - no-cache
      Connection:
      - close
      Content-Length:
      - '174'
    body:
      encoding: UTF-8
      string: |
        <project name="home:permitted_user:Staging:A">
          <title></title>
          <description></description>
          <group groupid="staging-workflow-managers-1" role="maintainer" />
        </project>
    http_version: 
  recorded_at: Tue, 02 Apr 2019 05:26:45 GMT
- request:
    method: put
    uri: http://backend:5352/source/home:permitted_user/_project/_staging_workflow?user=permitted_user
    body:
      encoding: UTF-8
      string: |
        <workflow project="home:permitted_user" managers="staging-workflow-managers-1">
          <staging_project name="home:permitted_user:Staging:A"/>
          <staging_project name="home:permitted_user:Staging:B"/>
        </workflow>
    headers:
      Accept-Encoding:
      - gzip;q=1.0,deflate;q=0.6,identity;q=0.3
      Accept:
      - "*/*"
      User-Agent:
      - Ruby
  response:
    status:
      code: 200
      message: OK
    headers:
      Content-Type:
      - text/xml
      Cache-Control:
      - no-cache
      Connection:
      - close
      Content-Length:
      - '178'
    body:
      encoding: UTF-8
      string: |
        <revision rev="496">
          <srcmd5>55c0e52fdb04d9dffcf1ab79dc2ec54c</srcmd5>
          <time>1554182805</time>
          <user>permitted_user</user>
          <comment></comment>
          <requestid/>
        </revision>
    http_version: 
  recorded_at: Tue, 02 Apr 2019 05:26:45 GMT
- request:
    method: put
    uri: http://backend:5352/source/home:permitted_user:Staging:B/_meta?user=permitted_user
    body:
      encoding: UTF-8
      string: |
        <project name="home:permitted_user:Staging:B">
          <title/>
          <description/>
          <group groupid="staging-workflow-managers-1" role="maintainer"/>
        </project>
    headers:
      Accept-Encoding:
      - gzip;q=1.0,deflate;q=0.6,identity;q=0.3
      Accept:
      - "*/*"
      User-Agent:
      - Ruby
  response:
    status:
      code: 200
      message: OK
    headers:
      Content-Type:
      - text/xml
      Cache-Control:
      - no-cache
      Connection:
      - close
      Content-Length:
      - '174'
    body:
      encoding: UTF-8
      string: |
        <project name="home:permitted_user:Staging:B">
          <title></title>
          <description></description>
          <group groupid="staging-workflow-managers-1" role="maintainer" />
        </project>
    http_version: 
  recorded_at: Tue, 02 Apr 2019 05:26:45 GMT
- request:
    method: put
    uri: http://backend:5352/source/home:permitted_user/_meta?user=permitted_user
    body:
      encoding: UTF-8
      string: |
        <project name="home:permitted_user">
          <title/>
          <description/>
          <person userid="permitted_user" role="maintainer"/>
          <group groupid="staging-workflow-managers-1" role="reviewer"/>
        </project>
    headers:
      Accept-Encoding:
      - gzip;q=1.0,deflate;q=0.6,identity;q=0.3
      Accept:
      - "*/*"
      User-Agent:
      - Ruby
  response:
    status:
      code: 200
      message: OK
    headers:
      Content-Type:
      - text/xml
      Cache-Control:
      - no-cache
      Connection:
      - close
      Content-Length:
      - '217'
    body:
      encoding: UTF-8
      string: |
        <project name="home:permitted_user">
          <title></title>
          <description></description>
          <person userid="permitted_user" role="maintainer" />
          <group groupid="staging-workflow-managers-1" role="reviewer" />
        </project>
    http_version: 
  recorded_at: Tue, 02 Apr 2019 05:26:45 GMT
- request:
    method: put
    uri: http://backend:5352/source/target_project/_meta?user=permitted_user
    body:
      encoding: UTF-8
      string: |
        <project name="target_project">
          <title>The Proper Study</title>
          <description/>
        </project>
    headers:
      Accept-Encoding:
      - gzip;q=1.0,deflate;q=0.6,identity;q=0.3
      Accept:
      - "*/*"
      User-Agent:
      - Ruby
  response:
    status:
      code: 200
      message: OK
    headers:
      Content-Type:
      - text/xml
      Cache-Control:
      - no-cache
      Connection:
      - close
      Content-Length:
      - '107'
    body:
      encoding: UTF-8
      string: |
        <project name="target_project">
          <title>The Proper Study</title>
          <description></description>
        </project>
    http_version: 
  recorded_at: Tue, 02 Apr 2019 05:26:45 GMT
- request:
    method: put
    uri: http://backend:5352/source/home:requester/_meta?user=requester
    body:
      encoding: UTF-8
      string: |
        <project name="home:requester">
          <title/>
          <description/>
          <person userid="requester" role="maintainer"/>
        </project>
    headers:
      Accept-Encoding:
      - gzip;q=1.0,deflate;q=0.6,identity;q=0.3
      Accept:
      - "*/*"
      User-Agent:
      - Ruby
  response:
    status:
      code: 200
      message: OK
    headers:
      Content-Type:
      - text/xml
      Cache-Control:
      - no-cache
      Connection:
      - close
      Content-Length:
      - '141'
    body:
      encoding: UTF-8
      string: |
        <project name="home:requester">
          <title></title>
          <description></description>
          <person userid="requester" role="maintainer" />
        </project>
    http_version: 
  recorded_at: Tue, 02 Apr 2019 05:26:45 GMT
- request:
    method: put
    uri: http://backend:5352/source/target_project/target_package/_meta?user=permitted_user
    body:
      encoding: UTF-8
      string: |
        <package name="target_package" project="target_project">
          <title>The Wind's Twelve Quarters</title>
          <description>Natus nihil suscipit voluptatem.</description>
        </package>
    headers:
      Accept-Encoding:
      - gzip;q=1.0,deflate;q=0.6,identity;q=0.3
      Accept:
      - "*/*"
      User-Agent:
      - Ruby
  response:
    status:
      code: 200
      message: OK
    headers:
      Content-Type:
      - text/xml
      Cache-Control:
      - no-cache
      Connection:
      - close
      Content-Length:
      - '174'
    body:
      encoding: UTF-8
      string: |
        <package name="target_package" project="target_project">
          <title>The Wind's Twelve Quarters</title>
          <description>Natus nihil suscipit voluptatem.</description>
        </package>
    http_version: 
  recorded_at: Tue, 02 Apr 2019 05:26:45 GMT
- request:
    method: put
    uri: http://backend:5352/source/target_project/target_package/_meta?user=permitted_user
    body:
      encoding: UTF-8
      string: |
        <package name="target_package" project="target_project">
          <title>The Wind's Twelve Quarters</title>
          <description>Natus nihil suscipit voluptatem.</description>
        </package>
    headers:
      Accept-Encoding:
      - gzip;q=1.0,deflate;q=0.6,identity;q=0.3
      Accept:
      - "*/*"
      User-Agent:
      - Ruby
  response:
    status:
      code: 200
      message: OK
    headers:
      Content-Type:
      - text/xml
      Cache-Control:
      - no-cache
      Connection:
      - close
      Content-Length:
      - '174'
    body:
      encoding: UTF-8
      string: |
        <package name="target_package" project="target_project">
          <title>The Wind's Twelve Quarters</title>
          <description>Natus nihil suscipit voluptatem.</description>
        </package>
    http_version: 
  recorded_at: Tue, 02 Apr 2019 05:26:45 GMT
- request:
    method: put
    uri: http://backend:5352/source/source_project/_meta?user=permitted_user
    body:
      encoding: UTF-8
      string: |
        <project name="source_project">
          <title>Look Homeward, Angel</title>
          <description/>
        </project>
    headers:
      Accept-Encoding:
      - gzip;q=1.0,deflate;q=0.6,identity;q=0.3
      Accept:
      - "*/*"
      User-Agent:
      - Ruby
  response:
    status:
      code: 200
      message: OK
    headers:
      Content-Type:
      - text/xml
      Cache-Control:
      - no-cache
      Connection:
      - close
      Content-Length:
      - '111'
    body:
      encoding: UTF-8
      string: |
        <project name="source_project">
          <title>Look Homeward, Angel</title>
          <description></description>
        </project>
    http_version: 
  recorded_at: Tue, 02 Apr 2019 05:26:45 GMT
- request:
    method: put
    uri: http://backend:5352/source/source_project/_project/_attribute?meta=1&user=permitted_user
    body:
      encoding: UTF-8
      string: |
        <attributes>
          <attribute name="ApprovedRequestSource" namespace="OBS"/>
        </attributes>
    headers:
      Accept-Encoding:
      - gzip;q=1.0,deflate;q=0.6,identity;q=0.3
      Accept:
      - "*/*"
      User-Agent:
      - Ruby
  response:
    status:
      code: 200
      message: OK
    headers:
      Content-Type:
      - text/xml
      Cache-Control:
      - no-cache
      Connection:
      - close
      Content-Length:
      - '178'
    body:
      encoding: UTF-8
      string: |
        <revision rev="447">
          <srcmd5>2bc7cd801dd0106a446e7d18f3578b90</srcmd5>
          <time>1554182806</time>
          <user>permitted_user</user>
          <comment></comment>
          <requestid/>
        </revision>
    http_version: 
  recorded_at: Tue, 02 Apr 2019 05:26:46 GMT
- request:
    method: put
    uri: http://backend:5352/source/source_project/source_package/_meta?user=permitted_user
    body:
      encoding: UTF-8
      string: |
        <package name="source_package" project="source_project">
          <title>When the Green Woods Laugh</title>
          <description>Non accusamus nisi recusandae.</description>
        </package>
    headers:
      Accept-Encoding:
      - gzip;q=1.0,deflate;q=0.6,identity;q=0.3
      Accept:
      - "*/*"
      User-Agent:
      - Ruby
  response:
    status:
      code: 200
      message: OK
    headers:
      Content-Type:
      - text/xml
      Cache-Control:
      - no-cache
      Connection:
      - close
      Content-Length:
      - '172'
    body:
      encoding: UTF-8
      string: |
        <package name="source_package" project="source_project">
          <title>When the Green Woods Laugh</title>
          <description>Non accusamus nisi recusandae.</description>
        </package>
    http_version: 
  recorded_at: Tue, 02 Apr 2019 05:26:46 GMT
- request:
    method: put
    uri: http://backend:5352/source/source_project/source_package/_meta?user=permitted_user
    body:
      encoding: UTF-8
      string: |
        <package name="source_package" project="source_project">
          <title>When the Green Woods Laugh</title>
          <description>Non accusamus nisi recusandae.</description>
        </package>
    headers:
      Accept-Encoding:
      - gzip;q=1.0,deflate;q=0.6,identity;q=0.3
      Accept:
      - "*/*"
      User-Agent:
      - Ruby
  response:
    status:
      code: 200
      message: OK
    headers:
      Content-Type:
      - text/xml
      Cache-Control:
      - no-cache
      Connection:
      - close
      Content-Length:
      - '172'
    body:
      encoding: UTF-8
      string: |
        <package name="source_package" project="source_project">
          <title>When the Green Woods Laugh</title>
          <description>Non accusamus nisi recusandae.</description>
        </package>
    http_version: 
  recorded_at: Tue, 02 Apr 2019 05:26:46 GMT
- request:
    method: post
    uri: http://backend:5352/search/package/id?match=(linkinfo/@package=%22source_package%22%20and%20linkinfo/@project=%22source_project%22%20and%20@project=%22source_project%22)
    body:
      encoding: UTF-8
      string: ''
    headers:
      Content-Type:
      - application/octet-stream
      Accept-Encoding:
      - gzip;q=1.0,deflate;q=0.6,identity;q=0.3
      Accept:
      - "*/*"
      User-Agent:
      - Ruby
  response:
    status:
      code: 200
      message: OK
    headers:
      Content-Type:
      - text/xml
      Cache-Control:
      - no-cache
      Connection:
      - close
      Content-Length:
      - '27'
    body:
      encoding: UTF-8
      string: |
        <collection>
        </collection>
    http_version: 
  recorded_at: Tue, 02 Apr 2019 05:26:46 GMT
- request:
    method: put
    uri: http://backend:5352/source/home:permitted_user:Staging:A/target_package/_meta?user=permitted_user
    body:
      encoding: UTF-8
      string: |
        <package name="target_package" project="home:permitted_user:Staging:A">
          <title>When the Green Woods Laugh</title>
          <description>Non accusamus nisi recusandae.</description>
        </package>
    headers:
      Accept-Encoding:
      - gzip;q=1.0,deflate;q=0.6,identity;q=0.3
      Accept:
      - "*/*"
      User-Agent:
      - Ruby
  response:
    status:
      code: 200
      message: OK
    headers:
      Content-Type:
      - text/xml
      Cache-Control:
      - no-cache
      Connection:
      - close
      Content-Length:
      - '187'
    body:
      encoding: UTF-8
      string: |
        <package name="target_package" project="home:permitted_user:Staging:A">
          <title>When the Green Woods Laugh</title>
          <description>Non accusamus nisi recusandae.</description>
        </package>
    http_version: 
  recorded_at: Tue, 02 Apr 2019 05:26:47 GMT
- request:
    method: post
    uri: http://backend:5352/source/home:permitted_user:Staging:A/target_package?cmd=branch&noservice=1&opackage=source_package&oproject=source_project&user=permitted_user
    body:
      encoding: UTF-8
      string: ''
    headers:
      Content-Type:
      - application/octet-stream
      Accept-Encoding:
      - gzip;q=1.0,deflate;q=0.6,identity;q=0.3
      Accept:
      - "*/*"
      User-Agent:
      - Ruby
  response:
    status:
      code: 200
      message: OK
    headers:
      Content-Type:
      - text/xml
      Cache-Control:
      - no-cache
      Connection:
      - close
      Content-Length:
      - '214'
    body:
      encoding: UTF-8
      string: |
        <revision rev="9" vrev="9">
          <srcmd5>8e451641a827df5f4f409d1d543fdb7b</srcmd5>
          <version>unknown</version>
          <time>1554182807</time>
          <user>permitted_user</user>
          <comment></comment>
          <requestid/>
        </revision>
    http_version: 
  recorded_at: Tue, 02 Apr 2019 05:26:47 GMT
- request:
    method: put
    uri: http://backend:5352/source/home:permitted_user:Staging:A/target_package/_meta?user=permitted_user
    body:
      encoding: UTF-8
      string: |
        <package name="target_package" project="home:permitted_user:Staging:A">
          <title>When the Green Woods Laugh</title>
          <description>Non accusamus nisi recusandae.</description>
        </package>
    headers:
      Accept-Encoding:
      - gzip;q=1.0,deflate;q=0.6,identity;q=0.3
      Accept:
      - "*/*"
      User-Agent:
      - Ruby
  response:
    status:
      code: 200
      message: OK
    headers:
      Content-Type:
      - text/xml
      Cache-Control:
      - no-cache
      Connection:
      - close
      Content-Length:
      - '187'
    body:
      encoding: UTF-8
      string: |
        <package name="target_package" project="home:permitted_user:Staging:A">
          <title>When the Green Woods Laugh</title>
          <description>Non accusamus nisi recusandae.</description>
        </package>
    http_version: 
  recorded_at: Tue, 02 Apr 2019 05:26:47 GMT
- request:
    method: get
    uri: http://backend:5352/source/home:permitted_user:Staging:A/target_package
    body:
      encoding: US-ASCII
      string: ''
    headers:
      Accept-Encoding:
      - gzip;q=1.0,deflate;q=0.6,identity;q=0.3
      Accept:
      - "*/*"
      User-Agent:
      - Ruby
  response:
    status:
      code: 200
      message: OK
    headers:
      Content-Type:
      - text/xml
      Cache-Control:
      - no-cache
      Connection:
      - close
      Content-Length:
      - '436'
    body:
      encoding: UTF-8
      string: |
        <directory name="target_package" rev="9" vrev="9" srcmd5="8e451641a827df5f4f409d1d543fdb7b">
          <linkinfo project="source_project" package="source_package" srcmd5="d41d8cd98f00b204e9800998ecf8427e" baserev="d41d8cd98f00b204e9800998ecf8427e" xsrcmd5="7eae9f6b12a2579550692e1b40dfc7d6" lsrcmd5="8e451641a827df5f4f409d1d543fdb7b" />
          <entry name="_link" md5="703fd7abfeaa0a7804702191c078ab66" size="147" mtime="1553774445" />
        </directory>
    http_version: 
  recorded_at: Tue, 02 Apr 2019 05:26:47 GMT
- request:
    method: get
    uri: http://backend:5352/source/home:permitted_user:Staging:A/target_package?view=info
    body:
      encoding: US-ASCII
      string: ''
    headers:
      Accept-Encoding:
      - gzip;q=1.0,deflate;q=0.6,identity;q=0.3
      Accept:
      - "*/*"
      User-Agent:
      - Ruby
  response:
    status:
      code: 200
      message: OK
    headers:
      Content-Type:
      - text/xml
      Cache-Control:
      - no-cache
      Connection:
      - close
      Content-Length:
      - '338'
    body:
      encoding: UTF-8
      string: |
        <sourceinfo package="target_package" rev="9" vrev="9" srcmd5="7eae9f6b12a2579550692e1b40dfc7d6" lsrcmd5="8e451641a827df5f4f409d1d543fdb7b" verifymd5="d41d8cd98f00b204e9800998ecf8427e">
          <error>bad build configuration, no build type defined or detected</error>
          <linked project="source_project" package="source_package" />
        </sourceinfo>
    http_version: 
  recorded_at: Tue, 02 Apr 2019 05:26:47 GMT
- request:
    method: get
    uri: http://backend:5352/source/home:permitted_user:Staging:A/target_package
    body:
      encoding: US-ASCII
      string: ''
    headers:
      Accept-Encoding:
      - gzip;q=1.0,deflate;q=0.6,identity;q=0.3
      Accept:
      - "*/*"
      User-Agent:
      - Ruby
  response:
    status:
      code: 200
      message: OK
    headers:
      Content-Type:
      - text/xml
      Cache-Control:
      - no-cache
      Connection:
      - close
      Content-Length:
      - '436'
    body:
      encoding: UTF-8
      string: |
        <directory name="target_package" rev="9" vrev="9" srcmd5="8e451641a827df5f4f409d1d543fdb7b">
          <linkinfo project="source_project" package="source_package" srcmd5="d41d8cd98f00b204e9800998ecf8427e" baserev="d41d8cd98f00b204e9800998ecf8427e" xsrcmd5="7eae9f6b12a2579550692e1b40dfc7d6" lsrcmd5="8e451641a827df5f4f409d1d543fdb7b" />
          <entry name="_link" md5="703fd7abfeaa0a7804702191c078ab66" size="147" mtime="1553774445" />
        </directory>
    http_version: 
  recorded_at: Tue, 02 Apr 2019 05:26:47 GMT
- request:
    method: post
    uri: http://backend:5352/source/home:permitted_user:Staging:A/target_package?cmd=diff&linkrev=base&onlyissues=1&orev=0&view=xml
    body:
      encoding: UTF-8
      string: ''
    headers:
      Content-Type:
      - application/octet-stream
      Accept-Encoding:
      - gzip;q=1.0,deflate;q=0.6,identity;q=0.3
      Accept:
      - "*/*"
      User-Agent:
      - Ruby
  response:
    status:
      code: 200
      message: OK
    headers:
      Content-Type:
      - text/xml
      Content-Length:
      - '351'
      Cache-Control:
      - no-cache
      Connection:
      - close
    body:
      encoding: UTF-8
      string: |
        <sourcediff key="845696448bee21533a02e272e924d86b">
          <old project="home:permitted_user:Staging:A" package="target_package" rev="0" srcmd5="d41d8cd98f00b204e9800998ecf8427e" />
          <new project="home:permitted_user:Staging:A" package="target_package" rev="9" srcmd5="8e451641a827df5f4f409d1d543fdb7b" />
          <files />
          <issues>
          </issues>
        </sourcediff>
    http_version: 
  recorded_at: Tue, 02 Apr 2019 05:26:47 GMT
- request:
    method: post
    uri: http://backend:5352/source/home:permitted_user:Staging:A/target_package?cmd=linkdiff&linkrev=base&onlyissues=1&view=xml
    body:
      encoding: UTF-8
      string: ''
    headers:
      Content-Type:
      - application/octet-stream
      Accept-Encoding:
      - gzip;q=1.0,deflate;q=0.6,identity;q=0.3
      Accept:
      - "*/*"
      User-Agent:
      - Ruby
  response:
    status:
      code: 200
      message: OK
    headers:
      Content-Type:
      - text/xml
      Content-Length:
      - '398'
      Cache-Control:
      - no-cache
      Connection:
      - close
    body:
      encoding: UTF-8
      string: |
        <sourcediff key="43ce61ca22699ae71e20ad86c0705435">
          <old project="source_project" package="source_package" rev="d41d8cd98f00b204e9800998ecf8427e" srcmd5="d41d8cd98f00b204e9800998ecf8427e" />
          <new project="home:permitted_user:Staging:A" package="target_package" rev="7eae9f6b12a2579550692e1b40dfc7d6" srcmd5="7eae9f6b12a2579550692e1b40dfc7d6" />
          <files />
          <issues>
          </issues>
        </sourcediff>
    http_version: 
  recorded_at: Tue, 02 Apr 2019 05:26:47 GMT
- request:
    method: put
    uri: http://backend:5352/source/home:permitted_user/_project/_staging_workflow?user=permitted_user
    body:
      encoding: UTF-8
      string: |
        <workflow project="home:permitted_user" managers="staging-workflow-managers-1">
          <staging_project name="home:permitted_user:Staging:A"/>
          <staging_project name="home:permitted_user:Staging:B"/>
        </workflow>
    headers:
      Accept-Encoding:
      - gzip;q=1.0,deflate;q=0.6,identity;q=0.3
      Accept:
      - "*/*"
      User-Agent:
      - Ruby
  response:
    status:
      code: 200
      message: OK
    headers:
      Content-Type:
      - text/xml
      Cache-Control:
      - no-cache
      Connection:
      - close
      Content-Length:
      - '178'
    body:
      encoding: UTF-8
      string: |
        <revision rev="497">
          <srcmd5>55c0e52fdb04d9dffcf1ab79dc2ec54c</srcmd5>
          <time>1554182807</time>
          <user>permitted_user</user>
          <comment></comment>
          <requestid/>
        </revision>
    http_version: 
  recorded_at: Tue, 02 Apr 2019 05:26:47 GMT
- request:
    method: put
    uri: http://backend:5352/source/home:permitted_user:Staging:A/_meta?user=permitted_user
    body:
      encoding: UTF-8
      string: |
        <project name="home:permitted_user:Staging:A">
          <title/>
          <description/>
          <group groupid="staging-workflow-managers-1" role="maintainer"/>
        </project>
    headers:
      Accept-Encoding:
      - gzip;q=1.0,deflate;q=0.6,identity;q=0.3
      Accept:
      - "*/*"
      User-Agent:
      - Ruby
  response:
    status:
      code: 200
      message: OK
    headers:
      Content-Type:
      - text/xml
      Cache-Control:
      - no-cache
      Connection:
      - close
      Content-Length:
      - '174'
    body:
      encoding: UTF-8
      string: |
        <project name="home:permitted_user:Staging:A">
          <title></title>
          <description></description>
          <group groupid="staging-workflow-managers-1" role="maintainer" />
        </project>
    http_version: 
  recorded_at: Tue, 02 Apr 2019 05:26:47 GMT
- request:
    method: get
    uri: http://backend:5352/build/home:permitted_user:Staging:A/_result?code=unresolvable
    body:
      encoding: US-ASCII
      string: ''
    headers:
      Accept-Encoding:
      - gzip;q=1.0,deflate;q=0.6,identity;q=0.3
      Accept:
      - "*/*"
      User-Agent:
      - Ruby
  response:
    status:
      code: 200
      message: OK
    headers:
      Content-Type:
      - text/xml
      Cache-Control:
      - no-cache
      Connection:
      - close
      Content-Length:
      - '56'
    body:
      encoding: UTF-8
      string: '<resultlist state="00000000000000000000000000000000" />

'
    http_version: 
  recorded_at: Tue, 02 Apr 2019 05:26:47 GMT
recorded_with: VCR 4.0.0
