---
http_interactions:
- request:
    method: put
    uri: http://backend:5352/source/home:tom/_meta?user=tom
    body:
      encoding: UTF-8
      string: |
        <project name="home:tom">
          <title/>
          <description/>
          <person userid="tom" role="maintainer"/>
        </project>
    headers:
      Accept-Encoding:
      - gzip;q=1.0,deflate;q=0.6,identity;q=0.3
      Accept:
      - "*/*"
      User-Agent:
      - Ruby
  response:
    status:
      code: 200
      message: OK
    headers:
      Content-Type:
      - text/xml
      Cache-Control:
      - no-cache
      Connection:
      - close
      Content-Length:
      - '128'
    body:
      encoding: UTF-8
      string: |
        <project name="home:tom">
          <title></title>
          <description></description>
          <person userid="tom" role="maintainer"/>
        </project>
    http_version: 
  recorded_at: Mon, 16 Sep 2019 16:12:37 GMT
- request:
    method: put
    uri: http://backend:5352/source/home:tom/_meta?user=tom
    body:
      encoding: UTF-8
      string: |
        <project name="home:tom">
          <title/>
          <description/>
          <person userid="tom" role="maintainer"/>
          <repository name="leap_42.2">
            <arch>i586</arch>
          </repository>
        </project>
    headers:
      Accept-Encoding:
      - gzip;q=1.0,deflate;q=0.6,identity;q=0.3
      Accept:
      - "*/*"
      User-Agent:
      - Ruby
  response:
    status:
      code: 200
      message: OK
    headers:
      Content-Type:
      - text/xml
      Cache-Control:
      - no-cache
      Connection:
      - close
      Content-Length:
      - '198'
    body:
      encoding: UTF-8
      string: |
        <project name="home:tom">
          <title></title>
          <description></description>
          <person userid="tom" role="maintainer"/>
          <repository name="leap_42.2">
            <arch>i586</arch>
          </repository>
        </project>
    http_version: 
  recorded_at: Mon, 16 Sep 2019 16:12:37 GMT
- request:
    method: put
    uri: http://backend:5352/source/home:tom/my_package++special/_meta?user=user_56
    body:
      encoding: UTF-8
      string: |
        <package name="my_package++special" project="home:tom">
          <title>To a God Unknown</title>
          <description>Omnis quis quasi corporis.</description>
        </package>
    headers:
      Accept-Encoding:
      - gzip;q=1.0,deflate;q=0.6,identity;q=0.3
      Accept:
      - "*/*"
      User-Agent:
      - Ruby
  response:
    status:
      code: 200
      message: OK
    headers:
      Content-Type:
      - text/xml
      Cache-Control:
      - no-cache
      Connection:
      - close
      Content-Length:
      - '157'
    body:
      encoding: UTF-8
      string: |
        <package name="my_package++special" project="home:tom">
          <title>To a God Unknown</title>
          <description>Omnis quis quasi corporis.</description>
        </package>
    http_version: 
  recorded_at: Mon, 16 Sep 2019 16:12:37 GMT
- request:
    method: get
    uri: http://backend:5352/build/home:tom/_result?arch=i586&package=my_package%2B%2Bspecial&repository=leap_42.2&view=status
    body:
      encoding: US-ASCII
      string: ''
    headers:
      Accept-Encoding:
      - gzip;q=1.0,deflate;q=0.6,identity;q=0.3
      Accept:
      - "*/*"
      User-Agent:
      - Ruby
  response:
    status:
      code: 200
      message: OK
    headers:
      Content-Type:
      - text/xml
      Cache-Control:
      - no-cache
      Connection:
      - close
      Content-Length:
      - '198'
    body:
      encoding: UTF-8
      string: |
        <resultlist state="c103cb1f8352b73fd45971ebe41e2446">
          <result project="home:tom" repository="leap_42.2" arch="i586" code="broken" state="broken" details="no build type (home:tom)"/>
        </resultlist>
    http_version: 
  recorded_at: Mon, 16 Sep 2019 16:12:37 GMT
- request:
    method: get
    uri: http://backend:5352/build/home:tom/leap_42.2/i586/_builddepinfo?package=my_package%20%20special&view=revpkgnames
    body:
      encoding: US-ASCII
      string: ''
    headers:
      Accept-Encoding:
      - gzip;q=1.0,deflate;q=0.6,identity;q=0.3
      Accept:
      - "*/*"
      User-Agent:
      - Ruby
  response:
    status:
      code: 200
      message: OK
    headers:
      Content-Type:
      - text/xml
      Cache-Control:
      - no-cache
      Connection:
      - close
      Content-Length:
      - '16'
    body:
      encoding: UTF-8
      string: "<builddepinfo/>\n"
    http_version: 
  recorded_at: Mon, 16 Sep 2019 16:12:37 GMT
- request:
    method: get
    uri: http://backend:5352/build/home:tom/leap_42.2/i586/my_package++special/_jobstatus
    body:
      encoding: US-ASCII
      string: ''
    headers:
      Accept-Encoding:
      - gzip;q=1.0,deflate;q=0.6,identity;q=0.3
      Accept:
      - "*/*"
      User-Agent:
      - Ruby
  response:
    status:
      code: 200
      message: OK
    headers:
      Content-Type:
      - text/xml
      Cache-Control:
      - no-cache
      Connection:
      - close
      Content-Length:
      - '13'
    body:
      encoding: UTF-8
      string: "<jobstatus/>\n"
    http_version: 
  recorded_at: Mon, 16 Sep 2019 16:12:37 GMT
recorded_with: VCR 5.0.0
