---
http_interactions:
- request:
    method: put
    uri: http://backend:5352/source/home:tom/_meta?user=tom
    body:
      encoding: UTF-8
      string: |
        <project name="home:tom">
          <title/>
          <description/>
          <person userid="tom" role="maintainer"/>
        </project>
    headers:
      Accept-Encoding:
      - gzip;q=1.0,deflate;q=0.6,identity;q=0.3
      Accept:
      - "*/*"
      User-Agent:
      - Ruby
  response:
    status:
      code: 200
      message: OK
    headers:
      Content-Type:
      - text/xml
      Cache-Control:
      - no-cache
      Connection:
      - close
      Content-Length:
      - '129'
    body:
      encoding: UTF-8
      string: |
        <project name="home:tom">
          <title></title>
          <description></description>
          <person userid="tom" role="maintainer" />
        </project>
    http_version: 
  recorded_at: Wed, 26 Apr 2017 07:46:06 GMT
- request:
    method: put
    uri: http://backend:5352/source/home:tom/_meta?user=tom
    body:
      encoding: UTF-8
      string: |
        <project name="home:tom">
          <title/>
          <description/>
          <person userid="tom" role="maintainer"/>
          <repository name="leap_42.2">
            <arch>i586</arch>
          </repository>
        </project>
    headers:
      Accept-Encoding:
      - gzip;q=1.0,deflate;q=0.6,identity;q=0.3
      Accept:
      - "*/*"
      User-Agent:
      - Ruby
  response:
    status:
      code: 200
      message: OK
    headers:
      Content-Type:
      - text/xml
      Cache-Control:
      - no-cache
      Connection:
      - close
      Content-Length:
      - '199'
    body:
      encoding: UTF-8
      string: |
        <project name="home:tom">
          <title></title>
          <description></description>
          <person userid="tom" role="maintainer" />
          <repository name="leap_42.2">
            <arch>i586</arch>
          </repository>
        </project>
    http_version: 
  recorded_at: Wed, 26 Apr 2017 07:46:06 GMT
- request:
    method: put
    uri: http://backend:5352/source/home:tom/my_package++special/_meta?user=tom
    body:
      encoding: UTF-8
      string: |
        <package name="my_package++special" project="home:tom">
          <title>The Proper Study</title>
          <description>Et quo enim iure neque quibusdam omnis tempore.</description>
        </package>
    headers:
      Accept-Encoding:
      - gzip;q=1.0,deflate;q=0.6,identity;q=0.3
      Accept:
      - "*/*"
      User-Agent:
      - Ruby
  response:
    status:
      code: 200
      message: OK
    headers:
      Content-Type:
      - text/xml
      Cache-Control:
      - no-cache
      Connection:
      - close
      Content-Length:
      - '178'
    body:
      encoding: UTF-8
      string: |
        <package name="my_package++special" project="home:tom">
          <title>The Proper Study</title>
          <description>Et quo enim iure neque quibusdam omnis tempore.</description>
        </package>
    http_version: 
  recorded_at: Wed, 26 Apr 2017 07:46:07 GMT
- request:
    method: put
    uri: http://backend:5352/source/home:tom/my_package++special/_meta
    body:
      encoding: UTF-8
      string: |
        <package name="my_package++special" project="home:tom">
          <title>The Proper Study</title>
          <description>Et quo enim iure neque quibusdam omnis tempore.</description>
        </package>
    headers:
      Accept-Encoding:
      - gzip;q=1.0,deflate;q=0.6,identity;q=0.3
      Accept:
      - "*/*"
      User-Agent:
      - Ruby
  response:
    status:
      code: 200
      message: OK
    headers:
      Content-Type:
      - text/xml
      Cache-Control:
      - no-cache
      Connection:
      - close
      Content-Length:
      - '178'
    body:
      encoding: UTF-8
      string: |
        <package name="my_package++special" project="home:tom">
          <title>The Proper Study</title>
          <description>Et quo enim iure neque quibusdam omnis tempore.</description>
        </package>
    http_version: 
  recorded_at: Wed, 26 Apr 2017 07:46:07 GMT
- request:
    method: get
    uri: http://backend:5352/build/home:tom/_result?arch=i586&package=my_package%2B%2Bspecial&repository=leap_42.2&view=status
    body:
      encoding: US-ASCII
      string: ''
    headers:
      Content-Type:
      - text/plain
      Accept-Encoding:
      - identity
      Accept:
      - "*/*"
      User-Agent:
      - Ruby
  response:
    status:
      code: 200
      message: OK
    headers:
      Content-Type:
      - text/xml
      Cache-Control:
      - no-cache
      Connection:
      - close
      Content-Length:
      - '166'
    body:
      encoding: UTF-8
      string: |
        <resultlist state="30960bcdca4c4bf3ca5780329f4d620b">
          <result project="home:tom" repository="leap_42.2" arch="i586" code="unknown" state="unknown" />
        </resultlist>
    http_version: 
  recorded_at: Wed, 26 Apr 2017 07:46:07 GMT
- request:
    method: get
    uri: http://backend:5352/build/home:tom/leap_42.2/i586/_builddepinfo?package=my_package%20%20special&view=revpkgnames
    body:
      encoding: US-ASCII
      string: ''
    headers:
      Accept-Encoding:
      - gzip;q=1.0,deflate;q=0.6,identity;q=0.3
      Accept:
      - "*/*"
      User-Agent:
      - Ruby
  response:
    status:
      code: 200
      message: OK
    headers:
      Content-Type:
      - text/xml
      Cache-Control:
      - no-cache
      Connection:
      - close
      Content-Length:
      - '17'
    body:
      encoding: UTF-8
      string: "<builddepinfo />\n"
    http_version: 
  recorded_at: Wed, 26 Apr 2017 07:46:07 GMT
- request:
    method: get
    uri: http://backend:5352/build/home:tom/leap_42.2/i586/my_package++special/_jobstatus
    body:
      encoding: US-ASCII
      string: ''
    headers:
      Content-Type:
      - text/plain
      Accept-Encoding:
      - identity
      Accept:
      - "*/*"
      User-Agent:
      - Ruby
  response:
    status:
      code: 200
      message: OK
    headers:
      Content-Type:
      - text/xml
      Cache-Control:
      - no-cache
      Connection:
      - close
      Content-Length:
      - '14'
    body:
      encoding: UTF-8
      string: "<jobstatus />\n"
    http_version: 
  recorded_at: Wed, 26 Apr 2017 07:46:07 GMT
recorded_with: VCR 3.0.3
