---
http_interactions:
- request:
    method: put
    uri: http://backend:5352/source/home:Iggy/_meta?user=Iggy
    body:
      encoding: UTF-8
      string: |
        <project name="home:Iggy">
          <title/>
          <description/>
          <person userid="Iggy" role="maintainer"/>
        </project>
    headers:
      Accept-Encoding:
      - gzip;q=1.0,deflate;q=0.6,identity;q=0.3
      Accept:
      - "*/*"
      User-Agent:
      - Ruby
  response:
    status:
      code: 200
      message: OK
    headers:
      Content-Type:
      - text/xml
      Cache-Control:
      - no-cache
      Connection:
      - close
      Content-Length:
      - '130'
    body:
      encoding: UTF-8
      string: |
        <project name="home:Iggy">
          <title></title>
          <description></description>
          <person userid="Iggy" role="maintainer"/>
        </project>
  recorded_at: Wed, 22 Sep 2021 12:00:29 GMT
- request:
    method: put
    uri: http://backend:5352/source/foo_project/_meta?user=user_37
    body:
      encoding: UTF-8
      string: |
        <project name="foo_project">
          <title>Absalom, Absalom!</title>
          <description/>
          <person userid="Iggy" role="maintainer"/>
        </project>
    headers:
      Accept-Encoding:
      - gzip;q=1.0,deflate;q=0.6,identity;q=0.3
      Accept:
      - "*/*"
      User-Agent:
      - Ruby
  response:
    status:
      code: 200
      message: OK
    headers:
      Content-Type:
      - text/xml
      Cache-Control:
      - no-cache
      Connection:
      - close
      Content-Length:
      - '149'
    body:
      encoding: UTF-8
      string: |
        <project name="foo_project">
          <title>Absalom, Absalom!</title>
          <description></description>
          <person userid="Iggy" role="maintainer"/>
        </project>
  recorded_at: Wed, 22 Sep 2021 12:00:29 GMT
- request:
    method: put
    uri: http://backend:5352/source/foo_project/bar_package/_meta?user=user_38
    body:
      encoding: UTF-8
      string: |
        <package name="bar_package" project="foo_project">
          <title>An Instant In The Wind</title>
          <description>Praesentium labore amet et.</description>
        </package>
    headers:
      Accept-Encoding:
      - gzip;q=1.0,deflate;q=0.6,identity;q=0.3
      Accept:
      - "*/*"
      User-Agent:
      - Ruby
  response:
    status:
      code: 200
      message: OK
    headers:
      Content-Type:
      - text/xml
      Cache-Control:
      - no-cache
      Connection:
      - close
      Content-Length:
      - '159'
    body:
      encoding: UTF-8
      string: |
        <package name="bar_package" project="foo_project">
          <title>An Instant In The Wind</title>
          <description>Praesentium labore amet et.</description>
        </package>
  recorded_at: Wed, 22 Sep 2021 12:00:29 GMT
- request:
    method: put
    uri: http://backend:5352/source/foo_project/bar_package/_config
    body:
      encoding: UTF-8
      string: Et dicta sint. Itaque velit et. Aut sint et.
    headers:
      Accept-Encoding:
      - gzip;q=1.0,deflate;q=0.6,identity;q=0.3
      Accept:
      - "*/*"
      User-Agent:
      - Ruby
  response:
    status:
      code: 200
      message: OK
    headers:
      Content-Type:
      - text/xml
      Cache-Control:
      - no-cache
      Connection:
      - close
      Content-Length:
      - '211'
    body:
      encoding: UTF-8
      string: |
        <revision rev="125" vrev="125">
          <srcmd5>541f5e7cb90f17651a696419ae290de7</srcmd5>
          <version>unknown</version>
          <time>1632312029</time>
          <user>unknown</user>
          <comment></comment>
          <requestid/>
        </revision>
  recorded_at: Wed, 22 Sep 2021 12:00:29 GMT
- request:
    method: put
    uri: http://backend:5352/source/foo_project/bar_package/somefile.txt
    body:
      encoding: UTF-8
      string: Labore est numquam. Voluptas eum perferendis. Nesciunt rem maiores.
    headers:
      Accept-Encoding:
      - gzip;q=1.0,deflate;q=0.6,identity;q=0.3
      Accept:
      - "*/*"
      User-Agent:
      - Ruby
  response:
    status:
      code: 200
      message: OK
    headers:
      Content-Type:
      - text/xml
      Cache-Control:
      - no-cache
      Connection:
      - close
      Content-Length:
      - '211'
    body:
      encoding: UTF-8
      string: |
        <revision rev="126" vrev="126">
          <srcmd5>bc9db033895689c979ff7a043325c9ed</srcmd5>
          <version>unknown</version>
          <time>1632312029</time>
          <user>unknown</user>
          <comment></comment>
          <requestid/>
        </revision>
  recorded_at: Wed, 22 Sep 2021 12:00:29 GMT
- request:
    method: put
    uri: http://backend:5352/source/home:Iggy:openSUSE:open-build-service:PR-1/_meta?user=Iggy
    body:
      encoding: UTF-8
      string: |
        <project name="home:Iggy:openSUSE:open-build-service:PR-1">
          <title>The Sun Also Rises</title>
          <description/>
          <person userid="Iggy" role="maintainer"/>
        </project>
    headers:
      Accept-Encoding:
      - gzip;q=1.0,deflate;q=0.6,identity;q=0.3
      Accept:
      - "*/*"
      User-Agent:
      - Ruby
  response:
    status:
      code: 200
      message: OK
    headers:
      Content-Type:
      - text/xml
      Cache-Control:
      - no-cache
      Connection:
      - close
      Content-Length:
      - '181'
    body:
      encoding: UTF-8
      string: |
        <project name="home:Iggy:openSUSE:open-build-service:PR-1">
          <title>The Sun Also Rises</title>
          <description></description>
          <person userid="Iggy" role="maintainer"/>
        </project>
  recorded_at: Wed, 22 Sep 2021 12:00:29 GMT
- request:
    method: put
    uri: http://backend:5352/source/home:Iggy:openSUSE:open-build-service:PR-1/bar_package/_meta?user=Iggy
    body:
      encoding: UTF-8
      string: |
        <package name="bar_package" project="home:Iggy:openSUSE:open-build-service:PR-1">
          <title>Look Homeward, Angel</title>
          <description>Dignissimos numquam at nisi.</description>
        </package>
    headers:
      Accept-Encoding:
      - gzip;q=1.0,deflate;q=0.6,identity;q=0.3
      Accept:
      - "*/*"
      User-Agent:
      - Ruby
  response:
    status:
      code: 200
      message: OK
    headers:
      Content-Type:
      - text/xml
      Cache-Control:
      - no-cache
      Connection:
      - close
      Content-Length:
      - '189'
    body:
      encoding: UTF-8
      string: |
        <package name="bar_package" project="home:Iggy:openSUSE:open-build-service:PR-1">
          <title>Look Homeward, Angel</title>
          <description>Dignissimos numquam at nisi.</description>
        </package>
  recorded_at: Wed, 22 Sep 2021 12:00:29 GMT
- request:
    method: put
    uri: http://backend:5352/source/home:Iggy:openSUSE:open-build-service:PR-1/bar_package/_config
    body:
      encoding: UTF-8
      string: Vel voluptas non. Et a ipsum. Officia a perspiciatis.
    headers:
      Accept-Encoding:
      - gzip;q=1.0,deflate;q=0.6,identity;q=0.3
      Accept:
      - "*/*"
      User-Agent:
      - Ruby
  response:
    status:
      code: 200
      message: OK
    headers:
      Content-Type:
      - text/xml
      Cache-Control:
      - no-cache
      Connection:
      - close
      Content-Length:
      - '211'
    body:
      encoding: UTF-8
      string: |
        <revision rev="101" vrev="101">
          <srcmd5>56cde0a92ca96b6102bca3a8438ea023</srcmd5>
          <version>unknown</version>
          <time>1632312029</time>
          <user>unknown</user>
          <comment></comment>
          <requestid/>
        </revision>
  recorded_at: Wed, 22 Sep 2021 12:00:29 GMT
- request:
    method: put
    uri: http://backend:5352/source/home:Iggy:openSUSE:open-build-service:PR-1/bar_package/somefile.txt
    body:
      encoding: UTF-8
      string: Sunt dolorem omnis. Molestias in autem. Aut blanditiis vel.
    headers:
      Accept-Encoding:
      - gzip;q=1.0,deflate;q=0.6,identity;q=0.3
      Accept:
      - "*/*"
      User-Agent:
      - Ruby
  response:
    status:
      code: 200
      message: OK
    headers:
      Content-Type:
      - text/xml
      Cache-Control:
      - no-cache
      Connection:
      - close
      Content-Length:
      - '211'
    body:
      encoding: UTF-8
      string: |
        <revision rev="102" vrev="102">
          <srcmd5>379ea20e9dfe7f7dce8059ee7b069238</srcmd5>
          <version>unknown</version>
          <time>1632312029</time>
          <user>unknown</user>
          <comment></comment>
          <requestid/>
        </revision>
  recorded_at: Wed, 22 Sep 2021 12:00:29 GMT
- request:
    method: put
    uri: http://backend:5352/source/foo_project/bar_package/_branch_request?user=Iggy
    body:
      encoding: UTF-8
      string: '{"action":"synchronize","pull_request":{"head":{"repo":{"full_name":"source_repository_full_name"},"sha":"123"}}}'
    headers:
      Accept-Encoding:
      - gzip;q=1.0,deflate;q=0.6,identity;q=0.3
      Accept:
      - "*/*"
      User-Agent:
      - Ruby
  response:
    status:
      code: 200
      message: OK
    headers:
      Content-Type:
      - text/xml
      Cache-Control:
      - no-cache
      Connection:
      - close
      Content-Length:
      - '208'
    body:
      encoding: UTF-8
      string: |
        <revision rev="127" vrev="127">
          <srcmd5>cc0e1af967a35026613f40afbf495597</srcmd5>
          <version>unknown</version>
          <time>1632312029</time>
          <user>Iggy</user>
          <comment></comment>
          <requestid/>
        </revision>
  recorded_at: Wed, 22 Sep 2021 12:00:29 GMT
- request:
    method: put
    uri: http://backend:5352/source/foo_project/bar_package/_meta?user=user_38
    body:
      encoding: UTF-8
      string: |
        <package name="bar_package" project="foo_project">
          <title>An Instant In The Wind</title>
          <description>Praesentium labore amet et.</description>
        </package>
    headers:
      Accept-Encoding:
      - gzip;q=1.0,deflate;q=0.6,identity;q=0.3
      Accept:
      - "*/*"
      User-Agent:
      - Ruby
  response:
    status:
      code: 200
      message: OK
    headers:
      Content-Type:
      - text/xml
      Cache-Control:
      - no-cache
      Connection:
      - close
      Content-Length:
      - '159'
    body:
      encoding: UTF-8
      string: |
        <package name="bar_package" project="foo_project">
          <title>An Instant In The Wind</title>
          <description>Praesentium labore amet et.</description>
        </package>
  recorded_at: Wed, 22 Sep 2021 12:00:29 GMT
- request:
    method: get
    uri: http://backend:5352/source/foo_project/bar_package
    body:
      encoding: US-ASCII
      string: ''
    headers:
      Accept-Encoding:
      - gzip;q=1.0,deflate;q=0.6,identity;q=0.3
      Accept:
      - "*/*"
      User-Agent:
      - Ruby
  response:
    status:
      code: 200
      message: OK
    headers:
      Content-Type:
      - text/xml
      Cache-Control:
      - no-cache
      Connection:
      - close
      Content-Length:
      - '403'
    body:
      encoding: UTF-8
      string: |
        <directory name="bar_package" rev="127" vrev="127" srcmd5="cc0e1af967a35026613f40afbf495597">
          <entry name="_branch_request" md5="c4321e613d633f87e139ae1201ad0bf8" size="113" mtime="1632311408"/>
          <entry name="_config" md5="8279f579ef2ab1add038bb6aaf61731b" size="44" mtime="1632312029"/>
          <entry name="somefile.txt" md5="9c3555a42ec793473a38f04db8186e84" size="67" mtime="1632312029"/>
        </directory>
  recorded_at: Wed, 22 Sep 2021 12:00:29 GMT
- request:
    method: get
    uri: http://backend:5352/source/foo_project/bar_package?view=info
    body:
      encoding: US-ASCII
      string: ''
    headers:
      Accept-Encoding:
      - gzip;q=1.0,deflate;q=0.6,identity;q=0.3
      Accept:
      - "*/*"
      User-Agent:
      - Ruby
  response:
    status:
      code: 200
      message: OK
    headers:
      Content-Type:
      - text/xml
      Cache-Control:
      - no-cache
      Connection:
      - close
      Content-Length:
      - '233'
    body:
      encoding: UTF-8
      string: |
        <sourceinfo package="bar_package" rev="127" vrev="127" srcmd5="cc0e1af967a35026613f40afbf495597" verifymd5="cc0e1af967a35026613f40afbf495597">
          <error>bad build configuration, no build type defined or detected</error>
        </sourceinfo>
  recorded_at: Wed, 22 Sep 2021 12:00:29 GMT
- request:
    method: get
    uri: http://backend:5352/source/foo_project/bar_package
    body:
      encoding: US-ASCII
      string: ''
    headers:
      Accept-Encoding:
      - gzip;q=1.0,deflate;q=0.6,identity;q=0.3
      Accept:
      - "*/*"
      User-Agent:
      - Ruby
  response:
    status:
      code: 200
      message: OK
    headers:
      Content-Type:
      - text/xml
      Cache-Control:
      - no-cache
      Connection:
      - close
      Content-Length:
      - '403'
    body:
      encoding: UTF-8
      string: |
        <directory name="bar_package" rev="127" vrev="127" srcmd5="cc0e1af967a35026613f40afbf495597">
          <entry name="_branch_request" md5="c4321e613d633f87e139ae1201ad0bf8" size="113" mtime="1632311408"/>
          <entry name="_config" md5="8279f579ef2ab1add038bb6aaf61731b" size="44" mtime="1632312029"/>
          <entry name="somefile.txt" md5="9c3555a42ec793473a38f04db8186e84" size="67" mtime="1632312029"/>
        </directory>
  recorded_at: Wed, 22 Sep 2021 12:00:29 GMT
- request:
    method: post
    uri: http://backend:5352/source/foo_project/bar_package?cmd=diff&linkrev=base&onlyissues=1&orev=0&view=xml
    body:
      encoding: UTF-8
      string: ''
    headers:
      Content-Type:
      - application/octet-stream
      Accept-Encoding:
      - gzip;q=1.0,deflate;q=0.6,identity;q=0.3
      Accept:
      - "*/*"
      User-Agent:
      - Ruby
  response:
    status:
      code: 200
      message: OK
    headers:
      Content-Type:
      - text/xml
      Cache-Control:
      - no-cache
      Connection:
      - close
      Content-Length:
      - '308'
    body:
      encoding: UTF-8
      string: |
        <sourcediff key="bb7e74dd28692fbc9e0005706fcb435c">
          <old project="foo_project" package="bar_package" rev="0" srcmd5="d41d8cd98f00b204e9800998ecf8427e"/>
          <new project="foo_project" package="bar_package" rev="127" srcmd5="cc0e1af967a35026613f40afbf495597"/>
          <files/>
          <issues>
          </issues>
        </sourcediff>
  recorded_at: Wed, 22 Sep 2021 12:00:29 GMT
- request:
    method: put
    uri: http://backend:5352/source/home:Iggy:openSUSE:open-build-service:PR-1/bar_package/_branch_request?user=Iggy
    body:
      encoding: UTF-8
      string: '{"action":"opened","pull_request":{"head":{"repo":{"full_name":"reponame"},"sha":"456"}}}'
    headers:
      Accept-Encoding:
      - gzip;q=1.0,deflate;q=0.6,identity;q=0.3
      Accept:
      - "*/*"
      User-Agent:
      - Ruby
  response:
    status:
      code: 200
      message: OK
    headers:
      Content-Type:
      - text/xml
      Cache-Control:
      - no-cache
      Connection:
      - close
      Content-Length:
      - '208'
    body:
      encoding: UTF-8
      string: |
        <revision rev="103" vrev="103">
          <srcmd5>185faa0b717842475a42b508481b5ee4</srcmd5>
          <version>unknown</version>
          <time>1632312029</time>
          <user>Iggy</user>
          <comment></comment>
          <requestid/>
        </revision>
  recorded_at: Wed, 22 Sep 2021 12:00:30 GMT
- request:
    method: put
    uri: http://backend:5352/source/home:Iggy:openSUSE:open-build-service:PR-1/bar_package/_meta?user=Iggy
    body:
      encoding: UTF-8
      string: |
        <package name="bar_package" project="home:Iggy:openSUSE:open-build-service:PR-1">
          <title>Look Homeward, Angel</title>
          <description>Dignissimos numquam at nisi.</description>
        </package>
    headers:
      Accept-Encoding:
      - gzip;q=1.0,deflate;q=0.6,identity;q=0.3
      Accept:
      - "*/*"
      User-Agent:
      - Ruby
  response:
    status:
      code: 200
      message: OK
    headers:
      Content-Type:
      - text/xml
      Cache-Control:
      - no-cache
      Connection:
      - close
      Content-Length:
      - '189'
    body:
      encoding: UTF-8
      string: |
        <package name="bar_package" project="home:Iggy:openSUSE:open-build-service:PR-1">
          <title>Look Homeward, Angel</title>
          <description>Dignissimos numquam at nisi.</description>
        </package>
  recorded_at: Wed, 22 Sep 2021 12:00:30 GMT
- request:
    method: get
    uri: http://backend:5352/source/home:Iggy:openSUSE:open-build-service:PR-1/bar_package
    body:
      encoding: US-ASCII
      string: ''
    headers:
      Accept-Encoding:
      - gzip;q=1.0,deflate;q=0.6,identity;q=0.3
      Accept:
      - "*/*"
      User-Agent:
      - Ruby
  response:
    status:
      code: 200
      message: OK
    headers:
      Content-Type:
      - text/xml
      Cache-Control:
      - no-cache
      Connection:
      - close
      Content-Length:
      - '757'
    body:
      encoding: UTF-8
      string: |
        <directory name="bar_package" rev="103" vrev="103" srcmd5="185faa0b717842475a42b508481b5ee4">
          <linkinfo project="foo_project" package="bar_package" srcmd5="cc0e1af967a35026613f40afbf495597" xsrcmd5="9f57ef5bf038c77e5a553caac3641601" lsrcmd5="185faa0b717842475a42b508481b5ee4"/>
          <serviceinfo code="succeeded" xsrcmd5="9d93e0edc0a0c180c2af6230f9bb0a37"/>
          <entry name="_branch_request" md5="285bc03114e2a02608815f9e01384ade" size="89" mtime="1632311408"/>
          <entry name="_config" md5="601aa33e56707fd0b6bf7a5356cbcefa" size="53" mtime="1632312029"/>
          <entry name="_link" md5="858d6500f0ccc27f85ed9dc8c2006d8e" size="51" mtime="1632312011"/>
          <entry name="somefile.txt" md5="9198465bd9695ec5b7f6f5bb6fa933d4" size="59" mtime="1632312029"/>
        </directory>
  recorded_at: Wed, 22 Sep 2021 12:00:30 GMT
- request:
    method: get
    uri: http://backend:5352/source/home:Iggy:openSUSE:open-build-service:PR-1/bar_package?view=info
    body:
      encoding: US-ASCII
      string: ''
    headers:
      Accept-Encoding:
      - gzip;q=1.0,deflate;q=0.6,identity;q=0.3
      Accept:
      - "*/*"
      User-Agent:
      - Ruby
  response:
    status:
      code: 200
      message: OK
    headers:
      Content-Type:
      - text/xml
      Cache-Control:
      - no-cache
      Connection:
      - close
      Content-Length:
      - '332'
    body:
      encoding: UTF-8
      string: |
        <sourceinfo package="bar_package" rev="103" vrev="230" srcmd5="129827bce40820b6fa75dd553cf7660e" lsrcmd5="9d93e0edc0a0c180c2af6230f9bb0a37" verifymd5="0d1f3fc253cff9020b7ef8ed83714037">
          <error>bad build configuration, no build type defined or detected</error>
          <linked project="foo_project" package="bar_package"/>
        </sourceinfo>
  recorded_at: Wed, 22 Sep 2021 12:00:30 GMT
- request:
    method: get
    uri: http://backend:5352/source/home:Iggy:openSUSE:open-build-service:PR-1/bar_package
    body:
      encoding: US-ASCII
      string: ''
    headers:
      Accept-Encoding:
      - gzip;q=1.0,deflate;q=0.6,identity;q=0.3
      Accept:
      - "*/*"
      User-Agent:
      - Ruby
  response:
    status:
      code: 200
      message: OK
    headers:
      Content-Type:
      - text/xml
      Cache-Control:
      - no-cache
      Connection:
      - close
      Content-Length:
      - '757'
    body:
      encoding: UTF-8
      string: |
        <directory name="bar_package" rev="103" vrev="103" srcmd5="185faa0b717842475a42b508481b5ee4">
          <linkinfo project="foo_project" package="bar_package" srcmd5="cc0e1af967a35026613f40afbf495597" xsrcmd5="9f57ef5bf038c77e5a553caac3641601" lsrcmd5="185faa0b717842475a42b508481b5ee4"/>
          <serviceinfo code="succeeded" xsrcmd5="9d93e0edc0a0c180c2af6230f9bb0a37"/>
          <entry name="_branch_request" md5="285bc03114e2a02608815f9e01384ade" size="89" mtime="1632311408"/>
          <entry name="_config" md5="601aa33e56707fd0b6bf7a5356cbcefa" size="53" mtime="1632312029"/>
          <entry name="_link" md5="858d6500f0ccc27f85ed9dc8c2006d8e" size="51" mtime="1632312011"/>
          <entry name="somefile.txt" md5="9198465bd9695ec5b7f6f5bb6fa933d4" size="59" mtime="1632312029"/>
        </directory>
  recorded_at: Wed, 22 Sep 2021 12:00:30 GMT
- request:
    method: post
    uri: http://backend:5352/source/home:Iggy:openSUSE:open-build-service:PR-1/bar_package?cmd=diff&linkrev=base&onlyissues=1&orev=0&view=xml
    body:
      encoding: UTF-8
      string: ''
    headers:
      Content-Type:
      - application/octet-stream
      Accept-Encoding:
      - gzip;q=1.0,deflate;q=0.6,identity;q=0.3
      Accept:
      - "*/*"
      User-Agent:
      - Ruby
  response:
    status:
      code: 200
      message: OK
    headers:
      Content-Type:
      - text/xml
      Cache-Control:
      - no-cache
      Connection:
      - close
      Content-Length:
      - '370'
    body:
      encoding: UTF-8
      string: |
        <sourcediff key="e4f076742eda34c0b247b227474e44b1">
          <old project="home:Iggy:openSUSE:open-build-service:PR-1" package="bar_package" rev="0" srcmd5="d41d8cd98f00b204e9800998ecf8427e"/>
          <new project="home:Iggy:openSUSE:open-build-service:PR-1" package="bar_package" rev="103" srcmd5="185faa0b717842475a42b508481b5ee4"/>
          <files/>
          <issues>
          </issues>
        </sourcediff>
  recorded_at: Wed, 22 Sep 2021 12:00:30 GMT
- request:
    method: post
    uri: http://backend:5352/source/home:Iggy:openSUSE:open-build-service:PR-1/bar_package?cmd=linkdiff&linkrev=base&onlyissues=1&view=xml
    body:
      encoding: UTF-8
      string: ''
    headers:
      Content-Type:
      - application/octet-stream
      Accept-Encoding:
      - gzip;q=1.0,deflate;q=0.6,identity;q=0.3
      Accept:
      - "*/*"
      User-Agent:
      - Ruby
  response:
    status:
      code: 200
      message: OK
    headers:
      Content-Type:
      - text/xml
      Cache-Control:
      - no-cache
      Connection:
      - close
      Content-Length:
      - '399'
    body:
      encoding: UTF-8
      string: |
        <sourcediff key="30f6d0dbe1845f1b4f05228736d5196b">
          <old project="foo_project" package="bar_package" rev="cc0e1af967a35026613f40afbf495597" srcmd5="cc0e1af967a35026613f40afbf495597"/>
          <new project="home:Iggy:openSUSE:open-build-service:PR-1" package="bar_package" rev="129827bce40820b6fa75dd553cf7660e" srcmd5="129827bce40820b6fa75dd553cf7660e"/>
          <files/>
          <issues>
          </issues>
        </sourcediff>
  recorded_at: Wed, 22 Sep 2021 12:00:30 GMT
- request:
    method: get
    uri: http://backend:5352/source/home:Iggy:openSUSE:open-build-service:PR-1/bar_package/_link
    body:
      encoding: US-ASCII
      string: ''
    headers:
      Accept-Encoding:
      - gzip;q=1.0,deflate;q=0.6,identity;q=0.3
      Accept:
      - "*/*"
      User-Agent:
      - Ruby
  response:
    status:
      code: 200
      message: OK
    headers:
      Content-Type:
      - application/octet-stream
      Content-Length:
      - '51'
      Cache-Control:
      - no-cache
      Connection:
      - close
    body:
      encoding: UTF-8
      string: <link project="foo_project" package="bar_package"/>
  recorded_at: Wed, 22 Sep 2021 12:00:30 GMT
recorded_with: VCR 6.0.0
