---
http_interactions:
- request:
    method: put
    uri: http://backend:5352/source/home:package_test_user/_meta?user=package_test_user
    body:
      encoding: UTF-8
      string: |
        <project name="home:package_test_user">
          <title/>
          <description/>
          <person userid="package_test_user" role="maintainer"/>
        </project>
    headers:
      Accept-Encoding:
      - gzip;q=1.0,deflate;q=0.6,identity;q=0.3
      Accept:
      - "*/*"
      User-Agent:
      - Ruby
  response:
    status:
      code: 200
      message: OK
    headers:
      Content-Type:
      - text/xml
      Cache-Control:
      - no-cache
      Connection:
      - close
      Content-Length:
      - '157'
    body:
      encoding: UTF-8
      string: |
        <project name="home:package_test_user">
          <title></title>
          <description></description>
          <person userid="package_test_user" role="maintainer" />
        </project>
    http_version: 
  recorded_at: Thu, 30 Aug 2018 16:32:09 GMT
- request:
    method: put
    uri: http://backend:5352/source/home:package_test_user/test_package/_meta?user=_nobody_
    body:
      encoding: UTF-8
      string: |
        <package name="test_package" project="home:package_test_user">
          <title>Pale Kings and Princes</title>
          <description>Dicta consequuntur temporibus ut.</description>
        </package>
    headers:
      Accept-Encoding:
      - gzip;q=1.0,deflate;q=0.6,identity;q=0.3
      Accept:
      - "*/*"
      User-Agent:
      - Ruby
  response:
    status:
      code: 200
      message: OK
    headers:
      Content-Type:
      - text/xml
      Cache-Control:
      - no-cache
      Connection:
      - close
      Content-Length:
      - '177'
    body:
      encoding: UTF-8
      string: |
        <package name="test_package" project="home:package_test_user">
          <title>Pale Kings and Princes</title>
          <description>Dicta consequuntur temporibus ut.</description>
        </package>
    http_version: 
  recorded_at: Thu, 30 Aug 2018 16:32:10 GMT
- request:
    method: put
    uri: http://backend:5352/source/home:package_test_user/test_package/_meta?user=_nobody_
    body:
      encoding: UTF-8
      string: |
        <package name="test_package" project="home:package_test_user">
          <title>Pale Kings and Princes</title>
          <description>Dicta consequuntur temporibus ut.</description>
        </package>
    headers:
      Accept-Encoding:
      - gzip;q=1.0,deflate;q=0.6,identity;q=0.3
      Accept:
      - "*/*"
      User-Agent:
      - Ruby
  response:
    status:
      code: 200
      message: OK
    headers:
      Content-Type:
      - text/xml
      Cache-Control:
      - no-cache
      Connection:
      - close
      Content-Length:
      - '177'
    body:
      encoding: UTF-8
      string: |
        <package name="test_package" project="home:package_test_user">
          <title>Pale Kings and Princes</title>
          <description>Dicta consequuntur temporibus ut.</description>
        </package>
    http_version: 
  recorded_at: Thu, 30 Aug 2018 16:32:10 GMT
- request:
    method: put
    uri: http://backend:5352/source/home:package_test_user/test_package/_config
    body:
      encoding: UTF-8
      string: Et amet ea. Sapiente exercitationem ab. Totam cupiditate quia.
    headers:
      Accept-Encoding:
      - gzip;q=1.0,deflate;q=0.6,identity;q=0.3
      Accept:
      - "*/*"
      User-Agent:
      - Ruby
  response:
    status:
      code: 200
      message: OK
    headers:
      Content-Type:
      - text/xml
      Cache-Control:
      - no-cache
      Connection:
      - close
      Content-Length:
      - '207'
    body:
      encoding: UTF-8
      string: |
        <revision rev="1" vrev="1">
          <srcmd5>2c11e74600021cff1170aa0da9794258</srcmd5>
          <version>unknown</version>
          <time>1535646730</time>
          <user>unknown</user>
          <comment></comment>
          <requestid/>
        </revision>
    http_version: 
  recorded_at: Thu, 30 Aug 2018 16:32:10 GMT
- request:
    method: put
    uri: http://backend:5352/source/home:package_test_user/test_package/somefile.txt
    body:
      encoding: UTF-8
      string: Qui nam nobis. Alias vero architecto. Quos iusto qui.
    headers:
      Accept-Encoding:
      - gzip;q=1.0,deflate;q=0.6,identity;q=0.3
      Accept:
      - "*/*"
      User-Agent:
      - Ruby
  response:
    status:
      code: 200
      message: OK
    headers:
      Content-Type:
      - text/xml
      Cache-Control:
      - no-cache
      Connection:
      - close
      Content-Length:
      - '207'
    body:
      encoding: UTF-8
      string: |
        <revision rev="2" vrev="2">
          <srcmd5>1f5e98e4f3ba08922a1f898ace856793</srcmd5>
          <version>unknown</version>
          <time>1535646730</time>
          <user>unknown</user>
          <comment></comment>
          <requestid/>
        </revision>
    http_version: 
  recorded_at: Thu, 30 Aug 2018 16:32:10 GMT
- request:
    method: put
    uri: http://backend:5352/source/home:other_package_test_user/_meta?user=other_package_test_user
    body:
      encoding: UTF-8
      string: |
        <project name="home:other_package_test_user">
          <title/>
          <description/>
          <person userid="other_package_test_user" role="maintainer"/>
        </project>
    headers:
      Accept-Encoding:
      - gzip;q=1.0,deflate;q=0.6,identity;q=0.3
      Accept:
      - "*/*"
      User-Agent:
      - Ruby
  response:
    status:
      code: 200
      message: OK
    headers:
      Content-Type:
      - text/xml
      Cache-Control:
      - no-cache
      Connection:
      - close
      Content-Length:
      - '169'
    body:
      encoding: UTF-8
      string: |
        <project name="home:other_package_test_user">
          <title></title>
          <description></description>
          <person userid="other_package_test_user" role="maintainer" />
        </project>
    http_version: 
  recorded_at: Thu, 30 Aug 2018 16:32:10 GMT
- request:
    method: put
    uri: http://backend:5352/source/home:other_package_test_user/branch_test_package/_meta?user=_nobody_
    body:
      encoding: UTF-8
      string: |
        <package name="branch_test_package" project="home:other_package_test_user">
          <title>The Cricket on the Hearth</title>
          <description>Cumque odio libero quisquam.</description>
        </package>
    headers:
      Accept-Encoding:
      - gzip;q=1.0,deflate;q=0.6,identity;q=0.3
      Accept:
      - "*/*"
      User-Agent:
      - Ruby
  response:
    status:
      code: 200
      message: OK
    headers:
      Content-Type:
      - text/xml
      Cache-Control:
      - no-cache
      Connection:
      - close
      Content-Length:
      - '188'
    body:
      encoding: UTF-8
      string: |
        <package name="branch_test_package" project="home:other_package_test_user">
          <title>The Cricket on the Hearth</title>
          <description>Cumque odio libero quisquam.</description>
        </package>
    http_version: 
  recorded_at: Thu, 30 Aug 2018 16:32:10 GMT
- request:
    method: put
    uri: http://backend:5352/source/home:other_package_test_user/branch_test_package/_meta?user=_nobody_
    body:
      encoding: UTF-8
      string: |
        <package name="branch_test_package" project="home:other_package_test_user">
          <title>The Cricket on the Hearth</title>
          <description>Cumque odio libero quisquam.</description>
        </package>
    headers:
      Accept-Encoding:
      - gzip;q=1.0,deflate;q=0.6,identity;q=0.3
      Accept:
      - "*/*"
      User-Agent:
      - Ruby
  response:
    status:
      code: 200
      message: OK
    headers:
      Content-Type:
      - text/xml
      Cache-Control:
      - no-cache
      Connection:
      - close
      Content-Length:
      - '188'
    body:
      encoding: UTF-8
      string: |
        <package name="branch_test_package" project="home:other_package_test_user">
          <title>The Cricket on the Hearth</title>
          <description>Cumque odio libero quisquam.</description>
        </package>
    http_version: 
  recorded_at: Thu, 30 Aug 2018 16:32:10 GMT
- request:
    method: put
    uri: http://backend:5352/source/home:other_package_test_user/branch_test_package/_config
    body:
      encoding: UTF-8
      string: Consequuntur molestias ducimus. Voluptas incidunt totam. Beatae perspiciatis
        similique.
    headers:
      Accept-Encoding:
      - gzip;q=1.0,deflate;q=0.6,identity;q=0.3
      Accept:
      - "*/*"
      User-Agent:
      - Ruby
  response:
    status:
      code: 200
      message: OK
    headers:
      Content-Type:
      - text/xml
      Cache-Control:
      - no-cache
      Connection:
      - close
      Content-Length:
      - '209'
    body:
      encoding: UTF-8
      string: |
        <revision rev="23" vrev="23">
          <srcmd5>d8a81de36b92a05af2f5956baa68c538</srcmd5>
          <version>unknown</version>
          <time>1535646730</time>
          <user>unknown</user>
          <comment></comment>
          <requestid/>
        </revision>
    http_version: 
  recorded_at: Thu, 30 Aug 2018 16:32:10 GMT
- request:
    method: put
    uri: http://backend:5352/source/home:other_package_test_user/branch_test_package/somefile.txt
    body:
      encoding: UTF-8
      string: Aut nisi corporis. Sit sit ut. Molestiae porro illum.
    headers:
      Accept-Encoding:
      - gzip;q=1.0,deflate;q=0.6,identity;q=0.3
      Accept:
      - "*/*"
      User-Agent:
      - Ruby
  response:
    status:
      code: 200
      message: OK
    headers:
      Content-Type:
      - text/xml
      Cache-Control:
      - no-cache
      Connection:
      - close
      Content-Length:
      - '209'
    body:
      encoding: UTF-8
      string: |
        <revision rev="24" vrev="24">
          <srcmd5>15a112afa623a855733352800a9ac5aa</srcmd5>
          <version>unknown</version>
          <time>1535646730</time>
          <user>unknown</user>
          <comment></comment>
          <requestid/>
        </revision>
    http_version: 
  recorded_at: Thu, 30 Aug 2018 16:32:10 GMT
- request:
    method: get
    uri: http://backend:5352/source/home:package_test_user/test_package
    body:
      encoding: US-ASCII
      string: ''
    headers:
      Accept-Encoding:
      - gzip;q=1.0,deflate;q=0.6,identity;q=0.3
      Accept:
      - "*/*"
      User-Agent:
      - Ruby
  response:
    status:
      code: 200
      message: OK
    headers:
      Content-Type:
      - text/xml
      Cache-Control:
      - no-cache
      Connection:
      - close
      Content-Length:
      - '299'
    body:
      encoding: UTF-8
      string: |
        <directory name="test_package" rev="2" vrev="2" srcmd5="1f5e98e4f3ba08922a1f898ace856793">
          <entry name="_config" md5="2d9dfba07e89f7354fb5dfc7ebcf9d9f" size="62" mtime="1535646730" />
          <entry name="somefile.txt" md5="47f42495f5d688b59eef6c3862c2f8d8" size="53" mtime="1535646730" />
        </directory>
    http_version: 
  recorded_at: Thu, 30 Aug 2018 16:32:11 GMT
- request:
    method: get
    uri: http://backend:5352/source/home:package_test_user/test_package?expand=1&rev=2
    body:
      encoding: US-ASCII
      string: ''
    headers:
      Accept-Encoding:
      - gzip;q=1.0,deflate;q=0.6,identity;q=0.3
      Accept:
      - "*/*"
      User-Agent:
      - Ruby
  response:
    status:
      code: 200
      message: OK
    headers:
      Content-Type:
      - text/xml
      Cache-Control:
      - no-cache
      Connection:
      - close
      Content-Length:
      - '299'
    body:
      encoding: UTF-8
      string: |
        <directory name="test_package" rev="2" vrev="2" srcmd5="1f5e98e4f3ba08922a1f898ace856793">
          <entry name="_config" md5="2d9dfba07e89f7354fb5dfc7ebcf9d9f" size="62" mtime="1535646730" />
          <entry name="somefile.txt" md5="47f42495f5d688b59eef6c3862c2f8d8" size="53" mtime="1535646730" />
        </directory>
    http_version: 
  recorded_at: Thu, 30 Aug 2018 16:32:11 GMT
- request:
    method: get
    uri: http://backend:5352/source/home:package_test_user/test_package/_service
    body:
      encoding: US-ASCII
      string: ''
    headers:
      Accept-Encoding:
      - gzip;q=1.0,deflate;q=0.6,identity;q=0.3
      Accept:
      - "*/*"
      User-Agent:
      - Ruby
  response:
    status:
      code: 404
      message: _service  no such file
    headers:
      Content-Type:
      - text/xml
      Cache-Control:
      - no-cache
      Connection:
      - close
      Content-Length:
      - '122'
    body:
      encoding: UTF-8
      string: |
        <status code="404">
          <summary>_service: no such file</summary>
          <details>404 _service: no such file</details>
        </status>
    http_version: 
  recorded_at: Thu, 30 Aug 2018 16:32:11 GMT
- request:
    method: get
    uri: http://backend:5352/source/home:package_test_user/test_package
    body:
      encoding: US-ASCII
      string: ''
    headers:
      Accept-Encoding:
      - gzip;q=1.0,deflate;q=0.6,identity;q=0.3
      Accept:
      - "*/*"
      User-Agent:
      - Ruby
  response:
    status:
      code: 200
      message: OK
    headers:
      Content-Type:
      - text/xml
      Cache-Control:
      - no-cache
      Connection:
      - close
      Content-Length:
      - '299'
    body:
      encoding: UTF-8
      string: |
        <directory name="test_package" rev="2" vrev="2" srcmd5="1f5e98e4f3ba08922a1f898ace856793">
          <entry name="_config" md5="2d9dfba07e89f7354fb5dfc7ebcf9d9f" size="62" mtime="1535646730" />
          <entry name="somefile.txt" md5="47f42495f5d688b59eef6c3862c2f8d8" size="53" mtime="1535646730" />
        </directory>
    http_version: 
  recorded_at: Thu, 30 Aug 2018 16:32:11 GMT
- request:
    method: get
    uri: http://backend:5352/source/home:package_test_user/test_package
    body:
      encoding: US-ASCII
      string: ''
    headers:
      Accept-Encoding:
      - gzip;q=1.0,deflate;q=0.6,identity;q=0.3
      Accept:
      - "*/*"
      User-Agent:
      - Ruby
  response:
    status:
      code: 200
      message: OK
    headers:
      Content-Type:
      - text/xml
      Cache-Control:
      - no-cache
      Connection:
      - close
      Content-Length:
      - '299'
    body:
      encoding: UTF-8
      string: |
        <directory name="test_package" rev="2" vrev="2" srcmd5="1f5e98e4f3ba08922a1f898ace856793">
          <entry name="_config" md5="2d9dfba07e89f7354fb5dfc7ebcf9d9f" size="62" mtime="1535646730" />
          <entry name="somefile.txt" md5="47f42495f5d688b59eef6c3862c2f8d8" size="53" mtime="1535646730" />
        </directory>
    http_version: 
  recorded_at: Thu, 30 Aug 2018 16:32:11 GMT
- request:
    method: get
    uri: http://backend:5352/source/home:package_test_user/test_package/_history
    body:
      encoding: US-ASCII
      string: ''
    headers:
      Accept-Encoding:
      - gzip;q=1.0,deflate;q=0.6,identity;q=0.3
      Accept:
      - "*/*"
      User-Agent:
      - Ruby
  response:
    status:
      code: 200
      message: OK
    headers:
      Content-Type:
      - text/xml
      Cache-Control:
      - no-cache
      Connection:
      - close
      Content-Length:
      - '395'
    body:
      encoding: UTF-8
      string: |
        <revisionlist>
          <revision rev="1" vrev="1">
            <srcmd5>2c11e74600021cff1170aa0da9794258</srcmd5>
            <version>unknown</version>
            <time>1535646730</time>
            <user>unknown</user>
          </revision>
          <revision rev="2" vrev="2">
            <srcmd5>1f5e98e4f3ba08922a1f898ace856793</srcmd5>
            <version>unknown</version>
            <time>1535646730</time>
            <user>unknown</user>
          </revision>
        </revisionlist>
    http_version: 
  recorded_at: Thu, 30 Aug 2018 16:32:11 GMT
- request:
    method: get
    uri: http://backend:5352/build/home:package_test_user/_result?package=test_package&view=status
    body:
      encoding: US-ASCII
      string: ''
    headers:
      Content-Type:
      - text/plain
      Accept-Encoding:
      - identity
      Accept:
      - "*/*"
      User-Agent:
      - Ruby
  response:
    status:
      code: 200
      message: OK
    headers:
      Content-Type:
      - text/xml
      Cache-Control:
      - no-cache
      Connection:
      - close
      Content-Length:
      - '56'
    body:
      encoding: UTF-8
      string: '<resultlist state="00000000000000000000000000000000" />

'
    http_version: 
  recorded_at: Thu, 30 Aug 2018 16:32:12 GMT
- request:
    method: get
    uri: http://backend:5352/source/home:package_test_user/test_package
    body:
      encoding: US-ASCII
      string: ''
    headers:
      Accept-Encoding:
      - gzip;q=1.0,deflate;q=0.6,identity;q=0.3
      Accept:
      - "*/*"
      User-Agent:
      - Ruby
  response:
    status:
      code: 200
      message: OK
    headers:
      Content-Type:
      - text/xml
      Cache-Control:
      - no-cache
      Connection:
      - close
      Content-Length:
      - '299'
    body:
      encoding: UTF-8
      string: |
        <directory name="test_package" rev="2" vrev="2" srcmd5="1f5e98e4f3ba08922a1f898ace856793">
          <entry name="_config" md5="2d9dfba07e89f7354fb5dfc7ebcf9d9f" size="62" mtime="1535646730" />
          <entry name="somefile.txt" md5="47f42495f5d688b59eef6c3862c2f8d8" size="53" mtime="1535646730" />
        </directory>
    http_version: 
  recorded_at: Thu, 30 Aug 2018 16:32:12 GMT
- request:
    method: get
    uri: http://backend:5352/source/home:package_test_user/test_package?rev=2
    body:
      encoding: US-ASCII
      string: ''
    headers:
      Accept-Encoding:
      - gzip;q=1.0,deflate;q=0.6,identity;q=0.3
      Accept:
      - "*/*"
      User-Agent:
      - Ruby
  response:
    status:
      code: 200
      message: OK
    headers:
      Content-Type:
      - text/xml
      Cache-Control:
      - no-cache
      Connection:
      - close
      Content-Length:
      - '299'
    body:
      encoding: UTF-8
      string: |
        <directory name="test_package" rev="2" vrev="2" srcmd5="1f5e98e4f3ba08922a1f898ace856793">
          <entry name="_config" md5="2d9dfba07e89f7354fb5dfc7ebcf9d9f" size="62" mtime="1535646730" />
          <entry name="somefile.txt" md5="47f42495f5d688b59eef6c3862c2f8d8" size="53" mtime="1535646730" />
        </directory>
    http_version: 
  recorded_at: Thu, 30 Aug 2018 16:32:12 GMT
- request:
    method: get
    uri: http://backend:5352/source/home:package_test_user/test_package
    body:
      encoding: US-ASCII
      string: ''
    headers:
      Accept-Encoding:
      - gzip;q=1.0,deflate;q=0.6,identity;q=0.3
      Accept:
      - "*/*"
      User-Agent:
      - Ruby
  response:
    status:
      code: 200
      message: OK
    headers:
      Content-Type:
      - text/xml
      Cache-Control:
      - no-cache
      Connection:
      - close
      Content-Length:
      - '299'
    body:
      encoding: UTF-8
      string: |
        <directory name="test_package" rev="2" vrev="2" srcmd5="1f5e98e4f3ba08922a1f898ace856793">
          <entry name="_config" md5="2d9dfba07e89f7354fb5dfc7ebcf9d9f" size="62" mtime="1535646730" />
          <entry name="somefile.txt" md5="47f42495f5d688b59eef6c3862c2f8d8" size="53" mtime="1535646730" />
        </directory>
    http_version: 
  recorded_at: Thu, 30 Aug 2018 16:32:12 GMT
- request:
    method: get
    uri: http://backend:5352/source/home:package_test_user/test_package?rev=2
    body:
      encoding: US-ASCII
      string: ''
    headers:
      Accept-Encoding:
      - gzip;q=1.0,deflate;q=0.6,identity;q=0.3
      Accept:
      - "*/*"
      User-Agent:
      - Ruby
  response:
    status:
      code: 200
      message: OK
    headers:
      Content-Type:
      - text/xml
      Cache-Control:
      - no-cache
      Connection:
      - close
      Content-Length:
      - '299'
    body:
      encoding: UTF-8
      string: |
        <directory name="test_package" rev="2" vrev="2" srcmd5="1f5e98e4f3ba08922a1f898ace856793">
          <entry name="_config" md5="2d9dfba07e89f7354fb5dfc7ebcf9d9f" size="62" mtime="1535646730" />
          <entry name="somefile.txt" md5="47f42495f5d688b59eef6c3862c2f8d8" size="53" mtime="1535646730" />
        </directory>
    http_version: 
  recorded_at: Thu, 30 Aug 2018 16:32:12 GMT
- request:
    method: get
    uri: http://backend:5352/source/home:package_test_user/test_package
    body:
      encoding: US-ASCII
      string: ''
    headers:
      Accept-Encoding:
      - gzip;q=1.0,deflate;q=0.6,identity;q=0.3
      Accept:
      - "*/*"
      User-Agent:
      - Ruby
  response:
    status:
      code: 200
      message: OK
    headers:
      Content-Type:
      - text/xml
      Cache-Control:
      - no-cache
      Connection:
      - close
      Content-Length:
      - '299'
    body:
      encoding: UTF-8
      string: |
        <directory name="test_package" rev="2" vrev="2" srcmd5="1f5e98e4f3ba08922a1f898ace856793">
          <entry name="_config" md5="2d9dfba07e89f7354fb5dfc7ebcf9d9f" size="62" mtime="1535646730" />
          <entry name="somefile.txt" md5="47f42495f5d688b59eef6c3862c2f8d8" size="53" mtime="1535646730" />
        </directory>
    http_version: 
  recorded_at: Thu, 30 Aug 2018 16:32:13 GMT
- request:
    method: get
    uri: http://backend:5352/source/home:package_test_user/test_package?expand=1&rev=2
    body:
      encoding: US-ASCII
      string: ''
    headers:
      Accept-Encoding:
      - gzip;q=1.0,deflate;q=0.6,identity;q=0.3
      Accept:
      - "*/*"
      User-Agent:
      - Ruby
  response:
    status:
      code: 200
      message: OK
    headers:
      Content-Type:
      - text/xml
      Cache-Control:
      - no-cache
      Connection:
      - close
      Content-Length:
      - '299'
    body:
      encoding: UTF-8
      string: |
        <directory name="test_package" rev="2" vrev="2" srcmd5="1f5e98e4f3ba08922a1f898ace856793">
          <entry name="_config" md5="2d9dfba07e89f7354fb5dfc7ebcf9d9f" size="62" mtime="1535646730" />
          <entry name="somefile.txt" md5="47f42495f5d688b59eef6c3862c2f8d8" size="53" mtime="1535646730" />
        </directory>
    http_version: 
  recorded_at: Thu, 30 Aug 2018 16:32:13 GMT
- request:
    method: get
    uri: http://backend:5352/source/home:package_test_user/test_package/_service
    body:
      encoding: US-ASCII
      string: ''
    headers:
      Accept-Encoding:
      - gzip;q=1.0,deflate;q=0.6,identity;q=0.3
      Accept:
      - "*/*"
      User-Agent:
      - Ruby
  response:
    status:
      code: 404
      message: _service  no such file
    headers:
      Content-Type:
      - text/xml
      Cache-Control:
      - no-cache
      Connection:
      - close
      Content-Length:
      - '122'
    body:
      encoding: UTF-8
      string: |
        <status code="404">
          <summary>_service: no such file</summary>
          <details>404 _service: no such file</details>
        </status>
    http_version: 
  recorded_at: Thu, 30 Aug 2018 16:32:13 GMT
- request:
    method: get
    uri: http://backend:5352/source/home:package_test_user/test_package
    body:
      encoding: US-ASCII
      string: ''
    headers:
      Accept-Encoding:
      - gzip;q=1.0,deflate;q=0.6,identity;q=0.3
      Accept:
      - "*/*"
      User-Agent:
      - Ruby
  response:
    status:
      code: 200
      message: OK
    headers:
      Content-Type:
      - text/xml
      Cache-Control:
      - no-cache
      Connection:
      - close
      Content-Length:
      - '299'
    body:
      encoding: UTF-8
      string: |
        <directory name="test_package" rev="2" vrev="2" srcmd5="1f5e98e4f3ba08922a1f898ace856793">
          <entry name="_config" md5="2d9dfba07e89f7354fb5dfc7ebcf9d9f" size="62" mtime="1535646730" />
          <entry name="somefile.txt" md5="47f42495f5d688b59eef6c3862c2f8d8" size="53" mtime="1535646730" />
        </directory>
    http_version: 
  recorded_at: Thu, 30 Aug 2018 16:32:13 GMT
- request:
    method: get
    uri: http://backend:5352/source/home:package_test_user/test_package
    body:
      encoding: US-ASCII
      string: ''
    headers:
      Accept-Encoding:
      - gzip;q=1.0,deflate;q=0.6,identity;q=0.3
      Accept:
      - "*/*"
      User-Agent:
      - Ruby
  response:
    status:
      code: 200
      message: OK
    headers:
      Content-Type:
      - text/xml
      Cache-Control:
      - no-cache
      Connection:
      - close
      Content-Length:
      - '299'
    body:
      encoding: UTF-8
      string: |
        <directory name="test_package" rev="2" vrev="2" srcmd5="1f5e98e4f3ba08922a1f898ace856793">
          <entry name="_config" md5="2d9dfba07e89f7354fb5dfc7ebcf9d9f" size="62" mtime="1535646730" />
          <entry name="somefile.txt" md5="47f42495f5d688b59eef6c3862c2f8d8" size="53" mtime="1535646730" />
        </directory>
    http_version: 
  recorded_at: Thu, 30 Aug 2018 16:32:13 GMT
- request:
    method: get
    uri: http://backend:5352/build/home:package_test_user/_result?package=test_package&view=status
    body:
      encoding: US-ASCII
      string: ''
    headers:
      Content-Type:
      - text/plain
      Accept-Encoding:
      - identity
      Accept:
      - "*/*"
      User-Agent:
      - Ruby
  response:
    status:
      code: 200
      message: OK
    headers:
      Content-Type:
      - text/xml
      Cache-Control:
      - no-cache
      Connection:
      - close
      Content-Length:
      - '56'
    body:
      encoding: UTF-8
      string: '<resultlist state="00000000000000000000000000000000" />

'
    http_version: 
  recorded_at: Thu, 30 Aug 2018 16:32:13 GMT
recorded_with: VCR 4.0.0
