---
http_interactions:
- request:
    method: put
    uri: http://backend:5352/source/home:package_test_user/_meta
    body:
      encoding: UTF-8
      string: |
        <project name="home:package_test_user">
          <title/>
          <description/>
          <person userid="package_test_user" role="maintainer"/>
        </project>
    headers:
      Accept-Encoding:
      - gzip;q=1.0,deflate;q=0.6,identity;q=0.3
      Accept:
      - "*/*"
      User-Agent:
      - Ruby
  response:
    status:
      code: 200
      message: OK
    headers:
      Content-Type:
      - text/xml
      Cache-Control:
      - no-cache
      Connection:
      - close
      Content-Length:
      - '157'
    body:
      encoding: UTF-8
      string: |
        <project name="home:package_test_user">
          <title></title>
          <description></description>
          <person userid="package_test_user" role="maintainer" />
        </project>
    http_version: 
  recorded_at: Wed, 17 Aug 2016 11:19:57 GMT
- request:
    method: put
    uri: http://backend:5352/source/home:package_test_user/test_package/_meta
    body:
      encoding: UTF-8
      string: |
        <package name="test_package" project="home:package_test_user">
          <title/>
          <description/>
        </package>
    headers:
      Accept-Encoding:
      - gzip;q=1.0,deflate;q=0.6,identity;q=0.3
      Accept:
      - "*/*"
      User-Agent:
      - Ruby
  response:
    status:
      code: 200
      message: OK
    headers:
      Content-Type:
      - text/xml
      Cache-Control:
      - no-cache
      Connection:
      - close
      Content-Length:
      - '122'
    body:
      encoding: UTF-8
      string: |
        <package name="test_package" project="home:package_test_user">
          <title></title>
          <description></description>
        </package>
    http_version: 
  recorded_at: Wed, 17 Aug 2016 11:19:57 GMT
- request:
    method: put
    uri: http://backend:5352/source/home:package_test_user/test_package/somefile.txt
    body:
      encoding: UTF-8
      string: Nihil saepe aspernatur eaque maxime voluptate enim omnis. Qui laborum
        inventore vel nemo quia voluptatem. Omnis iure laudantium voluptates voluptate.
        Doloribus quod odio quibusdam.
    headers:
      Accept-Encoding:
      - gzip;q=1.0,deflate;q=0.6,identity;q=0.3
      Accept:
      - "*/*"
      User-Agent:
      - Ruby
  response:
    status:
      code: 200
      message: OK
    headers:
      Content-Type:
      - text/xml
      Cache-Control:
      - no-cache
      Connection:
      - close
      Content-Length:
      - '207'
    body:
      encoding: UTF-8
      string: |
        <revision rev="1" vrev="1">
          <srcmd5>a3eb1b9e298b092dbc956d4c27d12729</srcmd5>
          <version>unknown</version>
          <time>1471432797</time>
          <user>unknown</user>
          <comment></comment>
          <requestid/>
        </revision>
    http_version: 
  recorded_at: Wed, 17 Aug 2016 11:19:57 GMT
- request:
    method: put
    uri: http://backend:5352/source/home:other_package_test_user/_meta
    body:
      encoding: UTF-8
      string: |
        <project name="home:other_package_test_user">
          <title/>
          <description/>
          <person userid="other_package_test_user" role="maintainer"/>
        </project>
    headers:
      Accept-Encoding:
      - gzip;q=1.0,deflate;q=0.6,identity;q=0.3
      Accept:
      - "*/*"
      User-Agent:
      - Ruby
  response:
    status:
      code: 200
      message: OK
    headers:
      Content-Type:
      - text/xml
      Cache-Control:
      - no-cache
      Connection:
      - close
      Content-Length:
      - '169'
    body:
      encoding: UTF-8
      string: |
        <project name="home:other_package_test_user">
          <title></title>
          <description></description>
          <person userid="other_package_test_user" role="maintainer" />
        </project>
    http_version: 
  recorded_at: Wed, 17 Aug 2016 11:19:57 GMT
- request:
    method: put
    uri: http://backend:5352/source/home:other_package_test_user/branch_test_package/_meta
    body:
      encoding: UTF-8
      string: |
        <package name="branch_test_package" project="home:other_package_test_user">
          <title/>
          <description/>
        </package>
    headers:
      Accept-Encoding:
      - gzip;q=1.0,deflate;q=0.6,identity;q=0.3
      Accept:
      - "*/*"
      User-Agent:
      - Ruby
  response:
    status:
      code: 200
      message: OK
    headers:
      Content-Type:
      - text/xml
      Cache-Control:
      - no-cache
      Connection:
      - close
      Content-Length:
      - '135'
    body:
      encoding: UTF-8
      string: |
        <package name="branch_test_package" project="home:other_package_test_user">
          <title></title>
          <description></description>
        </package>
    http_version: 
  recorded_at: Wed, 17 Aug 2016 11:19:57 GMT
- request:
    method: put
    uri: http://backend:5352/source/home:other_package_test_user/branch_test_package/somefile.txt
    body:
      encoding: UTF-8
      string: Esse similique officia dolorem. Aliquid dolorem harum commodi voluptatem
        dolor. Quidem dolorem nostrum. Dolorum molestiae reiciendis non amet magnam
        perferendis. Enim ipsum dicta corrupti harum odio occaecati.
    headers:
      Accept-Encoding:
      - gzip;q=1.0,deflate;q=0.6,identity;q=0.3
      Accept:
      - "*/*"
      User-Agent:
      - Ruby
  response:
    status:
      code: 200
      message: OK
    headers:
      Content-Type:
      - text/xml
      Cache-Control:
      - no-cache
      Connection:
      - close
      Content-Length:
      - '207'
    body:
      encoding: UTF-8
      string: |
        <revision rev="1" vrev="1">
          <srcmd5>54f5371c1526525f9e71b49a02d72268</srcmd5>
          <version>unknown</version>
          <time>1471432797</time>
          <user>unknown</user>
          <comment></comment>
          <requestid/>
        </revision>
    http_version: 
  recorded_at: Wed, 17 Aug 2016 11:19:57 GMT
- request:
    method: get
    uri: http://backend:5352/build/home:package_test_user/_result?package=test_package&view=status
    body:
      encoding: US-ASCII
      string: ''
    headers:
      Content-Type:
      - text/plain
      Accept-Encoding:
      - identity
      Accept:
      - "*/*"
      User-Agent:
      - Ruby
  response:
    status:
      code: 200
      message: OK
    headers:
      Content-Type:
      - text/xml
      Cache-Control:
      - no-cache
      Connection:
      - close
      Content-Length:
      - '56'
    body:
      encoding: UTF-8
      string: '<resultlist state="00000000000000000000000000000000" />

'
    http_version: 
  recorded_at: Wed, 17 Aug 2016 11:19:59 GMT
- request:
    method: get
    uri: http://backend:5352/source/home:package_test_user/test_package?nofilename=1&view=info&withchangesmd5=1
    body:
      encoding: US-ASCII
      string: ''
    headers:
      Accept-Encoding:
      - gzip;q=1.0,deflate;q=0.6,identity;q=0.3
      Accept:
      - "*/*"
      User-Agent:
      - Ruby
  response:
    status:
      code: 200
      message: OK
    headers:
      Content-Type:
      - text/xml
      Cache-Control:
      - no-cache
      Connection:
      - close
      Content-Length:
      - '186'
    body:
      encoding: UTF-8
      string: |
        <sourceinfo package="test_package" rev="1" vrev="1" srcmd5="a3eb1b9e298b092dbc956d4c27d12729" verifymd5="a3eb1b9e298b092dbc956d4c27d12729">
          <revtime>1471432797</revtime>
        </sourceinfo>
    http_version: 
  recorded_at: Wed, 17 Aug 2016 11:20:00 GMT
- request:
    method: get
    uri: http://backend:5352/source/home:package_test_user/test_package
    body:
      encoding: US-ASCII
      string: ''
    headers:
      Accept-Encoding:
      - gzip;q=1.0,deflate;q=0.6,identity;q=0.3
      Accept:
      - "*/*"
      User-Agent:
      - Ruby
  response:
    status:
      code: 200
      message: OK
    headers:
      Content-Type:
      - text/xml
      Cache-Control:
      - no-cache
      Connection:
      - close
      Content-Length:
      - '205'
    body:
      encoding: UTF-8
      string: |
        <directory name="test_package" rev="1" vrev="1" srcmd5="a3eb1b9e298b092dbc956d4c27d12729">
          <entry name="somefile.txt" md5="baf14d736228969635ca18fd7b68072a" size="180" mtime="1471432797" />
        </directory>
    http_version: 
  recorded_at: Wed, 17 Aug 2016 11:20:00 GMT
- request:
    method: post
    uri: http://backend:5352/source/home:package_test_user/test_package?cmd=diff&linkrev=base&onlyissues=1&orev=0&view=xml
    body:
      encoding: UTF-8
      string: ''
    headers:
      Content-Type:
      - application/octet-stream
      Accept-Encoding:
      - gzip;q=1.0,deflate;q=0.6,identity;q=0.3
      Accept:
      - "*/*"
      User-Agent:
      - Ruby
  response:
    status:
      code: 200
      message: OK
    headers:
      Content-Type:
      - text/xml
      Cache-Control:
      - no-cache
      Connection:
      - close
      Content-Length:
      - '333'
    body:
      encoding: UTF-8
      string: |
        <sourcediff key="a1aad373c51d85b1c22f0efd73e905e4">
          <old project="home:package_test_user" package="test_package" rev="0" srcmd5="d41d8cd98f00b204e9800998ecf8427e" />
          <new project="home:package_test_user" package="test_package" rev="1" srcmd5="a3eb1b9e298b092dbc956d4c27d12729" />
          <files />
          <issues>
          </issues>
        </sourcediff>
    http_version: 
  recorded_at: Wed, 17 Aug 2016 11:20:00 GMT
- request:
    method: get
    uri: http://backend:5352/source/home:package_test_user/test_package
    body:
      encoding: US-ASCII
      string: ''
    headers:
      Accept-Encoding:
      - gzip;q=1.0,deflate;q=0.6,identity;q=0.3
      Accept:
      - "*/*"
      User-Agent:
      - Ruby
  response:
    status:
      code: 200
      message: OK
    headers:
      Content-Type:
      - text/xml
      Cache-Control:
      - no-cache
      Connection:
      - close
      Content-Length:
      - '205'
    body:
      encoding: UTF-8
      string: |
        <directory name="test_package" rev="1" vrev="1" srcmd5="a3eb1b9e298b092dbc956d4c27d12729">
          <entry name="somefile.txt" md5="baf14d736228969635ca18fd7b68072a" size="180" mtime="1471432797" />
        </directory>
    http_version: 
  recorded_at: Wed, 17 Aug 2016 11:20:00 GMT
- request:
    method: get
    uri: http://backend:5352/source/home:package_test_user/test_package?expand=1&rev=1
    body:
      encoding: US-ASCII
      string: ''
    headers:
      Content-Type:
      - text/plain
      Accept-Encoding:
      - identity
      Accept:
      - "*/*"
      User-Agent:
      - Ruby
  response:
    status:
      code: 200
      message: OK
    headers:
      Content-Type:
      - text/xml
      Cache-Control:
      - no-cache
      Connection:
      - close
      Content-Length:
      - '205'
    body:
      encoding: UTF-8
      string: |
        <directory name="test_package" rev="1" vrev="1" srcmd5="a3eb1b9e298b092dbc956d4c27d12729">
          <entry name="somefile.txt" md5="baf14d736228969635ca18fd7b68072a" size="180" mtime="1471432797" />
        </directory>
    http_version: 
  recorded_at: Wed, 17 Aug 2016 11:20:00 GMT
- request:
    method: get
    uri: http://backend:5352/source/home:package_test_user/test_package
    body:
      encoding: US-ASCII
      string: ''
    headers:
      Content-Type:
      - text/plain
      Accept-Encoding:
      - identity
      Accept:
      - "*/*"
      User-Agent:
      - Ruby
  response:
    status:
      code: 200
      message: OK
    headers:
      Content-Type:
      - text/xml
      Cache-Control:
      - no-cache
      Connection:
      - close
      Content-Length:
      - '205'
    body:
      encoding: UTF-8
      string: |
        <directory name="test_package" rev="1" vrev="1" srcmd5="a3eb1b9e298b092dbc956d4c27d12729">
          <entry name="somefile.txt" md5="baf14d736228969635ca18fd7b68072a" size="180" mtime="1471432797" />
        </directory>
    http_version: 
  recorded_at: Wed, 17 Aug 2016 11:20:00 GMT
- request:
    method: get
    uri: http://backend:5352/source/home:package_test_user/test_package/_history
    body:
      encoding: US-ASCII
      string: ''
    headers:
      Accept-Encoding:
      - gzip;q=1.0,deflate;q=0.6,identity;q=0.3
      Accept:
      - "*/*"
      User-Agent:
      - Ruby
  response:
    status:
      code: 200
      message: OK
    headers:
      Content-Type:
      - text/xml
      Cache-Control:
      - no-cache
      Connection:
      - close
      Content-Length:
      - '213'
    body:
      encoding: UTF-8
      string: |
        <revisionlist>
          <revision rev="1" vrev="1">
            <srcmd5>a3eb1b9e298b092dbc956d4c27d12729</srcmd5>
            <version>unknown</version>
            <time>1471432797</time>
            <user>unknown</user>
          </revision>
        </revisionlist>
    http_version: 
  recorded_at: Wed, 17 Aug 2016 11:20:00 GMT
- request:
    method: get
    uri: http://backend:5352/build/home:package_test_user/_result?package=test_package&view=status
    body:
      encoding: US-ASCII
      string: ''
    headers:
      Content-Type:
      - text/plain
      Accept-Encoding:
      - identity
      Accept:
      - "*/*"
      User-Agent:
      - Ruby
  response:
    status:
      code: 200
      message: OK
    headers:
      Content-Type:
      - text/xml
      Cache-Control:
      - no-cache
      Connection:
      - close
      Content-Length:
      - '56'
    body:
      encoding: UTF-8
      string: '<resultlist state="00000000000000000000000000000000" />

'
    http_version: 
  recorded_at: Wed, 17 Aug 2016 11:20:00 GMT
- request:
    method: get
    uri: http://backend:5352/build/home:package_test_user/_result?package=test_package&view=status
    body:
      encoding: US-ASCII
      string: ''
    headers:
      Content-Type:
      - text/plain
      Accept-Encoding:
      - identity
      Accept:
      - "*/*"
      User-Agent:
      - Ruby
  response:
    status:
      code: 200
      message: OK
    headers:
      Content-Type:
      - text/xml
      Cache-Control:
      - no-cache
      Connection:
      - close
      Content-Length:
      - '56'
    body:
      encoding: UTF-8
      string: '<resultlist state="00000000000000000000000000000000" />

'
    http_version: 
  recorded_at: Wed, 17 Aug 2016 11:20:00 GMT
- request:
    method: get
    uri: http://backend:5352/build/home:package_test_user/_result?code=unresolvable&view=status
    body:
      encoding: US-ASCII
      string: ''
    headers:
      Content-Type:
      - text/plain
      Accept-Encoding:
      - identity
      Accept:
      - "*/*"
      User-Agent:
      - Ruby
  response:
    status:
      code: 200
      message: OK
    headers:
      Content-Type:
      - text/xml
      Cache-Control:
      - no-cache
      Connection:
      - close
      Content-Length:
      - '56'
    body:
      encoding: UTF-8
      string: '<resultlist state="00000000000000000000000000000000" />

'
    http_version: 
  recorded_at: Wed, 17 Aug 2016 11:20:01 GMT
- request:
    method: get
    uri: http://backend:5352/build/home:package_test_user/_result?view=summary
    body:
      encoding: US-ASCII
      string: ''
    headers:
      Content-Type:
      - text/plain
      Accept-Encoding:
      - identity
      Accept:
      - "*/*"
      User-Agent:
      - Ruby
  response:
    status:
      code: 200
      message: OK
    headers:
      Content-Type:
      - text/xml
      Cache-Control:
      - no-cache
      Connection:
      - close
      Content-Length:
      - '56'
    body:
      encoding: UTF-8
      string: '<resultlist state="00000000000000000000000000000000" />

'
    http_version: 
  recorded_at: Wed, 17 Aug 2016 11:20:01 GMT
- request:
    method: get
    uri: http://backend:5352/source/home:package_test_user/test_package/_service
    body:
      encoding: US-ASCII
      string: ''
    headers:
      Content-Type:
      - text/plain
      Accept-Encoding:
      - identity
      Accept:
      - "*/*"
      User-Agent:
      - Ruby
  response:
    status:
      code: 404
      message: project 'home package_test_user' does not exist
    headers:
      Content-Type:
      - text/xml
      Cache-Control:
      - no-cache
      Connection:
      - close
      Content-Length:
      - '172'
    body:
      encoding: UTF-8
      string: |
        <status code="404">
          <summary>project 'home:package_test_user' does not exist</summary>
          <details>404 project 'home:package_test_user' does not exist</details>
        </status>
    http_version: 
  recorded_at: Wed, 05 Oct 2016 09:08:26 GMT
- request:
    method: get
    uri: http://backend:5352/source/home:package_test_user/_keyinfo?withsslcert=1
    body:
      encoding: US-ASCII
      string: ''
    headers:
      Accept-Encoding:
      - gzip;q=1.0,deflate;q=0.6,identity;q=0.3
      Accept:
      - "*/*"
      User-Agent:
      - Ruby
  response:
    status:
      code: 200
      message: OK
    headers:
      Content-Type:
      - text/xml
      Cache-Control:
      - no-cache
      Connection:
      - close
      Content-Length:
      - '12'
    body:
      encoding: UTF-8
      string: "<keyinfo />\n"
    http_version: 
  recorded_at: Mon, 09 Jan 2017 11:08:31 GMT
- request:
    method: get
    uri: http://backend:5352/source/home:package_test_user/_keyinfo?withsslcert=1
    body:
      encoding: US-ASCII
      string: ''
    headers:
      Accept-Encoding:
      - gzip;q=1.0,deflate;q=0.6,identity;q=0.3
      Accept:
      - "*/*"
      User-Agent:
      - Ruby
  response:
    status:
      code: 200
      message: OK
    headers:
      Content-Type:
      - text/xml
      Cache-Control:
      - no-cache
      Connection:
      - close
      Content-Length:
      - '12'
    body:
      encoding: UTF-8
      string: "<keyinfo />\n"
    http_version: 
  recorded_at: Mon, 09 Jan 2017 11:08:31 GMT
- request:
    method: get
    uri: http://backend:5352/build/home:package_test_user/_result?locallink=1&multibuild=1&package=test_package&view=status
    body:
      encoding: US-ASCII
      string: ''
    headers:
      Content-Type:
      - text/plain
      Accept-Encoding:
      - identity
      Accept:
      - "*/*"
      User-Agent:
      - Ruby
  response:
    status:
      code: 404
      message: project 'home package_test_user' does not exist
    headers:
      Content-Type:
      - text/xml
      Cache-Control:
      - no-cache
      Connection:
      - close
      Content-Length:
      - '172'
    body:
      encoding: UTF-8
      string: |
        <status code="404">
          <summary>project 'home:package_test_user' does not exist</summary>
          <details>404 project 'home:package_test_user' does not exist</details>
        </status>
    http_version: 
  recorded_at: Fri, 20 Jan 2017 02:54:47 GMT
- request:
    method: get
    uri: http://backend:5352/source/home:package_test_user/_keyinfo
    body:
      encoding: US-ASCII
      string: ''
    headers:
      Accept-Encoding:
      - gzip;q=1.0,deflate;q=0.6,identity;q=0.3
      Accept:
      - "*/*"
      User-Agent:
      - Ruby
  response:
    status:
      code: 200
      message: OK
    headers:
      Content-Type:
      - text/xml
      Cache-Control:
      - no-cache
      Connection:
      - close
      Content-Length:
      - '12'
    body:
      encoding: UTF-8
      string: "<keyinfo />\n"
    http_version: 
  recorded_at: Mon, 13 Feb 2017 16:30:43 GMT
- request:
    method: get
    uri: http://backend:5352/source/home:package_test_user/_keyinfo?donotcreatecert=1&withsslcert=1
    body:
      encoding: US-ASCII
      string: ''
    headers:
      Accept-Encoding:
      - gzip;q=1.0,deflate;q=0.6,identity;q=0.3
      Accept:
      - "*/*"
      User-Agent:
      - Ruby
  response:
    status:
      code: 200
      message: OK
    headers:
      Content-Type:
      - text/xml
      Cache-Control:
      - no-cache
      Connection:
      - close
      Content-Length:
      - '12'
    body:
      encoding: UTF-8
      string: "<keyinfo />\n"
    http_version: 
  recorded_at: Mon, 08 May 2017 22:00:54 GMT
- request:
    method: get
    uri: http://backend:5352/source/home:package_test_user/test_package
    body:
      encoding: US-ASCII
      string: ''
    headers:
      Accept-Encoding:
      - gzip;q=1.0,deflate;q=0.6,identity;q=0.3
      Accept:
      - "*/*"
      User-Agent:
      - Ruby
  response:
    status:
      code: 404
      message: project 'home package_test_user' does not exist
    headers:
      Content-Type:
      - text/xml
      Cache-Control:
      - no-cache
      Connection:
      - close
      Content-Length:
      - '172'
    body:
      encoding: UTF-8
      string: |
        <status code="404">
          <summary>project 'home:package_test_user' does not exist</summary>
          <details>404 project 'home:package_test_user' does not exist</details>
        </status>
    http_version: 
  recorded_at: Fri, 16 Jun 2017 14:23:22 GMT
- request:
    method: put
    uri: http://backend:5352/source/home:package_test_user/_meta?user=package_test_user
    body:
      encoding: UTF-8
      string: |
        <project name="home:package_test_user">
          <title/>
          <description/>
          <person userid="package_test_user" role="maintainer"/>
        </project>
    headers:
      Accept-Encoding:
      - gzip;q=1.0,deflate;q=0.6,identity;q=0.3
      Accept:
      - "*/*"
      User-Agent:
      - Ruby
  response:
    status:
      code: 200
      message: OK
    headers:
      Content-Type:
      - text/xml
      Cache-Control:
      - no-cache
      Connection:
      - close
      Content-Length:
      - '157'
    body:
      encoding: UTF-8
      string: |
        <project name="home:package_test_user">
          <title></title>
          <description></description>
          <person userid="package_test_user" role="maintainer" />
        </project>
    http_version: 
  recorded_at: Wed, 03 Jan 2018 13:13:06 GMT
- request:
    method: put
    uri: http://backend:5352/source/home:package_test_user/test_package/_meta?user=package_test_user
    body:
      encoding: UTF-8
      string: |
        <package name="test_package" project="home:package_test_user">
          <title>The Green Bay Tree</title>
          <description>Est qui fugit error et.</description>
        </package>
    headers:
      Accept-Encoding:
      - gzip;q=1.0,deflate;q=0.6,identity;q=0.3
      Accept:
      - "*/*"
      User-Agent:
      - Ruby
  response:
    status:
      code: 200
      message: OK
    headers:
      Content-Type:
      - text/xml
      Cache-Control:
      - no-cache
      Connection:
      - close
      Content-Length:
      - '163'
    body:
      encoding: UTF-8
      string: |
        <package name="test_package" project="home:package_test_user">
          <title>The Green Bay Tree</title>
          <description>Est qui fugit error et.</description>
        </package>
    http_version: 
  recorded_at: Wed, 03 Jan 2018 13:13:06 GMT
- request:
    method: put
    uri: http://backend:5352/source/home:package_test_user/test_package/_config
    body:
      encoding: UTF-8
      string: Accusantium iure accusamus sed provident delectus. Non doloremque eaque
        beatae excepturi. Aperiam cupiditate ut. Qui sed eius ut distinctio excepturi
        libero ut.
    headers:
      Accept-Encoding:
      - gzip;q=1.0,deflate;q=0.6,identity;q=0.3
      Accept:
      - "*/*"
      User-Agent:
      - Ruby
  response:
    status:
      code: 200
      message: OK
    headers:
      Content-Type:
      - text/xml
      Cache-Control:
      - no-cache
      Connection:
      - close
      Content-Length:
      - '207'
    body:
      encoding: UTF-8
      string: |
        <revision rev="4" vrev="4">
          <srcmd5>384e270dbbc35a76c084a2a52fd779a7</srcmd5>
          <version>unknown</version>
          <time>1514985186</time>
          <user>unknown</user>
          <comment></comment>
          <requestid/>
        </revision>
    http_version: 
  recorded_at: Wed, 03 Jan 2018 13:13:06 GMT
- request:
    method: put
    uri: http://backend:5352/source/home:other_package_test_user/_meta?user=other_package_test_user
    body:
      encoding: UTF-8
      string: |
        <project name="home:other_package_test_user">
          <title/>
          <description/>
          <person userid="other_package_test_user" role="maintainer"/>
        </project>
    headers:
      Accept-Encoding:
      - gzip;q=1.0,deflate;q=0.6,identity;q=0.3
      Accept:
      - "*/*"
      User-Agent:
      - Ruby
  response:
    status:
      code: 200
      message: OK
    headers:
      Content-Type:
      - text/xml
      Cache-Control:
      - no-cache
      Connection:
      - close
      Content-Length:
      - '169'
    body:
      encoding: UTF-8
      string: |
        <project name="home:other_package_test_user">
          <title></title>
          <description></description>
          <person userid="other_package_test_user" role="maintainer" />
        </project>
    http_version: 
  recorded_at: Wed, 03 Jan 2018 13:13:06 GMT
- request:
    method: put
    uri: http://backend:5352/source/home:other_package_test_user/branch_test_package/_meta?user=package_test_user
    body:
      encoding: UTF-8
      string: |
        <package name="branch_test_package" project="home:other_package_test_user">
          <title>The Far-Distant Oxus</title>
          <description>Deleniti est architecto soluta recusandae maxime sint sed.</description>
        </package>
    headers:
      Accept-Encoding:
      - gzip;q=1.0,deflate;q=0.6,identity;q=0.3
      Accept:
      - "*/*"
      User-Agent:
      - Ruby
  response:
    status:
      code: 200
      message: OK
    headers:
      Content-Type:
      - text/xml
      Cache-Control:
      - no-cache
      Connection:
      - close
      Content-Length:
      - '213'
    body:
      encoding: UTF-8
      string: |
        <package name="branch_test_package" project="home:other_package_test_user">
          <title>The Far-Distant Oxus</title>
          <description>Deleniti est architecto soluta recusandae maxime sint sed.</description>
        </package>
    http_version: 
  recorded_at: Wed, 03 Jan 2018 13:13:06 GMT
- request:
    method: put
    uri: http://backend:5352/source/home:other_package_test_user/branch_test_package/_config
    body:
      encoding: UTF-8
      string: Incidunt et sed cum consectetur. Velit voluptatum explicabo veritatis
        qui quibusdam ut. Id iure repudiandae quibusdam minus.
    headers:
      Accept-Encoding:
      - gzip;q=1.0,deflate;q=0.6,identity;q=0.3
      Accept:
      - "*/*"
      User-Agent:
      - Ruby
  response:
    status:
      code: 200
      message: OK
    headers:
      Content-Type:
      - text/xml
      Cache-Control:
      - no-cache
      Connection:
      - close
      Content-Length:
      - '207'
    body:
      encoding: UTF-8
      string: |
        <revision rev="2" vrev="2">
          <srcmd5>69a6cfdaa399a261a38394f90bdb0453</srcmd5>
          <version>unknown</version>
          <time>1514985186</time>
          <user>unknown</user>
          <comment></comment>
          <requestid/>
        </revision>
    http_version: 
  recorded_at: Wed, 03 Jan 2018 13:13:06 GMT
- request:
    method: get
    uri: http://backend:5352/source/home:package_test_user/test_package
    body:
      encoding: US-ASCII
      string: ''
    headers:
      Accept-Encoding:
      - gzip;q=1.0,deflate;q=0.6,identity;q=0.3
      Accept:
      - "*/*"
      User-Agent:
      - Ruby
  response:
    status:
      code: 200
      message: OK
    headers:
      Content-Type:
      - text/xml
      Cache-Control:
      - no-cache
      Connection:
      - close
      Content-Length:
      - '301'
    body:
      encoding: UTF-8
      string: |
        <directory name="test_package" rev="4" vrev="4" srcmd5="384e270dbbc35a76c084a2a52fd779a7">
          <entry name="_config" md5="b1babe1f9cd77ea581172e345d1ee1af" size="160" mtime="1514985186" />
          <entry name="somefile.txt" md5="a50059593b79508e188300cd51ee2155" size="122" mtime="1514985072" />
        </directory>
    http_version: 
  recorded_at: Wed, 03 Jan 2018 13:13:07 GMT
- request:
    method: delete
    uri: http://backend:5352/source/home:package_test_user/test_package?comment&user=package_test_user
    body:
      encoding: US-ASCII
      string: ''
    headers:
      Accept-Encoding:
      - gzip;q=1.0,deflate;q=0.6,identity;q=0.3
      Accept:
      - "*/*"
      User-Agent:
      - Ruby
  response:
    status:
      code: 200
      message: OK
    headers:
      Content-Type:
      - text/xml
      Cache-Control:
      - no-cache
      Connection:
      - close
      Content-Length:
      - '21'
    body:
      encoding: UTF-8
      string: '<status code="ok" />

'
    http_version: 
  recorded_at: Wed, 03 Jan 2018 13:13:08 GMT
- request:
    method: get
    uri: http://backend:5352/source/home:package_test_user/test_package?view=info
    body:
      encoding: US-ASCII
      string: ''
    headers:
      Accept-Encoding:
      - gzip;q=1.0,deflate;q=0.6,identity;q=0.3
      Accept:
      - "*/*"
      User-Agent:
      - Ruby
  response:
    status:
      code: 404
      message: project 'home package_test_user' does not exist
    headers:
      Content-Type:
      - text/xml
      Cache-Control:
      - no-cache
      Connection:
      - close
      Content-Length:
      - '172'
    body:
      encoding: UTF-8
      string: |
        <status code="404">
          <summary>project 'home:package_test_user' does not exist</summary>
          <details>404 project 'home:package_test_user' does not exist</details>
        </status>
    http_version: 
  recorded_at: Tue, 16 Jan 2018 14:11:17 GMT
recorded_with: VCR 4.0.0
