---
http_interactions:
- request:
    method: put
    uri: http://backend:5352/source/openSUSE:Factory:Staging:A/_meta?user=_nobody_
    body:
      encoding: UTF-8
      string: |
        <project name="openSUSE:Factory:Staging:A">
          <title>The Wealth of Nations</title>
          <description>Factory staging project A</description>
        </project>
    headers:
      Accept-Encoding:
      - gzip;q=1.0,deflate;q=0.6,identity;q=0.3
      Accept:
      - "*/*"
      User-Agent:
      - Ruby
  response:
    status:
      code: 200
      message: OK
    headers:
      Content-Type:
      - text/xml
      Cache-Control:
      - no-cache
      Connection:
      - close
      Content-Length:
      - '149'
    body:
      encoding: UTF-8
      string: |
        <project name="openSUSE:Factory:Staging:A">
          <title>The Wealth of Nations</title>
          <description>Factory staging project A</description>
        </project>
    http_version: 
  recorded_at: Mon, 30 Jul 2018 09:10:09 GMT
- request:
    method: put
    uri: http://backend:5352/source/openSUSE:Factory/_meta?user=_nobody_
    body:
      encoding: UTF-8
      string: |
        <project name="openSUSE:Factory">
          <title>Fair Stood the Wind for France</title>
          <description/>
        </project>
    headers:
      Accept-Encoding:
      - gzip;q=1.0,deflate;q=0.6,identity;q=0.3
      Accept:
      - "*/*"
      User-Agent:
      - Ruby
  response:
    status:
      code: 200
      message: OK
    headers:
      Content-Type:
      - text/xml
      Cache-Control:
      - no-cache
      Connection:
      - close
      Content-Length:
      - '123'
    body:
      encoding: UTF-8
      string: |
        <project name="openSUSE:Factory">
          <title>Fair Stood the Wind for France</title>
          <description></description>
        </project>
    http_version: 
  recorded_at: Mon, 30 Jul 2018 09:10:09 GMT
- request:
    method: put
    uri: http://backend:5352/source/openSUSE:Factory/target_package/_meta?user=_nobody_
    body:
      encoding: UTF-8
      string: |
        <package name="target_package" project="openSUSE:Factory">
          <title>The Line of Beauty</title>
          <description>Est quod asperiores et.</description>
        </package>
    headers:
      Accept-Encoding:
      - gzip;q=1.0,deflate;q=0.6,identity;q=0.3
      Accept:
      - "*/*"
      User-Agent:
      - Ruby
  response:
    status:
      code: 200
      message: OK
    headers:
      Content-Type:
      - text/xml
      Cache-Control:
      - no-cache
      Connection:
      - close
      Content-Length:
      - '159'
    body:
      encoding: UTF-8
      string: |
        <package name="target_package" project="openSUSE:Factory">
          <title>The Line of Beauty</title>
          <description>Est quod asperiores et.</description>
        </package>
    http_version: 
  recorded_at: Mon, 30 Jul 2018 09:10:09 GMT
- request:
    method: put
    uri: http://backend:5352/source/openSUSE:Factory/target_package/_meta?user=_nobody_
    body:
      encoding: UTF-8
      string: |
        <package name="target_package" project="openSUSE:Factory">
          <title>The Line of Beauty</title>
          <description>Est quod asperiores et.</description>
        </package>
    headers:
      Accept-Encoding:
      - gzip;q=1.0,deflate;q=0.6,identity;q=0.3
      Accept:
      - "*/*"
      User-Agent:
      - Ruby
  response:
    status:
      code: 200
      message: OK
    headers:
      Content-Type:
      - text/xml
      Cache-Control:
      - no-cache
      Connection:
      - close
      Content-Length:
      - '159'
    body:
      encoding: UTF-8
      string: |
        <package name="target_package" project="openSUSE:Factory">
          <title>The Line of Beauty</title>
          <description>Est quod asperiores et.</description>
        </package>
    http_version: 
  recorded_at: Mon, 30 Jul 2018 09:10:09 GMT
- request:
    method: put
    uri: http://backend:5352/source/project_1/_meta?user=_nobody_
    body:
      encoding: UTF-8
      string: |
        <project name="project_1">
          <title>Waiting for the Barbarians</title>
          <description/>
        </project>
    headers:
      Accept-Encoding:
      - gzip;q=1.0,deflate;q=0.6,identity;q=0.3
      Accept:
      - "*/*"
      User-Agent:
      - Ruby
  response:
    status:
      code: 200
      message: OK
    headers:
      Content-Type:
      - text/xml
      Cache-Control:
      - no-cache
      Connection:
      - close
      Content-Length:
      - '112'
    body:
      encoding: UTF-8
      string: |
        <project name="project_1">
          <title>Waiting for the Barbarians</title>
          <description></description>
        </project>
    http_version: 
  recorded_at: Mon, 30 Jul 2018 09:10:09 GMT
- request:
    method: put
    uri: http://backend:5352/source/project_1/package_1/_meta?user=_nobody_
    body:
      encoding: UTF-8
      string: |
        <package name="package_1" project="project_1">
          <title>Taming a Sea Horse</title>
          <description>Fugiat et sit dicta.</description>
        </package>
    headers:
      Accept-Encoding:
      - gzip;q=1.0,deflate;q=0.6,identity;q=0.3
      Accept:
      - "*/*"
      User-Agent:
      - Ruby
  response:
    status:
      code: 200
      message: OK
    headers:
      Content-Type:
      - text/xml
      Cache-Control:
      - no-cache
      Connection:
      - close
      Content-Length:
      - '144'
    body:
      encoding: UTF-8
      string: |
        <package name="package_1" project="project_1">
          <title>Taming a Sea Horse</title>
          <description>Fugiat et sit dicta.</description>
        </package>
    http_version: 
  recorded_at: Mon, 30 Jul 2018 09:10:09 GMT
- request:
    method: put
    uri: http://backend:5352/source/project_1/package_1/_meta?user=_nobody_
    body:
      encoding: UTF-8
      string: |
        <package name="package_1" project="project_1">
          <title>Taming a Sea Horse</title>
          <description>Fugiat et sit dicta.</description>
        </package>
    headers:
      Accept-Encoding:
      - gzip;q=1.0,deflate;q=0.6,identity;q=0.3
      Accept:
      - "*/*"
      User-Agent:
      - Ruby
  response:
    status:
      code: 200
      message: OK
    headers:
      Content-Type:
      - text/xml
      Cache-Control:
      - no-cache
      Connection:
      - close
      Content-Length:
      - '144'
    body:
      encoding: UTF-8
      string: |
        <package name="package_1" project="project_1">
          <title>Taming a Sea Horse</title>
          <description>Fugiat et sit dicta.</description>
        </package>
    http_version: 
  recorded_at: Mon, 30 Jul 2018 09:10:09 GMT
- request:
    method: put
    uri: http://backend:5352/source/home:user_1/_meta?user=user_1
    body:
      encoding: UTF-8
      string: |
        <project name="home:user_1">
          <title/>
          <description/>
          <person userid="user_1" role="maintainer"/>
        </project>
    headers:
      Accept-Encoding:
      - gzip;q=1.0,deflate;q=0.6,identity;q=0.3
      Accept:
      - "*/*"
      User-Agent:
      - Ruby
  response:
    status:
      code: 200
      message: OK
    headers:
      Content-Type:
      - text/xml
      Cache-Control:
      - no-cache
      Connection:
      - close
      Content-Length:
      - '135'
    body:
      encoding: UTF-8
      string: |
        <project name="home:user_1">
          <title></title>
          <description></description>
          <person userid="user_1" role="maintainer" />
        </project>
    http_version: 
  recorded_at: Mon, 30 Jul 2018 09:10:09 GMT
- request:
    method: get
    uri: http://backend:5352/build/openSUSE:Factory:Staging:A/_result?package=Test-DVD-x86_64&repository=images&view=binarylist
    body:
      encoding: US-ASCII
      string: ''
    headers:
      Content-Type:
      - text/plain
      Accept-Encoding:
      - identity
      Accept:
      - "*/*"
      User-Agent:
      - Ruby
  response:
    status:
      code: 404
      message: unknown repository 'images'
    headers:
      Content-Type:
      - text/xml
      Cache-Control:
      - no-cache
      Connection:
      - close
      Content-Length:
      - '132'
    body:
      encoding: UTF-8
      string: |
        <status code="404">
          <summary>unknown repository 'images'</summary>
          <details>404 unknown repository 'images'</details>
        </status>
    http_version: 
  recorded_at: Mon, 30 Jul 2018 09:10:09 GMT
- request:
    method: get
    uri: http://backend:5352/build/openSUSE:Factory:Staging:A/_result?code=unresolvable
    body:
      encoding: US-ASCII
      string: ''
    headers:
      Content-Type:
      - text/plain
      Accept-Encoding:
      - identity
      Accept:
      - "*/*"
      User-Agent:
      - Ruby
  response:
    status:
      code: 200
      message: OK
    headers:
      Content-Type:
      - text/xml
      Cache-Control:
      - no-cache
      Connection:
      - close
      Content-Length:
      - '56'
    body:
      encoding: UTF-8
      string: '<resultlist state="00000000000000000000000000000000" />

'
    http_version: 
  recorded_at: Mon, 30 Jul 2018 09:10:09 GMT
recorded_with: VCR 4.0.0
