---
http_interactions:
- request:
    method: put
    uri: http://backend:5352/source/home:tom/_meta?user=tom
    body:
      encoding: UTF-8
      string: |
        <project name="home:tom">
          <title/>
          <description/>
          <person userid="tom" role="maintainer"/>
        </project>
    headers:
      Accept-Encoding:
      - gzip;q=1.0,deflate;q=0.6,identity;q=0.3
      Accept:
      - "*/*"
      User-Agent:
      - Ruby
  response:
    status:
      code: 200
      message: OK
    headers:
      Content-Type:
      - text/xml
      Cache-Control:
      - no-cache
      Connection:
      - close
      Content-Length:
      - '128'
    body:
      encoding: UTF-8
      string: |
        <project name="home:tom">
          <title></title>
          <description></description>
          <person userid="tom" role="maintainer"/>
        </project>
  recorded_at: Thu, 10 Jun 2021 10:23:56 GMT
- request:
    method: put
    uri: http://backend:5352/source/home:tom/apache2/_meta?user=user_25
    body:
      encoding: UTF-8
      string: |
        <package name="apache2" project="home:tom">
          <title>The Last Temptation</title>
          <description>Rerum magnam dolor est.</description>
        </package>
    headers:
      Accept-Encoding:
      - gzip;q=1.0,deflate;q=0.6,identity;q=0.3
      Accept:
      - "*/*"
      User-Agent:
      - Ruby
  response:
    status:
      code: 200
      message: OK
    headers:
      Content-Type:
      - text/xml
      Cache-Control:
      - no-cache
      Connection:
      - close
      Content-Length:
      - '145'
    body:
      encoding: UTF-8
      string: |
        <package name="apache2" project="home:tom">
          <title>The Last Temptation</title>
          <description>Rerum magnam dolor est.</description>
        </package>
  recorded_at: Thu, 10 Jun 2021 10:23:56 GMT
- request:
    method: put
    uri: http://backend:5352/source/home:tom/apache2/_service
    body:
      encoding: UTF-8
      string: "<services/>"
    headers:
      Accept-Encoding:
      - gzip;q=1.0,deflate;q=0.6,identity;q=0.3
      Accept:
      - "*/*"
      User-Agent:
      - Ruby
  response:
    status:
      code: 200
      message: OK
    headers:
      Content-Type:
      - text/xml
      Cache-Control:
      - no-cache
      Connection:
      - close
      Content-Length:
      - '209'
    body:
      encoding: UTF-8
      string: |
        <revision rev="23" vrev="23">
          <srcmd5>c4b6771e3efd748d500cf8db309d7e26</srcmd5>
          <version>unknown</version>
          <time>1623320636</time>
          <user>unknown</user>
          <comment></comment>
          <requestid/>
        </revision>
  recorded_at: Thu, 10 Jun 2021 10:23:56 GMT
- request:
    method: put
    uri: http://backend:5352/source/project_9/_meta?user=user_26
    body:
      encoding: UTF-8
      string: |
        <project name="project_9">
          <title>Arms and the Man</title>
          <description/>
        </project>
    headers:
      Accept-Encoding:
      - gzip;q=1.0,deflate;q=0.6,identity;q=0.3
      Accept:
      - "*/*"
      User-Agent:
      - Ruby
  response:
    status:
      code: 200
      message: OK
    headers:
      Content-Type:
      - text/xml
      Cache-Control:
      - no-cache
      Connection:
      - close
      Content-Length:
      - '102'
    body:
      encoding: UTF-8
      string: |
        <project name="project_9">
          <title>Arms and the Man</title>
          <description></description>
        </project>
  recorded_at: Thu, 10 Jun 2021 10:23:56 GMT
- request:
    method: put
    uri: http://backend:5352/source/project_9/package_9/_meta?user=user_27
    body:
      encoding: UTF-8
      string: |
        <package name="package_9" project="project_9">
          <title>Tiger! Tiger!</title>
          <description>Ut ipsa autem voluptates.</description>
        </package>
    headers:
      Accept-Encoding:
      - gzip;q=1.0,deflate;q=0.6,identity;q=0.3
      Accept:
      - "*/*"
      User-Agent:
      - Ruby
  response:
    status:
      code: 200
      message: OK
    headers:
      Content-Type:
      - text/xml
      Cache-Control:
      - no-cache
      Connection:
      - close
      Content-Length:
      - '144'
    body:
      encoding: UTF-8
      string: |
        <package name="package_9" project="project_9">
          <title>Tiger! Tiger!</title>
          <description>Ut ipsa autem voluptates.</description>
        </package>
  recorded_at: Thu, 10 Jun 2021 10:23:56 GMT
- request:
    method: post
    uri: http://backend:5352/source/home:tom/apache2?cmd=runservice&user=tom
    body:
      encoding: UTF-8
      string: ''
    headers:
      Content-Type:
      - application/octet-stream
      Accept-Encoding:
      - gzip;q=1.0,deflate;q=0.6,identity;q=0.3
      Accept:
      - "*/*"
      User-Agent:
      - Ruby
  response:
    status:
      code: 200
      message: OK
    headers:
      Content-Type:
      - text/xml
      Cache-Control:
      - no-cache
      Connection:
      - close
      Content-Length:
      - '21'
    body:
      encoding: UTF-8
      string: '<status code="ok" />

'
  recorded_at: Thu, 10 Jun 2021 10:23:56 GMT
recorded_with: VCR 6.0.0
