---
http_interactions:
- request:
    method: put
    uri: http://backend:5352/source/Base/_meta?user=_nobody_
    body:
      encoding: UTF-8
      string: |
        <project name="Base">
          <title>Little Hands Clapping</title>
          <description/>
        </project>
    headers:
      Accept-Encoding:
      - gzip;q=1.0,deflate;q=0.6,identity;q=0.3
      Accept:
      - "*/*"
      User-Agent:
      - Ruby
  response:
    status:
      code: 200
      message: OK
    headers:
      Content-Type:
      - text/xml
      Cache-Control:
      - no-cache
      Connection:
      - close
      Content-Length:
      - '102'
    body:
      encoding: UTF-8
      string: |
        <project name="Base">
          <title>Little Hands Clapping</title>
          <description></description>
        </project>
    http_version: 
  recorded_at: Tue, 24 Jul 2018 07:41:05 GMT
- request:
    method: put
    uri: http://backend:5352/source/Base/package_3/_meta?user=_nobody_
    body:
      encoding: UTF-8
      string: |
        <package name="package_3" project="Base">
          <title>Vanity Fair</title>
          <description>Nulla perspiciatis sed eum.</description>
        </package>
    headers:
      Accept-Encoding:
      - gzip;q=1.0,deflate;q=0.6,identity;q=0.3
      Accept:
      - "*/*"
      User-Agent:
      - Ruby
  response:
    status:
      code: 200
      message: OK
    headers:
      Content-Type:
      - text/xml
      Cache-Control:
      - no-cache
      Connection:
      - close
      Content-Length:
      - '139'
    body:
      encoding: UTF-8
      string: |
        <package name="package_3" project="Base">
          <title>Vanity Fair</title>
          <description>Nulla perspiciatis sed eum.</description>
        </package>
    http_version: 
  recorded_at: Tue, 24 Jul 2018 07:41:05 GMT
- request:
    method: put
    uri: http://backend:5352/source/Base/package_3/_meta?user=_nobody_
    body:
      encoding: UTF-8
      string: |
        <package name="package_3" project="Base">
          <title>Vanity Fair</title>
          <description>Nulla perspiciatis sed eum.</description>
        </package>
    headers:
      Accept-Encoding:
      - gzip;q=1.0,deflate;q=0.6,identity;q=0.3
      Accept:
      - "*/*"
      User-Agent:
      - Ruby
  response:
    status:
      code: 200
      message: OK
    headers:
      Content-Type:
      - text/xml
      Cache-Control:
      - no-cache
      Connection:
      - close
      Content-Length:
      - '139'
    body:
      encoding: UTF-8
      string: |
        <package name="package_3" project="Base">
          <title>Vanity Fair</title>
          <description>Nulla perspiciatis sed eum.</description>
        </package>
    http_version: 
  recorded_at: Tue, 24 Jul 2018 07:41:05 GMT
- request:
    method: put
    uri: http://backend:5352/source/Base/package_3/_meta?user=_nobody_
    body:
      encoding: UTF-8
      string: |
        <package name="package_3" project="Base">
          <title>Vanity Fair</title>
          <description>Nulla perspiciatis sed eum.</description>
        </package>
    headers:
      Accept-Encoding:
      - gzip;q=1.0,deflate;q=0.6,identity;q=0.3
      Accept:
      - "*/*"
      User-Agent:
      - Ruby
  response:
    status:
      code: 200
      message: OK
    headers:
      Content-Type:
      - text/xml
      Cache-Control:
      - no-cache
      Connection:
      - close
      Content-Length:
      - '139'
    body:
      encoding: UTF-8
      string: |
        <package name="package_3" project="Base">
          <title>Vanity Fair</title>
          <description>Nulla perspiciatis sed eum.</description>
        </package>
    http_version: 
  recorded_at: Tue, 24 Jul 2018 07:41:05 GMT
- request:
    method: put
    uri: http://backend:5352/source/Base/source_package/_meta?user=_nobody_
    body:
      encoding: UTF-8
      string: |
        <package name="source_package" project="Base">
          <title>Stranger in a Strange Land</title>
          <description>Itaque dicta repudiandae officiis.</description>
        </package>
    headers:
      Accept-Encoding:
      - gzip;q=1.0,deflate;q=0.6,identity;q=0.3
      Accept:
      - "*/*"
      User-Agent:
      - Ruby
  response:
    status:
      code: 200
      message: OK
    headers:
      Content-Type:
      - text/xml
      Cache-Control:
      - no-cache
      Connection:
      - close
      Content-Length:
      - '166'
    body:
      encoding: UTF-8
      string: |
        <package name="source_package" project="Base">
          <title>Stranger in a Strange Land</title>
          <description>Itaque dicta repudiandae officiis.</description>
        </package>
    http_version: 
  recorded_at: Tue, 24 Jul 2018 07:41:05 GMT
- request:
    method: put
    uri: http://backend:5352/source/Base/source_package/_meta?user=_nobody_
    body:
      encoding: UTF-8
      string: |
        <package name="source_package" project="Base">
          <title>Stranger in a Strange Land</title>
          <description>Itaque dicta repudiandae officiis.</description>
        </package>
    headers:
      Accept-Encoding:
      - gzip;q=1.0,deflate;q=0.6,identity;q=0.3
      Accept:
      - "*/*"
      User-Agent:
      - Ruby
  response:
    status:
      code: 200
      message: OK
    headers:
      Content-Type:
      - text/xml
      Cache-Control:
      - no-cache
      Connection:
      - close
      Content-Length:
      - '166'
    body:
      encoding: UTF-8
      string: |
        <package name="source_package" project="Base">
          <title>Stranger in a Strange Land</title>
          <description>Itaque dicta repudiandae officiis.</description>
        </package>
    http_version: 
  recorded_at: Tue, 24 Jul 2018 07:41:06 GMT
- request:
    method: put
    uri: http://backend:5352/source/Base/source_package/somefile.txt
    body:
      encoding: US-ASCII
      string: '0'
    headers:
      Accept-Encoding:
      - gzip;q=1.0,deflate;q=0.6,identity;q=0.3
      Accept:
      - "*/*"
      User-Agent:
      - Ruby
  response:
    status:
      code: 200
      message: OK
    headers:
      Content-Type:
      - text/xml
      Cache-Control:
      - no-cache
      Connection:
      - close
      Content-Length:
      - '207'
    body:
      encoding: UTF-8
      string: |
        <revision rev="8" vrev="8">
          <srcmd5>cabf9a1f9a0b7c19d4f7ff46166f4ee0</srcmd5>
          <version>unknown</version>
          <time>1532418066</time>
          <user>unknown</user>
          <comment></comment>
          <requestid/>
        </revision>
    http_version: 
  recorded_at: Tue, 24 Jul 2018 07:41:06 GMT
- request:
    method: put
    uri: http://backend:5352/source/home:project_link_test_user/_meta?user=project_link_test_user
    body:
      encoding: UTF-8
      string: |
        <project name="home:project_link_test_user">
          <title/>
          <description/>
          <person userid="project_link_test_user" role="maintainer"/>
        </project>
    headers:
      Accept-Encoding:
      - gzip;q=1.0,deflate;q=0.6,identity;q=0.3
      Accept:
      - "*/*"
      User-Agent:
      - Ruby
  response:
    status:
      code: 200
      message: OK
    headers:
      Content-Type:
      - text/xml
      Cache-Control:
      - no-cache
      Connection:
      - close
      Content-Length:
      - '167'
    body:
      encoding: UTF-8
      string: |
        <project name="home:project_link_test_user">
          <title></title>
          <description></description>
          <person userid="project_link_test_user" role="maintainer" />
        </project>
    http_version: 
  recorded_at: Tue, 24 Jul 2018 07:41:06 GMT
- request:
    method: put
    uri: http://backend:5352/source/home:project_link_test_user/target_package/_meta?user=_nobody_
    body:
      encoding: UTF-8
      string: |
        <package name="target_package" project="home:project_link_test_user">
          <title>The Painted Veil</title>
          <description>Dolores quia omnis at.</description>
        </package>
    headers:
      Accept-Encoding:
      - gzip;q=1.0,deflate;q=0.6,identity;q=0.3
      Accept:
      - "*/*"
      User-Agent:
      - Ruby
  response:
    status:
      code: 200
      message: OK
    headers:
      Content-Type:
      - text/xml
      Cache-Control:
      - no-cache
      Connection:
      - close
      Content-Length:
      - '167'
    body:
      encoding: UTF-8
      string: |
        <package name="target_package" project="home:project_link_test_user">
          <title>The Painted Veil</title>
          <description>Dolores quia omnis at.</description>
        </package>
    http_version: 
  recorded_at: Tue, 24 Jul 2018 07:41:06 GMT
- request:
    method: put
    uri: http://backend:5352/source/home:project_link_test_user/target_package/_meta?user=_nobody_
    body:
      encoding: UTF-8
      string: |
        <package name="target_package" project="home:project_link_test_user">
          <title>The Painted Veil</title>
          <description>Dolores quia omnis at.</description>
        </package>
    headers:
      Accept-Encoding:
      - gzip;q=1.0,deflate;q=0.6,identity;q=0.3
      Accept:
      - "*/*"
      User-Agent:
      - Ruby
  response:
    status:
      code: 200
      message: OK
    headers:
      Content-Type:
      - text/xml
      Cache-Control:
      - no-cache
      Connection:
      - close
      Content-Length:
      - '167'
    body:
      encoding: UTF-8
      string: |
        <package name="target_package" project="home:project_link_test_user">
          <title>The Painted Veil</title>
          <description>Dolores quia omnis at.</description>
        </package>
    http_version: 
  recorded_at: Tue, 24 Jul 2018 07:41:06 GMT
- request:
    method: put
    uri: http://backend:5352/source/home:project_link_test_user/target_package/somefile.txt
    body:
      encoding: US-ASCII
      string: '0'
    headers:
      Accept-Encoding:
      - gzip;q=1.0,deflate;q=0.6,identity;q=0.3
      Accept:
      - "*/*"
      User-Agent:
      - Ruby
  response:
    status:
      code: 200
      message: OK
    headers:
      Content-Type:
      - text/xml
      Cache-Control:
      - no-cache
      Connection:
      - close
      Content-Length:
      - '209'
    body:
      encoding: UTF-8
      string: |
        <revision rev="15" vrev="15">
          <srcmd5>cabf9a1f9a0b7c19d4f7ff46166f4ee0</srcmd5>
          <version>unknown</version>
          <time>1532418066</time>
          <user>unknown</user>
          <comment></comment>
          <requestid/>
        </revision>
    http_version: 
  recorded_at: Tue, 24 Jul 2018 07:41:06 GMT
- request:
    method: put
    uri: http://backend:5352/source/home:project_link_test_user/target_package/somefile.txt
    body:
      encoding: US-ASCII
      string: '1'
    headers:
      Accept-Encoding:
      - gzip;q=1.0,deflate;q=0.6,identity;q=0.3
      Accept:
      - "*/*"
      User-Agent:
      - Ruby
  response:
    status:
      code: 200
      message: OK
    headers:
      Content-Type:
      - text/xml
      Cache-Control:
      - no-cache
      Connection:
      - close
      Content-Length:
      - '209'
    body:
      encoding: UTF-8
      string: |
        <revision rev="16" vrev="16">
          <srcmd5>efbe5f0a5dd48df5129b4319df43aa45</srcmd5>
          <version>unknown</version>
          <time>1532418066</time>
          <user>unknown</user>
          <comment></comment>
          <requestid/>
        </revision>
    http_version: 
  recorded_at: Tue, 24 Jul 2018 07:41:06 GMT
- request:
    method: put
    uri: http://backend:5352/source/Base:my_project/_meta?user=project_link_test_user
    body:
      encoding: UTF-8
      string: |
        <project name="Base:my_project">
          <title>Sleep the Brave</title>
          <description/>
          <link project="Base"/>
        </project>
    headers:
      Accept-Encoding:
      - gzip;q=1.0,deflate;q=0.6,identity;q=0.3
      Accept:
      - "*/*"
      User-Agent:
      - Ruby
  response:
    status:
      code: 200
      message: OK
    headers:
      Content-Type:
      - text/xml
      Cache-Control:
      - no-cache
      Connection:
      - close
      Content-Length:
      - '133'
    body:
      encoding: UTF-8
      string: |
        <project name="Base:my_project">
          <title>Sleep the Brave</title>
          <description></description>
          <link project="Base" />
        </project>
    http_version: 
  recorded_at: Tue, 24 Jul 2018 07:41:06 GMT
- request:
    method: get
    uri: http://backend:5352/source/Base:my_project/source_package
    body:
      encoding: US-ASCII
      string: ''
    headers:
      Accept-Encoding:
      - gzip;q=1.0,deflate;q=0.6,identity;q=0.3
      Accept:
      - "*/*"
      User-Agent:
      - Ruby
  response:
    status:
      code: 200
      message: OK
    headers:
      Content-Type:
      - text/xml
      Cache-Control:
      - no-cache
      Connection:
      - close
      Content-Length:
      - '205'
    body:
      encoding: UTF-8
      string: |
        <directory name="source_package" rev="8" vrev="8" srcmd5="cabf9a1f9a0b7c19d4f7ff46166f4ee0">
          <entry name="somefile.txt" md5="cfcd208495d565ef66e7dff9f98764da" size="1" mtime="1532417936" />
        </directory>
    http_version: 
  recorded_at: Tue, 24 Jul 2018 07:41:06 GMT
- request:
    method: get
    uri: http://backend:5352/source/Base:my_project/source_package
    body:
      encoding: US-ASCII
      string: ''
    headers:
      Accept-Encoding:
      - gzip;q=1.0,deflate;q=0.6,identity;q=0.3
      Accept:
      - "*/*"
      User-Agent:
      - Ruby
  response:
    status:
      code: 200
      message: OK
    headers:
      Content-Type:
      - text/xml
      Cache-Control:
      - no-cache
      Connection:
      - close
      Content-Length:
      - '205'
    body:
      encoding: UTF-8
      string: |
        <directory name="source_package" rev="8" vrev="8" srcmd5="cabf9a1f9a0b7c19d4f7ff46166f4ee0">
          <entry name="somefile.txt" md5="cfcd208495d565ef66e7dff9f98764da" size="1" mtime="1532417936" />
        </directory>
    http_version: 
  recorded_at: Tue, 24 Jul 2018 07:41:06 GMT
- request:
    method: post
    uri: http://backend:5352/source/Base:my_project/source_package?cmd=diff&expand=1&filelimit=10000&opackage=target_package&oproject=home:project_link_test_user&tarlimit=10000
    body:
      encoding: UTF-8
      string: ''
    headers:
      Content-Type:
      - application/octet-stream
      Accept-Encoding:
      - gzip;q=1.0,deflate;q=0.6,identity;q=0.3
      Accept:
      - "*/*"
      User-Agent:
      - Ruby
  response:
    status:
      code: 200
      message: OK
    headers:
      Content-Type:
      - text/plain
      Content-Length:
      - '133'
      Cache-Control:
      - no-cache
      Connection:
      - close
    body:
      encoding: UTF-8
      string: |2

        ++++++ somefile.txt
        --- somefile.txt
        +++ somefile.txt
        @@ -1,1 +1,1 @@
        -1
        \ No newline at end of file
        +0
        \ No newline at end of file
    http_version: 
  recorded_at: Tue, 24 Jul 2018 07:41:06 GMT
recorded_with: VCR 4.0.0
