---
http_interactions:
- request:
    method: put
    uri: http://backend:5352/source/home:tom/_meta?user=tom
    body:
      encoding: UTF-8
      string: |
        <project name="home:tom">
          <title/>
          <description/>
          <person userid="tom" role="maintainer"/>
        </project>
    headers:
      Accept-Encoding:
      - gzip;q=1.0,deflate;q=0.6,identity;q=0.3
      Accept:
      - "*/*"
      User-Agent:
      - Ruby
  response:
    status:
      code: 200
      message: OK
    headers:
      Content-Type:
      - text/xml
      Cache-Control:
      - no-cache
      Connection:
      - close
      Content-Length:
      - '128'
    body:
      encoding: UTF-8
      string: |
        <project name="home:tom">
          <title></title>
          <description></description>
          <person userid="tom" role="maintainer"/>
        </project>
    http_version: 
  recorded_at: Fri, 27 Sep 2019 14:17:25 GMT
- request:
    method: put
    uri: http://backend:5352/source/home:tom/package_with_file/_meta?user=tom
    body:
      encoding: UTF-8
      string: |
        <package name="package_with_file" project="home:tom">
          <title>Clouds of Witness</title>
          <description>Esse porro eveniet nisi.</description>
        </package>
    headers:
      Accept-Encoding:
      - gzip;q=1.0,deflate;q=0.6,identity;q=0.3
      Accept:
      - "*/*"
      User-Agent:
      - Ruby
  response:
    status:
      code: 200
      message: OK
    headers:
      Content-Type:
      - text/xml
      Cache-Control:
      - no-cache
      Connection:
      - close
      Content-Length:
      - '154'
    body:
      encoding: UTF-8
      string: |
        <package name="package_with_file" project="home:tom">
          <title>Clouds of Witness</title>
          <description>Esse porro eveniet nisi.</description>
        </package>
    http_version: 
  recorded_at: Fri, 27 Sep 2019 14:17:25 GMT
- request:
    method: put
    uri: http://backend:5352/source/home:tom/package_with_file/_config
    body:
      encoding: UTF-8
      string: Tenetur nulla est. Similique reiciendis quis. Laborum tenetur dolores.
    headers:
      Accept-Encoding:
      - gzip;q=1.0,deflate;q=0.6,identity;q=0.3
      Accept:
      - "*/*"
      User-Agent:
      - Ruby
  response:
    status:
      code: 200
      message: OK
    headers:
      Content-Type:
      - text/xml
      Cache-Control:
      - no-cache
      Connection:
      - close
      Content-Length:
      - '209'
    body:
      encoding: UTF-8
      string: |
        <revision rev="91" vrev="91">
          <srcmd5>1703cf7eb4ec2ca6fe43147d39e07dc8</srcmd5>
          <version>unknown</version>
          <time>1569593845</time>
          <user>unknown</user>
          <comment></comment>
          <requestid/>
        </revision>
    http_version: 
  recorded_at: Fri, 27 Sep 2019 14:17:25 GMT
- request:
    method: put
    uri: http://backend:5352/source/home:tom/package_with_file/somefile.txt
    body:
      encoding: UTF-8
      string: Inventore sequi a. Ipsum ut pariatur. Recusandae aut aut.
    headers:
      Accept-Encoding:
      - gzip;q=1.0,deflate;q=0.6,identity;q=0.3
      Accept:
      - "*/*"
      User-Agent:
      - Ruby
  response:
    status:
      code: 200
      message: OK
    headers:
      Content-Type:
      - text/xml
      Cache-Control:
      - no-cache
      Connection:
      - close
      Content-Length:
      - '209'
    body:
      encoding: UTF-8
      string: |
        <revision rev="92" vrev="92">
          <srcmd5>25735135d712c34803e23f7f6c0ea9b1</srcmd5>
          <version>unknown</version>
          <time>1569593845</time>
          <user>unknown</user>
          <comment></comment>
          <requestid/>
        </revision>
    http_version: 
  recorded_at: Fri, 27 Sep 2019 14:17:25 GMT
- request:
    method: post
    uri: http://backend:5352/source/home:tom/package_with_file?cmd=runservice&user=tom
    body:
      encoding: UTF-8
      string: ''
    headers:
      Content-Type:
      - application/octet-stream
      Accept-Encoding:
      - gzip;q=1.0,deflate;q=0.6,identity;q=0.3
      Accept:
      - "*/*"
      User-Agent:
      - Ruby
  response:
    status:
      code: 404
      message: no source service defined!
    headers:
      Content-Type:
      - text/xml
      Cache-Control:
      - no-cache
      Connection:
      - close
      Content-Length:
      - '130'
    body:
      encoding: UTF-8
      string: |
        <status code="404">
          <summary>no source service defined!</summary>
          <details>404 no source service defined!</details>
        </status>
    http_version: 
  recorded_at: Fri, 27 Sep 2019 14:17:25 GMT
recorded_with: VCR 5.0.0
