---
http_interactions:
- request:
    method: put
    uri: http://backend:5352/source/home:foo_admin/_meta?user=foo_admin
    body:
      encoding: UTF-8
      string: |
        <project name="home:foo_admin">
          <title/>
          <description/>
          <person userid="foo_admin" role="maintainer"/>
        </project>
    headers:
      Accept-Encoding:
      - gzip;q=1.0,deflate;q=0.6,identity;q=0.3
      Accept:
      - "*/*"
      User-Agent:
      - Ruby
  response:
    status:
      code: 200
      message: OK
    headers:
      Content-Type:
      - text/xml
      Cache-Control:
      - no-cache
      Connection:
      - close
      Content-Length:
      - '140'
    body:
      encoding: UTF-8
      string: |
        <project name="home:foo_admin">
          <title></title>
          <description></description>
          <person userid="foo_admin" role="maintainer"/>
        </project>
  recorded_at: Mon, 26 Apr 2021 16:51:20 GMT
- request:
    method: put
    uri: http://backend:5352/source/home:foo_admin/package_trigger/_meta?user=user_2
    body:
      encoding: UTF-8
      string: |
        <package name="package_trigger" project="home:foo_admin">
          <title>After Many a Summer Dies the Swan</title>
          <description>Fuga optio tenetur asperiores.</description>
        </package>
    headers:
      Accept-Encoding:
      - gzip;q=1.0,deflate;q=0.6,identity;q=0.3
      Accept:
      - "*/*"
      User-Agent:
      - Ruby
  response:
    status:
      code: 200
      message: OK
    headers:
      Content-Type:
      - text/xml
      Cache-Control:
      - no-cache
      Connection:
      - close
      Content-Length:
      - '180'
    body:
      encoding: UTF-8
      string: |
        <package name="package_trigger" project="home:foo_admin">
          <title>After Many a Summer Dies the Swan</title>
          <description>Fuga optio tenetur asperiores.</description>
        </package>
  recorded_at: Mon, 26 Apr 2021 16:51:20 GMT
- request:
    method: put
    uri: http://backend:5352/source/target_project/_meta?user=user_3
    body:
      encoding: UTF-8
      string: |
        <project name="target_project">
          <title>To Say Nothing of the Dog</title>
          <description/>
        </project>
    headers:
      Accept-Encoding:
      - gzip;q=1.0,deflate;q=0.6,identity;q=0.3
      Accept:
      - "*/*"
      User-Agent:
      - Ruby
  response:
    status:
      code: 200
      message: OK
    headers:
      Content-Type:
      - text/xml
      Cache-Control:
      - no-cache
      Connection:
      - close
      Content-Length:
      - '116'
    body:
      encoding: UTF-8
      string: |
        <project name="target_project">
          <title>To Say Nothing of the Dog</title>
          <description></description>
        </project>
  recorded_at: Mon, 26 Apr 2021 16:51:21 GMT
recorded_with: VCR 6.0.0
