---
http_interactions:
- request:
    method: put
    uri: http://backend:5352/source/home:gilberto/_meta?user=gilberto
    body:
      encoding: UTF-8
      string: |
        <project name="home:gilberto">
          <title/>
          <description/>
          <person userid="gilberto" role="maintainer"/>
        </project>
    headers:
      Accept-Encoding:
      - gzip;q=1.0,deflate;q=0.6,identity;q=0.3
      Accept:
      - "*/*"
      User-Agent:
      - Ruby
  response:
    status:
      code: 200
      message: OK
    headers:
      Content-Type:
      - text/xml
      Cache-Control:
      - no-cache
      Connection:
      - close
      Content-Length:
      - '139'
    body:
      encoding: UTF-8
      string: |
        <project name="home:gilberto">
          <title></title>
          <description></description>
          <person userid="gilberto" role="maintainer" />
        </project>
    http_version: 
  recorded_at: Tue, 09 Aug 2016 11:50:02 GMT
- request:
    method: put
    uri: http://backend:5352/source/home:macario/_meta?user=macario
    body:
      encoding: UTF-8
      string: |
        <project name="home:macario">
          <title/>
          <description/>
          <person userid="macario" role="maintainer"/>
        </project>
    headers:
      Accept-Encoding:
      - gzip;q=1.0,deflate;q=0.6,identity;q=0.3
      Accept:
      - "*/*"
      User-Agent:
      - Ruby
  response:
    status:
      code: 200
      message: OK
    headers:
      Content-Type:
      - text/xml
      Cache-Control:
      - no-cache
      Connection:
      - close
      Content-Length:
      - '137'
    body:
      encoding: UTF-8
      string: |
        <project name="home:macario">
          <title></title>
          <description></description>
          <person userid="macario" role="maintainer" />
        </project>
    http_version: 
  recorded_at: Tue, 09 Aug 2016 11:50:02 GMT
- request:
    method: get
    uri: http://backend:5352/build/home:gilberto/_result?view=binarylist
    body:
      encoding: US-ASCII
      string: ''
    headers:
      Content-Type:
      - text/plain
      Accept-Encoding:
      - identity
      Accept:
      - "*/*"
      User-Agent:
      - Ruby
  response:
    status:
      code: 200
      message: OK
    headers:
      Content-Type:
      - text/xml
      Cache-Control:
      - no-cache
      Connection:
      - close
      Content-Length:
      - '56'
    body:
      encoding: UTF-8
      string: '<resultlist state="00000000000000000000000000000000" />

'
    http_version: 
  recorded_at: Tue, 09 Aug 2016 11:50:02 GMT
recorded_with: VCR 3.0.1
