---
http_interactions:
- request:
    method: get
    uri: http://backend:5352/source/project_1/package_1?nofilename=1&view=info&withchangesmd5=1
    body:
      encoding: US-ASCII
      string: ''
    headers:
      Accept-Encoding:
      - gzip;q=1.0,deflate;q=0.6,identity;q=0.3
      Accept:
      - "*/*"
      User-Agent:
      - Ruby
  response:
    status:
      code: 404
      message: project 'project_1' does not exist
    headers:
      Content-Type:
      - text/xml
      Cache-Control:
      - no-cache
      Connection:
      - close
      Content-Length:
      - '146'
    body:
      encoding: UTF-8
      string: |
        <status code="404">
          <summary>project 'project_1' does not exist</summary>
          <details>404 project 'project_1' does not exist</details>
        </status>
    http_version: 
  recorded_at: Wed, 26 Jul 2017 12:57:57 GMT
- request:
    method: get
    uri: http://backend:5352/source/project_1/package_1
    body:
      encoding: US-ASCII
      string: ''
    headers:
      Accept-Encoding:
      - gzip;q=1.0,deflate;q=0.6,identity;q=0.3
      Accept:
      - "*/*"
      User-Agent:
      - Ruby
  response:
    status:
      code: 404
      message: project 'project_1' does not exist
    headers:
      Content-Type:
      - text/xml
      Cache-Control:
      - no-cache
      Connection:
      - close
      Content-Length:
      - '146'
    body:
      encoding: UTF-8
      string: |
        <status code="404">
          <summary>project 'project_1' does not exist</summary>
          <details>404 project 'project_1' does not exist</details>
        </status>
    http_version: 
  recorded_at: Wed, 26 Jul 2017 12:57:57 GMT
- request:
    method: post
    uri: http://backend:5352/source/project_1/package_1?cmd=diff&linkrev=base&onlyissues=1&orev=0&view=xml
    body:
      encoding: UTF-8
      string: ''
    headers:
      Content-Type:
      - application/octet-stream
      Accept-Encoding:
      - gzip;q=1.0,deflate;q=0.6,identity;q=0.3
      Accept:
      - "*/*"
      User-Agent:
      - Ruby
  response:
    status:
      code: 404
      message: project 'project_1' does not exist
    headers:
      Content-Type:
      - text/xml
      Cache-Control:
      - no-cache
      Connection:
      - close
      Content-Length:
      - '146'
    body:
      encoding: UTF-8
      string: |
        <status code="404">
          <summary>project 'project_1' does not exist</summary>
          <details>404 project 'project_1' does not exist</details>
        </status>
    http_version: 
  recorded_at: Wed, 26 Jul 2017 12:57:57 GMT
- request:
    method: put
    uri: http://backend:5352/source/project_1/_meta
    body:
      encoding: UTF-8
      string: |
        <project name="project_1">
          <title>If I Forget Thee Jerusalem</title>
          <description/>
        </project>
    headers:
      Accept-Encoding:
      - gzip;q=1.0,deflate;q=0.6,identity;q=0.3
      Accept:
      - "*/*"
      User-Agent:
      - Ruby
  response:
    status:
      code: 200
      message: OK
    headers:
      Content-Type:
      - text/xml
      Cache-Control:
      - no-cache
      Connection:
      - close
      Content-Length:
      - '112'
    body:
      encoding: UTF-8
      string: |
        <project name="project_1">
          <title>If I Forget Thee Jerusalem</title>
          <description></description>
        </project>
    http_version: 
  recorded_at: Wed, 26 Jul 2017 13:41:55 GMT
- request:
    method: put
    uri: http://backend:5352/source/project_1/_config
    body:
      encoding: UTF-8
      string: Quaerat corporis aliquam. Ut consequatur harum. Quam ut quis temporibus
        adipisci et. Minus omnis repellat libero inventore at.
    headers:
      Accept-Encoding:
      - gzip;q=1.0,deflate;q=0.6,identity;q=0.3
      Accept:
      - "*/*"
      User-Agent:
      - Ruby
  response:
    status:
      code: 200
      message: OK
    headers:
      Content-Type:
      - text/xml
      Cache-Control:
      - no-cache
      Connection:
      - close
      Content-Length:
      - '21'
    body:
      encoding: UTF-8
      string: '<status code="ok" />

'
    http_version: 
  recorded_at: Wed, 26 Jul 2017 13:41:55 GMT
- request:
    method: put
    uri: http://backend:5352/source/project_1/package_1/_meta?user=_nobody_
    body:
      encoding: UTF-8
      string: |
        <package name="package_1" project="project_1">
          <title>A Farewell to Arms</title>
          <description>Distinctio quia laudantium illo dolorem expedita id quibusdam esse.</description>
        </package>
    headers:
      Accept-Encoding:
      - gzip;q=1.0,deflate;q=0.6,identity;q=0.3
      Accept:
      - "*/*"
      User-Agent:
      - Ruby
  response:
    status:
      code: 200
      message: OK
    headers:
      Content-Type:
      - text/xml
      Cache-Control:
      - no-cache
      Connection:
      - close
      Content-Length:
      - '191'
    body:
      encoding: UTF-8
      string: |
        <package name="package_1" project="project_1">
          <title>A Farewell to Arms</title>
          <description>Distinctio quia laudantium illo dolorem expedita id quibusdam esse.</description>
        </package>
    http_version: 
  recorded_at: Wed, 26 Jul 2017 13:41:56 GMT
- request:
    method: put
    uri: http://backend:5352/source/project_1/package_1/_meta
    body:
      encoding: UTF-8
      string: |
        <package name="package_1" project="project_1">
          <title>A Farewell to Arms</title>
          <description>Distinctio quia laudantium illo dolorem expedita id quibusdam esse.</description>
        </package>
    headers:
      Accept-Encoding:
      - gzip;q=1.0,deflate;q=0.6,identity;q=0.3
      Accept:
      - "*/*"
      User-Agent:
      - Ruby
  response:
    status:
      code: 200
      message: OK
    headers:
      Content-Type:
      - text/xml
      Cache-Control:
      - no-cache
      Connection:
      - close
      Content-Length:
      - '191'
    body:
      encoding: UTF-8
      string: |
        <package name="package_1" project="project_1">
          <title>A Farewell to Arms</title>
          <description>Distinctio quia laudantium illo dolorem expedita id quibusdam esse.</description>
        </package>
    http_version: 
  recorded_at: Wed, 26 Jul 2017 13:41:56 GMT
- request:
    method: put
    uri: http://backend:5352/source/project_1/package_1/_config
    body:
      encoding: UTF-8
      string: At autem cumque dolores ut et. Iusto vel non explicabo. Fugiat officiis
        et molestias qui provident quia veritatis.
    headers:
      Accept-Encoding:
      - gzip;q=1.0,deflate;q=0.6,identity;q=0.3
      Accept:
      - "*/*"
      User-Agent:
      - Ruby
  response:
    status:
      code: 200
      message: OK
    headers:
      Content-Type:
      - text/xml
      Cache-Control:
      - no-cache
      Connection:
      - close
      Content-Length:
      - '207'
    body:
      encoding: UTF-8
      string: |
        <revision rev="1" vrev="1">
          <srcmd5>010c3f67c7f4e53b9a667afa98c075a9</srcmd5>
          <version>unknown</version>
          <time>1501076516</time>
          <user>unknown</user>
          <comment></comment>
          <requestid/>
        </revision>
    http_version: 
  recorded_at: Wed, 26 Jul 2017 13:41:56 GMT
- request:
    method: put
    uri: http://backend:5352/source/project_1/package_1/somefile.txt
    body:
      encoding: UTF-8
      string: Porro facilis quia nulla placeat sed distinctio. Fuga facilis molestias
        voluptatibus magni neque rerum. Est quaerat eligendi excepturi. Provident
        dolores neque occaecati et dolor et.
    headers:
      Accept-Encoding:
      - gzip;q=1.0,deflate;q=0.6,identity;q=0.3
      Accept:
      - "*/*"
      User-Agent:
      - Ruby
  response:
    status:
      code: 200
      message: OK
    headers:
      Content-Type:
      - text/xml
      Cache-Control:
      - no-cache
      Connection:
      - close
      Content-Length:
      - '207'
    body:
      encoding: UTF-8
      string: |
        <revision rev="2" vrev="2">
          <srcmd5>0b6e23fe4bf3607ae63c78265d218475</srcmd5>
          <version>unknown</version>
          <time>1501076516</time>
          <user>unknown</user>
          <comment></comment>
          <requestid/>
        </revision>
    http_version: 
  recorded_at: Wed, 26 Jul 2017 13:41:56 GMT
- request:
    method: put
    uri: http://backend:5352/source/apache/_meta
    body:
      encoding: UTF-8
      string: |
        <project name="apache">
          <title>Quo Vadis</title>
          <description/>
        </project>
    headers:
      Accept-Encoding:
      - gzip;q=1.0,deflate;q=0.6,identity;q=0.3
      Accept:
      - "*/*"
      User-Agent:
      - Ruby
  response:
    status:
      code: 200
      message: OK
    headers:
      Content-Type:
      - text/xml
      Cache-Control:
      - no-cache
      Connection:
      - close
      Content-Length:
      - '92'
    body:
      encoding: UTF-8
      string: |
        <project name="apache">
          <title>Quo Vadis</title>
          <description></description>
        </project>
    http_version: 
  recorded_at: Thu, 27 Jul 2017 08:30:40 GMT
- request:
    method: put
    uri: http://backend:5352/source/apache/_config
    body:
      encoding: UTF-8
      string: Impedit et eos. Est minus praesentium et aut numquam. Iure sequi deleniti.
        Quisquam libero minus pariatur sunt aut voluptas.
    headers:
      Accept-Encoding:
      - gzip;q=1.0,deflate;q=0.6,identity;q=0.3
      Accept:
      - "*/*"
      User-Agent:
      - Ruby
  response:
    status:
      code: 200
      message: OK
    headers:
      Content-Type:
      - text/xml
      Cache-Control:
      - no-cache
      Connection:
      - close
      Content-Length:
      - '21'
    body:
      encoding: UTF-8
      string: '<status code="ok" />

'
    http_version: 
  recorded_at: Thu, 27 Jul 2017 08:30:40 GMT
- request:
    method: put
    uri: http://backend:5352/source/apache/mod_ssl/_meta?user=_nobody_
    body:
      encoding: UTF-8
      string: |
        <package name="mod_ssl" project="apache">
          <title>A Time to Kill</title>
          <description>Odio quisquam quaerat quia ea qui eos.</description>
        </package>
    headers:
      Accept-Encoding:
      - gzip;q=1.0,deflate;q=0.6,identity;q=0.3
      Accept:
      - "*/*"
      User-Agent:
      - Ruby
  response:
    status:
      code: 200
      message: OK
    headers:
      Content-Type:
      - text/xml
      Cache-Control:
      - no-cache
      Connection:
      - close
      Content-Length:
      - '153'
    body:
      encoding: UTF-8
      string: |
        <package name="mod_ssl" project="apache">
          <title>A Time to Kill</title>
          <description>Odio quisquam quaerat quia ea qui eos.</description>
        </package>
    http_version: 
  recorded_at: Thu, 27 Jul 2017 08:30:40 GMT
- request:
    method: put
    uri: http://backend:5352/source/apache/mod_ssl/_meta
    body:
      encoding: UTF-8
      string: |
        <package name="mod_ssl" project="apache">
          <title>A Time to Kill</title>
          <description>Odio quisquam quaerat quia ea qui eos.</description>
        </package>
    headers:
      Accept-Encoding:
      - gzip;q=1.0,deflate;q=0.6,identity;q=0.3
      Accept:
      - "*/*"
      User-Agent:
      - Ruby
  response:
    status:
      code: 200
      message: OK
    headers:
      Content-Type:
      - text/xml
      Cache-Control:
      - no-cache
      Connection:
      - close
      Content-Length:
      - '153'
    body:
      encoding: UTF-8
      string: |
        <package name="mod_ssl" project="apache">
          <title>A Time to Kill</title>
          <description>Odio quisquam quaerat quia ea qui eos.</description>
        </package>
    http_version: 
  recorded_at: Thu, 27 Jul 2017 08:30:40 GMT
- request:
    method: put
    uri: http://backend:5352/source/apache/mod_ssl/_config
    body:
      encoding: UTF-8
      string: Quas modi molestiae est ullam necessitatibus non. Fugit quia aliquid
        quam asperiores. Eum soluta et excepturi ea dolores sit.
    headers:
      Accept-Encoding:
      - gzip;q=1.0,deflate;q=0.6,identity;q=0.3
      Accept:
      - "*/*"
      User-Agent:
      - Ruby
  response:
    status:
      code: 200
      message: OK
    headers:
      Content-Type:
      - text/xml
      Cache-Control:
      - no-cache
      Connection:
      - close
      Content-Length:
      - '207'
    body:
      encoding: UTF-8
      string: |
        <revision rev="1" vrev="1">
          <srcmd5>8294dfd2a56d1b5ac8d2cd9a83d704e1</srcmd5>
          <version>unknown</version>
          <time>1501144240</time>
          <user>unknown</user>
          <comment></comment>
          <requestid/>
        </revision>
    http_version: 
  recorded_at: Thu, 27 Jul 2017 08:30:40 GMT
- request:
    method: put
    uri: http://backend:5352/source/apache/mod_ssl/somefile.txt
    body:
      encoding: UTF-8
      string: Delectus commodi aut et quibusdam aut. Ipsum dolorem delectus dolorem
        sint et aperiam. Tenetur aut consequatur quibusdam omnis quaerat. Earum excepturi
        quae accusantium.
    headers:
      Accept-Encoding:
      - gzip;q=1.0,deflate;q=0.6,identity;q=0.3
      Accept:
      - "*/*"
      User-Agent:
      - Ruby
  response:
    status:
      code: 200
      message: OK
    headers:
      Content-Type:
      - text/xml
      Cache-Control:
      - no-cache
      Connection:
      - close
      Content-Length:
      - '207'
    body:
      encoding: UTF-8
      string: |
        <revision rev="2" vrev="2">
          <srcmd5>26efa2c029446638a4b4a288c6c76a52</srcmd5>
          <version>unknown</version>
          <time>1501144240</time>
          <user>unknown</user>
          <comment></comment>
          <requestid/>
        </revision>
    http_version: 
  recorded_at: Thu, 27 Jul 2017 08:30:40 GMT
- request:
    method: get
    uri: http://backend:5352/source/apache/mod_ssl?nofilename=1&view=info&withchangesmd5=1
    body:
      encoding: US-ASCII
      string: ''
    headers:
      Accept-Encoding:
      - gzip;q=1.0,deflate;q=0.6,identity;q=0.3
      Accept:
      - "*/*"
      User-Agent:
      - Ruby
  response:
    status:
      code: 200
      message: OK
    headers:
      Content-Type:
      - text/xml
      Cache-Control:
      - no-cache
      Connection:
      - close
      Content-Length:
      - '181'
    body:
      encoding: UTF-8
      string: |
        <sourceinfo package="mod_ssl" rev="2" vrev="2" srcmd5="26efa2c029446638a4b4a288c6c76a52" verifymd5="26efa2c029446638a4b4a288c6c76a52">
          <revtime>1501144240</revtime>
        </sourceinfo>
    http_version: 
  recorded_at: Thu, 27 Jul 2017 08:30:40 GMT
- request:
    method: get
    uri: http://backend:5352/source/apache/mod_ssl
    body:
      encoding: US-ASCII
      string: ''
    headers:
      Accept-Encoding:
      - gzip;q=1.0,deflate;q=0.6,identity;q=0.3
      Accept:
      - "*/*"
      User-Agent:
      - Ruby
  response:
    status:
      code: 200
      message: OK
    headers:
      Content-Type:
      - text/xml
      Cache-Control:
      - no-cache
      Connection:
      - close
      Content-Length:
      - '296'
    body:
      encoding: UTF-8
      string: |
        <directory name="mod_ssl" rev="2" vrev="2" srcmd5="26efa2c029446638a4b4a288c6c76a52">
          <entry name="_config" md5="32d026178b2e3f95d655bb3078609e21" size="125" mtime="1501144240" />
          <entry name="somefile.txt" md5="7e0158847d409d7f3fd5e3f6d8a0c0f3" size="169" mtime="1501144240" />
        </directory>
    http_version: 
  recorded_at: Thu, 27 Jul 2017 08:30:40 GMT
- request:
    method: post
    uri: http://backend:5352/source/apache/mod_ssl?cmd=diff&linkrev=base&onlyissues=1&orev=0&view=xml
    body:
      encoding: UTF-8
      string: ''
    headers:
      Content-Type:
      - application/octet-stream
      Accept-Encoding:
      - gzip;q=1.0,deflate;q=0.6,identity;q=0.3
      Accept:
      - "*/*"
      User-Agent:
      - Ruby
  response:
    status:
      code: 200
      message: OK
    headers:
      Content-Type:
      - text/xml
      Cache-Control:
      - no-cache
      Connection:
      - close
      Content-Length:
      - '291'
    body:
      encoding: UTF-8
      string: |
        <sourcediff key="36c40734824cfe624b594554187ec946">
          <old project="apache" package="mod_ssl" rev="0" srcmd5="d41d8cd98f00b204e9800998ecf8427e" />
          <new project="apache" package="mod_ssl" rev="2" srcmd5="26efa2c029446638a4b4a288c6c76a52" />
          <files />
          <issues>
          </issues>
        </sourcediff>
    http_version: 
  recorded_at: Thu, 27 Jul 2017 08:30:40 GMT
recorded_with: VCR 3.0.3
