---
http_interactions:
- request:
    method: put
    uri: http://localhost:3200/source/home:titan/_meta
    body:
      encoding: UTF-8
      string: |
        <project name="home:titan">
          <title/>
          <description/>
          <person userid="titan" role="maintainer"/>
        </project>
    headers:
      Accept-Encoding:
      - gzip;q=1.0,deflate;q=0.6,identity;q=0.3
      Accept:
      - "*/*"
      User-Agent:
      - Ruby
  response:
    status:
      code: 200
      message: OK
    headers:
      Content-Type:
      - text/xml
      Cache-Control:
      - no-cache
      Connection:
      - close
      Content-Length:
      - '133'
    body:
      encoding: UTF-8
      string: |
        <project name="home:titan">
          <title></title>
          <description></description>
          <person userid="titan" role="maintainer" />
        </project>
    http_version: 
  recorded_at: Tue, 20 Sep 2016 14:54:00 GMT
- request:
    method: put
    uri: http://localhost:3200/source/home:titan/goal/_meta
    body:
      encoding: UTF-8
      string: |
        <package name="goal" project="home:titan">
          <title/>
          <description/>
        </package>
    headers:
      Accept-Encoding:
      - gzip;q=1.0,deflate;q=0.6,identity;q=0.3
      Accept:
      - "*/*"
      User-Agent:
      - Ruby
  response:
    status:
      code: 200
      message: OK
    headers:
      Content-Type:
      - text/xml
      Cache-Control:
      - no-cache
      Connection:
      - close
      Content-Length:
      - '102'
    body:
      encoding: UTF-8
      string: |
        <package name="goal" project="home:titan">
          <title></title>
          <description></description>
        </package>
    http_version: 
  recorded_at: Tue, 20 Sep 2016 14:54:00 GMT
- request:
    method: put
    uri: http://localhost:3200/source/home:titan/goal/somefile.txt
    body:
      encoding: UTF-8
      string: Iusto reprehenderit et qui aperiam. Accusantium sed magnam sunt. Voluptatem
        ut perferendis facere vero dolores dolore. Dolorum possimus non quia molestiae
        molestiae vero eveniet.
    headers:
      Accept-Encoding:
      - gzip;q=1.0,deflate;q=0.6,identity;q=0.3
      Accept:
      - "*/*"
      User-Agent:
      - Ruby
  response:
    status:
      code: 200
      message: OK
    headers:
      Content-Type:
      - text/xml
      Cache-Control:
      - no-cache
      Connection:
      - close
      Content-Length:
      - '209'
    body:
      encoding: UTF-8
      string: |
        <revision rev="13" vrev="13">
          <srcmd5>59ede73687c6b1ef93af38e9891f02ac</srcmd5>
          <version>unknown</version>
          <time>1474383240</time>
          <user>unknown</user>
          <comment></comment>
          <requestid/>
        </revision>
    http_version: 
  recorded_at: Tue, 20 Sep 2016 14:54:00 GMT
- request:
    method: put
    uri: http://localhost:3200/source/home:kugelblitz/_meta
    body:
      encoding: UTF-8
      string: |
        <project name="home:kugelblitz">
          <title/>
          <description/>
          <person userid="kugelblitz" role="maintainer"/>
        </project>
    headers:
      Accept-Encoding:
      - gzip;q=1.0,deflate;q=0.6,identity;q=0.3
      Accept:
      - "*/*"
      User-Agent:
      - Ruby
  response:
    status:
      code: 200
      message: OK
    headers:
      Content-Type:
      - text/xml
      Cache-Control:
      - no-cache
      Connection:
      - close
      Content-Length:
      - '143'
    body:
      encoding: UTF-8
      string: |
        <project name="home:kugelblitz">
          <title></title>
          <description></description>
          <person userid="kugelblitz" role="maintainer" />
        </project>
    http_version: 
  recorded_at: Tue, 20 Sep 2016 14:54:00 GMT
- request:
    method: put
    uri: http://localhost:3200/source/home:kugelblitz/ball/_meta
    body:
      encoding: UTF-8
      string: |
        <package name="ball" project="home:kugelblitz">
          <title/>
          <description/>
        </package>
    headers:
      Accept-Encoding:
      - gzip;q=1.0,deflate;q=0.6,identity;q=0.3
      Accept:
      - "*/*"
      User-Agent:
      - Ruby
  response:
    status:
      code: 200
      message: OK
    headers:
      Content-Type:
      - text/xml
      Cache-Control:
      - no-cache
      Connection:
      - close
      Content-Length:
      - '107'
    body:
      encoding: UTF-8
      string: |
        <package name="ball" project="home:kugelblitz">
          <title></title>
          <description></description>
        </package>
    http_version: 
  recorded_at: Tue, 20 Sep 2016 14:54:00 GMT
- request:
    method: put
    uri: http://localhost:3200/source/home:kugelblitz/ball/somefile.txt
    body:
      encoding: UTF-8
      string: Assumenda praesentium voluptatem veritatis temporibus. A modi quos qui
        aliquam labore. Quod omnis voluptas quis rem odit ea qui.
    headers:
      Accept-Encoding:
      - gzip;q=1.0,deflate;q=0.6,identity;q=0.3
      Accept:
      - "*/*"
      User-Agent:
      - Ruby
  response:
    status:
      code: 200
      message: OK
    headers:
      Content-Type:
      - text/xml
      Cache-Control:
      - no-cache
      Connection:
      - close
      Content-Length:
      - '209'
    body:
      encoding: UTF-8
      string: |
        <revision rev="12" vrev="12">
          <srcmd5>605696c27adbe9b5a05935731d03b9a8</srcmd5>
          <version>unknown</version>
          <time>1474383240</time>
          <user>unknown</user>
          <comment></comment>
          <requestid/>
        </revision>
    http_version: 
  recorded_at: Tue, 20 Sep 2016 14:54:00 GMT
- request:
    method: get
    uri: http://localhost:3200/source/home:kugelblitz/ball
    body:
      encoding: US-ASCII
      string: ''
    headers:
      Content-Type:
      - text/plain
      Accept-Encoding:
      - identity
      Accept:
      - "*/*"
      User-Agent:
      - Ruby
  response:
    status:
      code: 200
      message: OK
    headers:
      Content-Type:
      - text/xml
      Cache-Control:
      - no-cache
      Connection:
      - close
      Content-Length:
      - '199'
    body:
      encoding: UTF-8
      string: |
        <directory name="ball" rev="12" vrev="12" srcmd5="605696c27adbe9b5a05935731d03b9a8">
          <entry name="somefile.txt" md5="2279425a0e3595e33a9af233807447db" size="128" mtime="1474383240" />
        </directory>
    http_version: 
  recorded_at: Tue, 20 Sep 2016 14:54:00 GMT
- request:
    method: post
    uri: http://localhost:3200/source/home:kugelblitz/ball?cmd=diff&expand=1&filelimit=10000&opackage=goal&oproject=home:titan&view=xml&withissues=1
    body:
      encoding: UTF-8
      string: ''
    headers:
      Content-Type:
      - application/octet-stream
      Accept-Encoding:
      - gzip;q=1.0,deflate;q=0.6,identity;q=0.3
      Accept:
      - "*/*"
      User-Agent:
      - Ruby
  response:
    status:
      code: 200
      message: OK
    headers:
      Content-Type:
      - text/xml
      Cache-Control:
      - no-cache
      Connection:
      - close
      Content-Length:
      - '924'
    body:
      encoding: UTF-8
      string: |
        <sourcediff key="671b5b12c376a2418edadcd77f6ecb7f">
          <old project="home:titan" package="goal" rev="13" srcmd5="59ede73687c6b1ef93af38e9891f02ac" />
          <new project="home:kugelblitz" package="ball" rev="12" srcmd5="605696c27adbe9b5a05935731d03b9a8" />
          <files>
            <file state="changed">
              <old name="somefile.txt" md5="44b23e99955514c82928a0990888a5c5" size="178" />
              <new name="somefile.txt" md5="2279425a0e3595e33a9af233807447db" size="128" />
              <diff lines="5">@@ -1 +1 @@
        -Iusto reprehenderit et qui aperiam. Accusantium sed magnam sunt. Voluptatem ut perferendis facere vero dolores dolore. Dolorum possimus non quia molestiae molestiae vero eveniet.
        \ No newline at end of file
        +Assumenda praesentium voluptatem veritatis temporibus. A modi quos qui aliquam labore. Quod omnis voluptas quis rem odit ea qui.
        \ No newline at end of file
        </diff>
            </file>
          </files>
          <issues>
          </issues>
        </sourcediff>
    http_version: 
  recorded_at: Tue, 20 Sep 2016 14:54:00 GMT
- request:
    method: get
    uri: http://localhost:3200/source/home:titan/goal
    body:
      encoding: US-ASCII
      string: ''
    headers:
      Accept-Encoding:
      - gzip;q=1.0,deflate;q=0.6,identity;q=0.3
      Accept:
      - "*/*"
      User-Agent:
      - Ruby
  response:
    status:
      code: 200
      message: OK
    headers:
      Content-Type:
      - text/xml
      Cache-Control:
      - no-cache
      Connection:
      - close
      Content-Length:
      - '199'
    body:
      encoding: UTF-8
      string: |
        <directory name="goal" rev="13" vrev="13" srcmd5="59ede73687c6b1ef93af38e9891f02ac">
          <entry name="somefile.txt" md5="44b23e99955514c82928a0990888a5c5" size="178" mtime="1474383240" />
        </directory>
    http_version: 
  recorded_at: Tue, 20 Sep 2016 14:54:00 GMT
- request:
    method: get
    uri: http://localhost:3200/build/home:kugelblitz/_result?package=ball&view=status
    body:
      encoding: US-ASCII
      string: ''
    headers:
      Content-Type:
      - text/plain
      Accept-Encoding:
      - identity
      Accept:
      - "*/*"
      User-Agent:
      - Ruby
  response:
    status:
      code: 200
      message: OK
    headers:
      Content-Type:
      - text/xml
      Cache-Control:
      - no-cache
      Connection:
      - close
      Content-Length:
      - '56'
    body:
      encoding: UTF-8
      string: '<resultlist state="00000000000000000000000000000000" />

'
    http_version: 
  recorded_at: Tue, 20 Sep 2016 14:54:01 GMT
- request:
    method: get
    uri: http://localhost:3200/build/home:kugelblitz/_result?package=ball&view=status
    body:
      encoding: US-ASCII
      string: ''
    headers:
      Content-Type:
      - text/plain
      Accept-Encoding:
      - identity
      Accept:
      - "*/*"
      User-Agent:
      - Ruby
  response:
    status:
      code: 200
      message: OK
    headers:
      Content-Type:
      - text/xml
      Cache-Control:
      - no-cache
      Connection:
      - close
      Content-Length:
      - '56'
    body:
      encoding: UTF-8
      string: '<resultlist state="00000000000000000000000000000000" />

'
    http_version: 
  recorded_at: Tue, 20 Sep 2016 14:54:01 GMT
- request:
    method: get
    uri: http://localhost:3200/source/home:kugelblitz/ball
    body:
      encoding: US-ASCII
      string: ''
    headers:
      Content-Type:
      - text/plain
      Accept-Encoding:
      - identity
      Accept:
      - "*/*"
      User-Agent:
      - Ruby
  response:
    status:
      code: 200
      message: OK
    headers:
      Content-Type:
      - text/xml
      Cache-Control:
      - no-cache
      Connection:
      - close
      Content-Length:
      - '199'
    body:
      encoding: UTF-8
      string: |
        <directory name="ball" rev="12" vrev="12" srcmd5="605696c27adbe9b5a05935731d03b9a8">
          <entry name="somefile.txt" md5="2279425a0e3595e33a9af233807447db" size="128" mtime="1474383240" />
        </directory>
    http_version: 
  recorded_at: Tue, 20 Sep 2016 14:54:01 GMT
- request:
    method: post
    uri: http://localhost:3200/source/home:kugelblitz/ball?cmd=diff&expand=1&filelimit=10000&opackage=goal&oproject=home:titan&view=xml&withissues=1
    body:
      encoding: UTF-8
      string: ''
    headers:
      Content-Type:
      - application/octet-stream
      Accept-Encoding:
      - gzip;q=1.0,deflate;q=0.6,identity;q=0.3
      Accept:
      - "*/*"
      User-Agent:
      - Ruby
  response:
    status:
      code: 200
      message: OK
    headers:
      Content-Type:
      - text/xml
      Content-Length:
      - '924'
      Cache-Control:
      - no-cache
      Connection:
      - close
    body:
      encoding: UTF-8
      string: |
        <sourcediff key="671b5b12c376a2418edadcd77f6ecb7f">
          <old project="home:titan" package="goal" rev="13" srcmd5="59ede73687c6b1ef93af38e9891f02ac" />
          <new project="home:kugelblitz" package="ball" rev="12" srcmd5="605696c27adbe9b5a05935731d03b9a8" />
          <files>
            <file state="changed">
              <old name="somefile.txt" md5="44b23e99955514c82928a0990888a5c5" size="178" />
              <new name="somefile.txt" md5="2279425a0e3595e33a9af233807447db" size="128" />
              <diff lines="5">@@ -1 +1 @@
        -Iusto reprehenderit et qui aperiam. Accusantium sed magnam sunt. Voluptatem ut perferendis facere vero dolores dolore. Dolorum possimus non quia molestiae molestiae vero eveniet.
        \ No newline at end of file
        +Assumenda praesentium voluptatem veritatis temporibus. A modi quos qui aliquam labore. Quod omnis voluptas quis rem odit ea qui.
        \ No newline at end of file
        </diff>
            </file>
          </files>
          <issues>
          </issues>
        </sourcediff>
    http_version: 
  recorded_at: Tue, 20 Sep 2016 14:54:01 GMT
- request:
    method: get
    uri: http://localhost:3200/source/home:titan/goal
    body:
      encoding: US-ASCII
      string: ''
    headers:
      Accept-Encoding:
      - gzip;q=1.0,deflate;q=0.6,identity;q=0.3
      Accept:
      - "*/*"
      User-Agent:
      - Ruby
  response:
    status:
      code: 200
      message: OK
    headers:
      Content-Type:
      - text/xml
      Cache-Control:
      - no-cache
      Connection:
      - close
      Content-Length:
      - '199'
    body:
      encoding: UTF-8
      string: |
        <directory name="goal" rev="13" vrev="13" srcmd5="59ede73687c6b1ef93af38e9891f02ac">
          <entry name="somefile.txt" md5="44b23e99955514c82928a0990888a5c5" size="178" mtime="1474383240" />
        </directory>
    http_version: 
  recorded_at: Tue, 20 Sep 2016 14:54:01 GMT
- request:
    method: get
    uri: http://localhost:3200/build/home:kugelblitz/_result?package=ball&view=status
    body:
      encoding: US-ASCII
      string: ''
    headers:
      Content-Type:
      - text/plain
      Accept-Encoding:
      - identity
      Accept:
      - "*/*"
      User-Agent:
      - Ruby
  response:
    status:
      code: 200
      message: OK
    headers:
      Content-Type:
      - text/xml
      Cache-Control:
      - no-cache
      Connection:
      - close
      Content-Length:
      - '56'
    body:
      encoding: UTF-8
      string: '<resultlist state="00000000000000000000000000000000" />

'
    http_version: 
  recorded_at: Tue, 20 Sep 2016 14:54:01 GMT
- request:
    method: get
    uri: http://localhost:3200/build/home:kugelblitz/_result?package=ball&view=status
    body:
      encoding: US-ASCII
      string: ''
    headers:
      Content-Type:
      - text/plain
      Accept-Encoding:
      - identity
      Accept:
      - "*/*"
      User-Agent:
      - Ruby
  response:
    status:
      code: 200
      message: OK
    headers:
      Content-Type:
      - text/xml
      Cache-Control:
      - no-cache
      Connection:
      - close
      Content-Length:
      - '56'
    body:
      encoding: UTF-8
      string: '<resultlist state="00000000000000000000000000000000" />

'
    http_version: 
  recorded_at: Tue, 20 Sep 2016 14:54:01 GMT
recorded_with: VCR 3.0.3
