---
http_interactions:
- request:
    method: put
    uri: http://backend:5352/source/public_controller_project/_meta?user=_nobody_
    body:
      encoding: UTF-8
      string: |
        <project name="public_controller_project">
          <title>The Public Controller Project</title>
          <description/>
        </project>
    headers:
      Accept-Encoding:
      - gzip;q=1.0,deflate;q=0.6,identity;q=0.3
      Accept:
      - "*/*"
      User-Agent:
      - Ruby
  response:
    status:
      code: 200
      message: OK
    headers:
      Content-Type:
      - text/xml
      Cache-Control:
      - no-cache
      Connection:
      - close
      Content-Length:
      - '131'
    body:
      encoding: UTF-8
      string: |
        <project name="public_controller_project">
          <title>The Public Controller Project</title>
          <description></description>
        </project>
    http_version: 
  recorded_at: Tue, 31 Jul 2018 20:35:01 GMT
- request:
    method: put
    uri: http://backend:5352/source/public_controller_project/public_controller_package/_meta?user=_nobody_
    body:
      encoding: UTF-8
      string: |
        <package name="public_controller_package" project="public_controller_project">
          <title>Oh! To be in England</title>
          <description>Neque doloribus consequatur nihil.</description>
        </package>
    headers:
      Accept-Encoding:
      - gzip;q=1.0,deflate;q=0.6,identity;q=0.3
      Accept:
      - "*/*"
      User-Agent:
      - Ruby
  response:
    status:
      code: 200
      message: OK
    headers:
      Content-Type:
      - text/xml
      Cache-Control:
      - no-cache
      Connection:
      - close
      Content-Length:
      - '192'
    body:
      encoding: UTF-8
      string: |
        <package name="public_controller_package" project="public_controller_project">
          <title>Oh! To be in England</title>
          <description>Neque doloribus consequatur nihil.</description>
        </package>
    http_version: 
  recorded_at: Tue, 31 Jul 2018 20:35:01 GMT
- request:
    method: put
    uri: http://backend:5352/source/public_controller_project/public_controller_package/_meta?user=_nobody_
    body:
      encoding: UTF-8
      string: |
        <package name="public_controller_package" project="public_controller_project">
          <title>Oh! To be in England</title>
          <description>Neque doloribus consequatur nihil.</description>
        </package>
    headers:
      Accept-Encoding:
      - gzip;q=1.0,deflate;q=0.6,identity;q=0.3
      Accept:
      - "*/*"
      User-Agent:
      - Ruby
  response:
    status:
      code: 200
      message: OK
    headers:
      Content-Type:
      - text/xml
      Cache-Control:
      - no-cache
      Connection:
      - close
      Content-Length:
      - '192'
    body:
      encoding: UTF-8
      string: |
        <package name="public_controller_package" project="public_controller_project">
          <title>Oh! To be in England</title>
          <description>Neque doloribus consequatur nihil.</description>
        </package>
    http_version: 
  recorded_at: Tue, 31 Jul 2018 20:35:01 GMT
- request:
    method: put
    uri: http://backend:5352/source/public_controller_project/public_controller_package/_config
    body:
      encoding: UTF-8
      string: Inventore amet voluptas. Sit ut quia. Libero aliquam voluptas.
    headers:
      Accept-Encoding:
      - gzip;q=1.0,deflate;q=0.6,identity;q=0.3
      Accept:
      - "*/*"
      User-Agent:
      - Ruby
  response:
    status:
      code: 200
      message: OK
    headers:
      Content-Type:
      - text/xml
      Cache-Control:
      - no-cache
      Connection:
      - close
      Content-Length:
      - '207'
    body:
      encoding: UTF-8
      string: |
        <revision rev="7" vrev="7">
          <srcmd5>bf6e8c61263836a233ed86f872a86169</srcmd5>
          <version>unknown</version>
          <time>1533069301</time>
          <user>unknown</user>
          <comment></comment>
          <requestid/>
        </revision>
    http_version: 
  recorded_at: Tue, 31 Jul 2018 20:35:01 GMT
- request:
    method: put
    uri: http://backend:5352/source/public_controller_project/public_controller_package/somefile.txt
    body:
      encoding: UTF-8
      string: Placeat velit ea. Ea fuga culpa. Quas aut et.
    headers:
      Accept-Encoding:
      - gzip;q=1.0,deflate;q=0.6,identity;q=0.3
      Accept:
      - "*/*"
      User-Agent:
      - Ruby
  response:
    status:
      code: 200
      message: OK
    headers:
      Content-Type:
      - text/xml
      Cache-Control:
      - no-cache
      Connection:
      - close
      Content-Length:
      - '207'
    body:
      encoding: UTF-8
      string: |
        <revision rev="8" vrev="8">
          <srcmd5>bf6e8c61263836a233ed86f872a86169</srcmd5>
          <version>unknown</version>
          <time>1533069301</time>
          <user>unknown</user>
          <comment></comment>
          <requestid/>
        </revision>
    http_version: 
  recorded_at: Tue, 31 Jul 2018 20:35:01 GMT
- request:
    method: get
    uri: http://backend:5352/source/public_controller_project?expand=1&noorigins=1
    body:
      encoding: US-ASCII
      string: ''
    headers:
      Accept-Encoding:
      - gzip;q=1.0,deflate;q=0.6,identity;q=0.3
      Accept:
      - "*/*"
      User-Agent:
      - Ruby
  response:
    status:
      code: 200
      message: OK
    headers:
      Content-Type:
      - text/xml
      Cache-Control:
      - no-cache
      Connection:
      - close
      Content-Length:
      - '70'
    body:
      encoding: UTF-8
      string: |
        <directory>
          <entry name="public_controller_package" />
        </directory>
    http_version: 
  recorded_at: Tue, 31 Jul 2018 20:35:02 GMT
recorded_with: VCR 4.0.0
