---
http_interactions:
- request:
    method: put
    uri: http://backend:5352/source/home:Iggy/_meta?user=Iggy
    body:
      encoding: UTF-8
      string: |
        <project name="home:Iggy">
          <title/>
          <description/>
          <person userid="Iggy" role="maintainer"/>
        </project>
    headers:
      Accept-Encoding:
      - gzip;q=1.0,deflate;q=0.6,identity;q=0.3
      Accept:
      - "*/*"
      User-Agent:
      - Ruby
  response:
    status:
      code: 200
      message: OK
    headers:
      Content-Type:
      - text/xml
      Cache-Control:
      - no-cache
      Connection:
      - close
      Content-Length:
      - '130'
    body:
      encoding: UTF-8
      string: |
        <project name="home:Iggy">
          <title></title>
          <description></description>
          <person userid="Iggy" role="maintainer"/>
        </project>
  recorded_at: Wed, 22 Sep 2021 11:50:15 GMT
- request:
    method: put
    uri: http://backend:5352/source/foo_project/_meta?user=user_35
    body:
      encoding: UTF-8
      string: |
        <project name="foo_project">
          <title>The Monkey's Raincoat</title>
          <description/>
          <person userid="Iggy" role="maintainer"/>
        </project>
    headers:
      Accept-Encoding:
      - gzip;q=1.0,deflate;q=0.6,identity;q=0.3
      Accept:
      - "*/*"
      User-Agent:
      - Ruby
  response:
    status:
      code: 200
      message: OK
    headers:
      Content-Type:
      - text/xml
      Cache-Control:
      - no-cache
      Connection:
      - close
      Content-Length:
      - '153'
    body:
      encoding: UTF-8
      string: |
        <project name="foo_project">
          <title>The Monkey's Raincoat</title>
          <description></description>
          <person userid="Iggy" role="maintainer"/>
        </project>
  recorded_at: Wed, 22 Sep 2021 11:50:16 GMT
- request:
    method: put
    uri: http://backend:5352/source/foo_project/bar_package/_meta?user=user_36
    body:
      encoding: UTF-8
      string: |
        <package name="bar_package" project="foo_project">
          <title>Recalled to Life</title>
          <description>Quis quae et natus.</description>
        </package>
    headers:
      Accept-Encoding:
      - gzip;q=1.0,deflate;q=0.6,identity;q=0.3
      Accept:
      - "*/*"
      User-Agent:
      - Ruby
  response:
    status:
      code: 200
      message: OK
    headers:
      Content-Type:
      - text/xml
      Cache-Control:
      - no-cache
      Connection:
      - close
      Content-Length:
      - '145'
    body:
      encoding: UTF-8
      string: |
        <package name="bar_package" project="foo_project">
          <title>Recalled to Life</title>
          <description>Quis quae et natus.</description>
        </package>
  recorded_at: Wed, 22 Sep 2021 11:50:16 GMT
- request:
    method: put
    uri: http://backend:5352/source/foo_project/bar_package/_config
    body:
      encoding: UTF-8
      string: Rem maiores in. Quo mollitia assumenda. Dolor quo error.
    headers:
      Accept-Encoding:
      - gzip;q=1.0,deflate;q=0.6,identity;q=0.3
      Accept:
      - "*/*"
      User-Agent:
      - Ruby
  response:
    status:
      code: 200
      message: OK
    headers:
      Content-Type:
      - text/xml
      Cache-Control:
      - no-cache
      Connection:
      - close
      Content-Length:
      - '209'
    body:
      encoding: UTF-8
      string: |
        <revision rev="41" vrev="41">
          <srcmd5>d0eee1215efe5145e800505e6395b18d</srcmd5>
          <version>unknown</version>
          <time>1632311416</time>
          <user>unknown</user>
          <comment></comment>
          <requestid/>
        </revision>
  recorded_at: Wed, 22 Sep 2021 11:50:16 GMT
- request:
    method: put
    uri: http://backend:5352/source/foo_project/bar_package/somefile.txt
    body:
      encoding: UTF-8
      string: Harum voluptatibus quam. Deserunt sint ad. Cupiditate consequatur qui.
    headers:
      Accept-Encoding:
      - gzip;q=1.0,deflate;q=0.6,identity;q=0.3
      Accept:
      - "*/*"
      User-Agent:
      - Ruby
  response:
    status:
      code: 200
      message: OK
    headers:
      Content-Type:
      - text/xml
      Cache-Control:
      - no-cache
      Connection:
      - close
      Content-Length:
      - '209'
    body:
      encoding: UTF-8
      string: |
        <revision rev="42" vrev="42">
          <srcmd5>f80de022c5078a4de2de803702cc9696</srcmd5>
          <version>unknown</version>
          <time>1632311416</time>
          <user>unknown</user>
          <comment></comment>
          <requestid/>
        </revision>
  recorded_at: Wed, 22 Sep 2021 11:50:16 GMT
- request:
    method: post
    uri: http://backend:5352/search/package/id?match=(linkinfo/@package=%22bar_package%22%20and%20linkinfo/@project=%22foo_project%22%20and%20@project=%22foo_project%22)
    body:
      encoding: UTF-8
      string: ''
    headers:
      Content-Type:
      - application/octet-stream
      Accept-Encoding:
      - gzip;q=1.0,deflate;q=0.6,identity;q=0.3
      Accept:
      - "*/*"
      User-Agent:
      - Ruby
  response:
    status:
      code: 200
      message: OK
    headers:
      Content-Type:
      - text/xml
      Cache-Control:
      - no-cache
      Connection:
      - close
      Content-Length:
      - '27'
    body:
      encoding: UTF-8
      string: |
        <collection>
        </collection>
  recorded_at: Wed, 22 Sep 2021 11:50:16 GMT
- request:
    method: put
    uri: http://backend:5352/source/home:Iggy:openSUSE:open-build-service:PR-1/_meta?user=Iggy
    body:
      encoding: UTF-8
      string: |
        <project name="home:Iggy:openSUSE:open-build-service:PR-1">
          <title>Branch project for package bar_package</title>
          <description>This project was created for package bar_package via attribute OBS:Maintained</description>
          <person userid="Iggy" role="maintainer"/>
        </project>
    headers:
      Accept-Encoding:
      - gzip;q=1.0,deflate;q=0.6,identity;q=0.3
      Accept:
      - "*/*"
      User-Agent:
      - Ruby
  response:
    status:
      code: 200
      message: OK
    headers:
      Content-Type:
      - text/xml
      Cache-Control:
      - no-cache
      Connection:
      - close
      Content-Length:
      - '278'
    body:
      encoding: UTF-8
      string: |
        <project name="home:Iggy:openSUSE:open-build-service:PR-1">
          <title>Branch project for package bar_package</title>
          <description>This project was created for package bar_package via attribute OBS:Maintained</description>
          <person userid="Iggy" role="maintainer"/>
        </project>
  recorded_at: Wed, 22 Sep 2021 11:50:16 GMT
- request:
    method: put
    uri: http://backend:5352/source/home:Iggy:openSUSE:open-build-service:PR-1/bar_package/_meta?user=Iggy
    body:
      encoding: UTF-8
      string: |
        <package name="bar_package" project="home:Iggy:openSUSE:open-build-service:PR-1">
          <title>Recalled to Life</title>
          <description>Quis quae et natus.</description>
        </package>
    headers:
      Accept-Encoding:
      - gzip;q=1.0,deflate;q=0.6,identity;q=0.3
      Accept:
      - "*/*"
      User-Agent:
      - Ruby
  response:
    status:
      code: 200
      message: OK
    headers:
      Content-Type:
      - text/xml
      Cache-Control:
      - no-cache
      Connection:
      - close
      Content-Length:
      - '176'
    body:
      encoding: UTF-8
      string: |
        <package name="bar_package" project="home:Iggy:openSUSE:open-build-service:PR-1">
          <title>Recalled to Life</title>
          <description>Quis quae et natus.</description>
        </package>
  recorded_at: Wed, 22 Sep 2021 11:50:16 GMT
- request:
    method: post
    uri: http://backend:5352/source/home:Iggy:openSUSE:open-build-service:PR-1/bar_package?cmd=branch&noservice=1&opackage=bar_package&oproject=foo_project&user=Iggy
    body:
      encoding: UTF-8
      string: ''
    headers:
      Content-Type:
      - application/octet-stream
      Accept-Encoding:
      - gzip;q=1.0,deflate;q=0.6,identity;q=0.3
      Accept:
      - "*/*"
      User-Agent:
      - Ruby
  response:
    status:
      code: 200
      message: OK
    headers:
      Content-Type:
      - text/xml
      Cache-Control:
      - no-cache
      Connection:
      - close
      Content-Length:
      - '206'
    body:
      encoding: UTF-8
      string: |
        <revision rev="35" vrev="35">
          <srcmd5>5c304719f86c8839fb4a2bda0f1dfa32</srcmd5>
          <version>unknown</version>
          <time>1632311416</time>
          <user>Iggy</user>
          <comment></comment>
          <requestid/>
        </revision>
  recorded_at: Wed, 22 Sep 2021 11:50:16 GMT
- request:
    method: put
    uri: http://backend:5352/source/home:Iggy:openSUSE:open-build-service:PR-1/bar_package/_meta?user=Iggy
    body:
      encoding: UTF-8
      string: |
        <package name="bar_package" project="home:Iggy:openSUSE:open-build-service:PR-1">
          <title>Recalled to Life</title>
          <description>Quis quae et natus.</description>
        </package>
    headers:
      Accept-Encoding:
      - gzip;q=1.0,deflate;q=0.6,identity;q=0.3
      Accept:
      - "*/*"
      User-Agent:
      - Ruby
  response:
    status:
      code: 200
      message: OK
    headers:
      Content-Type:
      - text/xml
      Cache-Control:
      - no-cache
      Connection:
      - close
      Content-Length:
      - '176'
    body:
      encoding: UTF-8
      string: |
        <package name="bar_package" project="home:Iggy:openSUSE:open-build-service:PR-1">
          <title>Recalled to Life</title>
          <description>Quis quae et natus.</description>
        </package>
  recorded_at: Wed, 22 Sep 2021 11:50:16 GMT
- request:
    method: get
    uri: http://backend:5352/source/home:Iggy:openSUSE:open-build-service:PR-1/bar_package
    body:
      encoding: US-ASCII
      string: ''
    headers:
      Accept-Encoding:
      - gzip;q=1.0,deflate;q=0.6,identity;q=0.3
      Accept:
      - "*/*"
      User-Agent:
      - Ruby
  response:
    status:
      code: 200
      message: OK
    headers:
      Content-Type:
      - text/xml
      Cache-Control:
      - no-cache
      Connection:
      - close
      Content-Length:
      - '723'
    body:
      encoding: UTF-8
      string: |
        <directory name="bar_package" rev="35" vrev="35" srcmd5="5c304719f86c8839fb4a2bda0f1dfa32">
          <linkinfo project="foo_project" package="bar_package" srcmd5="f80de022c5078a4de2de803702cc9696" baserev="f80de022c5078a4de2de803702cc9696" xsrcmd5="c556e35e8e65aed289f1d6c7b0c18a65" lsrcmd5="5c304719f86c8839fb4a2bda0f1dfa32"/>
          <entry name="_branch_request" md5="c4321e613d633f87e139ae1201ad0bf8" size="113" mtime="1632311408"/>
          <entry name="_config" md5="412bd890ebb9fd0dc2a7c17c9732b5f4" size="56" mtime="1632311416"/>
          <entry name="_link" md5="a12bb3c73335b96defb35e748b447e03" size="119" mtime="1632311416"/>
          <entry name="somefile.txt" md5="8d143288c3df0a6d614cce7c82310667" size="70" mtime="1632311416"/>
        </directory>
  recorded_at: Wed, 22 Sep 2021 11:50:16 GMT
- request:
    method: get
    uri: http://backend:5352/source/home:Iggy:openSUSE:open-build-service:PR-1/bar_package?view=info
    body:
      encoding: US-ASCII
      string: ''
    headers:
      Accept-Encoding:
      - gzip;q=1.0,deflate;q=0.6,identity;q=0.3
      Accept:
      - "*/*"
      User-Agent:
      - Ruby
  response:
    status:
      code: 200
      message: OK
    headers:
      Content-Type:
      - text/xml
      Cache-Control:
      - no-cache
      Connection:
      - close
      Content-Length:
      - '330'
    body:
      encoding: UTF-8
      string: |
        <sourceinfo package="bar_package" rev="35" vrev="77" srcmd5="c556e35e8e65aed289f1d6c7b0c18a65" lsrcmd5="5c304719f86c8839fb4a2bda0f1dfa32" verifymd5="f80de022c5078a4de2de803702cc9696">
          <error>bad build configuration, no build type defined or detected</error>
          <linked project="foo_project" package="bar_package"/>
        </sourceinfo>
  recorded_at: Wed, 22 Sep 2021 11:50:16 GMT
- request:
    method: get
    uri: http://backend:5352/source/home:Iggy:openSUSE:open-build-service:PR-1/bar_package
    body:
      encoding: US-ASCII
      string: ''
    headers:
      Accept-Encoding:
      - gzip;q=1.0,deflate;q=0.6,identity;q=0.3
      Accept:
      - "*/*"
      User-Agent:
      - Ruby
  response:
    status:
      code: 200
      message: OK
    headers:
      Content-Type:
      - text/xml
      Cache-Control:
      - no-cache
      Connection:
      - close
      Content-Length:
      - '723'
    body:
      encoding: UTF-8
      string: |
        <directory name="bar_package" rev="35" vrev="35" srcmd5="5c304719f86c8839fb4a2bda0f1dfa32">
          <linkinfo project="foo_project" package="bar_package" srcmd5="f80de022c5078a4de2de803702cc9696" baserev="f80de022c5078a4de2de803702cc9696" xsrcmd5="c556e35e8e65aed289f1d6c7b0c18a65" lsrcmd5="5c304719f86c8839fb4a2bda0f1dfa32"/>
          <entry name="_branch_request" md5="c4321e613d633f87e139ae1201ad0bf8" size="113" mtime="1632311408"/>
          <entry name="_config" md5="412bd890ebb9fd0dc2a7c17c9732b5f4" size="56" mtime="1632311416"/>
          <entry name="_link" md5="a12bb3c73335b96defb35e748b447e03" size="119" mtime="1632311416"/>
          <entry name="somefile.txt" md5="8d143288c3df0a6d614cce7c82310667" size="70" mtime="1632311416"/>
        </directory>
  recorded_at: Wed, 22 Sep 2021 11:50:16 GMT
- request:
    method: post
    uri: http://backend:5352/source/home:Iggy:openSUSE:open-build-service:PR-1/bar_package?cmd=diff&linkrev=base&onlyissues=1&orev=0&view=xml
    body:
      encoding: UTF-8
      string: ''
    headers:
      Content-Type:
      - application/octet-stream
      Accept-Encoding:
      - gzip;q=1.0,deflate;q=0.6,identity;q=0.3
      Accept:
      - "*/*"
      User-Agent:
      - Ruby
  response:
    status:
      code: 200
      message: OK
    headers:
      Content-Type:
      - text/xml
      Cache-Control:
      - no-cache
      Connection:
      - close
      Content-Length:
      - '369'
    body:
      encoding: UTF-8
      string: |
        <sourcediff key="5a6585bd976bde170b55d751b8a598cb">
          <old project="home:Iggy:openSUSE:open-build-service:PR-1" package="bar_package" rev="0" srcmd5="d41d8cd98f00b204e9800998ecf8427e"/>
          <new project="home:Iggy:openSUSE:open-build-service:PR-1" package="bar_package" rev="35" srcmd5="5c304719f86c8839fb4a2bda0f1dfa32"/>
          <files/>
          <issues>
          </issues>
        </sourcediff>
  recorded_at: Wed, 22 Sep 2021 11:50:16 GMT
- request:
    method: post
    uri: http://backend:5352/source/home:Iggy:openSUSE:open-build-service:PR-1/bar_package?cmd=linkdiff&linkrev=base&onlyissues=1&view=xml
    body:
      encoding: UTF-8
      string: ''
    headers:
      Content-Type:
      - application/octet-stream
      Accept-Encoding:
      - gzip;q=1.0,deflate;q=0.6,identity;q=0.3
      Accept:
      - "*/*"
      User-Agent:
      - Ruby
  response:
    status:
      code: 200
      message: OK
    headers:
      Content-Type:
      - text/xml
      Cache-Control:
      - no-cache
      Connection:
      - close
      Content-Length:
      - '376'
    body:
      encoding: UTF-8
      string: |
        <sourcediff key="070677a68eb053cdcfc9e2919489c15a">
          <old project="foo_project" package="bar_package" rev="f80de022c5078a4de2de803702cc9696" srcmd5="f80de022c5078a4de2de803702cc9696"/>
          <new project="home:Iggy:openSUSE:open-build-service:PR-1" package="bar_package" rev="c556e35e8e65aed289f1d6c7b0c18a65" srcmd5="c556e35e8e65aed289f1d6c7b0c18a65"/>
          <files/>
        </sourcediff>
  recorded_at: Wed, 22 Sep 2021 11:50:16 GMT
- request:
    method: put
    uri: http://backend:5352/source/home:Iggy:openSUSE:open-build-service:PR-1/_meta?user=Iggy
    body:
      encoding: UTF-8
      string: |
        <project name="home:Iggy:openSUSE:open-build-service:PR-1">
          <title>Branch project for package bar_package</title>
          <description>This project was created for package bar_package via attribute OBS:Maintained</description>
          <person userid="Iggy" role="maintainer"/>
          <publish>
            <disable/>
          </publish>
        </project>
    headers:
      Accept-Encoding:
      - gzip;q=1.0,deflate;q=0.6,identity;q=0.3
      Accept:
      - "*/*"
      User-Agent:
      - Ruby
  response:
    status:
      code: 200
      message: OK
    headers:
      Content-Type:
      - text/xml
      Cache-Control:
      - no-cache
      Connection:
      - close
      Content-Length:
      - '318'
    body:
      encoding: UTF-8
      string: |
        <project name="home:Iggy:openSUSE:open-build-service:PR-1">
          <title>Branch project for package bar_package</title>
          <description>This project was created for package bar_package via attribute OBS:Maintained</description>
          <person userid="Iggy" role="maintainer"/>
          <publish>
            <disable/>
          </publish>
        </project>
  recorded_at: Wed, 22 Sep 2021 11:50:16 GMT
- request:
    method: put
    uri: http://backend:5352/source/home:Iggy:openSUSE:open-build-service:PR-1/bar_package/_branch_request?user=Iggy
    body:
      encoding: UTF-8
      string: '{"action":"opened","pull_request":{"head":{"repo":{"full_name":"reponame"},"sha":"123"}}}'
    headers:
      Accept-Encoding:
      - gzip;q=1.0,deflate;q=0.6,identity;q=0.3
      Accept:
      - "*/*"
      User-Agent:
      - Ruby
  response:
    status:
      code: 200
      message: OK
    headers:
      Content-Type:
      - text/xml
      Cache-Control:
      - no-cache
      Connection:
      - close
      Content-Length:
      - '206'
    body:
      encoding: UTF-8
      string: |
        <revision rev="36" vrev="36">
          <srcmd5>5c34431d9213d79d238647ed412c1450</srcmd5>
          <version>unknown</version>
          <time>1632311416</time>
          <user>Iggy</user>
          <comment></comment>
          <requestid/>
        </revision>
  recorded_at: Wed, 22 Sep 2021 11:50:16 GMT
- request:
    method: put
    uri: http://backend:5352/source/home:Iggy:openSUSE:open-build-service:PR-1/bar_package/_meta?user=Iggy
    body:
      encoding: UTF-8
      string: |
        <package name="bar_package" project="home:Iggy:openSUSE:open-build-service:PR-1">
          <title>Recalled to Life</title>
          <description>Quis quae et natus.</description>
        </package>
    headers:
      Accept-Encoding:
      - gzip;q=1.0,deflate;q=0.6,identity;q=0.3
      Accept:
      - "*/*"
      User-Agent:
      - Ruby
  response:
    status:
      code: 200
      message: OK
    headers:
      Content-Type:
      - text/xml
      Cache-Control:
      - no-cache
      Connection:
      - close
      Content-Length:
      - '176'
    body:
      encoding: UTF-8
      string: |
        <package name="bar_package" project="home:Iggy:openSUSE:open-build-service:PR-1">
          <title>Recalled to Life</title>
          <description>Quis quae et natus.</description>
        </package>
  recorded_at: Wed, 22 Sep 2021 11:50:16 GMT
- request:
    method: get
    uri: http://backend:5352/source/home:Iggy:openSUSE:open-build-service:PR-1/bar_package
    body:
      encoding: US-ASCII
      string: ''
    headers:
      Accept-Encoding:
      - gzip;q=1.0,deflate;q=0.6,identity;q=0.3
      Accept:
      - "*/*"
      User-Agent:
      - Ruby
  response:
    status:
      code: 200
      message: OK
    headers:
      Content-Type:
      - text/xml
      Cache-Control:
      - no-cache
      Connection:
      - close
      Content-Length:
      - '722'
    body:
      encoding: UTF-8
      string: |
        <directory name="bar_package" rev="36" vrev="36" srcmd5="5c34431d9213d79d238647ed412c1450">
          <linkinfo project="foo_project" package="bar_package" srcmd5="f80de022c5078a4de2de803702cc9696" baserev="f80de022c5078a4de2de803702cc9696" xsrcmd5="4a218b037828f9af60bfbc192c15d846" lsrcmd5="5c34431d9213d79d238647ed412c1450"/>
          <entry name="_branch_request" md5="4becc0c108a703b38c26920c45965516" size="89" mtime="1632311398"/>
          <entry name="_config" md5="412bd890ebb9fd0dc2a7c17c9732b5f4" size="56" mtime="1632311416"/>
          <entry name="_link" md5="a12bb3c73335b96defb35e748b447e03" size="119" mtime="1632311416"/>
          <entry name="somefile.txt" md5="8d143288c3df0a6d614cce7c82310667" size="70" mtime="1632311416"/>
        </directory>
  recorded_at: Wed, 22 Sep 2021 11:50:16 GMT
- request:
    method: get
    uri: http://backend:5352/source/home:Iggy:openSUSE:open-build-service:PR-1/bar_package?view=info
    body:
      encoding: US-ASCII
      string: ''
    headers:
      Accept-Encoding:
      - gzip;q=1.0,deflate;q=0.6,identity;q=0.3
      Accept:
      - "*/*"
      User-Agent:
      - Ruby
  response:
    status:
      code: 200
      message: OK
    headers:
      Content-Type:
      - text/xml
      Cache-Control:
      - no-cache
      Connection:
      - close
      Content-Length:
      - '330'
    body:
      encoding: UTF-8
      string: |
        <sourceinfo package="bar_package" rev="36" vrev="78" srcmd5="4a218b037828f9af60bfbc192c15d846" lsrcmd5="5c34431d9213d79d238647ed412c1450" verifymd5="5008b9696c7235b74e0d8336af7e7176">
          <error>bad build configuration, no build type defined or detected</error>
          <linked project="foo_project" package="bar_package"/>
        </sourceinfo>
  recorded_at: Wed, 22 Sep 2021 11:50:16 GMT
- request:
    method: get
    uri: http://backend:5352/source/home:Iggy:openSUSE:open-build-service:PR-1/bar_package
    body:
      encoding: US-ASCII
      string: ''
    headers:
      Accept-Encoding:
      - gzip;q=1.0,deflate;q=0.6,identity;q=0.3
      Accept:
      - "*/*"
      User-Agent:
      - Ruby
  response:
    status:
      code: 200
      message: OK
    headers:
      Content-Type:
      - text/xml
      Cache-Control:
      - no-cache
      Connection:
      - close
      Content-Length:
      - '722'
    body:
      encoding: UTF-8
      string: |
        <directory name="bar_package" rev="36" vrev="36" srcmd5="5c34431d9213d79d238647ed412c1450">
          <linkinfo project="foo_project" package="bar_package" srcmd5="f80de022c5078a4de2de803702cc9696" baserev="f80de022c5078a4de2de803702cc9696" xsrcmd5="4a218b037828f9af60bfbc192c15d846" lsrcmd5="5c34431d9213d79d238647ed412c1450"/>
          <entry name="_branch_request" md5="4becc0c108a703b38c26920c45965516" size="89" mtime="1632311398"/>
          <entry name="_config" md5="412bd890ebb9fd0dc2a7c17c9732b5f4" size="56" mtime="1632311416"/>
          <entry name="_link" md5="a12bb3c73335b96defb35e748b447e03" size="119" mtime="1632311416"/>
          <entry name="somefile.txt" md5="8d143288c3df0a6d614cce7c82310667" size="70" mtime="1632311416"/>
        </directory>
  recorded_at: Wed, 22 Sep 2021 11:50:16 GMT
- request:
    method: post
    uri: http://backend:5352/source/home:Iggy:openSUSE:open-build-service:PR-1/bar_package?cmd=diff&linkrev=base&onlyissues=1&orev=0&view=xml
    body:
      encoding: UTF-8
      string: ''
    headers:
      Content-Type:
      - application/octet-stream
      Accept-Encoding:
      - gzip;q=1.0,deflate;q=0.6,identity;q=0.3
      Accept:
      - "*/*"
      User-Agent:
      - Ruby
  response:
    status:
      code: 200
      message: OK
    headers:
      Content-Type:
      - text/xml
      Cache-Control:
      - no-cache
      Connection:
      - close
      Content-Length:
      - '369'
    body:
      encoding: UTF-8
      string: |
        <sourcediff key="f2cdc06cf418d226ef6669f2227cb5b1">
          <old project="home:Iggy:openSUSE:open-build-service:PR-1" package="bar_package" rev="0" srcmd5="d41d8cd98f00b204e9800998ecf8427e"/>
          <new project="home:Iggy:openSUSE:open-build-service:PR-1" package="bar_package" rev="36" srcmd5="5c34431d9213d79d238647ed412c1450"/>
          <files/>
          <issues>
          </issues>
        </sourcediff>
  recorded_at: Wed, 22 Sep 2021 11:50:16 GMT
- request:
    method: post
    uri: http://backend:5352/source/home:Iggy:openSUSE:open-build-service:PR-1/bar_package?cmd=linkdiff&linkrev=base&onlyissues=1&view=xml
    body:
      encoding: UTF-8
      string: ''
    headers:
      Content-Type:
      - application/octet-stream
      Accept-Encoding:
      - gzip;q=1.0,deflate;q=0.6,identity;q=0.3
      Accept:
      - "*/*"
      User-Agent:
      - Ruby
  response:
    status:
      code: 200
      message: OK
    headers:
      Content-Type:
      - text/xml
      Cache-Control:
      - no-cache
      Connection:
      - close
      Content-Length:
      - '399'
    body:
      encoding: UTF-8
      string: |
        <sourcediff key="f3233970713f08b47640d06f73fe0e40">
          <old project="foo_project" package="bar_package" rev="f80de022c5078a4de2de803702cc9696" srcmd5="f80de022c5078a4de2de803702cc9696"/>
          <new project="home:Iggy:openSUSE:open-build-service:PR-1" package="bar_package" rev="4a218b037828f9af60bfbc192c15d846" srcmd5="4a218b037828f9af60bfbc192c15d846"/>
          <files/>
          <issues>
          </issues>
        </sourcediff>
  recorded_at: Wed, 22 Sep 2021 11:50:16 GMT
recorded_with: VCR 6.0.0
