---
http_interactions:
- request:
    method: put
    uri: http://localhost:3200/source/home:tom/_meta?user=tom
    body:
      encoding: UTF-8
      string: |
        <project name="home:tom">
          <title/>
          <description/>
          <person userid="tom" role="maintainer"/>
        </project>
    headers:
      Accept-Encoding:
      - gzip;q=1.0,deflate;q=0.6,identity;q=0.3
      Accept:
      - "*/*"
      User-Agent:
      - Ruby
  response:
    status:
      code: 200
      message: OK
    headers:
      Content-Type:
      - text/xml
      Cache-Control:
      - no-cache
      Connection:
      - close
      Content-Length:
      - '129'
    body:
      encoding: UTF-8
      string: |
        <project name="home:tom">
          <title></title>
          <description></description>
          <person userid="tom" role="maintainer" />
        </project>
    http_version: 
  recorded_at: Wed, 22 Mar 2017 12:10:47 GMT
- request:
    method: put
    uri: http://localhost:3200/source/home:tom/my_package++special/_meta?user=_nobody_
    body:
      encoding: UTF-8
      string: |
        <package name="my_package++special" project="home:tom">
          <title/>
          <description/>
        </package>
    headers:
      Accept-Encoding:
      - gzip;q=1.0,deflate;q=0.6,identity;q=0.3
      Accept:
      - "*/*"
      User-Agent:
      - Ruby
  response:
    status:
      code: 200
      message: OK
    headers:
      Content-Type:
      - text/xml
      Cache-Control:
      - no-cache
      Connection:
      - close
      Content-Length:
      - '115'
    body:
      encoding: UTF-8
      string: |
        <package name="my_package++special" project="home:tom">
          <title></title>
          <description></description>
        </package>
    http_version: 
  recorded_at: Wed, 22 Mar 2017 12:10:47 GMT
- request:
    method: put
    uri: http://localhost:3200/source/home:tom/my_package++special/_meta
    body:
      encoding: UTF-8
      string: |
        <package name="my_package++special" project="home:tom">
          <title/>
          <description/>
        </package>
    headers:
      Accept-Encoding:
      - gzip;q=1.0,deflate;q=0.6,identity;q=0.3
      Accept:
      - "*/*"
      User-Agent:
      - Ruby
  response:
    status:
      code: 200
      message: OK
    headers:
      Content-Type:
      - text/xml
      Cache-Control:
      - no-cache
      Connection:
      - close
      Content-Length:
      - '115'
    body:
      encoding: UTF-8
      string: |
        <package name="my_package++special" project="home:tom">
          <title></title>
          <description></description>
        </package>
    http_version: 
  recorded_at: Wed, 22 Mar 2017 12:10:47 GMT
- request:
    method: get
    uri: http://localhost:3200/build/home:tom//i586/my_package++special/_log?view=entry
    body:
      encoding: US-ASCII
      string: ''
    headers:
      Content-Type:
      - text/plain
      Accept-Encoding:
      - identity
      Accept:
      - "*/*"
      User-Agent:
      - Ruby
  response:
    status:
      code: 400
      message: repoid is empty
    headers:
      Content-Type:
      - text/xml
      Cache-Control:
      - no-cache
      Connection:
      - close
      Content-Length:
      - '67'
    body:
      encoding: UTF-8
      string: |
        <status code="400">
          <summary>repoid is empty</summary>
        </status>
    http_version: 
  recorded_at: Wed, 22 Mar 2017 12:10:47 GMT
- request:
    method: get
    uri: http://localhost:3200/build/home:tom//i586/my_package++special/_log?end=65536&nostream=1&start=0
    body:
      encoding: US-ASCII
      string: ''
    headers:
      Content-Type:
      - text/plain
      Accept-Encoding:
      - identity
      Accept:
      - "*/*"
      User-Agent:
      - Ruby
  response:
    status:
      code: 400
      message: repoid is empty
    headers:
      Content-Type:
      - text/xml
      Cache-Control:
      - no-cache
      Connection:
      - close
      Content-Length:
      - '67'
    body:
      encoding: UTF-8
      string: |
        <status code="400">
          <summary>repoid is empty</summary>
        </status>
    http_version: 
  recorded_at: Wed, 22 Mar 2017 12:10:47 GMT
recorded_with: VCR 3.0.3
