---
http_interactions:
- request:
    method: put
    uri: http://localhost:3200/source/home:tom/_meta?user=tom
    body:
      encoding: UTF-8
      string: |
        <project name="home:tom">
          <title/>
          <description/>
          <person userid="tom" role="maintainer"/>
        </project>
    headers:
      Accept-Encoding:
      - gzip;q=1.0,deflate;q=0.6,identity;q=0.3
      Accept:
      - "*/*"
      User-Agent:
      - Ruby
  response:
    status:
      code: 200
      message: OK
    headers:
      Content-Type:
      - text/xml
      Cache-Control:
      - no-cache
      Connection:
      - close
      Content-Length:
      - '129'
    body:
      encoding: UTF-8
      string: |
        <project name="home:tom">
          <title></title>
          <description></description>
          <person userid="tom" role="maintainer" />
        </project>
    http_version: 
  recorded_at: Tue, 02 May 2017 14:55:51 GMT
- request:
    method: put
    uri: http://localhost:3200/source/home:user_3/_meta?user=user_3
    body:
      encoding: UTF-8
      string: |
        <project name="home:user_3">
          <title/>
          <description/>
          <person userid="user_3" role="maintainer"/>
        </project>
    headers:
      Accept-Encoding:
      - gzip;q=1.0,deflate;q=0.6,identity;q=0.3
      Accept:
      - "*/*"
      User-Agent:
      - Ruby
  response:
    status:
      code: 200
      message: OK
    headers:
      Content-Type:
      - text/xml
      Cache-Control:
      - no-cache
      Connection:
      - close
      Content-Length:
      - '135'
    body:
      encoding: UTF-8
      string: |
        <project name="home:user_3">
          <title></title>
          <description></description>
          <person userid="user_3" role="maintainer" />
        </project>
    http_version: 
  recorded_at: Tue, 02 May 2017 14:55:51 GMT
- request:
    method: put
    uri: http://localhost:3200/source/home:tom/package_with_file/_meta?user=user_3
    body:
      encoding: UTF-8
      string: |
        <package name="package_with_file" project="home:tom">
          <title>Of Human Bondage</title>
          <description>Enim et doloribus ex est.</description>
        </package>
    headers:
      Accept-Encoding:
      - gzip;q=1.0,deflate;q=0.6,identity;q=0.3
      Accept:
      - "*/*"
      User-Agent:
      - Ruby
  response:
    status:
      code: 200
      message: OK
    headers:
      Content-Type:
      - text/xml
      Cache-Control:
      - no-cache
      Connection:
      - close
      Content-Length:
      - '154'
    body:
      encoding: UTF-8
      string: |
        <package name="package_with_file" project="home:tom">
          <title>Of Human Bondage</title>
          <description>Enim et doloribus ex est.</description>
        </package>
    http_version: 
  recorded_at: Tue, 02 May 2017 14:55:51 GMT
- request:
    method: put
    uri: http://localhost:3200/source/home:tom/package_with_file/_meta
    body:
      encoding: UTF-8
      string: |
        <package name="package_with_file" project="home:tom">
          <title>Of Human Bondage</title>
          <description>Enim et doloribus ex est.</description>
        </package>
    headers:
      Accept-Encoding:
      - gzip;q=1.0,deflate;q=0.6,identity;q=0.3
      Accept:
      - "*/*"
      User-Agent:
      - Ruby
  response:
    status:
      code: 200
      message: OK
    headers:
      Content-Type:
      - text/xml
      Cache-Control:
      - no-cache
      Connection:
      - close
      Content-Length:
      - '154'
    body:
      encoding: UTF-8
      string: |
        <package name="package_with_file" project="home:tom">
          <title>Of Human Bondage</title>
          <description>Enim et doloribus ex est.</description>
        </package>
    http_version: 
  recorded_at: Tue, 02 May 2017 14:55:51 GMT
- request:
    method: put
    uri: http://localhost:3200/source/home:tom/package_with_file/_config
    body:
      encoding: UTF-8
      string: Magni et non aut nesciunt voluptatum deleniti unde. Quos nam rerum.
        Aperiam voluptas voluptatem esse aut ut nostrum. Aliquid pariatur in nemo
        nihil distinctio. Suscipit mollitia repellat cupiditate sequi dolores non.
    headers:
      Accept-Encoding:
      - gzip;q=1.0,deflate;q=0.6,identity;q=0.3
      Accept:
      - "*/*"
      User-Agent:
      - Ruby
  response:
    status:
      code: 200
      message: OK
    headers:
      Content-Type:
      - text/xml
      Cache-Control:
      - no-cache
      Connection:
      - close
      Content-Length:
      - '209'
    body:
      encoding: UTF-8
      string: |
        <revision rev="17" vrev="17">
          <srcmd5>3f809a671ec60dee417089ece117eb0e</srcmd5>
          <version>unknown</version>
          <time>1493736951</time>
          <user>unknown</user>
          <comment></comment>
          <requestid/>
        </revision>
    http_version: 
  recorded_at: Tue, 02 May 2017 14:55:52 GMT
- request:
    method: put
    uri: http://localhost:3200/source/home:tom/package_with_file/somefile.txt
    body:
      encoding: UTF-8
      string: Sequi nostrum libero incidunt animi hic quos. Recusandae ut doloremque
        non distinctio inventore. Ut hic praesentium eaque. Cumque recusandae voluptas
        unde ipsum minima quis.
    headers:
      Accept-Encoding:
      - gzip;q=1.0,deflate;q=0.6,identity;q=0.3
      Accept:
      - "*/*"
      User-Agent:
      - Ruby
  response:
    status:
      code: 200
      message: OK
    headers:
      Content-Type:
      - text/xml
      Cache-Control:
      - no-cache
      Connection:
      - close
      Content-Length:
      - '209'
    body:
      encoding: UTF-8
      string: |
        <revision rev="18" vrev="18">
          <srcmd5>996b5eb9b5101477cf7893919a788f0e</srcmd5>
          <version>unknown</version>
          <time>1493736952</time>
          <user>unknown</user>
          <comment></comment>
          <requestid/>
        </revision>
    http_version: 
  recorded_at: Tue, 02 May 2017 14:55:52 GMT
- request:
    method: put
    uri: http://localhost:3200/source/project_9/_meta
    body:
      encoding: UTF-8
      string: |
        <project name="project_9">
          <title>Of Mice and Men</title>
          <description/>
        </project>
    headers:
      Accept-Encoding:
      - gzip;q=1.0,deflate;q=0.6,identity;q=0.3
      Accept:
      - "*/*"
      User-Agent:
      - Ruby
  response:
    status:
      code: 200
      message: OK
    headers:
      Content-Type:
      - text/xml
      Cache-Control:
      - no-cache
      Connection:
      - close
      Content-Length:
      - '101'
    body:
      encoding: UTF-8
      string: |
        <project name="project_9">
          <title>Of Mice and Men</title>
          <description></description>
        </project>
    http_version: 
  recorded_at: Tue, 02 May 2017 14:55:52 GMT
- request:
    method: put
    uri: http://localhost:3200/source/project_9/_config
    body:
      encoding: UTF-8
      string: Aut et possimus est vitae dolorum voluptas. Minima iure repudiandae
        voluptas reiciendis. Quod cumque architecto quidem et consequatur iste. Temporibus
        voluptas occaecati id nostrum soluta quia.
    headers:
      Accept-Encoding:
      - gzip;q=1.0,deflate;q=0.6,identity;q=0.3
      Accept:
      - "*/*"
      User-Agent:
      - Ruby
  response:
    status:
      code: 200
      message: OK
    headers:
      Content-Type:
      - text/xml
      Cache-Control:
      - no-cache
      Connection:
      - close
      Content-Length:
      - '21'
    body:
      encoding: UTF-8
      string: '<status code="ok" />

'
    http_version: 
  recorded_at: Tue, 02 May 2017 14:55:52 GMT
- request:
    method: get
    uri: http://localhost:3200/source/home:tom/package_with_file?expand=1
    body:
      encoding: US-ASCII
      string: ''
    headers:
      Accept-Encoding:
      - gzip;q=1.0,deflate;q=0.6,identity;q=0.3
      Accept:
      - "*/*"
      User-Agent:
      - Ruby
  response:
    status:
      code: 200
      message: OK
    headers:
      Content-Type:
      - text/xml
      Cache-Control:
      - no-cache
      Connection:
      - close
      Content-Length:
      - '308'
    body:
      encoding: UTF-8
      string: |
        <directory name="package_with_file" rev="18" vrev="18" srcmd5="996b5eb9b5101477cf7893919a788f0e">
          <entry name="_config" md5="98958443371640d99f2a517505e8b72f" size="216" mtime="1493736951" />
          <entry name="somefile.txt" md5="709d9b4ff6a62cb69010987d829b7865" size="173" mtime="1493736952" />
        </directory>
    http_version: 
  recorded_at: Tue, 02 May 2017 14:55:52 GMT
recorded_with: VCR 3.0.3
