---
http_interactions:
- request:
    method: put
    uri: http://backend:5352/source/project/_meta?user=user_83
    body:
      encoding: UTF-8
      string: |
        <project name="project">
          <title>Alone on a Wide, Wide Sea</title>
          <description/>
          <person userid="foo" role="maintainer"/>
        </project>
    headers:
      Accept-Encoding:
      - gzip;q=1.0,deflate;q=0.6,identity;q=0.3
      Accept:
      - "*/*"
      User-Agent:
      - Ruby
  response:
    status:
      code: 200
      message: OK
    headers:
      Content-Type:
      - text/xml
      Cache-Control:
      - no-cache
      Connection:
      - close
      Content-Length:
      - '152'
    body:
      encoding: UTF-8
      string: |
        <project name="project">
          <title>Alone on a Wide, Wide Sea</title>
          <description></description>
          <person userid="foo" role="maintainer"/>
        </project>
  recorded_at: Thu, 10 Jun 2021 10:24:01 GMT
- request:
    method: put
    uri: http://backend:5352/source/project/package_with_service/_meta?user=user_84
    body:
      encoding: UTF-8
      string: |
        <package name="package_with_service" project="project">
          <title>Paths of Glory</title>
          <description>Possimus sint asperiores molestias.</description>
        </package>
    headers:
      Accept-Encoding:
      - gzip;q=1.0,deflate;q=0.6,identity;q=0.3
      Accept:
      - "*/*"
      User-Agent:
      - Ruby
  response:
    status:
      code: 200
      message: OK
    headers:
      Content-Type:
      - text/xml
      Cache-Control:
      - no-cache
      Connection:
      - close
      Content-Length:
      - '164'
    body:
      encoding: UTF-8
      string: |
        <package name="package_with_service" project="project">
          <title>Paths of Glory</title>
          <description>Possimus sint asperiores molestias.</description>
        </package>
  recorded_at: Thu, 10 Jun 2021 10:24:01 GMT
- request:
    method: put
    uri: http://backend:5352/source/project/package_with_service/_service
    body:
      encoding: UTF-8
      string: "<services/>"
    headers:
      Accept-Encoding:
      - gzip;q=1.0,deflate;q=0.6,identity;q=0.3
      Accept:
      - "*/*"
      User-Agent:
      - Ruby
  response:
    status:
      code: 200
      message: OK
    headers:
      Content-Type:
      - text/xml
      Cache-Control:
      - no-cache
      Connection:
      - close
      Content-Length:
      - '207'
    body:
      encoding: UTF-8
      string: |
        <revision rev="3" vrev="3">
          <srcmd5>ccb6f43a061e0eff0367f8e28a75f8d5</srcmd5>
          <version>unknown</version>
          <time>1623320641</time>
          <user>unknown</user>
          <comment></comment>
          <requestid/>
        </revision>
  recorded_at: Thu, 10 Jun 2021 10:24:01 GMT
- request:
    method: post
    uri: http://backend:5352/source/project/package_with_service?cmd=runservice&user=foo
    body:
      encoding: UTF-8
      string: ''
    headers:
      Content-Type:
      - application/octet-stream
      Accept-Encoding:
      - gzip;q=1.0,deflate;q=0.6,identity;q=0.3
      Accept:
      - "*/*"
      User-Agent:
      - Ruby
  response:
    status:
      code: 200
      message: OK
    headers:
      Content-Type:
      - text/xml
      Cache-Control:
      - no-cache
      Connection:
      - close
      Content-Length:
      - '21'
    body:
      encoding: UTF-8
      string: '<status code="ok" />

'
  recorded_at: Thu, 10 Jun 2021 10:24:01 GMT
recorded_with: VCR 6.0.0
