---
http_interactions:
- request:
    method: put
    uri: http://backend:5352/source/target_project/_meta?user=user_11
    body:
      encoding: UTF-8
      string: |
        <project name="target_project">
          <title>The Heart Is Deceitful Above All Things</title>
          <description/>
        </project>
    headers:
      X-Frontend-Start:
      - '1765556058'
      Accept-Encoding:
      - gzip;q=1.0,deflate;q=0.6,identity;q=0.3
      Accept:
      - "*/*"
      User-Agent:
      - Ruby
  response:
    status:
      code: 200
      message: OK
    headers:
      Content-Type:
      - text/xml
      Cache-Control:
      - no-cache
      Connection:
      - close
      Content-Length:
      - '130'
    body:
      encoding: UTF-8
      string: |
        <project name="target_project">
          <title>The Heart Is Deceitful Above All Things</title>
          <description></description>
        </project>
  recorded_at: Fri, 12 Dec 2025 16:14:18 GMT
- request:
    method: put
    uri: http://backend:5352/source/target_project/target_package/_meta?user=user_12
    body:
      encoding: UTF-8
      string: |
        <package name="target_package" project="target_project">
          <title>No Highway</title>
          <description>Quam hic adipisci nulla.</description>
        </package>
    headers:
      X-Frontend-Start:
      - '1765556058'
      Accept-Encoding:
      - gzip;q=1.0,deflate;q=0.6,identity;q=0.3
      Accept:
      - "*/*"
      User-Agent:
      - Ruby
  response:
    status:
      code: 200
      message: OK
    headers:
      Content-Type:
      - text/xml
      Cache-Control:
      - no-cache
      Connection:
      - close
      Content-Length:
      - '150'
    body:
      encoding: UTF-8
      string: |
        <package name="target_package" project="target_project">
          <title>No Highway</title>
          <description>Quam hic adipisci nulla.</description>
        </package>
  recorded_at: Fri, 12 Dec 2025 16:14:18 GMT
- request:
    method: put
    uri: http://backend:5352/source/source_project/_meta?user=user_13
    body:
      encoding: UTF-8
      string: |
        <project name="source_project">
          <title>Number the Stars</title>
          <description/>
        </project>
    headers:
      X-Frontend-Start:
      - '1765556058'
      Accept-Encoding:
      - gzip;q=1.0,deflate;q=0.6,identity;q=0.3
      Accept:
      - "*/*"
      User-Agent:
      - Ruby
  response:
    status:
      code: 200
      message: OK
    headers:
      Content-Type:
      - text/xml
      Cache-Control:
      - no-cache
      Connection:
      - close
      Content-Length:
      - '107'
    body:
      encoding: UTF-8
      string: |
        <project name="source_project">
          <title>Number the Stars</title>
          <description></description>
        </project>
  recorded_at: Fri, 12 Dec 2025 16:14:18 GMT
- request:
    method: put
    uri: http://backend:5352/source/source_project/_project/_attribute?meta=1&user=user_13
    body:
      encoding: UTF-8
      string: |
        <attributes>
          <attribute name="ApprovedRequestSource" namespace="OBS"/>
        </attributes>
    headers:
      X-Frontend-Start:
      - '1765556058'
      Accept-Encoding:
      - gzip;q=1.0,deflate;q=0.6,identity;q=0.3
      Accept:
      - "*/*"
      User-Agent:
      - Ruby
  response:
    status:
      code: 200
      message: OK
    headers:
      Content-Type:
      - text/xml
      Cache-Control:
      - no-cache
      Connection:
      - close
      Content-Length:
      - '170'
    body:
      encoding: UTF-8
      string: |
        <revision rev="26">
          <srcmd5>1e9907d0c1a0101ea58f91d52132c5fb</srcmd5>
          <time>1765556058</time>
          <user>user_13</user>
          <comment></comment>
          <requestid/>
        </revision>
  recorded_at: Fri, 12 Dec 2025 16:14:18 GMT
- request:
    method: put
    uri: http://backend:5352/source/source_project/source_package/_meta?user=user_14
    body:
      encoding: UTF-8
      string: |
        <package name="source_package" project="source_project">
          <title>Dance Dance Dance</title>
          <description>Et expedita architecto asperiores.</description>
        </package>
    headers:
      X-Frontend-Start:
      - '1765556058'
      Accept-Encoding:
      - gzip;q=1.0,deflate;q=0.6,identity;q=0.3
      Accept:
      - "*/*"
      User-Agent:
      - Ruby
  response:
    status:
      code: 200
      message: OK
    headers:
      Content-Type:
      - text/xml
      Cache-Control:
      - no-cache
      Connection:
      - close
      Content-Length:
      - '167'
    body:
      encoding: UTF-8
      string: |
        <package name="source_package" project="source_project">
          <title>Dance Dance Dance</title>
          <description>Et expedita architecto asperiores.</description>
        </package>
  recorded_at: Fri, 12 Dec 2025 16:14:18 GMT
- request:
    method: get
    uri: http://backend:5352/source/source_project/source_package
    body:
      encoding: US-ASCII
      string: ''
    headers:
      X-Frontend-Start:
      - '1765556059'
      Accept-Encoding:
      - gzip;q=1.0,deflate;q=0.6,identity;q=0.3
      Accept:
      - "*/*"
      User-Agent:
      - Ruby
  response:
    status:
      code: 200
      message: OK
    headers:
      Content-Type:
      - text/xml
      Cache-Control:
      - no-cache
      Connection:
      - close
      Content-Length:
      - '89'
    body:
      encoding: UTF-8
      string: |
        <directory name="source_package" srcmd5="d41d8cd98f00b204e9800998ecf8427e">
        </directory>
  recorded_at: Fri, 12 Dec 2025 16:14:19 GMT
- request:
    method: post
    uri: http://backend:5352/source/source_project/source_package?cmd=diff&expand=1&filelimit=10000&opackage=target_package&oproject=target_project&tarlimit=10000&view=xml&withissues=1
    body:
      encoding: UTF-8
      string: ''
    headers:
      Content-Type:
      - application/octet-stream
      X-Frontend-Start:
      - '1765556059'
      Accept-Encoding:
      - gzip;q=1.0,deflate;q=0.6,identity;q=0.3
      Accept:
      - "*/*"
      User-Agent:
      - Ruby
  response:
    status:
      code: 200
      message: OK
    headers:
      Content-Type:
      - text/xml
      Content-Length:
      - '328'
      Cache-Control:
      - no-cache
      Connection:
      - close
    body:
      encoding: UTF-8
      string: |
        <sourcediff key="2fe57ca3fd12f129d580b1580021d5e5">
          <old project="target_project" package="target_package" rev="0" srcmd5="d41d8cd98f00b204e9800998ecf8427e"/>
          <new project="source_project" package="source_package" rev="0" srcmd5="d41d8cd98f00b204e9800998ecf8427e"/>
          <files>
          </files>
          <issues>
          </issues>
        </sourcediff>
  recorded_at: Fri, 12 Dec 2025 16:14:19 GMT
- request:
    method: put
    uri: http://backend:5352/source/home:tux/_meta?user=tux
    body:
      encoding: UTF-8
      string: |
        <project name="home:tux">
          <title/>
          <description/>
          <person userid="tux" role="maintainer"/>
        </project>
    headers:
      X-Frontend-Start:
      - '1765556059'
      Accept-Encoding:
      - gzip;q=1.0,deflate;q=0.6,identity;q=0.3
      Accept:
      - "*/*"
      User-Agent:
      - Ruby
  response:
    status:
      code: 200
      message: OK
    headers:
      Content-Type:
      - text/xml
      Cache-Control:
      - no-cache
      Connection:
      - close
      Content-Length:
      - '128'
    body:
      encoding: UTF-8
      string: |
        <project name="home:tux">
          <title></title>
          <description></description>
          <person userid="tux" role="maintainer"/>
        </project>
  recorded_at: Fri, 12 Dec 2025 16:14:19 GMT
- request:
    method: get
    uri: http://backend:5352/source/target_project/target_package
    body:
      encoding: US-ASCII
      string: ''
    headers:
      X-Frontend-Start:
      - '1765556059'
      Accept-Encoding:
      - gzip;q=1.0,deflate;q=0.6,identity;q=0.3
      Accept:
      - "*/*"
      User-Agent:
      - Ruby
  response:
    status:
      code: 200
      message: OK
    headers:
      Content-Type:
      - text/xml
      Cache-Control:
      - no-cache
      Connection:
      - close
      Content-Length:
      - '89'
    body:
      encoding: UTF-8
      string: |
        <directory name="target_package" srcmd5="d41d8cd98f00b204e9800998ecf8427e">
        </directory>
  recorded_at: Fri, 12 Dec 2025 16:14:19 GMT
- request:
    method: get
    uri: http://backend:5352/source/target_project/target_package
    body:
      encoding: US-ASCII
      string: ''
    headers:
      X-Frontend-Start:
      - '1765556059'
      Accept-Encoding:
      - gzip;q=1.0,deflate;q=0.6,identity;q=0.3
      Accept:
      - "*/*"
      User-Agent:
      - Ruby
  response:
    status:
      code: 200
      message: OK
    headers:
      Content-Type:
      - text/xml
      Cache-Control:
      - no-cache
      Connection:
      - close
      Content-Length:
      - '89'
    body:
      encoding: UTF-8
      string: |
        <directory name="target_package" srcmd5="d41d8cd98f00b204e9800998ecf8427e">
        </directory>
  recorded_at: Fri, 12 Dec 2025 16:14:19 GMT
- request:
    method: get
    uri: http://backend:5352/source/target_project/target_package
    body:
      encoding: US-ASCII
      string: ''
    headers:
      X-Frontend-Start:
      - '1765556059'
      Accept-Encoding:
      - gzip;q=1.0,deflate;q=0.6,identity;q=0.3
      Accept:
      - "*/*"
      User-Agent:
      - Ruby
  response:
    status:
      code: 200
      message: OK
    headers:
      Content-Type:
      - text/xml
      Cache-Control:
      - no-cache
      Connection:
      - close
      Content-Length:
      - '89'
    body:
      encoding: UTF-8
      string: |
        <directory name="target_package" srcmd5="d41d8cd98f00b204e9800998ecf8427e">
        </directory>
  recorded_at: Fri, 12 Dec 2025 16:14:19 GMT
- request:
    method: get
    uri: http://backend:5352/source/target_project/target_package
    body:
      encoding: US-ASCII
      string: ''
    headers:
      X-Frontend-Start:
      - '1765556059'
      Accept-Encoding:
      - gzip;q=1.0,deflate;q=0.6,identity;q=0.3
      Accept:
      - "*/*"
      User-Agent:
      - Ruby
  response:
    status:
      code: 200
      message: OK
    headers:
      Content-Type:
      - text/xml
      Cache-Control:
      - no-cache
      Connection:
      - close
      Content-Length:
      - '89'
    body:
      encoding: UTF-8
      string: |
        <directory name="target_package" srcmd5="d41d8cd98f00b204e9800998ecf8427e">
        </directory>
  recorded_at: Fri, 12 Dec 2025 16:14:19 GMT
- request:
    method: post
    uri: http://backend:5352/source/target_project/target_package?cmd=diff&expand=1&nodiff=1&orev=0&rev
    body:
      encoding: UTF-8
      string: ''
    headers:
      Content-Type:
      - application/octet-stream
      X-Frontend-Start:
      - '1765556059'
      Accept-Encoding:
      - gzip;q=1.0,deflate;q=0.6,identity;q=0.3
      Accept:
      - "*/*"
      User-Agent:
      - Ruby
  response:
    status:
      code: 404
      message: no such revision
    headers:
      Content-Type:
      - text/xml
      Cache-Control:
      - no-cache
      Connection:
      - close
      Content-Length:
      - '110'
    body:
      encoding: UTF-8
      string: |
        <status code="404">
          <summary>no such revision</summary>
          <details>404 no such revision</details>
        </status>
  recorded_at: Fri, 12 Dec 2025 16:14:19 GMT
- request:
    method: get
    uri: http://backend:5352/source/target_project/target_package?expand=1
    body:
      encoding: US-ASCII
      string: ''
    headers:
      X-Frontend-Start:
      - '1765556059'
      Accept-Encoding:
      - gzip;q=1.0,deflate;q=0.6,identity;q=0.3
      Accept:
      - "*/*"
      User-Agent:
      - Ruby
  response:
    status:
      code: 200
      message: OK
    headers:
      Content-Type:
      - text/xml
      Cache-Control:
      - no-cache
      Connection:
      - close
      Content-Length:
      - '89'
    body:
      encoding: UTF-8
      string: |
        <directory name="target_package" srcmd5="d41d8cd98f00b204e9800998ecf8427e">
        </directory>
  recorded_at: Fri, 12 Dec 2025 16:14:19 GMT
- request:
    method: get
    uri: http://backend:5352/source/target_project/target_package
    body:
      encoding: US-ASCII
      string: ''
    headers:
      X-Frontend-Start:
      - '1765556059'
      Accept-Encoding:
      - gzip;q=1.0,deflate;q=0.6,identity;q=0.3
      Accept:
      - "*/*"
      User-Agent:
      - Ruby
  response:
    status:
      code: 200
      message: OK
    headers:
      Content-Type:
      - text/xml
      Cache-Control:
      - no-cache
      Connection:
      - close
      Content-Length:
      - '89'
    body:
      encoding: UTF-8
      string: |
        <directory name="target_package" srcmd5="d41d8cd98f00b204e9800998ecf8427e">
        </directory>
  recorded_at: Fri, 12 Dec 2025 16:14:19 GMT
- request:
    method: get
    uri: http://backend:5352/source/target_project/target_package
    body:
      encoding: US-ASCII
      string: ''
    headers:
      X-Frontend-Start:
      - '1765556059'
      Accept-Encoding:
      - gzip;q=1.0,deflate;q=0.6,identity;q=0.3
      Accept:
      - "*/*"
      User-Agent:
      - Ruby
  response:
    status:
      code: 200
      message: OK
    headers:
      Content-Type:
      - text/xml
      Cache-Control:
      - no-cache
      Connection:
      - close
      Content-Length:
      - '89'
    body:
      encoding: UTF-8
      string: |
        <directory name="target_package" srcmd5="d41d8cd98f00b204e9800998ecf8427e">
        </directory>
  recorded_at: Fri, 12 Dec 2025 16:14:19 GMT
- request:
    method: post
    uri: http://backend:5352/source/target_project/target_package?cmd=diff&expand=1&filelimit=10000&orev=0&rev&tarlimit=10000&view=xml&withissues=1
    body:
      encoding: UTF-8
      string: ''
    headers:
      Content-Type:
      - application/octet-stream
      X-Frontend-Start:
      - '1765556059'
      Accept-Encoding:
      - gzip;q=1.0,deflate;q=0.6,identity;q=0.3
      Accept:
      - "*/*"
      User-Agent:
      - Ruby
  response:
    status:
      code: 404
      message: no such revision
    headers:
      Content-Type:
      - text/xml
      Cache-Control:
      - no-cache
      Connection:
      - close
      Content-Length:
      - '110'
    body:
      encoding: UTF-8
      string: |
        <status code="404">
          <summary>no such revision</summary>
          <details>404 no such revision</details>
        </status>
  recorded_at: Fri, 12 Dec 2025 16:14:19 GMT
recorded_with: VCR 6.3.1
