---
http_interactions:
- request:
    method: get
    uri: http://backend:5352/source/ProjectWithRepo/ProjectWithRepo_package
    body:
      encoding: US-ASCII
      string: ''
    headers:
      X-Request-Id:
      - 7adf7bb5-9506-4186-a0ee-841bbebe4e18
      Accept-Encoding:
      - gzip;q=1.0,deflate;q=0.6,identity;q=0.3
      Accept:
      - "*/*"
      User-Agent:
      - Ruby
  response:
    status:
      code: 200
      message: OK
    headers:
      Content-Type:
      - text/xml
      Cache-Control:
      - no-cache
      Connection:
      - close
      Content-Length:
      - '310'
    body:
      encoding: UTF-8
      string: |
        <directory name="ProjectWithRepo_package" rev="32" vrev="32" srcmd5="a5baab5eedd5af6d9c5c260d4c956c97">
          <entry name="_config" md5="0b7e0c77ebdd42536ecbf1ee4b117e5a" size="64" mtime="1688554878"/>
          <entry name="somefile.txt" md5="b2f988500cdd1083ab28b0e5077bd9cb" size="86" mtime="1688554878"/>
        </directory>
  recorded_at: Thu, 06 Jul 2023 08:26:28 GMT
- request:
    method: get
    uri: http://backend:5352/source/ProjectWithRepo/ProjectWithRepo_package?expand=1&rev=32
    body:
      encoding: US-ASCII
      string: ''
    headers:
      Accept-Encoding:
      - gzip;q=1.0,deflate;q=0.6,identity;q=0.3
      Accept:
      - "*/*"
      User-Agent:
      - Ruby
  response:
    status:
      code: 200
      message: OK
    headers:
      Content-Type:
      - text/xml
      Cache-Control:
      - no-cache
      Connection:
      - close
      Content-Length:
      - '310'
    body:
      encoding: UTF-8
      string: |
        <directory name="ProjectWithRepo_package" rev="32" vrev="32" srcmd5="a5baab5eedd5af6d9c5c260d4c956c97">
          <entry name="_config" md5="0b7e0c77ebdd42536ecbf1ee4b117e5a" size="64" mtime="1688554878"/>
          <entry name="somefile.txt" md5="b2f988500cdd1083ab28b0e5077bd9cb" size="86" mtime="1688554878"/>
        </directory>
  recorded_at: Thu, 06 Jul 2023 08:26:28 GMT
- request:
    method: get
    uri: http://backend:5352/source/ProjectWithRepo/ProjectWithRepo_package/_history?deleted=0&meta=0&rev=32
    body:
      encoding: US-ASCII
      string: ''
    headers:
      X-Request-Id:
      - 7adf7bb5-9506-4186-a0ee-841bbebe4e18
      Accept-Encoding:
      - gzip;q=1.0,deflate;q=0.6,identity;q=0.3
      Accept:
      - "*/*"
      User-Agent:
      - Ruby
  response:
    status:
      code: 200
      message: OK
    headers:
      Content-Type:
      - text/xml
      Cache-Control:
      - no-cache
      Connection:
      - close
      Content-Length:
      - '215'
    body:
      encoding: UTF-8
      string: |
        <revisionlist>
          <revision rev="32" vrev="32">
            <srcmd5>a5baab5eedd5af6d9c5c260d4c956c97</srcmd5>
            <version>unknown</version>
            <time>1688554878</time>
            <user>unknown</user>
          </revision>
        </revisionlist>
  recorded_at: Thu, 06 Jul 2023 08:26:28 GMT
- request:
    method: get
    uri: http://backend:5352/source/ProjectWithRepo/ProjectWithRepo_package
    body:
      encoding: US-ASCII
      string: ''
    headers:
      X-Request-Id:
      - 63571ff0-3028-4d3b-a605-e5a8c4edfc7d
      Accept-Encoding:
      - gzip;q=1.0,deflate;q=0.6,identity;q=0.3
      Accept:
      - "*/*"
      User-Agent:
      - Ruby
  response:
    status:
      code: 200
      message: OK
    headers:
      Content-Type:
      - text/xml
      Cache-Control:
      - no-cache
      Connection:
      - close
      Content-Length:
      - '310'
    body:
      encoding: UTF-8
      string: |
        <directory name="ProjectWithRepo_package" rev="32" vrev="32" srcmd5="a5baab5eedd5af6d9c5c260d4c956c97">
          <entry name="_config" md5="0b7e0c77ebdd42536ecbf1ee4b117e5a" size="64" mtime="1688554878"/>
          <entry name="somefile.txt" md5="b2f988500cdd1083ab28b0e5077bd9cb" size="86" mtime="1688554878"/>
        </directory>
  recorded_at: Thu, 06 Jul 2023 08:26:28 GMT
- request:
    method: get
    uri: http://backend:5352/build/ProjectWithRepo:Update/_result?lastbuild=1&locallink=1&multibuild=1&package=ProjectWithRepo_package&view=status
    body:
      encoding: US-ASCII
      string: ''
    headers:
      X-Request-Id:
      - 63571ff0-3028-4d3b-a605-e5a8c4edfc7d
      Accept-Encoding:
      - gzip;q=1.0,deflate;q=0.6,identity;q=0.3
      Accept:
      - "*/*"
      User-Agent:
      - Ruby
  response:
    status:
      code: 200
      message: OK
    headers:
      Content-Type:
      - text/xml
      Cache-Control:
      - no-cache
      Connection:
      - close
      Content-Length:
      - '55'
    body:
      encoding: UTF-8
      string: '<resultlist state="00000000000000000000000000000000"/>

'
  recorded_at: Thu, 06 Jul 2023 08:26:28 GMT
- request:
    method: get
    uri: http://backend:5352/source/ProjectWithRepo/ProjectWithRepo_package
    body:
      encoding: US-ASCII
      string: ''
    headers:
      X-Request-Id:
      - 51c9d306-90b3-4b72-8334-9ff9e60efeaa
      Accept-Encoding:
      - gzip;q=1.0,deflate;q=0.6,identity;q=0.3
      Accept:
      - "*/*"
      User-Agent:
      - Ruby
  response:
    status:
      code: 200
      message: OK
    headers:
      Content-Type:
      - text/xml
      Cache-Control:
      - no-cache
      Connection:
      - close
      Content-Length:
      - '310'
    body:
      encoding: UTF-8
      string: |
        <directory name="ProjectWithRepo_package" rev="32" vrev="32" srcmd5="a5baab5eedd5af6d9c5c260d4c956c97">
          <entry name="_config" md5="0b7e0c77ebdd42536ecbf1ee4b117e5a" size="64" mtime="1688554878"/>
          <entry name="somefile.txt" md5="b2f988500cdd1083ab28b0e5077bd9cb" size="86" mtime="1688554878"/>
        </directory>
  recorded_at: Thu, 06 Jul 2023 08:26:28 GMT
- request:
    method: get
    uri: http://backend:5352/build/ProjectWithRepo:Update/_result?lastbuild=1&locallink=1&multibuild=1&package=ProjectWithRepo_package&view=status
    body:
      encoding: US-ASCII
      string: ''
    headers:
      X-Request-Id:
      - 51c9d306-90b3-4b72-8334-9ff9e60efeaa
      Accept-Encoding:
      - gzip;q=1.0,deflate;q=0.6,identity;q=0.3
      Accept:
      - "*/*"
      User-Agent:
      - Ruby
  response:
    status:
      code: 200
      message: OK
    headers:
      Content-Type:
      - text/xml
      Cache-Control:
      - no-cache
      Connection:
      - close
      Content-Length:
      - '55'
    body:
      encoding: UTF-8
      string: '<resultlist state="00000000000000000000000000000000"/>

'
  recorded_at: Thu, 06 Jul 2023 08:26:28 GMT
- request:
    method: get
    uri: http://backend:5352/build/ProjectWithRepo:Update/_result?lastbuild=0&locallink=1&multibuild=1&package=ProjectWithRepo_package&view=status
    body:
      encoding: US-ASCII
      string: ''
    headers:
      X-Request-Id:
      - 9f1254b0-7ba5-4fe5-ba53-90b85da8faaa
      Accept-Encoding:
      - gzip;q=1.0,deflate;q=0.6,identity;q=0.3
      Accept:
      - "*/*"
      User-Agent:
      - Ruby
  response:
    status:
      code: 200
      message: OK
    headers:
      Content-Type:
      - text/xml
      Cache-Control:
      - no-cache
      Connection:
      - close
      Content-Length:
      - '55'
    body:
      encoding: UTF-8
      string: '<resultlist state="00000000000000000000000000000000"/>

'
  recorded_at: Thu, 06 Jul 2023 08:26:28 GMT
- request:
    method: get
    uri: http://backend:5352/build/ProjectWithRepo:Update/_result?package=ProjectWithRepo_package&view=status
    body:
      encoding: US-ASCII
      string: ''
    headers:
      X-Request-Id:
      - 3f91cce1-9618-41f7-a782-38ae6f936441
      Accept-Encoding:
      - gzip;q=1.0,deflate;q=0.6,identity;q=0.3
      Accept:
      - "*/*"
      User-Agent:
      - Ruby
  response:
    status:
      code: 200
      message: OK
    headers:
      Content-Type:
      - text/xml
      Cache-Control:
      - no-cache
      Connection:
      - close
      Content-Length:
      - '55'
    body:
      encoding: UTF-8
      string: '<resultlist state="00000000000000000000000000000000"/>

'
  recorded_at: Thu, 06 Jul 2023 08:26:28 GMT
- request:
    method: get
    uri: http://backend:5352/source/ProjectWithRepo/ProjectWithRepo_package
    body:
      encoding: US-ASCII
      string: ''
    headers:
      X-Request-Id:
      - 3d83191f-2ea6-4ea5-8ea6-bbc53760c82d
      Accept-Encoding:
      - gzip;q=1.0,deflate;q=0.6,identity;q=0.3
      Accept:
      - "*/*"
      User-Agent:
      - Ruby
  response:
    status:
      code: 200
      message: OK
    headers:
      Content-Type:
      - text/xml
      Cache-Control:
      - no-cache
      Connection:
      - close
      Content-Length:
      - '310'
    body:
      encoding: UTF-8
      string: |
        <directory name="ProjectWithRepo_package" rev="32" vrev="32" srcmd5="a5baab5eedd5af6d9c5c260d4c956c97">
          <entry name="_config" md5="0b7e0c77ebdd42536ecbf1ee4b117e5a" size="64" mtime="1688554878"/>
          <entry name="somefile.txt" md5="b2f988500cdd1083ab28b0e5077bd9cb" size="86" mtime="1688554878"/>
        </directory>
  recorded_at: Thu, 06 Jul 2023 08:26:36 GMT
- request:
    method: post
    uri: http://backend:5352/search/package/id?match=(linkinfo/@package=%22ProjectWithRepo_package%22%20and%20linkinfo/@project=%22ProjectWithRepo:Update%22%20and%20starts-with(@project,%22MaintenanceProject:%22))
    body:
      encoding: UTF-8
      string: ''
    headers:
      Content-Type:
      - application/octet-stream
      X-Request-Id:
      - 85c7d212-69ae-43e6-981f-81f4604114f8
      Accept-Encoding:
      - gzip;q=1.0,deflate;q=0.6,identity;q=0.3
      Accept:
      - "*/*"
      User-Agent:
      - Ruby
  response:
    status:
      code: 200
      message: OK
    headers:
      Content-Type:
      - text/xml
      Cache-Control:
      - no-cache
      Connection:
      - close
      Content-Length:
      - '125'
    body:
      encoding: UTF-8
      string: |
        <collection>
          <package name="ProjectWithRepo_package.ProjectWithRepo_Update" project="MaintenanceProject:0"/>
        </collection>
  recorded_at: Thu, 06 Jul 2023 08:26:44 GMT
- request:
    method: post
    uri: http://backend:5352/search/package/id?match=(linkinfo/@package=%22ProjectWithRepo_package%22%20and%20linkinfo/@project=%22ProjectWithRepo%22%20and%20@project=%22ProjectWithRepo%22)
    body:
      encoding: UTF-8
      string: ''
    headers:
      Content-Type:
      - application/octet-stream
      Accept-Encoding:
      - gzip;q=1.0,deflate;q=0.6,identity;q=0.3
      Accept:
      - "*/*"
      User-Agent:
      - Ruby
  response:
    status:
      code: 200
      message: OK
    headers:
      Content-Type:
      - text/xml
      Cache-Control:
      - no-cache
      Connection:
      - close
      Content-Length:
      - '27'
    body:
      encoding: UTF-8
      string: |
        <collection>
        </collection>
  recorded_at: Thu, 06 Jul 2023 08:26:44 GMT
- request:
    method: post
    uri: http://backend:5352/source/home:tom:branches:ProjectWithRepo:Update/ProjectWithRepo_package?cmd=branch&noservice=1&opackage=ProjectWithRepo_package&oproject=ProjectWithRepo:Update&user=tom
    body:
      encoding: UTF-8
      string: ''
    headers:
      Content-Type:
      - application/octet-stream
      Accept-Encoding:
      - gzip;q=1.0,deflate;q=0.6,identity;q=0.3
      Accept:
      - "*/*"
      User-Agent:
      - Ruby
  response:
    status:
      code: 200
      message: OK
    headers:
      Content-Type:
      - text/xml
      Cache-Control:
      - no-cache
      Connection:
      - close
      Content-Length:
      - '205'
    body:
      encoding: UTF-8
      string: |
        <revision rev="35" vrev="35">
          <srcmd5>f4ee13849f8425dc76fb779d45896001</srcmd5>
          <version>unknown</version>
          <time>1688632005</time>
          <user>tom</user>
          <comment></comment>
          <requestid/>
        </revision>
  recorded_at: Thu, 06 Jul 2023 08:26:45 GMT
- request:
    method: get
    uri: http://backend:5352/source/home:tom:branches:ProjectWithRepo:Update/ProjectWithRepo_package
    body:
      encoding: US-ASCII
      string: ''
    headers:
      Accept-Encoding:
      - gzip;q=1.0,deflate;q=0.6,identity;q=0.3
      Accept:
      - "*/*"
      User-Agent:
      - Ruby
  response:
    status:
      code: 200
      message: OK
    headers:
      Content-Type:
      - text/xml
      Cache-Control:
      - no-cache
      Connection:
      - close
      Content-Length:
      - '655'
    body:
      encoding: UTF-8
      string: |
        <directory name="ProjectWithRepo_package" rev="35" vrev="35" srcmd5="f4ee13849f8425dc76fb779d45896001">
          <linkinfo project="ProjectWithRepo:Update" package="ProjectWithRepo_package" srcmd5="a5baab5eedd5af6d9c5c260d4c956c97" baserev="a5baab5eedd5af6d9c5c260d4c956c97" xsrcmd5="c0a389727d25358236a6335673168224" lsrcmd5="f4ee13849f8425dc76fb779d45896001"/>
          <entry name="_config" md5="0b7e0c77ebdd42536ecbf1ee4b117e5a" size="64" mtime="1688554878"/>
          <entry name="_link" md5="00872f4a2313150e16db7247b64e6150" size="130" mtime="1688561188"/>
          <entry name="somefile.txt" md5="b2f988500cdd1083ab28b0e5077bd9cb" size="86" mtime="1688554878"/>
        </directory>
  recorded_at: Thu, 06 Jul 2023 08:26:45 GMT
- request:
    method: get
    uri: http://backend:5352/source/home:tom:branches:ProjectWithRepo:Update/ProjectWithRepo_package?view=info
    body:
      encoding: US-ASCII
      string: ''
    headers:
      X-Request-Id:
      - 85c7d212-69ae-43e6-981f-81f4604114f8
      Accept-Encoding:
      - gzip;q=1.0,deflate;q=0.6,identity;q=0.3
      Accept:
      - "*/*"
      User-Agent:
      - Ruby
  response:
    status:
      code: 200
      message: OK
    headers:
      Content-Type:
      - text/xml
      Cache-Control:
      - no-cache
      Connection:
      - close
      Content-Length:
      - '437'
    body:
      encoding: UTF-8
      string: |
        <sourceinfo package="ProjectWithRepo_package" rev="35" vrev="67" srcmd5="c0a389727d25358236a6335673168224" lsrcmd5="f4ee13849f8425dc76fb779d45896001" verifymd5="a5baab5eedd5af6d9c5c260d4c956c97">
          <error>bad build configuration, no build type defined or detected</error>
          <linked project="ProjectWithRepo:Update" package="ProjectWithRepo_package"/>
          <linked project="ProjectWithRepo" package="ProjectWithRepo_package"/>
        </sourceinfo>
  recorded_at: Thu, 06 Jul 2023 08:26:45 GMT
- request:
    method: get
    uri: http://backend:5352/source/home:tom:branches:ProjectWithRepo:Update/ProjectWithRepo_package
    body:
      encoding: US-ASCII
      string: ''
    headers:
      X-Request-Id:
      - 85c7d212-69ae-43e6-981f-81f4604114f8
      Accept-Encoding:
      - gzip;q=1.0,deflate;q=0.6,identity;q=0.3
      Accept:
      - "*/*"
      User-Agent:
      - Ruby
  response:
    status:
      code: 200
      message: OK
    headers:
      Content-Type:
      - text/xml
      Cache-Control:
      - no-cache
      Connection:
      - close
      Content-Length:
      - '655'
    body:
      encoding: UTF-8
      string: |
        <directory name="ProjectWithRepo_package" rev="35" vrev="35" srcmd5="f4ee13849f8425dc76fb779d45896001">
          <linkinfo project="ProjectWithRepo:Update" package="ProjectWithRepo_package" srcmd5="a5baab5eedd5af6d9c5c260d4c956c97" baserev="a5baab5eedd5af6d9c5c260d4c956c97" xsrcmd5="c0a389727d25358236a6335673168224" lsrcmd5="f4ee13849f8425dc76fb779d45896001"/>
          <entry name="_config" md5="0b7e0c77ebdd42536ecbf1ee4b117e5a" size="64" mtime="1688554878"/>
          <entry name="_link" md5="00872f4a2313150e16db7247b64e6150" size="130" mtime="1688561188"/>
          <entry name="somefile.txt" md5="b2f988500cdd1083ab28b0e5077bd9cb" size="86" mtime="1688554878"/>
        </directory>
  recorded_at: Thu, 06 Jul 2023 08:26:45 GMT
- request:
    method: post
    uri: http://backend:5352/source/home:tom:branches:ProjectWithRepo:Update/ProjectWithRepo_package?cmd=diff&linkrev=base&onlyissues=1&orev=0&view=xml
    body:
      encoding: UTF-8
      string: ''
    headers:
      Content-Type:
      - application/octet-stream
      Accept-Encoding:
      - gzip;q=1.0,deflate;q=0.6,identity;q=0.3
      Accept:
      - "*/*"
      User-Agent:
      - Ruby
  response:
    status:
      code: 200
      message: OK
    headers:
      Content-Type:
      - text/xml
      Cache-Control:
      - no-cache
      Connection:
      - close
      Content-Length:
      - '389'
    body:
      encoding: UTF-8
      string: |
        <sourcediff key="c3095159e103355ba71799c85203d6b0">
          <old project="home:tom:branches:ProjectWithRepo:Update" package="ProjectWithRepo_package" rev="0" srcmd5="d41d8cd98f00b204e9800998ecf8427e"/>
          <new project="home:tom:branches:ProjectWithRepo:Update" package="ProjectWithRepo_package" rev="35" srcmd5="f4ee13849f8425dc76fb779d45896001"/>
          <files/>
          <issues>
          </issues>
        </sourcediff>
  recorded_at: Thu, 06 Jul 2023 08:26:45 GMT
- request:
    method: post
    uri: http://backend:5352/source/home:tom:branches:ProjectWithRepo:Update/ProjectWithRepo_package?cmd=linkdiff&linkrev=base&onlyissues=1&view=xml
    body:
      encoding: UTF-8
      string: ''
    headers:
      Content-Type:
      - application/octet-stream
      Accept-Encoding:
      - gzip;q=1.0,deflate;q=0.6,identity;q=0.3
      Accept:
      - "*/*"
      User-Agent:
      - Ruby
  response:
    status:
      code: 200
      message: OK
    headers:
      Content-Type:
      - text/xml
      Cache-Control:
      - no-cache
      Connection:
      - close
      Content-Length:
      - '409'
    body:
      encoding: UTF-8
      string: |
        <sourcediff key="e6409b3488b14a7920214c9524b1d4a9">
          <old project="ProjectWithRepo:Update" package="ProjectWithRepo_package" rev="a5baab5eedd5af6d9c5c260d4c956c97" srcmd5="a5baab5eedd5af6d9c5c260d4c956c97"/>
          <new project="home:tom:branches:ProjectWithRepo:Update" package="ProjectWithRepo_package" rev="c0a389727d25358236a6335673168224" srcmd5="c0a389727d25358236a6335673168224"/>
          <files/>
        </sourcediff>
  recorded_at: Thu, 06 Jul 2023 08:26:45 GMT
- request:
    method: get
    uri: http://backend:5352/source/home:tom:branches:ProjectWithRepo:Update/ProjectWithRepo_package
    body:
      encoding: US-ASCII
      string: ''
    headers:
      X-Request-Id:
      - 1fda91eb-3edb-4db6-b877-d4aae80abbc7
      Accept-Encoding:
      - gzip;q=1.0,deflate;q=0.6,identity;q=0.3
      Accept:
      - "*/*"
      User-Agent:
      - Ruby
  response:
    status:
      code: 200
      message: OK
    headers:
      Content-Type:
      - text/xml
      Cache-Control:
      - no-cache
      Connection:
      - close
      Content-Length:
      - '655'
    body:
      encoding: UTF-8
      string: |
        <directory name="ProjectWithRepo_package" rev="35" vrev="35" srcmd5="f4ee13849f8425dc76fb779d45896001">
          <linkinfo project="ProjectWithRepo:Update" package="ProjectWithRepo_package" srcmd5="a5baab5eedd5af6d9c5c260d4c956c97" baserev="a5baab5eedd5af6d9c5c260d4c956c97" xsrcmd5="c0a389727d25358236a6335673168224" lsrcmd5="f4ee13849f8425dc76fb779d45896001"/>
          <entry name="_config" md5="0b7e0c77ebdd42536ecbf1ee4b117e5a" size="64" mtime="1688554878"/>
          <entry name="_link" md5="00872f4a2313150e16db7247b64e6150" size="130" mtime="1688561188"/>
          <entry name="somefile.txt" md5="b2f988500cdd1083ab28b0e5077bd9cb" size="86" mtime="1688554878"/>
        </directory>
  recorded_at: Thu, 06 Jul 2023 08:26:46 GMT
- request:
    method: get
    uri: http://backend:5352/source/ProjectWithRepo:Update/ProjectWithRepo_package
    body:
      encoding: US-ASCII
      string: ''
    headers:
      Accept-Encoding:
      - gzip;q=1.0,deflate;q=0.6,identity;q=0.3
      Accept:
      - "*/*"
      User-Agent:
      - Ruby
  response:
    status:
      code: 200
      message: OK
    headers:
      Content-Type:
      - text/xml
      Cache-Control:
      - no-cache
      Connection:
      - close
      Content-Length:
      - '310'
    body:
      encoding: UTF-8
      string: |
        <directory name="ProjectWithRepo_package" rev="32" vrev="32" srcmd5="a5baab5eedd5af6d9c5c260d4c956c97">
          <entry name="_config" md5="0b7e0c77ebdd42536ecbf1ee4b117e5a" size="64" mtime="1688554878"/>
          <entry name="somefile.txt" md5="b2f988500cdd1083ab28b0e5077bd9cb" size="86" mtime="1688554878"/>
        </directory>
  recorded_at: Thu, 06 Jul 2023 08:26:46 GMT
- request:
    method: get
    uri: http://backend:5352/source/home:tom:branches:ProjectWithRepo:Update/ProjectWithRepo_package
    body:
      encoding: US-ASCII
      string: ''
    headers:
      X-Request-Id:
      - 1fda91eb-3edb-4db6-b877-d4aae80abbc7
      Accept-Encoding:
      - gzip;q=1.0,deflate;q=0.6,identity;q=0.3
      Accept:
      - "*/*"
      User-Agent:
      - Ruby
  response:
    status:
      code: 200
      message: OK
    headers:
      Content-Type:
      - text/xml
      Cache-Control:
      - no-cache
      Connection:
      - close
      Content-Length:
      - '655'
    body:
      encoding: UTF-8
      string: |
        <directory name="ProjectWithRepo_package" rev="35" vrev="35" srcmd5="f4ee13849f8425dc76fb779d45896001">
          <linkinfo project="ProjectWithRepo:Update" package="ProjectWithRepo_package" srcmd5="a5baab5eedd5af6d9c5c260d4c956c97" baserev="a5baab5eedd5af6d9c5c260d4c956c97" xsrcmd5="c0a389727d25358236a6335673168224" lsrcmd5="f4ee13849f8425dc76fb779d45896001"/>
          <entry name="_config" md5="0b7e0c77ebdd42536ecbf1ee4b117e5a" size="64" mtime="1688554878"/>
          <entry name="_link" md5="00872f4a2313150e16db7247b64e6150" size="130" mtime="1688561188"/>
          <entry name="somefile.txt" md5="b2f988500cdd1083ab28b0e5077bd9cb" size="86" mtime="1688554878"/>
        </directory>
  recorded_at: Thu, 06 Jul 2023 08:26:46 GMT
- request:
    method: get
    uri: http://backend:5352/source/home:tom:branches:ProjectWithRepo:Update/ProjectWithRepo_package?expand=1&rev=35
    body:
      encoding: US-ASCII
      string: ''
    headers:
      Accept-Encoding:
      - gzip;q=1.0,deflate;q=0.6,identity;q=0.3
      Accept:
      - "*/*"
      User-Agent:
      - Ruby
  response:
    status:
      code: 200
      message: OK
    headers:
      Content-Type:
      - text/xml
      Cache-Control:
      - no-cache
      Connection:
      - close
      Content-Length:
      - '549'
    body:
      encoding: UTF-8
      string: |
        <directory name="ProjectWithRepo_package" rev="c0a389727d25358236a6335673168224" vrev="67" srcmd5="c0a389727d25358236a6335673168224">
          <linkinfo project="ProjectWithRepo:Update" package="ProjectWithRepo_package" srcmd5="a5baab5eedd5af6d9c5c260d4c956c97" baserev="a5baab5eedd5af6d9c5c260d4c956c97" lsrcmd5="f4ee13849f8425dc76fb779d45896001"/>
          <entry name="_config" md5="0b7e0c77ebdd42536ecbf1ee4b117e5a" size="64" mtime="1688554878"/>
          <entry name="somefile.txt" md5="b2f988500cdd1083ab28b0e5077bd9cb" size="86" mtime="1688554878"/>
        </directory>
  recorded_at: Thu, 06 Jul 2023 08:26:46 GMT
- request:
    method: get
    uri: http://backend:5352/source/home:tom:branches:ProjectWithRepo:Update/ProjectWithRepo_package/_history?deleted=0&meta=0&rev=35
    body:
      encoding: US-ASCII
      string: ''
    headers:
      X-Request-Id:
      - 1fda91eb-3edb-4db6-b877-d4aae80abbc7
      Accept-Encoding:
      - gzip;q=1.0,deflate;q=0.6,identity;q=0.3
      Accept:
      - "*/*"
      User-Agent:
      - Ruby
  response:
    status:
      code: 200
      message: OK
    headers:
      Content-Type:
      - text/xml
      Cache-Control:
      - no-cache
      Connection:
      - close
      Content-Length:
      - '211'
    body:
      encoding: UTF-8
      string: |
        <revisionlist>
          <revision rev="35" vrev="35">
            <srcmd5>f4ee13849f8425dc76fb779d45896001</srcmd5>
            <version>unknown</version>
            <time>1688632005</time>
            <user>tom</user>
          </revision>
        </revisionlist>
  recorded_at: Thu, 06 Jul 2023 08:26:46 GMT
- request:
    method: get
    uri: http://backend:5352/source/home:tom:branches:ProjectWithRepo:Update/ProjectWithRepo_package
    body:
      encoding: US-ASCII
      string: ''
    headers:
      X-Request-Id:
      - 1fda91eb-3edb-4db6-b877-d4aae80abbc7
      Accept-Encoding:
      - gzip;q=1.0,deflate;q=0.6,identity;q=0.3
      Accept:
      - "*/*"
      User-Agent:
      - Ruby
  response:
    status:
      code: 200
      message: OK
    headers:
      Content-Type:
      - text/xml
      Cache-Control:
      - no-cache
      Connection:
      - close
      Content-Length:
      - '655'
    body:
      encoding: UTF-8
      string: |
        <directory name="ProjectWithRepo_package" rev="35" vrev="35" srcmd5="f4ee13849f8425dc76fb779d45896001">
          <linkinfo project="ProjectWithRepo:Update" package="ProjectWithRepo_package" srcmd5="a5baab5eedd5af6d9c5c260d4c956c97" baserev="a5baab5eedd5af6d9c5c260d4c956c97" xsrcmd5="c0a389727d25358236a6335673168224" lsrcmd5="f4ee13849f8425dc76fb779d45896001"/>
          <entry name="_config" md5="0b7e0c77ebdd42536ecbf1ee4b117e5a" size="64" mtime="1688554878"/>
          <entry name="_link" md5="00872f4a2313150e16db7247b64e6150" size="130" mtime="1688561188"/>
          <entry name="somefile.txt" md5="b2f988500cdd1083ab28b0e5077bd9cb" size="86" mtime="1688554878"/>
        </directory>
  recorded_at: Thu, 06 Jul 2023 08:26:46 GMT
- request:
    method: get
    uri: http://backend:5352/source/home:tom:branches:ProjectWithRepo:Update/ProjectWithRepo_package
    body:
      encoding: US-ASCII
      string: ''
    headers:
      X-Request-Id:
      - 1fda91eb-3edb-4db6-b877-d4aae80abbc7
      Accept-Encoding:
      - gzip;q=1.0,deflate;q=0.6,identity;q=0.3
      Accept:
      - "*/*"
      User-Agent:
      - Ruby
  response:
    status:
      code: 200
      message: OK
    headers:
      Content-Type:
      - text/xml
      Cache-Control:
      - no-cache
      Connection:
      - close
      Content-Length:
      - '655'
    body:
      encoding: UTF-8
      string: |
        <directory name="ProjectWithRepo_package" rev="35" vrev="35" srcmd5="f4ee13849f8425dc76fb779d45896001">
          <linkinfo project="ProjectWithRepo:Update" package="ProjectWithRepo_package" srcmd5="a5baab5eedd5af6d9c5c260d4c956c97" baserev="a5baab5eedd5af6d9c5c260d4c956c97" xsrcmd5="c0a389727d25358236a6335673168224" lsrcmd5="f4ee13849f8425dc76fb779d45896001"/>
          <entry name="_config" md5="0b7e0c77ebdd42536ecbf1ee4b117e5a" size="64" mtime="1688554878"/>
          <entry name="_link" md5="00872f4a2313150e16db7247b64e6150" size="130" mtime="1688561188"/>
          <entry name="somefile.txt" md5="b2f988500cdd1083ab28b0e5077bd9cb" size="86" mtime="1688554878"/>
        </directory>
  recorded_at: Thu, 06 Jul 2023 08:26:46 GMT
- request:
    method: get
    uri: http://backend:5352/build/home:tom:branches:ProjectWithRepo:Update/_result?lastbuild=1&locallink=1&multibuild=1&package=ProjectWithRepo_package&view=status
    body:
      encoding: US-ASCII
      string: ''
    headers:
      X-Request-Id:
      - '008a0af8-b74b-448f-a20f-a960aac8c99d'
      Accept-Encoding:
      - gzip;q=1.0,deflate;q=0.6,identity;q=0.3
      Accept:
      - "*/*"
      User-Agent:
      - Ruby
  response:
    status:
      code: 200
      message: OK
    headers:
      Content-Type:
      - text/xml
      Cache-Control:
      - no-cache
      Connection:
      - close
      Content-Length:
      - '247'
    body:
      encoding: UTF-8
      string: |
        <resultlist state="fb85bcd305fff40857a0d91d8a9f91ac">
          <result project="home:tom:branches:ProjectWithRepo:Update" repository="repository_4" arch="i586" code="broken" state="broken" details="no build type (ProjectWithRepo:Update)"/>
        </resultlist>
  recorded_at: Thu, 06 Jul 2023 08:26:46 GMT
- request:
    method: get
    uri: http://backend:5352/build/home:tom:branches:ProjectWithRepo:Update/_result?lastbuild=1&locallink=1&multibuild=1&package=ProjectWithRepo_package&view=status
    body:
      encoding: US-ASCII
      string: ''
    headers:
      X-Request-Id:
      - 3caa2f5d-2015-46e5-a837-1c18b002a09c
      Accept-Encoding:
      - gzip;q=1.0,deflate;q=0.6,identity;q=0.3
      Accept:
      - "*/*"
      User-Agent:
      - Ruby
  response:
    status:
      code: 200
      message: OK
    headers:
      Content-Type:
      - text/xml
      Cache-Control:
      - no-cache
      Connection:
      - close
      Content-Length:
      - '247'
    body:
      encoding: UTF-8
      string: |
        <resultlist state="fb85bcd305fff40857a0d91d8a9f91ac">
          <result project="home:tom:branches:ProjectWithRepo:Update" repository="repository_4" arch="i586" code="broken" state="broken" details="no build type (ProjectWithRepo:Update)"/>
        </resultlist>
  recorded_at: Thu, 06 Jul 2023 08:26:46 GMT
- request:
    method: get
    uri: http://backend:5352/build/home:tom:branches:ProjectWithRepo:Update/_result?lastbuild=0&locallink=1&multibuild=1&package=ProjectWithRepo_package&view=status
    body:
      encoding: US-ASCII
      string: ''
    headers:
      X-Request-Id:
      - 1d3cbde0-9a67-480b-988e-d918a38b0b0e
      Accept-Encoding:
      - gzip;q=1.0,deflate;q=0.6,identity;q=0.3
      Accept:
      - "*/*"
      User-Agent:
      - Ruby
  response:
    status:
      code: 200
      message: OK
    headers:
      Content-Type:
      - text/xml
      Cache-Control:
      - no-cache
      Connection:
      - close
      Content-Length:
      - '247'
    body:
      encoding: UTF-8
      string: |
        <resultlist state="fb85bcd305fff40857a0d91d8a9f91ac">
          <result project="home:tom:branches:ProjectWithRepo:Update" repository="repository_4" arch="i586" code="broken" state="broken" details="no build type (ProjectWithRepo:Update)"/>
        </resultlist>
  recorded_at: Thu, 06 Jul 2023 08:26:46 GMT
- request:
    method: get
    uri: http://backend:5352/build/home:tom:branches:ProjectWithRepo:Update/_result?package=ProjectWithRepo_package&view=status
    body:
      encoding: US-ASCII
      string: ''
    headers:
      X-Request-Id:
      - 3e21a9e6-60af-4b13-9fbb-b2cfcc0e6dc6
      Accept-Encoding:
      - gzip;q=1.0,deflate;q=0.6,identity;q=0.3
      Accept:
      - "*/*"
      User-Agent:
      - Ruby
  response:
    status:
      code: 200
      message: OK
    headers:
      Content-Type:
      - text/xml
      Cache-Control:
      - no-cache
      Connection:
      - close
      Content-Length:
      - '247'
    body:
      encoding: UTF-8
      string: |
        <resultlist state="fb85bcd305fff40857a0d91d8a9f91ac">
          <result project="home:tom:branches:ProjectWithRepo:Update" repository="repository_4" arch="i586" code="broken" state="broken" details="no build type (ProjectWithRepo:Update)"/>
        </resultlist>
  recorded_at: Thu, 06 Jul 2023 08:26:46 GMT
- request:
    method: put
    uri: http://backend:5352/source/home:tom:branches:ProjectWithRepo:Update/ProjectWithRepo_package/DUMMY_FILE
    body:
      encoding: UTF-8
      string: dummy
    headers:
      Accept-Encoding:
      - gzip;q=1.0,deflate;q=0.6,identity;q=0.3
      Accept:
      - "*/*"
      User-Agent:
      - Ruby
  response:
    status:
      code: 200
      message: OK
    headers:
      Content-Type:
      - text/xml
      Cache-Control:
      - no-cache
      Connection:
      - close
      Content-Length:
      - '209'
    body:
      encoding: UTF-8
      string: |
        <revision rev="36" vrev="36">
          <srcmd5>f9557e52aef57f63d9266dd2141a4962</srcmd5>
          <version>unknown</version>
          <time>1688632014</time>
          <user>unknown</user>
          <comment></comment>
          <requestid/>
        </revision>
  recorded_at: Thu, 06 Jul 2023 08:26:54 GMT
- request:
    method: get
    uri: http://backend:5352/build/home:tom:branches:ProjectWithRepo:Update/_result?code=unresolvable&view=status
    body:
      encoding: US-ASCII
      string: ''
    headers:
      X-Request-Id:
      - cc2a4567-170e-4480-a4c1-68e5db2f282b
      Accept-Encoding:
      - gzip;q=1.0,deflate;q=0.6,identity;q=0.3
      Accept:
      - "*/*"
      User-Agent:
      - Ruby
  response:
    status:
      code: 200
      message: OK
    headers:
      Content-Type:
      - text/xml
      Cache-Control:
      - no-cache
      Connection:
      - close
      Content-Length:
      - '247'
    body:
      encoding: UTF-8
      string: |
        <resultlist state="fb85bcd305fff40857a0d91d8a9f91ac">
          <result project="home:tom:branches:ProjectWithRepo:Update" repository="repository_4" arch="i586" code="broken" state="broken" details="no build type (ProjectWithRepo:Update)"/>
        </resultlist>
  recorded_at: Thu, 06 Jul 2023 08:26:54 GMT
- request:
    method: get
    uri: http://backend:5352/build/home:tom:branches:ProjectWithRepo:Update/_result?view=summary
    body:
      encoding: US-ASCII
      string: ''
    headers:
      X-Request-Id:
      - b774fe17-0759-41bb-af00-8d33827555f1
      Accept-Encoding:
      - gzip;q=1.0,deflate;q=0.6,identity;q=0.3
      Accept:
      - "*/*"
      User-Agent:
      - Ruby
  response:
    status:
      code: 200
      message: OK
    headers:
      Content-Type:
      - text/xml
      Cache-Control:
      - no-cache
      Connection:
      - close
      Content-Length:
      - '273'
    body:
      encoding: UTF-8
      string: |
        <resultlist state="fb85bcd305fff40857a0d91d8a9f91ac">
          <result project="home:tom:branches:ProjectWithRepo:Update" repository="repository_4" arch="i586" code="broken" state="broken" details="no build type (ProjectWithRepo:Update)">
            <summary/>
          </result>
        </resultlist>
  recorded_at: Thu, 06 Jul 2023 08:26:54 GMT
- request:
    method: get
    uri: http://backend:5352/source/home:tom:branches:ProjectWithRepo:Update/ProjectWithRepo_package
    body:
      encoding: US-ASCII
      string: ''
    headers:
      X-Request-Id:
      - e4b0bc19-3c7e-4bcd-adf9-81a71aefafca
      Accept-Encoding:
      - gzip;q=1.0,deflate;q=0.6,identity;q=0.3
      Accept:
      - "*/*"
      User-Agent:
      - Ruby
  response:
    status:
      code: 200
      message: OK
    headers:
      Content-Type:
      - text/xml
      Cache-Control:
      - no-cache
      Connection:
      - close
      Content-Length:
      - '751'
    body:
      encoding: UTF-8
      string: |
        <directory name="ProjectWithRepo_package" rev="36" vrev="36" srcmd5="f9557e52aef57f63d9266dd2141a4962">
          <linkinfo project="ProjectWithRepo:Update" package="ProjectWithRepo_package" srcmd5="a5baab5eedd5af6d9c5c260d4c956c97" baserev="a5baab5eedd5af6d9c5c260d4c956c97" xsrcmd5="5c66cbac68c3abcc0ff20b10856f5bb1" lsrcmd5="f9557e52aef57f63d9266dd2141a4962"/>
          <entry name="DUMMY_FILE" md5="275876e34cf609db118f3d84b799a790" size="5" mtime="1688536879"/>
          <entry name="_config" md5="0b7e0c77ebdd42536ecbf1ee4b117e5a" size="64" mtime="1688554878"/>
          <entry name="_link" md5="00872f4a2313150e16db7247b64e6150" size="130" mtime="1688561188"/>
          <entry name="somefile.txt" md5="b2f988500cdd1083ab28b0e5077bd9cb" size="86" mtime="1688554878"/>
        </directory>
  recorded_at: Thu, 06 Jul 2023 08:27:11 GMT
- request:
    method: get
    uri: http://backend:5352/source/home:tom:branches:ProjectWithRepo:Update/ProjectWithRepo_package
    body:
      encoding: US-ASCII
      string: ''
    headers:
      X-Request-Id:
      - e4b0bc19-3c7e-4bcd-adf9-81a71aefafca
      Accept-Encoding:
      - gzip;q=1.0,deflate;q=0.6,identity;q=0.3
      Accept:
      - "*/*"
      User-Agent:
      - Ruby
  response:
    status:
      code: 200
      message: OK
    headers:
      Content-Type:
      - text/xml
      Cache-Control:
      - no-cache
      Connection:
      - close
      Content-Length:
      - '751'
    body:
      encoding: UTF-8
      string: |
        <directory name="ProjectWithRepo_package" rev="36" vrev="36" srcmd5="f9557e52aef57f63d9266dd2141a4962">
          <linkinfo project="ProjectWithRepo:Update" package="ProjectWithRepo_package" srcmd5="a5baab5eedd5af6d9c5c260d4c956c97" baserev="a5baab5eedd5af6d9c5c260d4c956c97" xsrcmd5="5c66cbac68c3abcc0ff20b10856f5bb1" lsrcmd5="f9557e52aef57f63d9266dd2141a4962"/>
          <entry name="DUMMY_FILE" md5="275876e34cf609db118f3d84b799a790" size="5" mtime="1688536879"/>
          <entry name="_config" md5="0b7e0c77ebdd42536ecbf1ee4b117e5a" size="64" mtime="1688554878"/>
          <entry name="_link" md5="00872f4a2313150e16db7247b64e6150" size="130" mtime="1688561188"/>
          <entry name="somefile.txt" md5="b2f988500cdd1083ab28b0e5077bd9cb" size="86" mtime="1688554878"/>
        </directory>
  recorded_at: Thu, 06 Jul 2023 08:27:11 GMT
- request:
    method: get
    uri: http://backend:5352/source/home:tom:branches:ProjectWithRepo:Update/ProjectWithRepo_package
    body:
      encoding: US-ASCII
      string: ''
    headers:
      X-Request-Id:
      - e4b0bc19-3c7e-4bcd-adf9-81a71aefafca
      Accept-Encoding:
      - gzip;q=1.0,deflate;q=0.6,identity;q=0.3
      Accept:
      - "*/*"
      User-Agent:
      - Ruby
  response:
    status:
      code: 200
      message: OK
    headers:
      Content-Type:
      - text/xml
      Cache-Control:
      - no-cache
      Connection:
      - close
      Content-Length:
      - '751'
    body:
      encoding: UTF-8
      string: |
        <directory name="ProjectWithRepo_package" rev="36" vrev="36" srcmd5="f9557e52aef57f63d9266dd2141a4962">
          <linkinfo project="ProjectWithRepo:Update" package="ProjectWithRepo_package" srcmd5="a5baab5eedd5af6d9c5c260d4c956c97" baserev="a5baab5eedd5af6d9c5c260d4c956c97" xsrcmd5="5c66cbac68c3abcc0ff20b10856f5bb1" lsrcmd5="f9557e52aef57f63d9266dd2141a4962"/>
          <entry name="DUMMY_FILE" md5="275876e34cf609db118f3d84b799a790" size="5" mtime="1688536879"/>
          <entry name="_config" md5="0b7e0c77ebdd42536ecbf1ee4b117e5a" size="64" mtime="1688554878"/>
          <entry name="_link" md5="00872f4a2313150e16db7247b64e6150" size="130" mtime="1688561188"/>
          <entry name="somefile.txt" md5="b2f988500cdd1083ab28b0e5077bd9cb" size="86" mtime="1688554878"/>
        </directory>
  recorded_at: Thu, 06 Jul 2023 08:27:11 GMT
- request:
    method: post
    uri: http://backend:5352/source/home:tom:branches:ProjectWithRepo:Update/ProjectWithRepo_package?cmd=diff&expand=1&nodiff=1&opackage=ProjectWithRepo_package&oproject=ProjectWithRepo:Update
    body:
      encoding: UTF-8
      string: ''
    headers:
      Content-Type:
      - application/octet-stream
      X-Request-Id:
      - e4b0bc19-3c7e-4bcd-adf9-81a71aefafca
      Accept-Encoding:
      - gzip;q=1.0,deflate;q=0.6,identity;q=0.3
      Accept:
      - "*/*"
      User-Agent:
      - Ruby
  response:
    status:
      code: 200
      message: OK
    headers:
      Content-Type:
      - text/plain
      Cache-Control:
      - no-cache
      Connection:
      - close
      Content-Length:
      - '110'
    body:
      encoding: UTF-8
      string: |2

        new:
        ----
          DUMMY_FILE

        other changes:
        --------------

        ++++++ DUMMY_FILE (new)
        --- DUMMY_FILE
        +++ DUMMY_FILE
  recorded_at: Thu, 06 Jul 2023 08:27:11 GMT
- request:
    method: get
    uri: http://backend:5352/source/home:tom:branches:ProjectWithRepo:Update/ProjectWithRepo_package?expand=1
    body:
      encoding: US-ASCII
      string: ''
    headers:
      X-Request-Id:
      - e4b0bc19-3c7e-4bcd-adf9-81a71aefafca
      Accept-Encoding:
      - gzip;q=1.0,deflate;q=0.6,identity;q=0.3
      Accept:
      - "*/*"
      User-Agent:
      - Ruby
  response:
    status:
      code: 200
      message: OK
    headers:
      Content-Type:
      - text/xml
      Cache-Control:
      - no-cache
      Connection:
      - close
      Content-Length:
      - '645'
    body:
      encoding: UTF-8
      string: |
        <directory name="ProjectWithRepo_package" rev="5c66cbac68c3abcc0ff20b10856f5bb1" vrev="68" srcmd5="5c66cbac68c3abcc0ff20b10856f5bb1">
          <linkinfo project="ProjectWithRepo:Update" package="ProjectWithRepo_package" srcmd5="a5baab5eedd5af6d9c5c260d4c956c97" baserev="a5baab5eedd5af6d9c5c260d4c956c97" lsrcmd5="f9557e52aef57f63d9266dd2141a4962"/>
          <entry name="DUMMY_FILE" md5="275876e34cf609db118f3d84b799a790" size="5" mtime="1688536879"/>
          <entry name="_config" md5="0b7e0c77ebdd42536ecbf1ee4b117e5a" size="64" mtime="1688554878"/>
          <entry name="somefile.txt" md5="b2f988500cdd1083ab28b0e5077bd9cb" size="86" mtime="1688554878"/>
        </directory>
  recorded_at: Thu, 06 Jul 2023 08:27:11 GMT
- request:
    method: get
    uri: http://backend:5352/build/home:tom:branches:ProjectWithRepo:Update/_result?code=unresolvable&view=status
    body:
      encoding: US-ASCII
      string: ''
    headers:
      X-Request-Id:
      - c5d383c6-5476-493b-b1be-bbe6cb36d755
      Accept-Encoding:
      - gzip;q=1.0,deflate;q=0.6,identity;q=0.3
      Accept:
      - "*/*"
      User-Agent:
      - Ruby
  response:
    status:
      code: 200
      message: OK
    headers:
      Content-Type:
      - text/xml
      Cache-Control:
      - no-cache
      Connection:
      - close
      Content-Length:
      - '247'
    body:
      encoding: UTF-8
      string: |
        <resultlist state="fb85bcd305fff40857a0d91d8a9f91ac">
          <result project="home:tom:branches:ProjectWithRepo:Update" repository="repository_4" arch="i586" code="broken" state="broken" details="no build type (ProjectWithRepo:Update)"/>
        </resultlist>
  recorded_at: Thu, 06 Jul 2023 08:27:11 GMT
- request:
    method: get
    uri: http://backend:5352/build/home:tom:branches:ProjectWithRepo:Update/_result?view=summary
    body:
      encoding: US-ASCII
      string: ''
    headers:
      X-Request-Id:
      - a0bb6a44-b45d-408e-986d-0f1ba7cbffc7
      Accept-Encoding:
      - gzip;q=1.0,deflate;q=0.6,identity;q=0.3
      Accept:
      - "*/*"
      User-Agent:
      - Ruby
  response:
    status:
      code: 200
      message: OK
    headers:
      Content-Type:
      - text/xml
      Cache-Control:
      - no-cache
      Connection:
      - close
      Content-Length:
      - '273'
    body:
      encoding: UTF-8
      string: |
        <resultlist state="fb85bcd305fff40857a0d91d8a9f91ac">
          <result project="home:tom:branches:ProjectWithRepo:Update" repository="repository_4" arch="i586" code="broken" state="broken" details="no build type (ProjectWithRepo:Update)">
            <summary/>
          </result>
        </resultlist>
  recorded_at: Thu, 06 Jul 2023 08:27:11 GMT
- request:
    method: get
    uri: http://backend:5352/source/home:tom:branches:ProjectWithRepo:Update/ProjectWithRepo_package
    body:
      encoding: US-ASCII
      string: ''
    headers:
      X-Request-Id:
      - 82d366c5-367c-4e7b-9080-e45741a997ad
      Accept-Encoding:
      - gzip;q=1.0,deflate;q=0.6,identity;q=0.3
      Accept:
      - "*/*"
      User-Agent:
      - Ruby
  response:
    status:
      code: 200
      message: OK
    headers:
      Content-Type:
      - text/xml
      Cache-Control:
      - no-cache
      Connection:
      - close
      Content-Length:
      - '751'
    body:
      encoding: UTF-8
      string: |
        <directory name="ProjectWithRepo_package" rev="36" vrev="36" srcmd5="f9557e52aef57f63d9266dd2141a4962">
          <linkinfo project="ProjectWithRepo:Update" package="ProjectWithRepo_package" srcmd5="a5baab5eedd5af6d9c5c260d4c956c97" baserev="a5baab5eedd5af6d9c5c260d4c956c97" xsrcmd5="5c66cbac68c3abcc0ff20b10856f5bb1" lsrcmd5="f9557e52aef57f63d9266dd2141a4962"/>
          <entry name="DUMMY_FILE" md5="275876e34cf609db118f3d84b799a790" size="5" mtime="1688536879"/>
          <entry name="_config" md5="0b7e0c77ebdd42536ecbf1ee4b117e5a" size="64" mtime="1688554878"/>
          <entry name="_link" md5="00872f4a2313150e16db7247b64e6150" size="130" mtime="1688561188"/>
          <entry name="somefile.txt" md5="b2f988500cdd1083ab28b0e5077bd9cb" size="86" mtime="1688554878"/>
        </directory>
  recorded_at: Thu, 06 Jul 2023 08:27:36 GMT
- request:
    method: post
    uri: http://backend:5352/source/home:tom:branches:ProjectWithRepo:Update/ProjectWithRepo_package?cmd=diff&expand=1&filelimit=10000&opackage=ProjectWithRepo_package&oproject=ProjectWithRepo:Update&rev=5c66cbac68c3abcc0ff20b10856f5bb1&tarlimit=10000&view=xml&withissues=1
    body:
      encoding: UTF-8
      string: ''
    headers:
      Content-Type:
      - application/octet-stream
      X-Request-Id:
      - 82d366c5-367c-4e7b-9080-e45741a997ad
      Accept-Encoding:
      - gzip;q=1.0,deflate;q=0.6,identity;q=0.3
      Accept:
      - "*/*"
      User-Agent:
      - Ruby
  response:
    status:
      code: 200
      message: OK
    headers:
      Content-Type:
      - text/xml
      Content-Length:
      - '609'
      Cache-Control:
      - no-cache
      Connection:
      - close
    body:
      encoding: UTF-8
      string: |
        <sourcediff key="baf1090ea96b9844f4be53325852534d">
          <old project="ProjectWithRepo:Update" package="ProjectWithRepo_package" rev="32" srcmd5="a5baab5eedd5af6d9c5c260d4c956c97"/>
          <new project="home:tom:branches:ProjectWithRepo:Update" package="ProjectWithRepo_package" rev="5c66cbac68c3abcc0ff20b10856f5bb1" srcmd5="5c66cbac68c3abcc0ff20b10856f5bb1"/>
          <files>
            <file state="added">
              <new name="DUMMY_FILE" md5="275876e34cf609db118f3d84b799a790" size="5"/>
              <diff lines="3">@@ -0,0 +1,1 @@
        +dummy
        \ No newline at end of file
        </diff>
            </file>
          </files>
          <issues>
          </issues>
        </sourcediff>
  recorded_at: Thu, 06 Jul 2023 08:27:36 GMT
- request:
    method: get
    uri: http://backend:5352/build/home:tom:branches:ProjectWithRepo:Update/_result?lastbuild=0&locallink=1&multibuild=1&package=ProjectWithRepo_package&view=status
    body:
      encoding: US-ASCII
      string: ''
    headers:
      X-Request-Id:
      - be56f08a-2add-438d-9726-489a670290fa
      Accept-Encoding:
      - gzip;q=1.0,deflate;q=0.6,identity;q=0.3
      Accept:
      - "*/*"
      User-Agent:
      - Ruby
  response:
    status:
      code: 200
      message: OK
    headers:
      Content-Type:
      - text/xml
      Cache-Control:
      - no-cache
      Connection:
      - close
      Content-Length:
      - '247'
    body:
      encoding: UTF-8
      string: |
        <resultlist state="fb85bcd305fff40857a0d91d8a9f91ac">
          <result project="home:tom:branches:ProjectWithRepo:Update" repository="repository_4" arch="i586" code="broken" state="broken" details="no build type (ProjectWithRepo:Update)"/>
        </resultlist>
  recorded_at: Thu, 06 Jul 2023 08:27:37 GMT
- request:
    method: get
    uri: http://backend:5352/build/home:tom:branches:ProjectWithRepo:Update/_result?package=ProjectWithRepo_package&view=status
    body:
      encoding: US-ASCII
      string: ''
    headers:
      X-Request-Id:
      - d6c9b910-50bf-4ace-a3fc-1475a62aad56
      Accept-Encoding:
      - gzip;q=1.0,deflate;q=0.6,identity;q=0.3
      Accept:
      - "*/*"
      User-Agent:
      - Ruby
  response:
    status:
      code: 200
      message: OK
    headers:
      Content-Type:
      - text/xml
      Cache-Control:
      - no-cache
      Connection:
      - close
      Content-Length:
      - '247'
    body:
      encoding: UTF-8
      string: |
        <resultlist state="fb85bcd305fff40857a0d91d8a9f91ac">
          <result project="home:tom:branches:ProjectWithRepo:Update" repository="repository_4" arch="i586" code="broken" state="broken" details="no build type (ProjectWithRepo:Update)"/>
        </resultlist>
  recorded_at: Thu, 06 Jul 2023 08:27:37 GMT
- request:
    method: get
    uri: http://backend:5352/source/home:tom:branches:ProjectWithRepo:Update/ProjectWithRepo_package
    body:
      encoding: US-ASCII
      string: ''
    headers:
      X-Request-Id:
      - 02e3c7f0-3efe-43fb-b9f7-83704ac9767b
      Accept-Encoding:
      - gzip;q=1.0,deflate;q=0.6,identity;q=0.3
      Accept:
      - "*/*"
      User-Agent:
      - Ruby
  response:
    status:
      code: 200
      message: OK
    headers:
      Content-Type:
      - text/xml
      Cache-Control:
      - no-cache
      Connection:
      - close
      Content-Length:
      - '751'
    body:
      encoding: UTF-8
      string: |
        <directory name="ProjectWithRepo_package" rev="36" vrev="36" srcmd5="f9557e52aef57f63d9266dd2141a4962">
          <linkinfo project="ProjectWithRepo:Update" package="ProjectWithRepo_package" srcmd5="a5baab5eedd5af6d9c5c260d4c956c97" baserev="a5baab5eedd5af6d9c5c260d4c956c97" xsrcmd5="5c66cbac68c3abcc0ff20b10856f5bb1" lsrcmd5="f9557e52aef57f63d9266dd2141a4962"/>
          <entry name="DUMMY_FILE" md5="275876e34cf609db118f3d84b799a790" size="5" mtime="1688536879"/>
          <entry name="_config" md5="0b7e0c77ebdd42536ecbf1ee4b117e5a" size="64" mtime="1688554878"/>
          <entry name="_link" md5="00872f4a2313150e16db7247b64e6150" size="130" mtime="1688561188"/>
          <entry name="somefile.txt" md5="b2f988500cdd1083ab28b0e5077bd9cb" size="86" mtime="1688554878"/>
        </directory>
  recorded_at: Thu, 06 Jul 2023 08:27:45 GMT
- request:
    method: get
    uri: http://backend:5352/source/home:tom:branches:ProjectWithRepo:Update/ProjectWithRepo_package?expand=1&rev=5c66cbac68c3abcc0ff20b10856f5bb1
    body:
      encoding: US-ASCII
      string: ''
    headers:
      X-Request-Id:
      - 02e3c7f0-3efe-43fb-b9f7-83704ac9767b
      Accept-Encoding:
      - gzip;q=1.0,deflate;q=0.6,identity;q=0.3
      Accept:
      - "*/*"
      User-Agent:
      - Ruby
  response:
    status:
      code: 200
      message: OK
    headers:
      Content-Type:
      - text/xml
      Cache-Control:
      - no-cache
      Connection:
      - close
      Content-Length:
      - '635'
    body:
      encoding: UTF-8
      string: |
        <directory name="ProjectWithRepo_package" rev="5c66cbac68c3abcc0ff20b10856f5bb1" srcmd5="5c66cbac68c3abcc0ff20b10856f5bb1">
          <linkinfo project="ProjectWithRepo:Update" package="ProjectWithRepo_package" srcmd5="a5baab5eedd5af6d9c5c260d4c956c97" baserev="a5baab5eedd5af6d9c5c260d4c956c97" lsrcmd5="f9557e52aef57f63d9266dd2141a4962"/>
          <entry name="DUMMY_FILE" md5="275876e34cf609db118f3d84b799a790" size="5" mtime="1688536879"/>
          <entry name="_config" md5="0b7e0c77ebdd42536ecbf1ee4b117e5a" size="64" mtime="1688554878"/>
          <entry name="somefile.txt" md5="b2f988500cdd1083ab28b0e5077bd9cb" size="86" mtime="1688554878"/>
        </directory>
  recorded_at: Thu, 06 Jul 2023 08:27:45 GMT
- request:
    method: get
    uri: http://backend:5352/source/home:tom:branches:ProjectWithRepo:Update/ProjectWithRepo_package?expand=1&rev=5c66cbac68c3abcc0ff20b10856f5bb1
    body:
      encoding: US-ASCII
      string: ''
    headers:
      X-Request-Id:
      - 02e3c7f0-3efe-43fb-b9f7-83704ac9767b
      Accept-Encoding:
      - gzip;q=1.0,deflate;q=0.6,identity;q=0.3
      Accept:
      - "*/*"
      User-Agent:
      - Ruby
  response:
    status:
      code: 200
      message: OK
    headers:
      Content-Type:
      - text/xml
      Cache-Control:
      - no-cache
      Connection:
      - close
      Content-Length:
      - '635'
    body:
      encoding: UTF-8
      string: |
        <directory name="ProjectWithRepo_package" rev="5c66cbac68c3abcc0ff20b10856f5bb1" srcmd5="5c66cbac68c3abcc0ff20b10856f5bb1">
          <linkinfo project="ProjectWithRepo:Update" package="ProjectWithRepo_package" srcmd5="a5baab5eedd5af6d9c5c260d4c956c97" baserev="a5baab5eedd5af6d9c5c260d4c956c97" lsrcmd5="f9557e52aef57f63d9266dd2141a4962"/>
          <entry name="DUMMY_FILE" md5="275876e34cf609db118f3d84b799a790" size="5" mtime="1688536879"/>
          <entry name="_config" md5="0b7e0c77ebdd42536ecbf1ee4b117e5a" size="64" mtime="1688554878"/>
          <entry name="somefile.txt" md5="b2f988500cdd1083ab28b0e5077bd9cb" size="86" mtime="1688554878"/>
        </directory>
  recorded_at: Thu, 06 Jul 2023 08:27:45 GMT
- request:
    method: get
    uri: http://backend:5352/source/home:tom:branches:ProjectWithRepo:Update/ProjectWithRepo_package
    body:
      encoding: US-ASCII
      string: ''
    headers:
      X-Request-Id:
      - 02e3c7f0-3efe-43fb-b9f7-83704ac9767b
      Accept-Encoding:
      - gzip;q=1.0,deflate;q=0.6,identity;q=0.3
      Accept:
      - "*/*"
      User-Agent:
      - Ruby
  response:
    status:
      code: 200
      message: OK
    headers:
      Content-Type:
      - text/xml
      Cache-Control:
      - no-cache
      Connection:
      - close
      Content-Length:
      - '751'
    body:
      encoding: UTF-8
      string: |
        <directory name="ProjectWithRepo_package" rev="36" vrev="36" srcmd5="f9557e52aef57f63d9266dd2141a4962">
          <linkinfo project="ProjectWithRepo:Update" package="ProjectWithRepo_package" srcmd5="a5baab5eedd5af6d9c5c260d4c956c97" baserev="a5baab5eedd5af6d9c5c260d4c956c97" xsrcmd5="5c66cbac68c3abcc0ff20b10856f5bb1" lsrcmd5="f9557e52aef57f63d9266dd2141a4962"/>
          <entry name="DUMMY_FILE" md5="275876e34cf609db118f3d84b799a790" size="5" mtime="1688536879"/>
          <entry name="_config" md5="0b7e0c77ebdd42536ecbf1ee4b117e5a" size="64" mtime="1688554878"/>
          <entry name="_link" md5="00872f4a2313150e16db7247b64e6150" size="130" mtime="1688561188"/>
          <entry name="somefile.txt" md5="b2f988500cdd1083ab28b0e5077bd9cb" size="86" mtime="1688554878"/>
        </directory>
  recorded_at: Thu, 06 Jul 2023 08:27:45 GMT
- request:
    method: post
    uri: http://backend:5352/search/package/id?match=(linkinfo/@package=%22ProjectWithRepo_package%22%20and%20linkinfo/@project=%22ProjectWithRepo:Update%22%20and%20starts-with(@project,%22MaintenanceProject:%22))
    body:
      encoding: UTF-8
      string: ''
    headers:
      Content-Type:
      - application/octet-stream
      X-Request-Id:
      - 02e3c7f0-3efe-43fb-b9f7-83704ac9767b
      Accept-Encoding:
      - gzip;q=1.0,deflate;q=0.6,identity;q=0.3
      Accept:
      - "*/*"
      User-Agent:
      - Ruby
  response:
    status:
      code: 200
      message: OK
    headers:
      Content-Type:
      - text/xml
      Cache-Control:
      - no-cache
      Connection:
      - close
      Content-Length:
      - '125'
    body:
      encoding: UTF-8
      string: |
        <collection>
          <package name="ProjectWithRepo_package.ProjectWithRepo_Update" project="MaintenanceProject:0"/>
        </collection>
  recorded_at: Thu, 06 Jul 2023 08:27:45 GMT
- request:
    method: post
    uri: http://backend:5352/search/package/id?match=(linkinfo/@package=%22ProjectWithRepo_package%22%20and%20linkinfo/@project=%22ProjectWithRepo%22%20and%20@project=%22ProjectWithRepo%22)
    body:
      encoding: UTF-8
      string: ''
    headers:
      Content-Type:
      - application/octet-stream
      Accept-Encoding:
      - gzip;q=1.0,deflate;q=0.6,identity;q=0.3
      Accept:
      - "*/*"
      User-Agent:
      - Ruby
  response:
    status:
      code: 200
      message: OK
    headers:
      Content-Type:
      - text/xml
      Cache-Control:
      - no-cache
      Connection:
      - close
      Content-Length:
      - '27'
    body:
      encoding: UTF-8
      string: |
        <collection>
        </collection>
  recorded_at: Thu, 06 Jul 2023 08:27:45 GMT
- request:
    method: post
    uri: http://backend:5352/source/MaintenanceProject:0/ProjectWithRepo_package.ProjectWithRepo_Update?cmd=branch&extendvrev=1&noservice=1&opackage=ProjectWithRepo_package&oproject=ProjectWithRepo:Update&user=maintenance_coord
    body:
      encoding: UTF-8
      string: ''
    headers:
      Content-Type:
      - application/octet-stream
      Accept-Encoding:
      - gzip;q=1.0,deflate;q=0.6,identity;q=0.3
      Accept:
      - "*/*"
      User-Agent:
      - Ruby
  response:
    status:
      code: 200
      message: OK
    headers:
      Content-Type:
      - text/xml
      Cache-Control:
      - no-cache
      Connection:
      - close
      Content-Length:
      - '219'
    body:
      encoding: UTF-8
      string: |
        <revision rev="35" vrev="35">
          <srcmd5>3ebac7d20be391d116f1eaa4724aed89</srcmd5>
          <version>unknown</version>
          <time>1688632065</time>
          <user>maintenance_coord</user>
          <comment></comment>
          <requestid/>
        </revision>
  recorded_at: Thu, 06 Jul 2023 08:27:45 GMT
- request:
    method: get
    uri: http://backend:5352/source/MaintenanceProject:0/ProjectWithRepo_package.ProjectWithRepo_Update
    body:
      encoding: US-ASCII
      string: ''
    headers:
      Accept-Encoding:
      - gzip;q=1.0,deflate;q=0.6,identity;q=0.3
      Accept:
      - "*/*"
      User-Agent:
      - Ruby
  response:
    status:
      code: 200
      message: OK
    headers:
      Content-Type:
      - text/xml
      Cache-Control:
      - no-cache
      Connection:
      - close
      Content-Length:
      - '678'
    body:
      encoding: UTF-8
      string: |
        <directory name="ProjectWithRepo_package.ProjectWithRepo_Update" rev="35" vrev="35" srcmd5="3ebac7d20be391d116f1eaa4724aed89">
          <linkinfo project="ProjectWithRepo:Update" package="ProjectWithRepo_package" srcmd5="a5baab5eedd5af6d9c5c260d4c956c97" baserev="a5baab5eedd5af6d9c5c260d4c956c97" xsrcmd5="79cbc18d9d4a5dab468212fa2ddace14" lsrcmd5="3ebac7d20be391d116f1eaa4724aed89"/>
          <entry name="_config" md5="0b7e0c77ebdd42536ecbf1ee4b117e5a" size="64" mtime="1688554878"/>
          <entry name="_link" md5="ed22877c64e5a43cd129d61f1beb5ca2" size="176" mtime="1688566806"/>
          <entry name="somefile.txt" md5="b2f988500cdd1083ab28b0e5077bd9cb" size="86" mtime="1688554878"/>
        </directory>
  recorded_at: Thu, 06 Jul 2023 08:27:45 GMT
- request:
    method: get
    uri: http://backend:5352/source/MaintenanceProject:0/ProjectWithRepo_package.ProjectWithRepo_Update?view=info
    body:
      encoding: US-ASCII
      string: ''
    headers:
      X-Request-Id:
      - 02e3c7f0-3efe-43fb-b9f7-83704ac9767b
      Accept-Encoding:
      - gzip;q=1.0,deflate;q=0.6,identity;q=0.3
      Accept:
      - "*/*"
      User-Agent:
      - Ruby
  response:
    status:
      code: 200
      message: OK
    headers:
      Content-Type:
      - text/xml
      Cache-Control:
      - no-cache
      Connection:
      - close
      Content-Length:
      - '463'
    body:
      encoding: UTF-8
      string: |
        <sourceinfo package="ProjectWithRepo_package.ProjectWithRepo_Update" rev="35" vrev="33.36" srcmd5="79cbc18d9d4a5dab468212fa2ddace14" lsrcmd5="3ebac7d20be391d116f1eaa4724aed89" verifymd5="a5baab5eedd5af6d9c5c260d4c956c97">
          <error>bad build configuration, no build type defined or detected</error>
          <linked project="ProjectWithRepo:Update" package="ProjectWithRepo_package"/>
          <linked project="ProjectWithRepo" package="ProjectWithRepo_package"/>
        </sourceinfo>
  recorded_at: Thu, 06 Jul 2023 08:27:45 GMT
- request:
    method: get
    uri: http://backend:5352/source/MaintenanceProject:0/ProjectWithRepo_package.ProjectWithRepo_Update
    body:
      encoding: US-ASCII
      string: ''
    headers:
      X-Request-Id:
      - 02e3c7f0-3efe-43fb-b9f7-83704ac9767b
      Accept-Encoding:
      - gzip;q=1.0,deflate;q=0.6,identity;q=0.3
      Accept:
      - "*/*"
      User-Agent:
      - Ruby
  response:
    status:
      code: 200
      message: OK
    headers:
      Content-Type:
      - text/xml
      Cache-Control:
      - no-cache
      Connection:
      - close
      Content-Length:
      - '678'
    body:
      encoding: UTF-8
      string: |
        <directory name="ProjectWithRepo_package.ProjectWithRepo_Update" rev="35" vrev="35" srcmd5="3ebac7d20be391d116f1eaa4724aed89">
          <linkinfo project="ProjectWithRepo:Update" package="ProjectWithRepo_package" srcmd5="a5baab5eedd5af6d9c5c260d4c956c97" baserev="a5baab5eedd5af6d9c5c260d4c956c97" xsrcmd5="79cbc18d9d4a5dab468212fa2ddace14" lsrcmd5="3ebac7d20be391d116f1eaa4724aed89"/>
          <entry name="_config" md5="0b7e0c77ebdd42536ecbf1ee4b117e5a" size="64" mtime="1688554878"/>
          <entry name="_link" md5="ed22877c64e5a43cd129d61f1beb5ca2" size="176" mtime="1688566806"/>
          <entry name="somefile.txt" md5="b2f988500cdd1083ab28b0e5077bd9cb" size="86" mtime="1688554878"/>
        </directory>
  recorded_at: Thu, 06 Jul 2023 08:27:45 GMT
- request:
    method: post
    uri: http://backend:5352/source/MaintenanceProject:0/ProjectWithRepo_package.ProjectWithRepo_Update?cmd=diff&linkrev=base&onlyissues=1&orev=0&view=xml
    body:
      encoding: UTF-8
      string: ''
    headers:
      Content-Type:
      - application/octet-stream
      Accept-Encoding:
      - gzip;q=1.0,deflate;q=0.6,identity;q=0.3
      Accept:
      - "*/*"
      User-Agent:
      - Ruby
  response:
    status:
      code: 200
      message: OK
    headers:
      Content-Type:
      - text/xml
      Cache-Control:
      - no-cache
      Connection:
      - close
      Content-Length:
      - '395'
    body:
      encoding: UTF-8
      string: |
        <sourcediff key="10627199661944b74ba380de17eba11b">
          <old project="MaintenanceProject:0" package="ProjectWithRepo_package.ProjectWithRepo_Update" rev="0" srcmd5="d41d8cd98f00b204e9800998ecf8427e"/>
          <new project="MaintenanceProject:0" package="ProjectWithRepo_package.ProjectWithRepo_Update" rev="35" srcmd5="3ebac7d20be391d116f1eaa4724aed89"/>
          <files/>
          <issues>
          </issues>
        </sourcediff>
  recorded_at: Thu, 06 Jul 2023 08:27:45 GMT
- request:
    method: post
    uri: http://backend:5352/source/MaintenanceProject:0/ProjectWithRepo_package.ProjectWithRepo_Update?cmd=linkdiff&linkrev=base&onlyissues=1&view=xml
    body:
      encoding: UTF-8
      string: ''
    headers:
      Content-Type:
      - application/octet-stream
      Accept-Encoding:
      - gzip;q=1.0,deflate;q=0.6,identity;q=0.3
      Accept:
      - "*/*"
      User-Agent:
      - Ruby
  response:
    status:
      code: 200
      message: OK
    headers:
      Content-Type:
      - text/xml
      Content-Length:
      - '435'
      Cache-Control:
      - no-cache
      Connection:
      - close
    body:
      encoding: UTF-8
      string: |
        <sourcediff key="a712d164ac93337645d9895a670ed56b">
          <old project="ProjectWithRepo:Update" package="ProjectWithRepo_package" rev="a5baab5eedd5af6d9c5c260d4c956c97" srcmd5="a5baab5eedd5af6d9c5c260d4c956c97"/>
          <new project="MaintenanceProject:0" package="ProjectWithRepo_package.ProjectWithRepo_Update" rev="79cbc18d9d4a5dab468212fa2ddace14" srcmd5="79cbc18d9d4a5dab468212fa2ddace14"/>
          <files/>
          <issues>
          </issues>
        </sourcediff>
  recorded_at: Thu, 06 Jul 2023 08:27:45 GMT
- request:
    method: get
    uri: http://backend:5352/source/MaintenanceProject:0/ProjectWithRepo_package.ProjectWithRepo_Update
    body:
      encoding: US-ASCII
      string: ''
    headers:
      X-Request-Id:
      - 02e3c7f0-3efe-43fb-b9f7-83704ac9767b
      Accept-Encoding:
      - gzip;q=1.0,deflate;q=0.6,identity;q=0.3
      Accept:
      - "*/*"
      User-Agent:
      - Ruby
  response:
    status:
      code: 200
      message: OK
    headers:
      Content-Type:
      - text/xml
      Cache-Control:
      - no-cache
      Connection:
      - close
      Content-Length:
      - '678'
    body:
      encoding: UTF-8
      string: |
        <directory name="ProjectWithRepo_package.ProjectWithRepo_Update" rev="35" vrev="35" srcmd5="3ebac7d20be391d116f1eaa4724aed89">
          <linkinfo project="ProjectWithRepo:Update" package="ProjectWithRepo_package" srcmd5="a5baab5eedd5af6d9c5c260d4c956c97" baserev="a5baab5eedd5af6d9c5c260d4c956c97" xsrcmd5="79cbc18d9d4a5dab468212fa2ddace14" lsrcmd5="3ebac7d20be391d116f1eaa4724aed89"/>
          <entry name="_config" md5="0b7e0c77ebdd42536ecbf1ee4b117e5a" size="64" mtime="1688554878"/>
          <entry name="_link" md5="ed22877c64e5a43cd129d61f1beb5ca2" size="176" mtime="1688566806"/>
          <entry name="somefile.txt" md5="b2f988500cdd1083ab28b0e5077bd9cb" size="86" mtime="1688554878"/>
        </directory>
  recorded_at: Thu, 06 Jul 2023 08:27:45 GMT
- request:
    method: get
    uri: http://backend:5352/source/MaintenanceProject:0/ProjectWithRepo_package.ProjectWithRepo_Update
    body:
      encoding: US-ASCII
      string: ''
    headers:
      X-Request-Id:
      - 02e3c7f0-3efe-43fb-b9f7-83704ac9767b
      Accept-Encoding:
      - gzip;q=1.0,deflate;q=0.6,identity;q=0.3
      Accept:
      - "*/*"
      User-Agent:
      - Ruby
  response:
    status:
      code: 200
      message: OK
    headers:
      Content-Type:
      - text/xml
      Cache-Control:
      - no-cache
      Connection:
      - close
      Content-Length:
      - '678'
    body:
      encoding: UTF-8
      string: |
        <directory name="ProjectWithRepo_package.ProjectWithRepo_Update" rev="35" vrev="35" srcmd5="3ebac7d20be391d116f1eaa4724aed89">
          <linkinfo project="ProjectWithRepo:Update" package="ProjectWithRepo_package" srcmd5="a5baab5eedd5af6d9c5c260d4c956c97" baserev="a5baab5eedd5af6d9c5c260d4c956c97" xsrcmd5="79cbc18d9d4a5dab468212fa2ddace14" lsrcmd5="3ebac7d20be391d116f1eaa4724aed89"/>
          <entry name="_config" md5="0b7e0c77ebdd42536ecbf1ee4b117e5a" size="64" mtime="1688554878"/>
          <entry name="_link" md5="ed22877c64e5a43cd129d61f1beb5ca2" size="176" mtime="1688566806"/>
          <entry name="somefile.txt" md5="b2f988500cdd1083ab28b0e5077bd9cb" size="86" mtime="1688554878"/>
        </directory>
  recorded_at: Thu, 06 Jul 2023 08:27:45 GMT
- request:
    method: get
    uri: http://backend:5352/source/MaintenanceProject:0/ProjectWithRepo_package.ProjectWithRepo_Update
    body:
      encoding: US-ASCII
      string: ''
    headers:
      X-Request-Id:
      - 02e3c7f0-3efe-43fb-b9f7-83704ac9767b
      Accept-Encoding:
      - gzip;q=1.0,deflate;q=0.6,identity;q=0.3
      Accept:
      - "*/*"
      User-Agent:
      - Ruby
  response:
    status:
      code: 200
      message: OK
    headers:
      Content-Type:
      - text/xml
      Cache-Control:
      - no-cache
      Connection:
      - close
      Content-Length:
      - '678'
    body:
      encoding: UTF-8
      string: |
        <directory name="ProjectWithRepo_package.ProjectWithRepo_Update" rev="35" vrev="35" srcmd5="3ebac7d20be391d116f1eaa4724aed89">
          <linkinfo project="ProjectWithRepo:Update" package="ProjectWithRepo_package" srcmd5="a5baab5eedd5af6d9c5c260d4c956c97" baserev="a5baab5eedd5af6d9c5c260d4c956c97" xsrcmd5="79cbc18d9d4a5dab468212fa2ddace14" lsrcmd5="3ebac7d20be391d116f1eaa4724aed89"/>
          <entry name="_config" md5="0b7e0c77ebdd42536ecbf1ee4b117e5a" size="64" mtime="1688554878"/>
          <entry name="_link" md5="ed22877c64e5a43cd129d61f1beb5ca2" size="176" mtime="1688566806"/>
          <entry name="somefile.txt" md5="b2f988500cdd1083ab28b0e5077bd9cb" size="86" mtime="1688554878"/>
        </directory>
  recorded_at: Thu, 06 Jul 2023 08:27:45 GMT
- request:
    method: post
    uri: http://backend:5352/search/package/id?match=(linkinfo/@package=%22ProjectWithRepo_package%22%20and%20linkinfo/@project=%22ProjectWithRepo%22%20and%20@project=%22ProjectWithRepo%22)
    body:
      encoding: UTF-8
      string: ''
    headers:
      Content-Type:
      - application/octet-stream
      Accept-Encoding:
      - gzip;q=1.0,deflate;q=0.6,identity;q=0.3
      Accept:
      - "*/*"
      User-Agent:
      - Ruby
  response:
    status:
      code: 200
      message: OK
    headers:
      Content-Type:
      - text/xml
      Cache-Control:
      - no-cache
      Connection:
      - close
      Content-Length:
      - '27'
    body:
      encoding: UTF-8
      string: |
        <collection>
        </collection>
  recorded_at: Thu, 06 Jul 2023 08:27:45 GMT
- request:
    method: post
    uri: http://backend:5352/source/MaintenanceProject:0/ProjectWithRepo_package.ProjectWithRepo_Update?cmd=copy&comment=Maintenance%20incident%20copy%20from%20project%20home:tom:branches:ProjectWithRepo:Update&expand=1&keeplink=1&opackage=ProjectWithRepo_package&oproject=home:tom:branches:ProjectWithRepo:Update&orev=5c66cbac68c3abcc0ff20b10856f5bb1&requestid=1&user=maintenance_coord&withacceptinfo=1
    body:
      encoding: UTF-8
      string: ''
    headers:
      Content-Type:
      - application/octet-stream
      X-Request-Id:
      - 02e3c7f0-3efe-43fb-b9f7-83704ac9767b
      Accept-Encoding:
      - gzip;q=1.0,deflate;q=0.6,identity;q=0.3
      Accept:
      - "*/*"
      User-Agent:
      - Ruby
  response:
    status:
      code: 200
      message: OK
    headers:
      Content-Type:
      - text/xml
      Cache-Control:
      - no-cache
      Connection:
      - close
      Content-Length:
      - '507'
    body:
      encoding: UTF-8
      string: |
        <revision rev="36" vrev="36">
          <srcmd5>77c5ec01aceaa83385e7d28788b86e04</srcmd5>
          <version>unknown</version>
          <time>1688632065</time>
          <user>maintenance_coord</user>
          <comment>Maintenance incident copy from project home:tom:branches:ProjectWithRepo:Update</comment>
          <requestid>1</requestid>
          <acceptinfo rev="36" srcmd5="77c5ec01aceaa83385e7d28788b86e04" osrcmd5="3ebac7d20be391d116f1eaa4724aed89" xsrcmd5="901b98c1ab20194fd72e46b10d780003" oxsrcmd5="79cbc18d9d4a5dab468212fa2ddace14"/>
        </revision>
  recorded_at: Thu, 06 Jul 2023 08:27:46 GMT
- request:
    method: get
    uri: http://backend:5352/source/MaintenanceProject:0/ProjectWithRepo_package.ProjectWithRepo_Update
    body:
      encoding: US-ASCII
      string: ''
    headers:
      Accept-Encoding:
      - gzip;q=1.0,deflate;q=0.6,identity;q=0.3
      Accept:
      - "*/*"
      User-Agent:
      - Ruby
  response:
    status:
      code: 200
      message: OK
    headers:
      Content-Type:
      - text/xml
      Cache-Control:
      - no-cache
      Connection:
      - close
      Content-Length:
      - '774'
    body:
      encoding: UTF-8
      string: |
        <directory name="ProjectWithRepo_package.ProjectWithRepo_Update" rev="36" vrev="36" srcmd5="77c5ec01aceaa83385e7d28788b86e04">
          <linkinfo project="ProjectWithRepo:Update" package="ProjectWithRepo_package" srcmd5="a5baab5eedd5af6d9c5c260d4c956c97" baserev="a5baab5eedd5af6d9c5c260d4c956c97" xsrcmd5="901b98c1ab20194fd72e46b10d780003" lsrcmd5="77c5ec01aceaa83385e7d28788b86e04"/>
          <entry name="DUMMY_FILE" md5="275876e34cf609db118f3d84b799a790" size="5" mtime="1688536879"/>
          <entry name="_config" md5="0b7e0c77ebdd42536ecbf1ee4b117e5a" size="64" mtime="1688554878"/>
          <entry name="_link" md5="ed22877c64e5a43cd129d61f1beb5ca2" size="176" mtime="1688566806"/>
          <entry name="somefile.txt" md5="b2f988500cdd1083ab28b0e5077bd9cb" size="86" mtime="1688554878"/>
        </directory>
  recorded_at: Thu, 06 Jul 2023 08:27:46 GMT
- request:
    method: get
    uri: http://backend:5352/source/MaintenanceProject:0/ProjectWithRepo_package.ProjectWithRepo_Update?view=info
    body:
      encoding: US-ASCII
      string: ''
    headers:
      X-Request-Id:
      - 02e3c7f0-3efe-43fb-b9f7-83704ac9767b
      Accept-Encoding:
      - gzip;q=1.0,deflate;q=0.6,identity;q=0.3
      Accept:
      - "*/*"
      User-Agent:
      - Ruby
  response:
    status:
      code: 200
      message: OK
    headers:
      Content-Type:
      - text/xml
      Cache-Control:
      - no-cache
      Connection:
      - close
      Content-Length:
      - '463'
    body:
      encoding: UTF-8
      string: |
        <sourceinfo package="ProjectWithRepo_package.ProjectWithRepo_Update" rev="36" vrev="33.37" srcmd5="901b98c1ab20194fd72e46b10d780003" lsrcmd5="77c5ec01aceaa83385e7d28788b86e04" verifymd5="8f34f6f0673017109107fc94c72b8834">
          <error>bad build configuration, no build type defined or detected</error>
          <linked project="ProjectWithRepo:Update" package="ProjectWithRepo_package"/>
          <linked project="ProjectWithRepo" package="ProjectWithRepo_package"/>
        </sourceinfo>
  recorded_at: Thu, 06 Jul 2023 08:27:46 GMT
- request:
    method: get
    uri: http://backend:5352/source/MaintenanceProject:0/ProjectWithRepo_package.ProjectWithRepo_Update
    body:
      encoding: US-ASCII
      string: ''
    headers:
      X-Request-Id:
      - 02e3c7f0-3efe-43fb-b9f7-83704ac9767b
      Accept-Encoding:
      - gzip;q=1.0,deflate;q=0.6,identity;q=0.3
      Accept:
      - "*/*"
      User-Agent:
      - Ruby
  response:
    status:
      code: 200
      message: OK
    headers:
      Content-Type:
      - text/xml
      Cache-Control:
      - no-cache
      Connection:
      - close
      Content-Length:
      - '774'
    body:
      encoding: UTF-8
      string: |
        <directory name="ProjectWithRepo_package.ProjectWithRepo_Update" rev="36" vrev="36" srcmd5="77c5ec01aceaa83385e7d28788b86e04">
          <linkinfo project="ProjectWithRepo:Update" package="ProjectWithRepo_package" srcmd5="a5baab5eedd5af6d9c5c260d4c956c97" baserev="a5baab5eedd5af6d9c5c260d4c956c97" xsrcmd5="901b98c1ab20194fd72e46b10d780003" lsrcmd5="77c5ec01aceaa83385e7d28788b86e04"/>
          <entry name="DUMMY_FILE" md5="275876e34cf609db118f3d84b799a790" size="5" mtime="1688536879"/>
          <entry name="_config" md5="0b7e0c77ebdd42536ecbf1ee4b117e5a" size="64" mtime="1688554878"/>
          <entry name="_link" md5="ed22877c64e5a43cd129d61f1beb5ca2" size="176" mtime="1688566806"/>
          <entry name="somefile.txt" md5="b2f988500cdd1083ab28b0e5077bd9cb" size="86" mtime="1688554878"/>
        </directory>
  recorded_at: Thu, 06 Jul 2023 08:27:46 GMT
- request:
    method: post
    uri: http://backend:5352/source/MaintenanceProject:0/ProjectWithRepo_package.ProjectWithRepo_Update?cmd=diff&linkrev=base&onlyissues=1&orev=0&view=xml
    body:
      encoding: UTF-8
      string: ''
    headers:
      Content-Type:
      - application/octet-stream
      Accept-Encoding:
      - gzip;q=1.0,deflate;q=0.6,identity;q=0.3
      Accept:
      - "*/*"
      User-Agent:
      - Ruby
  response:
    status:
      code: 200
      message: OK
    headers:
      Content-Type:
      - text/xml
      Cache-Control:
      - no-cache
      Connection:
      - close
      Content-Length:
      - '395'
    body:
      encoding: UTF-8
      string: |
        <sourcediff key="f79bc5bc46756be82bb6f0353ff36bfc">
          <old project="MaintenanceProject:0" package="ProjectWithRepo_package.ProjectWithRepo_Update" rev="0" srcmd5="d41d8cd98f00b204e9800998ecf8427e"/>
          <new project="MaintenanceProject:0" package="ProjectWithRepo_package.ProjectWithRepo_Update" rev="36" srcmd5="77c5ec01aceaa83385e7d28788b86e04"/>
          <files/>
          <issues>
          </issues>
        </sourcediff>
  recorded_at: Thu, 06 Jul 2023 08:27:46 GMT
- request:
    method: post
    uri: http://backend:5352/source/MaintenanceProject:0/ProjectWithRepo_package.ProjectWithRepo_Update?cmd=linkdiff&linkrev=base&onlyissues=1&view=xml
    body:
      encoding: UTF-8
      string: ''
    headers:
      Content-Type:
      - application/octet-stream
      Accept-Encoding:
      - gzip;q=1.0,deflate;q=0.6,identity;q=0.3
      Accept:
      - "*/*"
      User-Agent:
      - Ruby
  response:
    status:
      code: 200
      message: OK
    headers:
      Content-Type:
      - text/xml
      Content-Length:
      - '435'
      Cache-Control:
      - no-cache
      Connection:
      - close
    body:
      encoding: UTF-8
      string: |
        <sourcediff key="43ffa7549a4d905fa44ddd3172ceceb2">
          <old project="ProjectWithRepo:Update" package="ProjectWithRepo_package" rev="a5baab5eedd5af6d9c5c260d4c956c97" srcmd5="a5baab5eedd5af6d9c5c260d4c956c97"/>
          <new project="MaintenanceProject:0" package="ProjectWithRepo_package.ProjectWithRepo_Update" rev="901b98c1ab20194fd72e46b10d780003" srcmd5="901b98c1ab20194fd72e46b10d780003"/>
          <files/>
          <issues>
          </issues>
        </sourcediff>
  recorded_at: Thu, 06 Jul 2023 08:27:46 GMT
- request:
    method: put
    uri: http://backend:5352/source/MaintenanceProject:0/patchinfo/_patchinfo?comment=generated%20by%20request%20id%201%20accept%20call&user=maintenance_coord
    body:
      encoding: UTF-8
      string: |-
        <patchinfo incident="0">
          <category>recommended</category>
          <rating>low</rating>
          <packager>tom</packager>
          <summary>I want the update</summary>
          <description>I want the update</description>
        </patchinfo>
    headers:
      X-Request-Id:
      - 02e3c7f0-3efe-43fb-b9f7-83704ac9767b
      Accept-Encoding:
      - gzip;q=1.0,deflate;q=0.6,identity;q=0.3
      Accept:
      - "*/*"
      User-Agent:
      - Ruby
  response:
    status:
      code: 200
      message: OK
    headers:
      Content-Type:
      - text/xml
      Cache-Control:
      - no-cache
      Connection:
      - close
      Content-Length:
      - '256'
    body:
      encoding: UTF-8
      string: |
        <revision rev="46" vrev="46">
          <srcmd5>53b684c8c2dbc9672bb230d024c87a14</srcmd5>
          <version>unknown</version>
          <time>1688632066</time>
          <user>maintenance_coord</user>
          <comment>generated by request id 1 accept call</comment>
          <requestid/>
        </revision>
  recorded_at: Thu, 06 Jul 2023 08:27:46 GMT
- request:
    method: get
    uri: http://backend:5352/source/MaintenanceProject:0/patchinfo
    body:
      encoding: US-ASCII
      string: ''
    headers:
      Accept-Encoding:
      - gzip;q=1.0,deflate;q=0.6,identity;q=0.3
      Accept:
      - "*/*"
      User-Agent:
      - Ruby
  response:
    status:
      code: 200
      message: OK
    headers:
      Content-Type:
      - text/xml
      Cache-Control:
      - no-cache
      Connection:
      - close
      Content-Length:
      - '201'
    body:
      encoding: UTF-8
      string: |
        <directory name="patchinfo" rev="46" vrev="46" srcmd5="53b684c8c2dbc9672bb230d024c87a14">
          <entry name="_patchinfo" md5="34e0b04fccfd75faea0577efe7cd9ead" size="208" mtime="1688536886"/>
        </directory>
  recorded_at: Thu, 06 Jul 2023 08:27:46 GMT
- request:
    method: get
    uri: http://backend:5352/source/MaintenanceProject:0/patchinfo?view=info
    body:
      encoding: US-ASCII
      string: ''
    headers:
      X-Request-Id:
      - 02e3c7f0-3efe-43fb-b9f7-83704ac9767b
      Accept-Encoding:
      - gzip;q=1.0,deflate;q=0.6,identity;q=0.3
      Accept:
      - "*/*"
      User-Agent:
      - Ruby
  response:
    status:
      code: 200
      message: OK
    headers:
      Content-Type:
      - text/xml
      Cache-Control:
      - no-cache
      Connection:
      - close
      Content-Length:
      - '187'
    body:
      encoding: UTF-8
      string: |
        <sourceinfo package="patchinfo" rev="46" vrev="46" srcmd5="53b684c8c2dbc9672bb230d024c87a14" verifymd5="53b684c8c2dbc9672bb230d024c87a14">
          <filename>_patchinfo</filename>
        </sourceinfo>
  recorded_at: Thu, 06 Jul 2023 08:27:46 GMT
- request:
    method: get
    uri: http://backend:5352/source/MaintenanceProject:0/patchinfo
    body:
      encoding: US-ASCII
      string: ''
    headers:
      X-Request-Id:
      - 02e3c7f0-3efe-43fb-b9f7-83704ac9767b
      Accept-Encoding:
      - gzip;q=1.0,deflate;q=0.6,identity;q=0.3
      Accept:
      - "*/*"
      User-Agent:
      - Ruby
  response:
    status:
      code: 200
      message: OK
    headers:
      Content-Type:
      - text/xml
      Cache-Control:
      - no-cache
      Connection:
      - close
      Content-Length:
      - '201'
    body:
      encoding: UTF-8
      string: |
        <directory name="patchinfo" rev="46" vrev="46" srcmd5="53b684c8c2dbc9672bb230d024c87a14">
          <entry name="_patchinfo" md5="34e0b04fccfd75faea0577efe7cd9ead" size="208" mtime="1688536886"/>
        </directory>
  recorded_at: Thu, 06 Jul 2023 08:27:46 GMT
- request:
    method: get
    uri: http://backend:5352/source/MaintenanceProject:0/patchinfo/_patchinfo
    body:
      encoding: US-ASCII
      string: ''
    headers:
      Accept-Encoding:
      - gzip;q=1.0,deflate;q=0.6,identity;q=0.3
      Accept:
      - "*/*"
      User-Agent:
      - Ruby
  response:
    status:
      code: 200
      message: OK
    headers:
      Content-Type:
      - application/octet-stream
      Content-Length:
      - '208'
      Cache-Control:
      - no-cache
      Connection:
      - close
    body:
      encoding: UTF-8
      string: |-
        <patchinfo incident="0">
          <category>recommended</category>
          <rating>low</rating>
          <packager>tom</packager>
          <summary>I want the update</summary>
          <description>I want the update</description>
        </patchinfo>
  recorded_at: Thu, 06 Jul 2023 08:27:46 GMT
- request:
    method: get
    uri: http://backend:5352/build/MaintenanceProject:0/_result?view=binarylist
    body:
      encoding: US-ASCII
      string: ''
    headers:
      X-Request-Id:
      - ca1ac142-f251-488f-8d19-7ed5a20d25d1
      Accept-Encoding:
      - gzip;q=1.0,deflate;q=0.6,identity;q=0.3
      Accept:
      - "*/*"
      User-Agent:
      - Ruby
  response:
    status:
      code: 200
      message: OK
    headers:
      Content-Type:
      - text/xml
      Cache-Control:
      - no-cache
      Connection:
      - close
      Content-Length:
      - '237'
    body:
      encoding: UTF-8
      string: |
        <resultlist state="1ebb8da631fca74768ff14657f9f6921">
          <result project="MaintenanceProject:0" repository="ProjectWithRepo_Update" arch="i586" code="broken" state="broken" details="no build type (ProjectWithRepo:Update)"/>
        </resultlist>
  recorded_at: Thu, 06 Jul 2023 08:27:46 GMT
- request:
    method: get
    uri: http://backend:5352/source/MaintenanceProject:0/patchinfo/_patchinfo
    body:
      encoding: US-ASCII
      string: ''
    headers:
      Accept-Encoding:
      - gzip;q=1.0,deflate;q=0.6,identity;q=0.3
      Accept:
      - "*/*"
      User-Agent:
      - Ruby
  response:
    status:
      code: 200
      message: OK
    headers:
      Content-Type:
      - application/octet-stream
      Content-Length:
      - '208'
      Cache-Control:
      - no-cache
      Connection:
      - close
    body:
      encoding: UTF-8
      string: |-
        <patchinfo incident="0">
          <category>recommended</category>
          <rating>low</rating>
          <packager>tom</packager>
          <summary>I want the update</summary>
          <description>I want the update</description>
        </patchinfo>
  recorded_at: Thu, 06 Jul 2023 08:27:47 GMT
- request:
    method: get
    uri: http://backend:5352/source/MaintenanceProject:0/patchinfo/_patchinfo
    body:
      encoding: US-ASCII
      string: ''
    headers:
      Accept-Encoding:
      - gzip;q=1.0,deflate;q=0.6,identity;q=0.3
      Accept:
      - "*/*"
      User-Agent:
      - Ruby
  response:
    status:
      code: 200
      message: OK
    headers:
      Content-Type:
      - application/octet-stream
      Content-Length:
      - '208'
      Cache-Control:
      - no-cache
      Connection:
      - close
    body:
      encoding: UTF-8
      string: |-
        <patchinfo incident="0">
          <category>recommended</category>
          <rating>low</rating>
          <packager>tom</packager>
          <summary>I want the update</summary>
          <description>I want the update</description>
        </patchinfo>
  recorded_at: Thu, 06 Jul 2023 08:27:47 GMT
- request:
    method: get
    uri: http://backend:5352/build/MaintenanceProject:0/_result?view=binarylist
    body:
      encoding: US-ASCII
      string: ''
    headers:
      X-Request-Id:
      - 10bb9a25-7522-4ef3-8f03-d21e7d03a514
      Accept-Encoding:
      - gzip;q=1.0,deflate;q=0.6,identity;q=0.3
      Accept:
      - "*/*"
      User-Agent:
      - Ruby
  response:
    status:
      code: 200
      message: OK
    headers:
      Content-Type:
      - text/xml
      Cache-Control:
      - no-cache
      Connection:
      - close
      Content-Length:
      - '237'
    body:
      encoding: UTF-8
      string: |
        <resultlist state="1ebb8da631fca74768ff14657f9f6921">
          <result project="MaintenanceProject:0" repository="ProjectWithRepo_Update" arch="i586" code="broken" state="broken" details="no build type (ProjectWithRepo:Update)"/>
        </resultlist>
  recorded_at: Thu, 06 Jul 2023 08:27:55 GMT
- request:
    method: get
    uri: http://backend:5352/source/MaintenanceProject:0/patchinfo/_patchinfo
    body:
      encoding: US-ASCII
      string: ''
    headers:
      Accept-Encoding:
      - gzip;q=1.0,deflate;q=0.6,identity;q=0.3
      Accept:
      - "*/*"
      User-Agent:
      - Ruby
  response:
    status:
      code: 200
      message: OK
    headers:
      Content-Type:
      - application/octet-stream
      Content-Length:
      - '208'
      Cache-Control:
      - no-cache
      Connection:
      - close
    body:
      encoding: UTF-8
      string: |-
        <patchinfo incident="0">
          <category>recommended</category>
          <rating>low</rating>
          <packager>tom</packager>
          <summary>I want the update</summary>
          <description>I want the update</description>
        </patchinfo>
  recorded_at: Thu, 06 Jul 2023 08:27:55 GMT
- request:
    method: get
    uri: http://backend:5352/source/MaintenanceProject:0/patchinfo/_patchinfo
    body:
      encoding: US-ASCII
      string: ''
    headers:
      Accept-Encoding:
      - gzip;q=1.0,deflate;q=0.6,identity;q=0.3
      Accept:
      - "*/*"
      User-Agent:
      - Ruby
  response:
    status:
      code: 200
      message: OK
    headers:
      Content-Type:
      - application/octet-stream
      Content-Length:
      - '208'
      Cache-Control:
      - no-cache
      Connection:
      - close
    body:
      encoding: UTF-8
      string: |-
        <patchinfo incident="0">
          <category>recommended</category>
          <rating>low</rating>
          <packager>tom</packager>
          <summary>I want the update</summary>
          <description>I want the update</description>
        </patchinfo>
  recorded_at: Thu, 06 Jul 2023 08:27:55 GMT
- request:
    method: put
    uri: http://backend:5352/source/MaintenanceProject:0/patchinfo/_patchinfo?user=maintenance_coord
    body:
      encoding: UTF-8
      string: |
        <patchinfo incident="0">
          <packager>tom</packager>
          <category>recommended</category>
          <rating>low</rating>
          <summary>ProjectWithRepo_package is much better than the old one</summary>
          <description>Fixes nothing, Fixes nothing, Fixes nothing, Fixes nothing, Fixes nothing, Fixes nothing</description>
          <stopped>locked!</stopped>
        </patchinfo>
    headers:
      X-Request-Id:
      - 10bb9a25-7522-4ef3-8f03-d21e7d03a514
      Accept-Encoding:
      - gzip;q=1.0,deflate;q=0.6,identity;q=0.3
      Accept:
      - "*/*"
      User-Agent:
      - Ruby
  response:
    status:
      code: 200
      message: OK
    headers:
      Content-Type:
      - text/xml
      Cache-Control:
      - no-cache
      Connection:
      - close
      Content-Length:
      - '219'
    body:
      encoding: UTF-8
      string: |
        <revision rev="47" vrev="47">
          <srcmd5>d07dfcdc0bb71ab61e7d0c85c4a68c71</srcmd5>
          <version>unknown</version>
          <time>1688632075</time>
          <user>maintenance_coord</user>
          <comment></comment>
          <requestid/>
        </revision>
  recorded_at: Thu, 06 Jul 2023 08:27:55 GMT
- request:
    method: get
    uri: http://backend:5352/source/MaintenanceProject:0/patchinfo
    body:
      encoding: US-ASCII
      string: ''
    headers:
      Accept-Encoding:
      - gzip;q=1.0,deflate;q=0.6,identity;q=0.3
      Accept:
      - "*/*"
      User-Agent:
      - Ruby
  response:
    status:
      code: 200
      message: OK
    headers:
      Content-Type:
      - text/xml
      Cache-Control:
      - no-cache
      Connection:
      - close
      Content-Length:
      - '201'
    body:
      encoding: UTF-8
      string: |
        <directory name="patchinfo" rev="47" vrev="47" srcmd5="d07dfcdc0bb71ab61e7d0c85c4a68c71">
          <entry name="_patchinfo" md5="7fd692cf9ae54961b5c5a22aa13e29c0" size="347" mtime="1688537345"/>
        </directory>
  recorded_at: Thu, 06 Jul 2023 08:27:55 GMT
- request:
    method: get
    uri: http://backend:5352/source/MaintenanceProject:0/patchinfo?view=info
    body:
      encoding: US-ASCII
      string: ''
    headers:
      X-Request-Id:
      - 10bb9a25-7522-4ef3-8f03-d21e7d03a514
      Accept-Encoding:
      - gzip;q=1.0,deflate;q=0.6,identity;q=0.3
      Accept:
      - "*/*"
      User-Agent:
      - Ruby
  response:
    status:
      code: 200
      message: OK
    headers:
      Content-Type:
      - text/xml
      Cache-Control:
      - no-cache
      Connection:
      - close
      Content-Length:
      - '187'
    body:
      encoding: UTF-8
      string: |
        <sourceinfo package="patchinfo" rev="47" vrev="47" srcmd5="d07dfcdc0bb71ab61e7d0c85c4a68c71" verifymd5="d07dfcdc0bb71ab61e7d0c85c4a68c71">
          <filename>_patchinfo</filename>
        </sourceinfo>
  recorded_at: Thu, 06 Jul 2023 08:27:55 GMT
- request:
    method: get
    uri: http://backend:5352/source/MaintenanceProject:0/patchinfo
    body:
      encoding: US-ASCII
      string: ''
    headers:
      X-Request-Id:
      - 10bb9a25-7522-4ef3-8f03-d21e7d03a514
      Accept-Encoding:
      - gzip;q=1.0,deflate;q=0.6,identity;q=0.3
      Accept:
      - "*/*"
      User-Agent:
      - Ruby
  response:
    status:
      code: 200
      message: OK
    headers:
      Content-Type:
      - text/xml
      Cache-Control:
      - no-cache
      Connection:
      - close
      Content-Length:
      - '201'
    body:
      encoding: UTF-8
      string: |
        <directory name="patchinfo" rev="47" vrev="47" srcmd5="d07dfcdc0bb71ab61e7d0c85c4a68c71">
          <entry name="_patchinfo" md5="7fd692cf9ae54961b5c5a22aa13e29c0" size="347" mtime="1688537345"/>
        </directory>
  recorded_at: Thu, 06 Jul 2023 08:27:55 GMT
- request:
    method: get
    uri: http://backend:5352/source/MaintenanceProject:0/patchinfo/_patchinfo
    body:
      encoding: US-ASCII
      string: ''
    headers:
      Accept-Encoding:
      - gzip;q=1.0,deflate;q=0.6,identity;q=0.3
      Accept:
      - "*/*"
      User-Agent:
      - Ruby
  response:
    status:
      code: 200
      message: OK
    headers:
      Content-Type:
      - application/octet-stream
      Content-Length:
      - '347'
      Cache-Control:
      - no-cache
      Connection:
      - close
    body:
      encoding: UTF-8
      string: |
        <patchinfo incident="0">
          <packager>tom</packager>
          <category>recommended</category>
          <rating>low</rating>
          <summary>ProjectWithRepo_package is much better than the old one</summary>
          <description>Fixes nothing, Fixes nothing, Fixes nothing, Fixes nothing, Fixes nothing, Fixes nothing</description>
          <stopped>locked!</stopped>
        </patchinfo>
  recorded_at: Thu, 06 Jul 2023 08:27:55 GMT
- request:
    method: get
    uri: http://backend:5352/source/MaintenanceProject:0/patchinfo/_patchinfo
    body:
      encoding: US-ASCII
      string: ''
    headers:
      Accept-Encoding:
      - gzip;q=1.0,deflate;q=0.6,identity;q=0.3
      Accept:
      - "*/*"
      User-Agent:
      - Ruby
  response:
    status:
      code: 200
      message: OK
    headers:
      Content-Type:
      - application/octet-stream
      Content-Length:
      - '347'
      Cache-Control:
      - no-cache
      Connection:
      - close
    body:
      encoding: UTF-8
      string: |
        <patchinfo incident="0">
          <packager>tom</packager>
          <category>recommended</category>
          <rating>low</rating>
          <summary>ProjectWithRepo_package is much better than the old one</summary>
          <description>Fixes nothing, Fixes nothing, Fixes nothing, Fixes nothing, Fixes nothing, Fixes nothing</description>
          <stopped>locked!</stopped>
        </patchinfo>
  recorded_at: Thu, 06 Jul 2023 08:27:55 GMT
- request:
    method: get
    uri: http://backend:5352/source/MaintenanceProject:0/patchinfo/_patchinfo
    body:
      encoding: US-ASCII
      string: ''
    headers:
      Accept-Encoding:
      - gzip;q=1.0,deflate;q=0.6,identity;q=0.3
      Accept:
      - "*/*"
      User-Agent:
      - Ruby
  response:
    status:
      code: 200
      message: OK
    headers:
      Content-Type:
      - application/octet-stream
      Content-Length:
      - '347'
      Cache-Control:
      - no-cache
      Connection:
      - close
    body:
      encoding: UTF-8
      string: |
        <patchinfo incident="0">
          <packager>tom</packager>
          <category>recommended</category>
          <rating>low</rating>
          <summary>ProjectWithRepo_package is much better than the old one</summary>
          <description>Fixes nothing, Fixes nothing, Fixes nothing, Fixes nothing, Fixes nothing, Fixes nothing</description>
          <stopped>locked!</stopped>
        </patchinfo>
  recorded_at: Thu, 06 Jul 2023 08:27:55 GMT
- request:
    method: get
    uri: http://backend:5352/build/MaintenanceProject:0/_result?view=binarylist
    body:
      encoding: US-ASCII
      string: ''
    headers:
      X-Request-Id:
      - fc6f9261-862e-49c7-a404-276be15f8b55
      Accept-Encoding:
      - gzip;q=1.0,deflate;q=0.6,identity;q=0.3
      Accept:
      - "*/*"
      User-Agent:
      - Ruby
  response:
    status:
      code: 200
      message: OK
    headers:
      Content-Type:
      - text/xml
      Cache-Control:
      - no-cache
      Connection:
      - close
      Content-Length:
      - '237'
    body:
      encoding: UTF-8
      string: |
        <resultlist state="1ebb8da631fca74768ff14657f9f6921">
          <result project="MaintenanceProject:0" repository="ProjectWithRepo_Update" arch="i586" code="broken" state="broken" details="no build type (ProjectWithRepo:Update)"/>
        </resultlist>
  recorded_at: Thu, 06 Jul 2023 08:28:03 GMT
- request:
    method: get
    uri: http://backend:5352/source/MaintenanceProject:0/patchinfo/_patchinfo
    body:
      encoding: US-ASCII
      string: ''
    headers:
      Accept-Encoding:
      - gzip;q=1.0,deflate;q=0.6,identity;q=0.3
      Accept:
      - "*/*"
      User-Agent:
      - Ruby
  response:
    status:
      code: 200
      message: OK
    headers:
      Content-Type:
      - application/octet-stream
      Content-Length:
      - '347'
      Cache-Control:
      - no-cache
      Connection:
      - close
    body:
      encoding: UTF-8
      string: |
        <patchinfo incident="0">
          <packager>tom</packager>
          <category>recommended</category>
          <rating>low</rating>
          <summary>ProjectWithRepo_package is much better than the old one</summary>
          <description>Fixes nothing, Fixes nothing, Fixes nothing, Fixes nothing, Fixes nothing, Fixes nothing</description>
          <stopped>locked!</stopped>
        </patchinfo>
  recorded_at: Thu, 06 Jul 2023 08:28:03 GMT
- request:
    method: get
    uri: http://backend:5352/source/MaintenanceProject:0/patchinfo/_patchinfo
    body:
      encoding: US-ASCII
      string: ''
    headers:
      Accept-Encoding:
      - gzip;q=1.0,deflate;q=0.6,identity;q=0.3
      Accept:
      - "*/*"
      User-Agent:
      - Ruby
  response:
    status:
      code: 200
      message: OK
    headers:
      Content-Type:
      - application/octet-stream
      Content-Length:
      - '347'
      Cache-Control:
      - no-cache
      Connection:
      - close
    body:
      encoding: UTF-8
      string: |
        <patchinfo incident="0">
          <packager>tom</packager>
          <category>recommended</category>
          <rating>low</rating>
          <summary>ProjectWithRepo_package is much better than the old one</summary>
          <description>Fixes nothing, Fixes nothing, Fixes nothing, Fixes nothing, Fixes nothing, Fixes nothing</description>
          <stopped>locked!</stopped>
        </patchinfo>
  recorded_at: Thu, 06 Jul 2023 08:28:03 GMT
- request:
    method: get
    uri: http://backend:5352/build/MaintenanceProject:0/_result?view=binarylist
    body:
      encoding: US-ASCII
      string: ''
    headers:
      X-Request-Id:
      - 716eb3b4-ddb9-4fff-b4ef-c16916bd1532
      Accept-Encoding:
      - gzip;q=1.0,deflate;q=0.6,identity;q=0.3
      Accept:
      - "*/*"
      User-Agent:
      - Ruby
  response:
    status:
      code: 200
      message: OK
    headers:
      Content-Type:
      - text/xml
      Cache-Control:
      - no-cache
      Connection:
      - close
      Content-Length:
      - '237'
    body:
      encoding: UTF-8
      string: |
        <resultlist state="1ebb8da631fca74768ff14657f9f6921">
          <result project="MaintenanceProject:0" repository="ProjectWithRepo_Update" arch="i586" code="broken" state="broken" details="no build type (ProjectWithRepo:Update)"/>
        </resultlist>
  recorded_at: Thu, 06 Jul 2023 08:28:12 GMT
- request:
    method: get
    uri: http://backend:5352/source/MaintenanceProject:0/patchinfo/_patchinfo
    body:
      encoding: US-ASCII
      string: ''
    headers:
      Accept-Encoding:
      - gzip;q=1.0,deflate;q=0.6,identity;q=0.3
      Accept:
      - "*/*"
      User-Agent:
      - Ruby
  response:
    status:
      code: 200
      message: OK
    headers:
      Content-Type:
      - application/octet-stream
      Content-Length:
      - '347'
      Cache-Control:
      - no-cache
      Connection:
      - close
    body:
      encoding: UTF-8
      string: |
        <patchinfo incident="0">
          <packager>tom</packager>
          <category>recommended</category>
          <rating>low</rating>
          <summary>ProjectWithRepo_package is much better than the old one</summary>
          <description>Fixes nothing, Fixes nothing, Fixes nothing, Fixes nothing, Fixes nothing, Fixes nothing</description>
          <stopped>locked!</stopped>
        </patchinfo>
  recorded_at: Thu, 06 Jul 2023 08:28:12 GMT
- request:
    method: get
    uri: http://backend:5352/source/MaintenanceProject:0/patchinfo/_patchinfo
    body:
      encoding: US-ASCII
      string: ''
    headers:
      Accept-Encoding:
      - gzip;q=1.0,deflate;q=0.6,identity;q=0.3
      Accept:
      - "*/*"
      User-Agent:
      - Ruby
  response:
    status:
      code: 200
      message: OK
    headers:
      Content-Type:
      - application/octet-stream
      Content-Length:
      - '347'
      Cache-Control:
      - no-cache
      Connection:
      - close
    body:
      encoding: UTF-8
      string: |
        <patchinfo incident="0">
          <packager>tom</packager>
          <category>recommended</category>
          <rating>low</rating>
          <summary>ProjectWithRepo_package is much better than the old one</summary>
          <description>Fixes nothing, Fixes nothing, Fixes nothing, Fixes nothing, Fixes nothing, Fixes nothing</description>
          <stopped>locked!</stopped>
        </patchinfo>
  recorded_at: Thu, 06 Jul 2023 08:28:12 GMT
- request:
    method: put
    uri: http://backend:5352/source/MaintenanceProject:0/patchinfo/_patchinfo?user=maintenance_coord
    body:
      encoding: UTF-8
      string: |
        <patchinfo incident="0">
          <packager>tom</packager>
          <category>recommended</category>
          <rating>low</rating>
          <summary>ProjectWithRepo_package is much better than the old one</summary>
          <description>Fixes nothing, Fixes nothing, Fixes nothing, Fixes nothing, Fixes nothing, Fixes nothing</description>
        </patchinfo>
    headers:
      X-Request-Id:
      - 716eb3b4-ddb9-4fff-b4ef-c16916bd1532
      Accept-Encoding:
      - gzip;q=1.0,deflate;q=0.6,identity;q=0.3
      Accept:
      - "*/*"
      User-Agent:
      - Ruby
  response:
    status:
      code: 200
      message: OK
    headers:
      Content-Type:
      - text/xml
      Cache-Control:
      - no-cache
      Connection:
      - close
      Content-Length:
      - '219'
    body:
      encoding: UTF-8
      string: |
        <revision rev="48" vrev="48">
          <srcmd5>177d57906eba63ae56a64a367592144a</srcmd5>
          <version>unknown</version>
          <time>1688632092</time>
          <user>maintenance_coord</user>
          <comment></comment>
          <requestid/>
        </revision>
  recorded_at: Thu, 06 Jul 2023 08:28:12 GMT
- request:
    method: get
    uri: http://backend:5352/source/MaintenanceProject:0/patchinfo
    body:
      encoding: US-ASCII
      string: ''
    headers:
      Accept-Encoding:
      - gzip;q=1.0,deflate;q=0.6,identity;q=0.3
      Accept:
      - "*/*"
      User-Agent:
      - Ruby
  response:
    status:
      code: 200
      message: OK
    headers:
      Content-Type:
      - text/xml
      Cache-Control:
      - no-cache
      Connection:
      - close
      Content-Length:
      - '201'
    body:
      encoding: UTF-8
      string: |
        <directory name="patchinfo" rev="48" vrev="48" srcmd5="177d57906eba63ae56a64a367592144a">
          <entry name="_patchinfo" md5="ac29f7f1abd9ef43afeb43fc7737c007" size="318" mtime="1688537347"/>
        </directory>
  recorded_at: Thu, 06 Jul 2023 08:28:12 GMT
- request:
    method: get
    uri: http://backend:5352/source/MaintenanceProject:0/patchinfo?view=info
    body:
      encoding: US-ASCII
      string: ''
    headers:
      X-Request-Id:
      - 716eb3b4-ddb9-4fff-b4ef-c16916bd1532
      Accept-Encoding:
      - gzip;q=1.0,deflate;q=0.6,identity;q=0.3
      Accept:
      - "*/*"
      User-Agent:
      - Ruby
  response:
    status:
      code: 200
      message: OK
    headers:
      Content-Type:
      - text/xml
      Cache-Control:
      - no-cache
      Connection:
      - close
      Content-Length:
      - '187'
    body:
      encoding: UTF-8
      string: |
        <sourceinfo package="patchinfo" rev="48" vrev="48" srcmd5="177d57906eba63ae56a64a367592144a" verifymd5="177d57906eba63ae56a64a367592144a">
          <filename>_patchinfo</filename>
        </sourceinfo>
  recorded_at: Thu, 06 Jul 2023 08:28:12 GMT
- request:
    method: get
    uri: http://backend:5352/source/MaintenanceProject:0/patchinfo
    body:
      encoding: US-ASCII
      string: ''
    headers:
      X-Request-Id:
      - 716eb3b4-ddb9-4fff-b4ef-c16916bd1532
      Accept-Encoding:
      - gzip;q=1.0,deflate;q=0.6,identity;q=0.3
      Accept:
      - "*/*"
      User-Agent:
      - Ruby
  response:
    status:
      code: 200
      message: OK
    headers:
      Content-Type:
      - text/xml
      Cache-Control:
      - no-cache
      Connection:
      - close
      Content-Length:
      - '201'
    body:
      encoding: UTF-8
      string: |
        <directory name="patchinfo" rev="48" vrev="48" srcmd5="177d57906eba63ae56a64a367592144a">
          <entry name="_patchinfo" md5="ac29f7f1abd9ef43afeb43fc7737c007" size="318" mtime="1688537347"/>
        </directory>
  recorded_at: Thu, 06 Jul 2023 08:28:12 GMT
- request:
    method: get
    uri: http://backend:5352/source/MaintenanceProject:0/patchinfo/_patchinfo
    body:
      encoding: US-ASCII
      string: ''
    headers:
      Accept-Encoding:
      - gzip;q=1.0,deflate;q=0.6,identity;q=0.3
      Accept:
      - "*/*"
      User-Agent:
      - Ruby
  response:
    status:
      code: 200
      message: OK
    headers:
      Content-Type:
      - application/octet-stream
      Content-Length:
      - '318'
      Cache-Control:
      - no-cache
      Connection:
      - close
    body:
      encoding: UTF-8
      string: |
        <patchinfo incident="0">
          <packager>tom</packager>
          <category>recommended</category>
          <rating>low</rating>
          <summary>ProjectWithRepo_package is much better than the old one</summary>
          <description>Fixes nothing, Fixes nothing, Fixes nothing, Fixes nothing, Fixes nothing, Fixes nothing</description>
        </patchinfo>
  recorded_at: Thu, 06 Jul 2023 08:28:12 GMT
- request:
    method: get
    uri: http://backend:5352/source/MaintenanceProject:0/patchinfo/_patchinfo
    body:
      encoding: US-ASCII
      string: ''
    headers:
      Accept-Encoding:
      - gzip;q=1.0,deflate;q=0.6,identity;q=0.3
      Accept:
      - "*/*"
      User-Agent:
      - Ruby
  response:
    status:
      code: 200
      message: OK
    headers:
      Content-Type:
      - application/octet-stream
      Content-Length:
      - '318'
      Cache-Control:
      - no-cache
      Connection:
      - close
    body:
      encoding: UTF-8
      string: |
        <patchinfo incident="0">
          <packager>tom</packager>
          <category>recommended</category>
          <rating>low</rating>
          <summary>ProjectWithRepo_package is much better than the old one</summary>
          <description>Fixes nothing, Fixes nothing, Fixes nothing, Fixes nothing, Fixes nothing, Fixes nothing</description>
        </patchinfo>
  recorded_at: Thu, 06 Jul 2023 08:28:12 GMT
- request:
    method: get
    uri: http://backend:5352/source/MaintenanceProject:0/patchinfo/_patchinfo
    body:
      encoding: US-ASCII
      string: ''
    headers:
      Accept-Encoding:
      - gzip;q=1.0,deflate;q=0.6,identity;q=0.3
      Accept:
      - "*/*"
      User-Agent:
      - Ruby
  response:
    status:
      code: 200
      message: OK
    headers:
      Content-Type:
      - application/octet-stream
      Content-Length:
      - '318'
      Cache-Control:
      - no-cache
      Connection:
      - close
    body:
      encoding: UTF-8
      string: |
        <patchinfo incident="0">
          <packager>tom</packager>
          <category>recommended</category>
          <rating>low</rating>
          <summary>ProjectWithRepo_package is much better than the old one</summary>
          <description>Fixes nothing, Fixes nothing, Fixes nothing, Fixes nothing, Fixes nothing, Fixes nothing</description>
        </patchinfo>
  recorded_at: Thu, 06 Jul 2023 08:28:12 GMT
- request:
    method: get
    uri: http://backend:5352/build/home:tom:branches:ProjectWithRepo:Update/_result?code=unresolvable&view=status
    body:
      encoding: US-ASCII
      string: ''
    headers:
      X-Request-Id:
      - c879d756-4975-484c-b668-81aae9c3eead
      Accept-Encoding:
      - gzip;q=1.0,deflate;q=0.6,identity;q=0.3
      Accept:
      - "*/*"
      User-Agent:
      - Ruby
  response:
    status:
      code: 200
      message: OK
    headers:
      Content-Type:
      - text/xml
      Cache-Control:
      - no-cache
      Connection:
      - close
      Content-Length:
      - '247'
    body:
      encoding: UTF-8
      string: |
        <resultlist state="fb85bcd305fff40857a0d91d8a9f91ac">
          <result project="home:tom:branches:ProjectWithRepo:Update" repository="repository_4" arch="i586" code="broken" state="broken" details="no build type (ProjectWithRepo:Update)"/>
        </resultlist>
  recorded_at: Thu, 06 Jul 2023 08:28:37 GMT
- request:
    method: get
    uri: http://backend:5352/build/home:tom:branches:ProjectWithRepo:Update/_result?view=summary
    body:
      encoding: US-ASCII
      string: ''
    headers:
      X-Request-Id:
      - 1c6c33a7-9506-458c-bbea-09d5705edb1f
      Accept-Encoding:
      - gzip;q=1.0,deflate;q=0.6,identity;q=0.3
      Accept:
      - "*/*"
      User-Agent:
      - Ruby
  response:
    status:
      code: 200
      message: OK
    headers:
      Content-Type:
      - text/xml
      Cache-Control:
      - no-cache
      Connection:
      - close
      Content-Length:
      - '273'
    body:
      encoding: UTF-8
      string: |
        <resultlist state="fb85bcd305fff40857a0d91d8a9f91ac">
          <result project="home:tom:branches:ProjectWithRepo:Update" repository="repository_4" arch="i586" code="broken" state="broken" details="no build type (ProjectWithRepo:Update)">
            <summary/>
          </result>
        </resultlist>
  recorded_at: Thu, 06 Jul 2023 08:28:38 GMT
- request:
    method: get
    uri: http://backend:5352/source/home:tom:branches:ProjectWithRepo:Update/ProjectWithRepo_package
    body:
      encoding: US-ASCII
      string: ''
    headers:
      X-Request-Id:
      - 2755f31d-ca2d-45f5-b8e4-d00688b69068
      Accept-Encoding:
      - gzip;q=1.0,deflate;q=0.6,identity;q=0.3
      Accept:
      - "*/*"
      User-Agent:
      - Ruby
  response:
    status:
      code: 200
      message: OK
    headers:
      Content-Type:
      - text/xml
      Cache-Control:
      - no-cache
      Connection:
      - close
      Content-Length:
      - '751'
    body:
      encoding: UTF-8
      string: |
        <directory name="ProjectWithRepo_package" rev="36" vrev="36" srcmd5="f9557e52aef57f63d9266dd2141a4962">
          <linkinfo project="ProjectWithRepo:Update" package="ProjectWithRepo_package" srcmd5="a5baab5eedd5af6d9c5c260d4c956c97" baserev="a5baab5eedd5af6d9c5c260d4c956c97" xsrcmd5="5c66cbac68c3abcc0ff20b10856f5bb1" lsrcmd5="f9557e52aef57f63d9266dd2141a4962"/>
          <entry name="DUMMY_FILE" md5="275876e34cf609db118f3d84b799a790" size="5" mtime="1688536879"/>
          <entry name="_config" md5="0b7e0c77ebdd42536ecbf1ee4b117e5a" size="64" mtime="1688554878"/>
          <entry name="_link" md5="00872f4a2313150e16db7247b64e6150" size="130" mtime="1688561188"/>
          <entry name="somefile.txt" md5="b2f988500cdd1083ab28b0e5077bd9cb" size="86" mtime="1688554878"/>
        </directory>
  recorded_at: Thu, 06 Jul 2023 08:28:54 GMT
- request:
    method: get
    uri: http://backend:5352/source/home:tom:branches:ProjectWithRepo:Update/ProjectWithRepo_package
    body:
      encoding: US-ASCII
      string: ''
    headers:
      X-Request-Id:
      - 2755f31d-ca2d-45f5-b8e4-d00688b69068
      Accept-Encoding:
      - gzip;q=1.0,deflate;q=0.6,identity;q=0.3
      Accept:
      - "*/*"
      User-Agent:
      - Ruby
  response:
    status:
      code: 200
      message: OK
    headers:
      Content-Type:
      - text/xml
      Cache-Control:
      - no-cache
      Connection:
      - close
      Content-Length:
      - '751'
    body:
      encoding: UTF-8
      string: |
        <directory name="ProjectWithRepo_package" rev="36" vrev="36" srcmd5="f9557e52aef57f63d9266dd2141a4962">
          <linkinfo project="ProjectWithRepo:Update" package="ProjectWithRepo_package" srcmd5="a5baab5eedd5af6d9c5c260d4c956c97" baserev="a5baab5eedd5af6d9c5c260d4c956c97" xsrcmd5="5c66cbac68c3abcc0ff20b10856f5bb1" lsrcmd5="f9557e52aef57f63d9266dd2141a4962"/>
          <entry name="DUMMY_FILE" md5="275876e34cf609db118f3d84b799a790" size="5" mtime="1688536879"/>
          <entry name="_config" md5="0b7e0c77ebdd42536ecbf1ee4b117e5a" size="64" mtime="1688554878"/>
          <entry name="_link" md5="00872f4a2313150e16db7247b64e6150" size="130" mtime="1688561188"/>
          <entry name="somefile.txt" md5="b2f988500cdd1083ab28b0e5077bd9cb" size="86" mtime="1688554878"/>
        </directory>
  recorded_at: Thu, 06 Jul 2023 08:28:54 GMT
- request:
    method: get
    uri: http://backend:5352/source/home:tom:branches:ProjectWithRepo:Update/ProjectWithRepo_package
    body:
      encoding: US-ASCII
      string: ''
    headers:
      X-Request-Id:
      - 2755f31d-ca2d-45f5-b8e4-d00688b69068
      Accept-Encoding:
      - gzip;q=1.0,deflate;q=0.6,identity;q=0.3
      Accept:
      - "*/*"
      User-Agent:
      - Ruby
  response:
    status:
      code: 200
      message: OK
    headers:
      Content-Type:
      - text/xml
      Cache-Control:
      - no-cache
      Connection:
      - close
      Content-Length:
      - '751'
    body:
      encoding: UTF-8
      string: |
        <directory name="ProjectWithRepo_package" rev="36" vrev="36" srcmd5="f9557e52aef57f63d9266dd2141a4962">
          <linkinfo project="ProjectWithRepo:Update" package="ProjectWithRepo_package" srcmd5="a5baab5eedd5af6d9c5c260d4c956c97" baserev="a5baab5eedd5af6d9c5c260d4c956c97" xsrcmd5="5c66cbac68c3abcc0ff20b10856f5bb1" lsrcmd5="f9557e52aef57f63d9266dd2141a4962"/>
          <entry name="DUMMY_FILE" md5="275876e34cf609db118f3d84b799a790" size="5" mtime="1688536879"/>
          <entry name="_config" md5="0b7e0c77ebdd42536ecbf1ee4b117e5a" size="64" mtime="1688554878"/>
          <entry name="_link" md5="00872f4a2313150e16db7247b64e6150" size="130" mtime="1688561188"/>
          <entry name="somefile.txt" md5="b2f988500cdd1083ab28b0e5077bd9cb" size="86" mtime="1688554878"/>
        </directory>
  recorded_at: Thu, 06 Jul 2023 08:28:54 GMT
- request:
    method: post
    uri: http://backend:5352/source/home:tom:branches:ProjectWithRepo:Update/ProjectWithRepo_package?cmd=diff&expand=1&nodiff=1&opackage=ProjectWithRepo_package&oproject=ProjectWithRepo:Update
    body:
      encoding: UTF-8
      string: ''
    headers:
      Content-Type:
      - application/octet-stream
      X-Request-Id:
      - 2755f31d-ca2d-45f5-b8e4-d00688b69068
      Accept-Encoding:
      - gzip;q=1.0,deflate;q=0.6,identity;q=0.3
      Accept:
      - "*/*"
      User-Agent:
      - Ruby
  response:
    status:
      code: 200
      message: OK
    headers:
      Content-Type:
      - text/plain
      Cache-Control:
      - no-cache
      Connection:
      - close
      Content-Length:
      - '110'
    body:
      encoding: UTF-8
      string: |2

        new:
        ----
          DUMMY_FILE

        other changes:
        --------------

        ++++++ DUMMY_FILE (new)
        --- DUMMY_FILE
        +++ DUMMY_FILE
  recorded_at: Thu, 06 Jul 2023 08:28:54 GMT
- request:
    method: get
    uri: http://backend:5352/source/home:tom:branches:ProjectWithRepo:Update/ProjectWithRepo_package?expand=1
    body:
      encoding: US-ASCII
      string: ''
    headers:
      X-Request-Id:
      - 2755f31d-ca2d-45f5-b8e4-d00688b69068
      Accept-Encoding:
      - gzip;q=1.0,deflate;q=0.6,identity;q=0.3
      Accept:
      - "*/*"
      User-Agent:
      - Ruby
  response:
    status:
      code: 200
      message: OK
    headers:
      Content-Type:
      - text/xml
      Cache-Control:
      - no-cache
      Connection:
      - close
      Content-Length:
      - '645'
    body:
      encoding: UTF-8
      string: |
        <directory name="ProjectWithRepo_package" rev="5c66cbac68c3abcc0ff20b10856f5bb1" vrev="68" srcmd5="5c66cbac68c3abcc0ff20b10856f5bb1">
          <linkinfo project="ProjectWithRepo:Update" package="ProjectWithRepo_package" srcmd5="a5baab5eedd5af6d9c5c260d4c956c97" baserev="a5baab5eedd5af6d9c5c260d4c956c97" lsrcmd5="f9557e52aef57f63d9266dd2141a4962"/>
          <entry name="DUMMY_FILE" md5="275876e34cf609db118f3d84b799a790" size="5" mtime="1688536879"/>
          <entry name="_config" md5="0b7e0c77ebdd42536ecbf1ee4b117e5a" size="64" mtime="1688554878"/>
          <entry name="somefile.txt" md5="b2f988500cdd1083ab28b0e5077bd9cb" size="86" mtime="1688554878"/>
        </directory>
  recorded_at: Thu, 06 Jul 2023 08:28:54 GMT
- request:
    method: get
    uri: http://backend:5352/build/home:tom:branches:ProjectWithRepo:Update/_result?code=unresolvable&view=status
    body:
      encoding: US-ASCII
      string: ''
    headers:
      X-Request-Id:
      - 1f45b603-5a66-43eb-89df-f644b9952719
      Accept-Encoding:
      - gzip;q=1.0,deflate;q=0.6,identity;q=0.3
      Accept:
      - "*/*"
      User-Agent:
      - Ruby
  response:
    status:
      code: 200
      message: OK
    headers:
      Content-Type:
      - text/xml
      Cache-Control:
      - no-cache
      Connection:
      - close
      Content-Length:
      - '247'
    body:
      encoding: UTF-8
      string: |
        <resultlist state="fb85bcd305fff40857a0d91d8a9f91ac">
          <result project="home:tom:branches:ProjectWithRepo:Update" repository="repository_4" arch="i586" code="broken" state="broken" details="no build type (ProjectWithRepo:Update)"/>
        </resultlist>
  recorded_at: Thu, 06 Jul 2023 08:28:54 GMT
- request:
    method: get
    uri: http://backend:5352/build/home:tom:branches:ProjectWithRepo:Update/_result?view=summary
    body:
      encoding: US-ASCII
      string: ''
    headers:
      X-Request-Id:
      - c8c50b67-17d9-4d4c-ac6c-0127f98d8ce7
      Accept-Encoding:
      - gzip;q=1.0,deflate;q=0.6,identity;q=0.3
      Accept:
      - "*/*"
      User-Agent:
      - Ruby
  response:
    status:
      code: 200
      message: OK
    headers:
      Content-Type:
      - text/xml
      Cache-Control:
      - no-cache
      Connection:
      - close
      Content-Length:
      - '273'
    body:
      encoding: UTF-8
      string: |
        <resultlist state="fb85bcd305fff40857a0d91d8a9f91ac">
          <result project="home:tom:branches:ProjectWithRepo:Update" repository="repository_4" arch="i586" code="broken" state="broken" details="no build type (ProjectWithRepo:Update)">
            <summary/>
          </result>
        </resultlist>
  recorded_at: Thu, 06 Jul 2023 08:28:55 GMT
recorded_with: VCR 6.2.0
