---
http_interactions:
- request:
    method: put
    uri: http://backend:5352/source/home:foo_admin/_meta?user=foo_admin
    body:
      encoding: UTF-8
      string: |
        <project name="home:foo_admin">
          <title/>
          <description/>
          <person userid="foo_admin" role="maintainer"/>
        </project>
    headers:
      Accept-Encoding:
      - gzip;q=1.0,deflate;q=0.6,identity;q=0.3
      Accept:
      - "*/*"
      User-Agent:
      - Ruby
  response:
    status:
      code: 200
      message: OK
    headers:
      Content-Type:
      - text/xml
      Cache-Control:
      - no-cache
      Connection:
      - close
      Content-Length:
      - '141'
    body:
      encoding: UTF-8
      string: |
        <project name="home:foo_admin">
          <title></title>
          <description></description>
          <person userid="foo_admin" role="maintainer" />
        </project>
    http_version: 
  recorded_at: Mon, 20 May 2019 10:56:12 GMT
- request:
    method: put
    uri: http://backend:5352/source/home:foo_admin/package_trigger/_meta?user=foo_admin
    body:
      encoding: UTF-8
      string: |
        <package name="package_trigger" project="home:foo_admin">
          <title>In Death Ground</title>
          <description>Non consequatur laborum repellendus.</description>
        </package>
    headers:
      Accept-Encoding:
      - gzip;q=1.0,deflate;q=0.6,identity;q=0.3
      Accept:
      - "*/*"
      User-Agent:
      - Ruby
  response:
    status:
      code: 200
      message: OK
    headers:
      Content-Type:
      - text/xml
      Cache-Control:
      - no-cache
      Connection:
      - close
      Content-Length:
      - '168'
    body:
      encoding: UTF-8
      string: |
        <package name="package_trigger" project="home:foo_admin">
          <title>In Death Ground</title>
          <description>Non consequatur laborum repellendus.</description>
        </package>
    http_version: 
  recorded_at: Mon, 20 May 2019 10:56:12 GMT
- request:
    method: put
    uri: http://backend:5352/source/home:foo_admin/package_trigger/_meta?user=foo_admin
    body:
      encoding: UTF-8
      string: |
        <package name="package_trigger" project="home:foo_admin">
          <title>In Death Ground</title>
          <description>Non consequatur laborum repellendus.</description>
        </package>
    headers:
      Accept-Encoding:
      - gzip;q=1.0,deflate;q=0.6,identity;q=0.3
      Accept:
      - "*/*"
      User-Agent:
      - Ruby
  response:
    status:
      code: 200
      message: OK
    headers:
      Content-Type:
      - text/xml
      Cache-Control:
      - no-cache
      Connection:
      - close
      Content-Length:
      - '168'
    body:
      encoding: UTF-8
      string: |
        <package name="package_trigger" project="home:foo_admin">
          <title>In Death Ground</title>
          <description>Non consequatur laborum repellendus.</description>
        </package>
    http_version: 
  recorded_at: Mon, 20 May 2019 10:56:12 GMT
recorded_with: VCR 4.0.0
