---
http_interactions:
- request:
    method: get
    uri: http://localhost:3200/source/home:package_test_user/test_package?nofilename=1&view=info&withchangesmd5=1
    body:
      encoding: US-ASCII
      string: ''
    headers:
      Accept-Encoding:
      - gzip;q=1.0,deflate;q=0.6,identity;q=0.3
      Accept:
      - "*/*"
      User-Agent:
      - Ruby
  response:
    status:
      code: 404
      message: project 'home package_test_user' does not exist
    headers:
      Content-Type:
      - text/xml
      Cache-Control:
      - no-cache
      Connection:
      - close
      Content-Length:
      - '172'
    body:
      encoding: UTF-8
      string: |
        <status code="404">
          <summary>project 'home:package_test_user' does not exist</summary>
          <details>404 project 'home:package_test_user' does not exist</details>
        </status>
    http_version: 
  recorded_at: Fri, 07 Jul 2017 07:14:18 GMT
- request:
    method: get
    uri: http://localhost:3200/source/home:package_test_user/test_package
    body:
      encoding: US-ASCII
      string: ''
    headers:
      Accept-Encoding:
      - gzip;q=1.0,deflate;q=0.6,identity;q=0.3
      Accept:
      - "*/*"
      User-Agent:
      - Ruby
  response:
    status:
      code: 404
      message: project 'home package_test_user' does not exist
    headers:
      Content-Type:
      - text/xml
      Cache-Control:
      - no-cache
      Connection:
      - close
      Content-Length:
      - '172'
    body:
      encoding: UTF-8
      string: |
        <status code="404">
          <summary>project 'home:package_test_user' does not exist</summary>
          <details>404 project 'home:package_test_user' does not exist</details>
        </status>
    http_version: 
  recorded_at: Fri, 07 Jul 2017 07:14:18 GMT
- request:
    method: post
    uri: http://localhost:3200/source/home:package_test_user/test_package?cmd=diff&linkrev=base&onlyissues=1&orev=0&view=xml
    body:
      encoding: UTF-8
      string: ''
    headers:
      Content-Type:
      - application/octet-stream
      Accept-Encoding:
      - gzip;q=1.0,deflate;q=0.6,identity;q=0.3
      Accept:
      - "*/*"
      User-Agent:
      - Ruby
  response:
    status:
      code: 404
      message: project 'home package_test_user' does not exist
    headers:
      Content-Type:
      - text/xml
      Cache-Control:
      - no-cache
      Connection:
      - close
      Content-Length:
      - '172'
    body:
      encoding: UTF-8
      string: |
        <status code="404">
          <summary>project 'home:package_test_user' does not exist</summary>
          <details>404 project 'home:package_test_user' does not exist</details>
        </status>
    http_version: 
  recorded_at: Fri, 07 Jul 2017 07:14:18 GMT
- request:
    method: get
    uri: http://localhost:3200/source/home:package_test_user/test_package
    body:
      encoding: US-ASCII
      string: ''
    headers:
      Accept-Encoding:
      - gzip;q=1.0,deflate;q=0.6,identity;q=0.3
      Accept:
      - "*/*"
      User-Agent:
      - Ruby
  response:
    status:
      code: 404
      message: project 'home package_test_user' does not exist
    headers:
      Content-Type:
      - text/xml
      Cache-Control:
      - no-cache
      Connection:
      - close
      Content-Length:
      - '172'
    body:
      encoding: UTF-8
      string: |
        <status code="404">
          <summary>project 'home:package_test_user' does not exist</summary>
          <details>404 project 'home:package_test_user' does not exist</details>
        </status>
    http_version: 
  recorded_at: Fri, 07 Jul 2017 07:14:18 GMT
- request:
    method: get
    uri: http://localhost:3200/source/home:package_test_user/test_package?expand=1
    body:
      encoding: US-ASCII
      string: ''
    headers:
      Accept-Encoding:
      - gzip;q=1.0,deflate;q=0.6,identity;q=0.3
      Accept:
      - "*/*"
      User-Agent:
      - Ruby
  response:
    status:
      code: 404
      message: project 'home package_test_user' does not exist
    headers:
      Content-Type:
      - text/xml
      Cache-Control:
      - no-cache
      Connection:
      - close
      Content-Length:
      - '172'
    body:
      encoding: UTF-8
      string: |
        <status code="404">
          <summary>project 'home:package_test_user' does not exist</summary>
          <details>404 project 'home:package_test_user' does not exist</details>
        </status>
    http_version: 
  recorded_at: Fri, 07 Jul 2017 07:14:18 GMT
- request:
    method: get
    uri: http://localhost:3200/source/home:package_test_user/test_package
    body:
      encoding: US-ASCII
      string: ''
    headers:
      Accept-Encoding:
      - gzip;q=1.0,deflate;q=0.6,identity;q=0.3
      Accept:
      - "*/*"
      User-Agent:
      - Ruby
  response:
    status:
      code: 404
      message: project 'home package_test_user' does not exist
    headers:
      Content-Type:
      - text/xml
      Cache-Control:
      - no-cache
      Connection:
      - close
      Content-Length:
      - '172'
    body:
      encoding: UTF-8
      string: |
        <status code="404">
          <summary>project 'home:package_test_user' does not exist</summary>
          <details>404 project 'home:package_test_user' does not exist</details>
        </status>
    http_version: 
  recorded_at: Fri, 07 Jul 2017 07:14:18 GMT
- request:
    method: get
    uri: http://localhost:3200/source/home:package_test_user/test_package?expand=0
    body:
      encoding: US-ASCII
      string: ''
    headers:
      Accept-Encoding:
      - gzip;q=1.0,deflate;q=0.6,identity;q=0.3
      Accept:
      - "*/*"
      User-Agent:
      - Ruby
  response:
    status:
      code: 404
      message: project 'home package_test_user' does not exist
    headers:
      Content-Type:
      - text/xml
      Cache-Control:
      - no-cache
      Connection:
      - close
      Content-Length:
      - '172'
    body:
      encoding: UTF-8
      string: |
        <status code="404">
          <summary>project 'home:package_test_user' does not exist</summary>
          <details>404 project 'home:package_test_user' does not exist</details>
        </status>
    http_version: 
  recorded_at: Fri, 07 Jul 2017 07:14:18 GMT
- request:
    method: get
    uri: http://localhost:3200/source/home:package_test_user/test_package/_service
    body:
      encoding: US-ASCII
      string: ''
    headers:
      Content-Type:
      - text/plain
      Accept-Encoding:
      - identity
      Accept:
      - "*/*"
      User-Agent:
      - Ruby
  response:
    status:
      code: 404
      message: project 'home package_test_user' does not exist
    headers:
      Content-Type:
      - text/xml
      Cache-Control:
      - no-cache
      Connection:
      - close
      Content-Length:
      - '172'
    body:
      encoding: UTF-8
      string: |
        <status code="404">
          <summary>project 'home:package_test_user' does not exist</summary>
          <details>404 project 'home:package_test_user' does not exist</details>
        </status>
    http_version: 
  recorded_at: Fri, 07 Jul 2017 07:14:18 GMT
- request:
    method: get
    uri: http://localhost:3200/source/home:package_test_user/test_package
    body:
      encoding: US-ASCII
      string: ''
    headers:
      Accept-Encoding:
      - gzip;q=1.0,deflate;q=0.6,identity;q=0.3
      Accept:
      - "*/*"
      User-Agent:
      - Ruby
  response:
    status:
      code: 404
      message: project 'home package_test_user' does not exist
    headers:
      Content-Type:
      - text/xml
      Cache-Control:
      - no-cache
      Connection:
      - close
      Content-Length:
      - '172'
    body:
      encoding: UTF-8
      string: |
        <status code="404">
          <summary>project 'home:package_test_user' does not exist</summary>
          <details>404 project 'home:package_test_user' does not exist</details>
        </status>
    http_version: 
  recorded_at: Fri, 07 Jul 2017 07:14:19 GMT
- request:
    method: get
    uri: http://localhost:3200/build/home:package_test_user/_result?package=test_package&view=status
    body:
      encoding: US-ASCII
      string: ''
    headers:
      Content-Type:
      - text/plain
      Accept-Encoding:
      - identity
      Accept:
      - "*/*"
      User-Agent:
      - Ruby
  response:
    status:
      code: 404
      message: project 'home package_test_user' does not exist
    headers:
      Content-Type:
      - text/xml
      Cache-Control:
      - no-cache
      Connection:
      - close
      Content-Length:
      - '172'
    body:
      encoding: UTF-8
      string: |
        <status code="404">
          <summary>project 'home:package_test_user' does not exist</summary>
          <details>404 project 'home:package_test_user' does not exist</details>
        </status>
    http_version: 
  recorded_at: Fri, 07 Jul 2017 07:14:19 GMT
- request:
    method: get
    uri: http://localhost:3200/build/home:package_test_user/repository_1/i586/test_package/_jobstatus
    body:
      encoding: US-ASCII
      string: ''
    headers:
      Content-Type:
      - text/plain
      Accept-Encoding:
      - identity
      Accept:
      - "*/*"
      User-Agent:
      - Ruby
  response:
    status:
      code: 404
      message: project 'home package_test_user' does not exist
    headers:
      Content-Type:
      - text/xml
      Cache-Control:
      - no-cache
      Connection:
      - close
      Content-Length:
      - '172'
    body:
      encoding: UTF-8
      string: |
        <status code="404">
          <summary>project 'home:package_test_user' does not exist</summary>
          <details>404 project 'home:package_test_user' does not exist</details>
        </status>
    http_version: 
  recorded_at: Fri, 07 Jul 2017 07:14:19 GMT
- request:
    method: get
    uri: http://localhost:3200/build/home:package_test_user/repository_1/i586/test_package/_log?view=entry
    body:
      encoding: US-ASCII
      string: ''
    headers:
      Content-Type:
      - text/plain
      Accept-Encoding:
      - identity
      Accept:
      - "*/*"
      User-Agent:
      - Ruby
  response:
    status:
      code: 404
      message: project 'home package_test_user' does not exist
    headers:
      Content-Type:
      - text/xml
      Cache-Control:
      - no-cache
      Connection:
      - close
      Content-Length:
      - '172'
    body:
      encoding: UTF-8
      string: |
        <status code="404">
          <summary>project 'home:package_test_user' does not exist</summary>
          <details>404 project 'home:package_test_user' does not exist</details>
        </status>
    http_version: 
  recorded_at: Fri, 07 Jul 2017 07:14:19 GMT
recorded_with: VCR 3.0.3
