---
http_interactions:
- request:
    method: put
    uri: http://backend:5352/source/home:package_test_user/_meta?user=package_test_user
    body:
      encoding: UTF-8
      string: |
        <project name="home:package_test_user">
          <title/>
          <description/>
          <person userid="package_test_user" role="maintainer"/>
        </project>
    headers:
      Accept-Encoding:
      - gzip;q=1.0,deflate;q=0.6,identity;q=0.3
      Accept:
      - "*/*"
      User-Agent:
      - Ruby
  response:
    status:
      code: 200
      message: OK
    headers:
      Content-Type:
      - text/xml
      Cache-Control:
      - no-cache
      Connection:
      - close
      Content-Length:
      - '157'
    body:
      encoding: UTF-8
      string: |
        <project name="home:package_test_user">
          <title></title>
          <description></description>
          <person userid="package_test_user" role="maintainer" />
        </project>
    http_version: 
  recorded_at: Tue, 29 Aug 2017 12:36:14 GMT
- request:
    method: put
    uri: http://backend:5352/source/home:package_test_user/test_package/_meta?user=_nobody_
    body:
      encoding: UTF-8
      string: |
        <package name="test_package" project="home:package_test_user">
          <title>Tiger! Tiger!</title>
          <description>Voluptas quia exercitationem quod.</description>
        </package>
    headers:
      Accept-Encoding:
      - gzip;q=1.0,deflate;q=0.6,identity;q=0.3
      Accept:
      - "*/*"
      User-Agent:
      - Ruby
  response:
    status:
      code: 200
      message: OK
    headers:
      Content-Type:
      - text/xml
      Cache-Control:
      - no-cache
      Connection:
      - close
      Content-Length:
      - '169'
    body:
      encoding: UTF-8
      string: |
        <package name="test_package" project="home:package_test_user">
          <title>Tiger! Tiger!</title>
          <description>Voluptas quia exercitationem quod.</description>
        </package>
    http_version: 
  recorded_at: Tue, 29 Aug 2017 12:36:14 GMT
- request:
    method: put
    uri: http://backend:5352/source/home:package_test_user/test_package/_meta
    body:
      encoding: UTF-8
      string: |
        <package name="test_package" project="home:package_test_user">
          <title>Tiger! Tiger!</title>
          <description>Voluptas quia exercitationem quod.</description>
        </package>
    headers:
      Accept-Encoding:
      - gzip;q=1.0,deflate;q=0.6,identity;q=0.3
      Accept:
      - "*/*"
      User-Agent:
      - Ruby
  response:
    status:
      code: 200
      message: OK
    headers:
      Content-Type:
      - text/xml
      Cache-Control:
      - no-cache
      Connection:
      - close
      Content-Length:
      - '169'
    body:
      encoding: UTF-8
      string: |
        <package name="test_package" project="home:package_test_user">
          <title>Tiger! Tiger!</title>
          <description>Voluptas quia exercitationem quod.</description>
        </package>
    http_version: 
  recorded_at: Tue, 29 Aug 2017 12:36:14 GMT
- request:
    method: put
    uri: http://backend:5352/source/home:package_test_user/test_package/_config
    body:
      encoding: UTF-8
      string: Numquam recusandae amet officia quaerat dolorem. Qui reprehenderit praesentium
        voluptatem reiciendis magni. In repudiandae iste ad autem sed ipsam.
    headers:
      Accept-Encoding:
      - gzip;q=1.0,deflate;q=0.6,identity;q=0.3
      Accept:
      - "*/*"
      User-Agent:
      - Ruby
  response:
    status:
      code: 200
      message: OK
    headers:
      Content-Type:
      - text/xml
      Cache-Control:
      - no-cache
      Connection:
      - close
      Content-Length:
      - '207'
    body:
      encoding: UTF-8
      string: |
        <revision rev="1" vrev="1">
          <srcmd5>19f1d847bc025b6f96993395c8382f2f</srcmd5>
          <version>unknown</version>
          <time>1504010174</time>
          <user>unknown</user>
          <comment></comment>
          <requestid/>
        </revision>
    http_version: 
  recorded_at: Tue, 29 Aug 2017 12:36:14 GMT
- request:
    method: put
    uri: http://backend:5352/source/home:package_test_user/test_package/somefile.txt
    body:
      encoding: UTF-8
      string: Perferendis magnam deleniti velit soluta aut dolores est. Facere sit
        in modi laboriosam reiciendis enim. Doloremque assumenda occaecati blanditiis.
    headers:
      Accept-Encoding:
      - gzip;q=1.0,deflate;q=0.6,identity;q=0.3
      Accept:
      - "*/*"
      User-Agent:
      - Ruby
  response:
    status:
      code: 200
      message: OK
    headers:
      Content-Type:
      - text/xml
      Cache-Control:
      - no-cache
      Connection:
      - close
      Content-Length:
      - '207'
    body:
      encoding: UTF-8
      string: |
        <revision rev="2" vrev="2">
          <srcmd5>8cb0aa31d5877a8618404ea0fd9e9951</srcmd5>
          <version>unknown</version>
          <time>1504010174</time>
          <user>unknown</user>
          <comment></comment>
          <requestid/>
        </revision>
    http_version: 
  recorded_at: Tue, 29 Aug 2017 12:36:14 GMT
- request:
    method: put
    uri: http://backend:5352/source/home:other_package_test_user/_meta?user=other_package_test_user
    body:
      encoding: UTF-8
      string: |
        <project name="home:other_package_test_user">
          <title/>
          <description/>
          <person userid="other_package_test_user" role="maintainer"/>
        </project>
    headers:
      Accept-Encoding:
      - gzip;q=1.0,deflate;q=0.6,identity;q=0.3
      Accept:
      - "*/*"
      User-Agent:
      - Ruby
  response:
    status:
      code: 200
      message: OK
    headers:
      Content-Type:
      - text/xml
      Cache-Control:
      - no-cache
      Connection:
      - close
      Content-Length:
      - '169'
    body:
      encoding: UTF-8
      string: |
        <project name="home:other_package_test_user">
          <title></title>
          <description></description>
          <person userid="other_package_test_user" role="maintainer" />
        </project>
    http_version: 
  recorded_at: Tue, 29 Aug 2017 12:36:14 GMT
- request:
    method: put
    uri: http://backend:5352/source/home:other_package_test_user/branch_test_package/_meta?user=_nobody_
    body:
      encoding: UTF-8
      string: |
        <package name="branch_test_package" project="home:other_package_test_user">
          <title>As I Lay Dying</title>
          <description>Cupiditate saepe dicta assumenda iusto ea neque accusantium vero.</description>
        </package>
    headers:
      Accept-Encoding:
      - gzip;q=1.0,deflate;q=0.6,identity;q=0.3
      Accept:
      - "*/*"
      User-Agent:
      - Ruby
  response:
    status:
      code: 200
      message: OK
    headers:
      Content-Type:
      - text/xml
      Cache-Control:
      - no-cache
      Connection:
      - close
      Content-Length:
      - '214'
    body:
      encoding: UTF-8
      string: |
        <package name="branch_test_package" project="home:other_package_test_user">
          <title>As I Lay Dying</title>
          <description>Cupiditate saepe dicta assumenda iusto ea neque accusantium vero.</description>
        </package>
    http_version: 
  recorded_at: Tue, 29 Aug 2017 12:36:14 GMT
- request:
    method: put
    uri: http://backend:5352/source/home:other_package_test_user/branch_test_package/_meta
    body:
      encoding: UTF-8
      string: |
        <package name="branch_test_package" project="home:other_package_test_user">
          <title>As I Lay Dying</title>
          <description>Cupiditate saepe dicta assumenda iusto ea neque accusantium vero.</description>
        </package>
    headers:
      Accept-Encoding:
      - gzip;q=1.0,deflate;q=0.6,identity;q=0.3
      Accept:
      - "*/*"
      User-Agent:
      - Ruby
  response:
    status:
      code: 200
      message: OK
    headers:
      Content-Type:
      - text/xml
      Cache-Control:
      - no-cache
      Connection:
      - close
      Content-Length:
      - '214'
    body:
      encoding: UTF-8
      string: |
        <package name="branch_test_package" project="home:other_package_test_user">
          <title>As I Lay Dying</title>
          <description>Cupiditate saepe dicta assumenda iusto ea neque accusantium vero.</description>
        </package>
    http_version: 
  recorded_at: Tue, 29 Aug 2017 12:36:14 GMT
- request:
    method: put
    uri: http://backend:5352/source/home:other_package_test_user/branch_test_package/_config
    body:
      encoding: UTF-8
      string: Sit at vero nostrum ex deleniti quia. Excepturi et inventore molestiae.
        Quia non itaque. Debitis voluptatem occaecati incidunt eos necessitatibus
        impedit optio. Tempore nisi autem illo officia voluptate.
    headers:
      Accept-Encoding:
      - gzip;q=1.0,deflate;q=0.6,identity;q=0.3
      Accept:
      - "*/*"
      User-Agent:
      - Ruby
  response:
    status:
      code: 200
      message: OK
    headers:
      Content-Type:
      - text/xml
      Cache-Control:
      - no-cache
      Connection:
      - close
      Content-Length:
      - '207'
    body:
      encoding: UTF-8
      string: |
        <revision rev="1" vrev="1">
          <srcmd5>e294c9878c70bb6d552fc1b7a28e5f19</srcmd5>
          <version>unknown</version>
          <time>1504010174</time>
          <user>unknown</user>
          <comment></comment>
          <requestid/>
        </revision>
    http_version: 
  recorded_at: Tue, 29 Aug 2017 12:36:14 GMT
- request:
    method: put
    uri: http://backend:5352/source/home:other_package_test_user/branch_test_package/somefile.txt
    body:
      encoding: UTF-8
      string: Eos numquam dicta. Aut doloribus est. Rerum sunt autem neque repudiandae
        quo sed. Praesentium est occaecati. Quisquam quis ut est.
    headers:
      Accept-Encoding:
      - gzip;q=1.0,deflate;q=0.6,identity;q=0.3
      Accept:
      - "*/*"
      User-Agent:
      - Ruby
  response:
    status:
      code: 200
      message: OK
    headers:
      Content-Type:
      - text/xml
      Cache-Control:
      - no-cache
      Connection:
      - close
      Content-Length:
      - '207'
    body:
      encoding: UTF-8
      string: |
        <revision rev="2" vrev="2">
          <srcmd5>2a9c4e03eb28f19d2bb2b63bb790c284</srcmd5>
          <version>unknown</version>
          <time>1504010174</time>
          <user>unknown</user>
          <comment></comment>
          <requestid/>
        </revision>
    http_version: 
  recorded_at: Tue, 29 Aug 2017 12:36:14 GMT
- request:
    method: get
    uri: http://backend:5352/build/home:package_test_user/package_test_repository/i586/test_package/_jobstatus
    body:
      encoding: US-ASCII
      string: ''
    headers:
      Content-Type:
      - text/plain
      Accept-Encoding:
      - identity
      Accept:
      - "*/*"
      User-Agent:
      - Ruby
  response:
    status:
      code: 404
      message: project 'home package_test_user' has no repository 'package_test_repository'
    headers:
      Content-Type:
      - text/xml
      Cache-Control:
      - no-cache
      Connection:
      - close
      Content-Length:
      - '230'
    body:
      encoding: UTF-8
      string: |
        <status code="404">
          <summary>project 'home:package_test_user' has no repository 'package_test_repository'</summary>
          <details>404 project 'home:package_test_user' has no repository 'package_test_repository'</details>
        </status>
    http_version: 
  recorded_at: Tue, 29 Aug 2017 12:36:18 GMT
- request:
    method: put
    uri: http://backend:5352/source/home:package_test_user/test_package/_meta?user=package_test_user
    body:
      encoding: UTF-8
      string: |
        <package name="test_package" project="home:package_test_user">
          <title>A Passage to India</title>
          <description>Id iure et nesciunt placeat.</description>
        </package>
    headers:
      Accept-Encoding:
      - gzip;q=1.0,deflate;q=0.6,identity;q=0.3
      Accept:
      - "*/*"
      User-Agent:
      - Ruby
  response:
    status:
      code: 200
      message: OK
    headers:
      Content-Type:
      - text/xml
      Cache-Control:
      - no-cache
      Connection:
      - close
      Content-Length:
      - '168'
    body:
      encoding: UTF-8
      string: |
        <package name="test_package" project="home:package_test_user">
          <title>A Passage to India</title>
          <description>Id iure et nesciunt placeat.</description>
        </package>
    http_version: 
  recorded_at: Wed, 03 Jan 2018 13:14:35 GMT
- request:
    method: put
    uri: http://backend:5352/source/home:other_package_test_user/branch_test_package/_meta?user=package_test_user
    body:
      encoding: UTF-8
      string: |
        <package name="branch_test_package" project="home:other_package_test_user">
          <title>A Scanner Darkly</title>
          <description>Quis consequatur impedit itaque est.</description>
        </package>
    headers:
      Accept-Encoding:
      - gzip;q=1.0,deflate;q=0.6,identity;q=0.3
      Accept:
      - "*/*"
      User-Agent:
      - Ruby
  response:
    status:
      code: 200
      message: OK
    headers:
      Content-Type:
      - text/xml
      Cache-Control:
      - no-cache
      Connection:
      - close
      Content-Length:
      - '187'
    body:
      encoding: UTF-8
      string: |
        <package name="branch_test_package" project="home:other_package_test_user">
          <title>A Scanner Darkly</title>
          <description>Quis consequatur impedit itaque est.</description>
        </package>
    http_version: 
  recorded_at: Wed, 03 Jan 2018 13:14:35 GMT
recorded_with: VCR 4.0.0
