---
http_interactions:
- request:
    method: put
    uri: http://backend:5352/source/home:tom/_meta?user=tom
    body:
      encoding: UTF-8
      string: |
        <project name="home:tom">
          <title/>
          <description/>
          <person userid="tom" role="maintainer"/>
        </project>
    headers:
      Accept-Encoding:
      - gzip;q=1.0,deflate;q=0.6,identity;q=0.3
      Accept:
      - "*/*"
      User-Agent:
      - Ruby
  response:
    status:
      code: 200
      message: OK
    headers:
      Content-Type:
      - text/xml
      Cache-Control:
      - no-cache
      Connection:
      - close
      Content-Length:
      - '129'
    body:
      encoding: UTF-8
      string: |
        <project name="home:tom">
          <title></title>
          <description></description>
          <person userid="tom" role="maintainer" />
        </project>
    http_version: 
  recorded_at: Thu, 17 Jan 2019 17:03:47 GMT
- request:
    method: put
    uri: http://backend:5352/source/home:tom/_project/_staging_workflow?user=_nobody_
    body:
      encoding: UTF-8
      string: |
        <workflow project="home:tom" managers="group_6">
          <staging_project name="home:tom:Staging:A"/>
        </workflow>
    headers:
      Accept-Encoding:
      - gzip;q=1.0,deflate;q=0.6,identity;q=0.3
      Accept:
      - "*/*"
      User-Agent:
      - Ruby
  response:
    status:
      code: 200
      message: OK
    headers:
      Content-Type:
      - text/xml
      Cache-Control:
      - no-cache
      Connection:
      - close
      Content-Length:
      - '172'
    body:
      encoding: UTF-8
      string: |
        <revision rev="191">
          <srcmd5>5689657db49214a80e4a99e7f4023d50</srcmd5>
          <time>1547744627</time>
          <user>_nobody_</user>
          <comment></comment>
          <requestid/>
        </revision>
    http_version: 
  recorded_at: Thu, 17 Jan 2019 17:03:47 GMT
- request:
    method: put
    uri: http://backend:5352/source/home:tom:Staging:A/_meta?user=_nobody_
    body:
      encoding: UTF-8
      string: |
        <project name="home:tom:Staging:A">
          <title/>
          <description/>
          <group groupid="group_6" role="maintainer"/>
        </project>
    headers:
      Accept-Encoding:
      - gzip;q=1.0,deflate;q=0.6,identity;q=0.3
      Accept:
      - "*/*"
      User-Agent:
      - Ruby
  response:
    status:
      code: 200
      message: OK
    headers:
      Content-Type:
      - text/xml
      Cache-Control:
      - no-cache
      Connection:
      - close
      Content-Length:
      - '143'
    body:
      encoding: UTF-8
      string: |
        <project name="home:tom:Staging:A">
          <title></title>
          <description></description>
          <group groupid="group_6" role="maintainer" />
        </project>
    http_version: 
  recorded_at: Thu, 17 Jan 2019 17:03:47 GMT
- request:
    method: put
    uri: http://backend:5352/source/home:tom/_project/_staging_workflow?user=_nobody_
    body:
      encoding: UTF-8
      string: |
        <workflow project="home:tom" managers="group_6">
          <staging_project name="home:tom:Staging:A"/>
          <staging_project name="home:tom:Staging:B"/>
        </workflow>
    headers:
      Accept-Encoding:
      - gzip;q=1.0,deflate;q=0.6,identity;q=0.3
      Accept:
      - "*/*"
      User-Agent:
      - Ruby
  response:
    status:
      code: 200
      message: OK
    headers:
      Content-Type:
      - text/xml
      Cache-Control:
      - no-cache
      Connection:
      - close
      Content-Length:
      - '172'
    body:
      encoding: UTF-8
      string: |
        <revision rev="192">
          <srcmd5>5bb31242c174857bc5255247b77b6be9</srcmd5>
          <time>1547744627</time>
          <user>_nobody_</user>
          <comment></comment>
          <requestid/>
        </revision>
    http_version: 
  recorded_at: Thu, 17 Jan 2019 17:03:47 GMT
- request:
    method: put
    uri: http://backend:5352/source/home:tom:Staging:B/_meta?user=_nobody_
    body:
      encoding: UTF-8
      string: |
        <project name="home:tom:Staging:B">
          <title/>
          <description/>
          <group groupid="group_6" role="maintainer"/>
        </project>
    headers:
      Accept-Encoding:
      - gzip;q=1.0,deflate;q=0.6,identity;q=0.3
      Accept:
      - "*/*"
      User-Agent:
      - Ruby
  response:
    status:
      code: 200
      message: OK
    headers:
      Content-Type:
      - text/xml
      Cache-Control:
      - no-cache
      Connection:
      - close
      Content-Length:
      - '143'
    body:
      encoding: UTF-8
      string: |
        <project name="home:tom:Staging:B">
          <title></title>
          <description></description>
          <group groupid="group_6" role="maintainer" />
        </project>
    http_version: 
  recorded_at: Thu, 17 Jan 2019 17:03:47 GMT
- request:
    method: put
    uri: http://backend:5352/source/home:tom:Staging:A/package_5/_meta?user=_nobody_
    body:
      encoding: UTF-8
      string: |
        <package name="package_5" project="home:tom:Staging:A">
          <title>Beneath the Bleeding</title>
          <description>Culpa ratione nesciunt et.</description>
        </package>
    headers:
      Accept-Encoding:
      - gzip;q=1.0,deflate;q=0.6,identity;q=0.3
      Accept:
      - "*/*"
      User-Agent:
      - Ruby
  response:
    status:
      code: 200
      message: OK
    headers:
      Content-Type:
      - text/xml
      Cache-Control:
      - no-cache
      Connection:
      - close
      Content-Length:
      - '161'
    body:
      encoding: UTF-8
      string: |
        <package name="package_5" project="home:tom:Staging:A">
          <title>Beneath the Bleeding</title>
          <description>Culpa ratione nesciunt et.</description>
        </package>
    http_version: 
  recorded_at: Thu, 17 Jan 2019 17:03:47 GMT
- request:
    method: put
    uri: http://backend:5352/source/home:tom:Staging:A/package_5/_meta?user=_nobody_
    body:
      encoding: UTF-8
      string: |
        <package name="package_5" project="home:tom:Staging:A">
          <title>Beneath the Bleeding</title>
          <description>Culpa ratione nesciunt et.</description>
        </package>
    headers:
      Accept-Encoding:
      - gzip;q=1.0,deflate;q=0.6,identity;q=0.3
      Accept:
      - "*/*"
      User-Agent:
      - Ruby
  response:
    status:
      code: 200
      message: OK
    headers:
      Content-Type:
      - text/xml
      Cache-Control:
      - no-cache
      Connection:
      - close
      Content-Length:
      - '161'
    body:
      encoding: UTF-8
      string: |
        <package name="package_5" project="home:tom:Staging:A">
          <title>Beneath the Bleeding</title>
          <description>Culpa ratione nesciunt et.</description>
        </package>
    http_version: 
  recorded_at: Thu, 17 Jan 2019 17:03:47 GMT
- request:
    method: put
    uri: http://backend:5352/source/home:tom:Staging:A/package_5/_config
    body:
      encoding: UTF-8
      string: Odio qui enim. Nesciunt autem soluta. Fugiat est a.
    headers:
      Accept-Encoding:
      - gzip;q=1.0,deflate;q=0.6,identity;q=0.3
      Accept:
      - "*/*"
      User-Agent:
      - Ruby
  response:
    status:
      code: 200
      message: OK
    headers:
      Content-Type:
      - text/xml
      Cache-Control:
      - no-cache
      Connection:
      - close
      Content-Length:
      - '207'
    body:
      encoding: UTF-8
      string: |
        <revision rev="1" vrev="1">
          <srcmd5>99e69140938c3a07313513b0fb3364d2</srcmd5>
          <version>unknown</version>
          <time>1547744627</time>
          <user>unknown</user>
          <comment></comment>
          <requestid/>
        </revision>
    http_version: 
  recorded_at: Thu, 17 Jan 2019 17:03:47 GMT
- request:
    method: put
    uri: http://backend:5352/source/home:tom:Staging:A/package_5/somefile.txt
    body:
      encoding: UTF-8
      string: Aut aut dolores. Occaecati recusandae ea. Et est est.
    headers:
      Accept-Encoding:
      - gzip;q=1.0,deflate;q=0.6,identity;q=0.3
      Accept:
      - "*/*"
      User-Agent:
      - Ruby
  response:
    status:
      code: 200
      message: OK
    headers:
      Content-Type:
      - text/xml
      Cache-Control:
      - no-cache
      Connection:
      - close
      Content-Length:
      - '207'
    body:
      encoding: UTF-8
      string: |
        <revision rev="2" vrev="2">
          <srcmd5>6eb6e1eed19cf477602912df6d98a5d8</srcmd5>
          <version>unknown</version>
          <time>1547744627</time>
          <user>unknown</user>
          <comment></comment>
          <requestid/>
        </revision>
    http_version: 
  recorded_at: Thu, 17 Jan 2019 17:03:47 GMT
- request:
    method: put
    uri: http://backend:5352/source/target_project/_meta?user=tom
    body:
      encoding: UTF-8
      string: |
        <project name="target_project">
          <title>Such, Such Were the Joys</title>
          <description/>
        </project>
    headers:
      Accept-Encoding:
      - gzip;q=1.0,deflate;q=0.6,identity;q=0.3
      Accept:
      - "*/*"
      User-Agent:
      - Ruby
  response:
    status:
      code: 200
      message: OK
    headers:
      Content-Type:
      - text/xml
      Cache-Control:
      - no-cache
      Connection:
      - close
      Content-Length:
      - '115'
    body:
      encoding: UTF-8
      string: |
        <project name="target_project">
          <title>Such, Such Were the Joys</title>
          <description></description>
        </project>
    http_version: 
  recorded_at: Thu, 17 Jan 2019 17:03:47 GMT
- request:
    method: put
    uri: http://backend:5352/source/target_project/target_package/_meta?user=tom
    body:
      encoding: UTF-8
      string: |
        <package name="target_package" project="target_project">
          <title>Recalled to Life</title>
          <description>Ad eum sit nam.</description>
        </package>
    headers:
      Accept-Encoding:
      - gzip;q=1.0,deflate;q=0.6,identity;q=0.3
      Accept:
      - "*/*"
      User-Agent:
      - Ruby
  response:
    status:
      code: 200
      message: OK
    headers:
      Content-Type:
      - text/xml
      Cache-Control:
      - no-cache
      Connection:
      - close
      Content-Length:
      - '147'
    body:
      encoding: UTF-8
      string: |
        <package name="target_package" project="target_project">
          <title>Recalled to Life</title>
          <description>Ad eum sit nam.</description>
        </package>
    http_version: 
  recorded_at: Thu, 17 Jan 2019 17:03:47 GMT
- request:
    method: put
    uri: http://backend:5352/source/target_project/target_package/_meta?user=tom
    body:
      encoding: UTF-8
      string: |
        <package name="target_package" project="target_project">
          <title>Recalled to Life</title>
          <description>Ad eum sit nam.</description>
        </package>
    headers:
      Accept-Encoding:
      - gzip;q=1.0,deflate;q=0.6,identity;q=0.3
      Accept:
      - "*/*"
      User-Agent:
      - Ruby
  response:
    status:
      code: 200
      message: OK
    headers:
      Content-Type:
      - text/xml
      Cache-Control:
      - no-cache
      Connection:
      - close
      Content-Length:
      - '147'
    body:
      encoding: UTF-8
      string: |
        <package name="target_package" project="target_project">
          <title>Recalled to Life</title>
          <description>Ad eum sit nam.</description>
        </package>
    http_version: 
  recorded_at: Thu, 17 Jan 2019 17:03:47 GMT
- request:
    method: put
    uri: http://backend:5352/source/source_project/_meta?user=tom
    body:
      encoding: UTF-8
      string: |
        <project name="source_project">
          <title>I Will Fear No Evil</title>
          <description/>
        </project>
    headers:
      Accept-Encoding:
      - gzip;q=1.0,deflate;q=0.6,identity;q=0.3
      Accept:
      - "*/*"
      User-Agent:
      - Ruby
  response:
    status:
      code: 200
      message: OK
    headers:
      Content-Type:
      - text/xml
      Cache-Control:
      - no-cache
      Connection:
      - close
      Content-Length:
      - '110'
    body:
      encoding: UTF-8
      string: |
        <project name="source_project">
          <title>I Will Fear No Evil</title>
          <description></description>
        </project>
    http_version: 
  recorded_at: Thu, 17 Jan 2019 17:03:47 GMT
- request:
    method: put
    uri: http://backend:5352/source/source_project/_project/_attribute?meta=1&user=tom
    body:
      encoding: UTF-8
      string: |
        <attributes>
          <attribute name="ApprovedRequestSource" namespace="OBS"/>
        </attributes>
    headers:
      Accept-Encoding:
      - gzip;q=1.0,deflate;q=0.6,identity;q=0.3
      Accept:
      - "*/*"
      User-Agent:
      - Ruby
  response:
    status:
      code: 200
      message: OK
    headers:
      Content-Type:
      - text/xml
      Cache-Control:
      - no-cache
      Connection:
      - close
      Content-Length:
      - '166'
    body:
      encoding: UTF-8
      string: |
        <revision rev="28">
          <srcmd5>087293c66a2f418b2d03935a89111014</srcmd5>
          <time>1547744627</time>
          <user>tom</user>
          <comment></comment>
          <requestid/>
        </revision>
    http_version: 
  recorded_at: Thu, 17 Jan 2019 17:03:47 GMT
- request:
    method: put
    uri: http://backend:5352/source/source_project/source_package/_meta?user=tom
    body:
      encoding: UTF-8
      string: |
        <package name="source_package" project="source_project">
          <title>Absalom, Absalom!</title>
          <description>Alias voluptatum et minima.</description>
        </package>
    headers:
      Accept-Encoding:
      - gzip;q=1.0,deflate;q=0.6,identity;q=0.3
      Accept:
      - "*/*"
      User-Agent:
      - Ruby
  response:
    status:
      code: 200
      message: OK
    headers:
      Content-Type:
      - text/xml
      Cache-Control:
      - no-cache
      Connection:
      - close
      Content-Length:
      - '160'
    body:
      encoding: UTF-8
      string: |
        <package name="source_package" project="source_project">
          <title>Absalom, Absalom!</title>
          <description>Alias voluptatum et minima.</description>
        </package>
    http_version: 
  recorded_at: Thu, 17 Jan 2019 17:03:47 GMT
- request:
    method: put
    uri: http://backend:5352/source/source_project/source_package/_meta?user=tom
    body:
      encoding: UTF-8
      string: |
        <package name="source_package" project="source_project">
          <title>Absalom, Absalom!</title>
          <description>Alias voluptatum et minima.</description>
        </package>
    headers:
      Accept-Encoding:
      - gzip;q=1.0,deflate;q=0.6,identity;q=0.3
      Accept:
      - "*/*"
      User-Agent:
      - Ruby
  response:
    status:
      code: 200
      message: OK
    headers:
      Content-Type:
      - text/xml
      Cache-Control:
      - no-cache
      Connection:
      - close
      Content-Length:
      - '160'
    body:
      encoding: UTF-8
      string: |
        <package name="source_package" project="source_project">
          <title>Absalom, Absalom!</title>
          <description>Alias voluptatum et minima.</description>
        </package>
    http_version: 
  recorded_at: Thu, 17 Jan 2019 17:03:47 GMT
- request:
    method: put
    uri: http://backend:5352/source/home:user_2/_meta?user=user_2
    body:
      encoding: UTF-8
      string: |
        <project name="home:user_2">
          <title/>
          <description/>
          <person userid="user_2" role="maintainer"/>
        </project>
    headers:
      Accept-Encoding:
      - gzip;q=1.0,deflate;q=0.6,identity;q=0.3
      Accept:
      - "*/*"
      User-Agent:
      - Ruby
  response:
    status:
      code: 200
      message: OK
    headers:
      Content-Type:
      - text/xml
      Cache-Control:
      - no-cache
      Connection:
      - close
      Content-Length:
      - '135'
    body:
      encoding: UTF-8
      string: |
        <project name="home:user_2">
          <title></title>
          <description></description>
          <person userid="user_2" role="maintainer" />
        </project>
    http_version: 
  recorded_at: Thu, 17 Jan 2019 17:03:47 GMT
- request:
    method: get
    uri: http://backend:5352/build/home:tom:Staging:A/_result?code=unresolvable
    body:
      encoding: US-ASCII
      string: ''
    headers:
      Accept-Encoding:
      - gzip;q=1.0,deflate;q=0.6,identity;q=0.3
      Accept:
      - "*/*"
      User-Agent:
      - Ruby
  response:
    status:
      code: 200
      message: OK
    headers:
      Content-Type:
      - text/xml
      Cache-Control:
      - no-cache
      Connection:
      - close
      Content-Length:
      - '56'
    body:
      encoding: UTF-8
      string: '<resultlist state="00000000000000000000000000000000" />

'
    http_version: 
  recorded_at: Thu, 17 Jan 2019 17:03:47 GMT
recorded_with: VCR 4.0.0
