---
http_interactions:
- request:
    method: put
    uri: http://backend:5352/source/home:foo_admin/_meta?user=foo_admin
    body:
      encoding: UTF-8
      string: |
        <project name="home:foo_admin">
          <title/>
          <description/>
          <person userid="foo_admin" role="maintainer"/>
        </project>
    headers:
      Accept-Encoding:
      - gzip;q=1.0,deflate;q=0.6,identity;q=0.3
      Accept:
      - "*/*"
      User-Agent:
      - Ruby
  response:
    status:
      code: 200
      message: OK
    headers:
      Content-Type:
      - text/xml
      Cache-Control:
      - no-cache
      Connection:
      - close
      Content-Length:
      - '140'
    body:
      encoding: UTF-8
      string: |
        <project name="home:foo_admin">
          <title></title>
          <description></description>
          <person userid="foo_admin" role="maintainer"/>
        </project>
  recorded_at: Mon, 26 Apr 2021 12:37:32 GMT
- request:
    method: put
    uri: http://backend:5352/source/home:tom/_meta?user=tom
    body:
      encoding: UTF-8
      string: |
        <project name="home:tom">
          <title/>
          <description/>
          <person userid="tom" role="maintainer"/>
        </project>
    headers:
      Accept-Encoding:
      - gzip;q=1.0,deflate;q=0.6,identity;q=0.3
      Accept:
      - "*/*"
      User-Agent:
      - Ruby
  response:
    status:
      code: 200
      message: OK
    headers:
      Content-Type:
      - text/xml
      Cache-Control:
      - no-cache
      Connection:
      - close
      Content-Length:
      - '128'
    body:
      encoding: UTF-8
      string: |
        <project name="home:tom">
          <title></title>
          <description></description>
          <person userid="tom" role="maintainer"/>
        </project>
  recorded_at: Mon, 26 Apr 2021 12:37:32 GMT
- request:
    method: put
    uri: http://backend:5352/source/home:tom/apache2/_meta?user=user_55
    body:
      encoding: UTF-8
      string: |
        <package name="apache2" project="home:tom">
          <title>The Widening Gyre</title>
          <description>Ut quis dignissimos eum.</description>
        </package>
    headers:
      Accept-Encoding:
      - gzip;q=1.0,deflate;q=0.6,identity;q=0.3
      Accept:
      - "*/*"
      User-Agent:
      - Ruby
  response:
    status:
      code: 200
      message: OK
    headers:
      Content-Type:
      - text/xml
      Cache-Control:
      - no-cache
      Connection:
      - close
      Content-Length:
      - '144'
    body:
      encoding: UTF-8
      string: |
        <package name="apache2" project="home:tom">
          <title>The Widening Gyre</title>
          <description>Ut quis dignissimos eum.</description>
        </package>
  recorded_at: Mon, 26 Apr 2021 12:37:32 GMT
- request:
    method: put
    uri: http://backend:5352/source/home:tom/apache2/_service
    body:
      encoding: UTF-8
      string: "<services/>"
    headers:
      Accept-Encoding:
      - gzip;q=1.0,deflate;q=0.6,identity;q=0.3
      Accept:
      - "*/*"
      User-Agent:
      - Ruby
  response:
    status:
      code: 200
      message: OK
    headers:
      Content-Type:
      - text/xml
      Cache-Control:
      - no-cache
      Connection:
      - close
      Content-Length:
      - '211'
    body:
      encoding: UTF-8
      string: |
        <revision rev="204" vrev="204">
          <srcmd5>566d4b2cbbe420ca72c1f38b8908e64b</srcmd5>
          <version>unknown</version>
          <time>1619440653</time>
          <user>unknown</user>
          <comment></comment>
          <requestid/>
        </revision>
  recorded_at: Mon, 26 Apr 2021 12:37:33 GMT
- request:
    method: put
    uri: http://backend:5352/source/project_17/_meta?user=user_56
    body:
      encoding: UTF-8
      string: |
        <project name="project_17">
          <title>Many Waters</title>
          <description/>
        </project>
    headers:
      Accept-Encoding:
      - gzip;q=1.0,deflate;q=0.6,identity;q=0.3
      Accept:
      - "*/*"
      User-Agent:
      - Ruby
  response:
    status:
      code: 200
      message: OK
    headers:
      Content-Type:
      - text/xml
      Cache-Control:
      - no-cache
      Connection:
      - close
      Content-Length:
      - '98'
    body:
      encoding: UTF-8
      string: |
        <project name="project_17">
          <title>Many Waters</title>
          <description></description>
        </project>
  recorded_at: Mon, 26 Apr 2021 12:37:34 GMT
- request:
    method: put
    uri: http://backend:5352/source/project_17/package_17/_meta?user=user_57
    body:
      encoding: UTF-8
      string: |
        <package name="package_17" project="project_17">
          <title>To a God Unknown</title>
          <description>Eos fugit et adipisci.</description>
        </package>
    headers:
      Accept-Encoding:
      - gzip;q=1.0,deflate;q=0.6,identity;q=0.3
      Accept:
      - "*/*"
      User-Agent:
      - Ruby
  response:
    status:
      code: 200
      message: OK
    headers:
      Content-Type:
      - text/xml
      Cache-Control:
      - no-cache
      Connection:
      - close
      Content-Length:
      - '146'
    body:
      encoding: UTF-8
      string: |
        <package name="package_17" project="project_17">
          <title>To a God Unknown</title>
          <description>Eos fugit et adipisci.</description>
        </package>
  recorded_at: Mon, 26 Apr 2021 12:37:35 GMT
recorded_with: VCR 6.0.0
