---
http_interactions:
- request:
    method: put
    uri: http://backend:5352/source/home:tom/_meta?user=tom
    body:
      encoding: UTF-8
      string: |
        <project name="home:tom">
          <title/>
          <description/>
          <person userid="tom" role="maintainer"/>
        </project>
    headers:
      Accept-Encoding:
      - gzip;q=1.0,deflate;q=0.6,identity;q=0.3
      Accept:
      - "*/*"
      User-Agent:
      - Ruby
  response:
    status:
      code: 200
      message: OK
    headers:
      Content-Type:
      - text/xml
      Cache-Control:
      - no-cache
      Connection:
      - close
      Content-Length:
      - '129'
    body:
      encoding: UTF-8
      string: |
        <project name="home:tom">
          <title></title>
          <description></description>
          <person userid="tom" role="maintainer" />
        </project>
    http_version: 
  recorded_at: Wed, 17 Aug 2016 14:56:02 GMT
- request:
    method: put
    uri: http://backend:5352/source/home:tom/my_package/_meta?user=tom
    body:
      encoding: UTF-8
      string: |
        <package name="my_package" project="home:tom">
          <title/>
          <description/>
        </package>
    headers:
      Accept-Encoding:
      - gzip;q=1.0,deflate;q=0.6,identity;q=0.3
      Accept:
      - "*/*"
      User-Agent:
      - Ruby
  response:
    status:
      code: 200
      message: OK
    headers:
      Content-Type:
      - text/xml
      Cache-Control:
      - no-cache
      Connection:
      - close
      Content-Length:
      - '106'
    body:
      encoding: UTF-8
      string: |
        <package name="my_package" project="home:tom">
          <title></title>
          <description></description>
        </package>
    http_version: 
  recorded_at: Wed, 17 Aug 2016 14:56:02 GMT
- request:
    method: put
    uri: http://backend:5352/source/home:tom/_meta?user=tom
    body:
      encoding: UTF-8
      string: |
        <project name="home:tom">
          <title/>
          <description/>
          <person userid="tom" role="maintainer"/>
          <repository name="repository_8">
            <arch>i586</arch>
          </repository>
        </project>
    headers:
      Accept-Encoding:
      - gzip;q=1.0,deflate;q=0.6,identity;q=0.3
      Accept:
      - "*/*"
      User-Agent:
      - Ruby
  response:
    status:
      code: 200
      message: OK
    headers:
      Content-Type:
      - text/xml
      Cache-Control:
      - no-cache
      Connection:
      - close
      Content-Length:
      - '202'
    body:
      encoding: UTF-8
      string: |
        <project name="home:tom">
          <title></title>
          <description></description>
          <person userid="tom" role="maintainer" />
          <repository name="repository_8">
            <arch>i586</arch>
          </repository>
        </project>
    http_version: 
  recorded_at: Wed, 17 Aug 2016 14:56:03 GMT
- request:
    method: delete
    uri: http://backend:5352/source/home:tom/my_package?comment&user=tom
    body:
      encoding: US-ASCII
      string: ''
    headers:
      Accept-Encoding:
      - gzip;q=1.0,deflate;q=0.6,identity;q=0.3
      Accept:
      - "*/*"
      User-Agent:
      - Ruby
  response:
    status:
      code: 200
      message: OK
    headers:
      Content-Type:
      - text/xml
      Cache-Control:
      - no-cache
      Connection:
      - close
      Content-Length:
      - '21'
    body:
      encoding: UTF-8
      string: '<status code="ok" />

'
    http_version: 
  recorded_at: Wed, 17 Aug 2016 14:56:03 GMT
- request:
    method: put
    uri: http://backend:5352/source/home:tom/my_package/_meta
    body:
      encoding: UTF-8
      string: |
        <package name="my_package" project="home:tom">
          <title/>
          <description/>
        </package>
    headers:
      Accept-Encoding:
      - gzip;q=1.0,deflate;q=0.6,identity;q=0.3
      Accept:
      - "*/*"
      User-Agent:
      - Ruby
  response:
    status:
      code: 200
      message: OK
    headers:
      Content-Type:
      - text/xml
      Cache-Control:
      - no-cache
      Connection:
      - close
      Content-Length:
      - '106'
    body:
      encoding: UTF-8
      string: |
        <package name="my_package" project="home:tom">
          <title></title>
          <description></description>
        </package>
    http_version: 
  recorded_at: Wed, 05 Oct 2016 09:32:28 GMT
- request:
    method: get
    uri: http://backend:5352/source/home:tom/my_package
    body:
      encoding: US-ASCII
      string: ''
    headers:
      Content-Type:
      - text/plain
      Accept-Encoding:
      - identity
      Accept:
      - "*/*"
      User-Agent:
      - Ruby
  response:
    status:
      code: 404
      message: package 'my_package' does not exist
    headers:
      Content-Type:
      - text/xml
      Cache-Control:
      - no-cache
      Connection:
      - close
      Content-Length:
      - '148'
    body:
      encoding: UTF-8
      string: |
        <status code="404">
          <summary>package 'my_package' does not exist</summary>
          <details>404 package 'my_package' does not exist</details>
        </status>
    http_version: 
  recorded_at: Fri, 07 Apr 2017 14:36:24 GMT
- request:
    method: get
    uri: http://backend:5352/source/home:tom/my_package
    body:
      encoding: US-ASCII
      string: ''
    headers:
      Content-Type:
      - text/plain
      Accept-Encoding:
      - identity
      Accept:
      - "*/*"
      User-Agent:
      - Ruby
  response:
    status:
      code: 404
      message: package 'my_package' does not exist
    headers:
      Content-Type:
      - text/xml
      Cache-Control:
      - no-cache
      Connection:
      - close
      Content-Length:
      - '148'
    body:
      encoding: UTF-8
      string: |
        <status code="404">
          <summary>package 'my_package' does not exist</summary>
          <details>404 package 'my_package' does not exist</details>
        </status>
    http_version: 
  recorded_at: Fri, 07 Apr 2017 14:36:24 GMT
- request:
    method: post
    uri: http://backend:5352/source/home:tom/my_package?cmd=diff&expand=1&filelimit=10000&orev=0&rev=
    body:
      encoding: UTF-8
      string: ''
    headers:
      Content-Type:
      - application/octet-stream
      Accept-Encoding:
      - gzip;q=1.0,deflate;q=0.6,identity;q=0.3
      Accept:
      - "*/*"
      User-Agent:
      - Ruby
  response:
    status:
      code: 400
      message: revision is empty
    headers:
      Content-Type:
      - text/xml
      Cache-Control:
      - no-cache
      Connection:
      - close
      Content-Length:
      - '69'
    body:
      encoding: UTF-8
      string: |
        <status code="400">
          <summary>revision is empty</summary>
        </status>
    http_version: 
  recorded_at: Fri, 07 Apr 2017 14:36:24 GMT
recorded_with: VCR 3.0.3
