---
http_interactions:
- request:
    method: put
    uri: http://backend:5352/source/home:tom/_meta?user=tom
    body:
      encoding: UTF-8
      string: |
        <project name="home:tom">
          <title/>
          <description/>
          <person userid="tom" role="maintainer"/>
        </project>
    headers:
      Accept-Encoding:
      - gzip;q=1.0,deflate;q=0.6,identity;q=0.3
      Accept:
      - "*/*"
      User-Agent:
      - Ruby
  response:
    status:
      code: 200
      message: OK
    headers:
      Content-Type:
      - text/xml
      Cache-Control:
      - no-cache
      Connection:
      - close
      Content-Length:
      - '128'
    body:
      encoding: UTF-8
      string: |
        <project name="home:tom">
          <title></title>
          <description></description>
          <person userid="tom" role="maintainer"/>
        </project>
    http_version: null
  recorded_at: Tue, 25 Feb 2020 13:46:13 GMT
- request:
    method: put
    uri: http://backend:5352/source/home:tom/package_with_file/_meta?user=user_1
    body:
      encoding: UTF-8
      string: |
        <package name="package_with_file" project="home:tom">
          <title>East of Eden</title>
          <description>Repudiandae illum molestiae nisi.</description>
        </package>
    headers:
      Accept-Encoding:
      - gzip;q=1.0,deflate;q=0.6,identity;q=0.3
      Accept:
      - "*/*"
      User-Agent:
      - Ruby
  response:
    status:
      code: 200
      message: OK
    headers:
      Content-Type:
      - text/xml
      Cache-Control:
      - no-cache
      Connection:
      - close
      Content-Length:
      - '158'
    body:
      encoding: UTF-8
      string: |
        <package name="package_with_file" project="home:tom">
          <title>East of Eden</title>
          <description>Repudiandae illum molestiae nisi.</description>
        </package>
    http_version: null
  recorded_at: Tue, 25 Feb 2020 13:46:13 GMT
- request:
    method: put
    uri: http://backend:5352/source/home:tom/package_with_file/_config
    body:
      encoding: UTF-8
      string: Magni dicta est. Iste iusto maxime. Eum quas quo.
    headers:
      Accept-Encoding:
      - gzip;q=1.0,deflate;q=0.6,identity;q=0.3
      Accept:
      - "*/*"
      User-Agent:
      - Ruby
  response:
    status:
      code: 200
      message: OK
    headers:
      Content-Type:
      - text/xml
      Cache-Control:
      - no-cache
      Connection:
      - close
      Content-Length:
      - '207'
    body:
      encoding: UTF-8
      string: |
        <revision rev="1" vrev="1">
          <srcmd5>608d527ea77a5fe5a5a06669faec6a4f</srcmd5>
          <version>unknown</version>
          <time>1582638373</time>
          <user>unknown</user>
          <comment></comment>
          <requestid/>
        </revision>
    http_version: null
  recorded_at: Tue, 25 Feb 2020 13:46:13 GMT
- request:
    method: put
    uri: http://backend:5352/source/home:tom/package_with_file/somefile.txt
    body:
      encoding: UTF-8
      string: Repellendus vitae libero. Omnis dolorem perferendis. Ut impedit provident.
    headers:
      Accept-Encoding:
      - gzip;q=1.0,deflate;q=0.6,identity;q=0.3
      Accept:
      - "*/*"
      User-Agent:
      - Ruby
  response:
    status:
      code: 200
      message: OK
    headers:
      Content-Type:
      - text/xml
      Cache-Control:
      - no-cache
      Connection:
      - close
      Content-Length:
      - '207'
    body:
      encoding: UTF-8
      string: |
        <revision rev="2" vrev="2">
          <srcmd5>a4460e6aa8a568f999b41346ab3e28b0</srcmd5>
          <version>unknown</version>
          <time>1582638373</time>
          <user>unknown</user>
          <comment></comment>
          <requestid/>
        </revision>
    http_version: null
  recorded_at: Tue, 25 Feb 2020 13:46:13 GMT
- request:
    method: get
    uri: http://backend:5352/source/home:tom/package_with_file
    body:
      encoding: US-ASCII
      string: ''
    headers:
      Accept-Encoding:
      - gzip;q=1.0,deflate;q=0.6,identity;q=0.3
      Accept:
      - "*/*"
      User-Agent:
      - Ruby
  response:
    status:
      code: 200
      message: OK
    headers:
      Content-Type:
      - text/xml
      Cache-Control:
      - no-cache
      Connection:
      - close
      Content-Length:
      - '302'
    body:
      encoding: UTF-8
      string: |
        <directory name="package_with_file" rev="2" vrev="2" srcmd5="a4460e6aa8a568f999b41346ab3e28b0">
          <entry name="_config" md5="fe15eb247757310799a7ece843e951fb" size="49" mtime="1582638373"/>
          <entry name="somefile.txt" md5="56530076f63e6d1d98de918fe22642d9" size="74" mtime="1582638373"/>
        </directory>
    http_version: null
  recorded_at: Tue, 25 Feb 2020 13:46:13 GMT
- request:
    method: get
    uri: http://backend:5352/source/home:tom/package_with_file
    body:
      encoding: US-ASCII
      string: ''
    headers:
      Accept-Encoding:
      - gzip;q=1.0,deflate;q=0.6,identity;q=0.3
      Accept:
      - "*/*"
      User-Agent:
      - Ruby
  response:
    status:
      code: 200
      message: OK
    headers:
      Content-Type:
      - text/xml
      Cache-Control:
      - no-cache
      Connection:
      - close
      Content-Length:
      - '302'
    body:
      encoding: UTF-8
      string: |
        <directory name="package_with_file" rev="2" vrev="2" srcmd5="a4460e6aa8a568f999b41346ab3e28b0">
          <entry name="_config" md5="fe15eb247757310799a7ece843e951fb" size="49" mtime="1582638373"/>
          <entry name="somefile.txt" md5="56530076f63e6d1d98de918fe22642d9" size="74" mtime="1582638373"/>
        </directory>
    http_version: null
  recorded_at: Tue, 25 Feb 2020 13:46:13 GMT
- request:
    method: post
    uri: http://backend:5352/source/home:tom/package_with_file?cacheonly=1&cmd=diff&expand=1&opackage=package_with_file&oproject=home:tom&rev=2&view=xml&withissues=1
    body:
      encoding: UTF-8
      string: ''
    headers:
      Content-Type:
      - application/octet-stream
      Accept-Encoding:
      - gzip;q=1.0,deflate;q=0.6,identity;q=0.3
      Accept:
      - "*/*"
      User-Agent:
      - Ruby
  response:
    status:
      code: 200
      message: OK
    headers:
      Content-Type:
      - text/xml
      Cache-Control:
      - no-cache
      Connection:
      - close
      Content-Length:
      - '289'
    body:
      encoding: UTF-8
      string: |
        <sourcediff key="293b7f4607ebf1310d26607fcb14c31f">
          <old project="home:tom" package="package_with_file" rev="2" srcmd5="a4460e6aa8a568f999b41346ab3e28b0"/>
          <new project="home:tom" package="package_with_file" rev="2" srcmd5="a4460e6aa8a568f999b41346ab3e28b0"/>
          <files/>
        </sourcediff>
    http_version: null
  recorded_at: Tue, 25 Feb 2020 13:46:13 GMT
recorded_with: VCR 5.1.0
