---
http_interactions:
- request:
    method: put
    uri: http://backend:5352/source/home:Iggy/_project/_service?user=Iggy
    body:
      encoding: UTF-8
      string: |
        <services>
          <service name="format_spec_file" mode="localonly"/>
        </services>
    headers:
      Accept-Encoding:
      - gzip;q=1.0,deflate;q=0.6,identity;q=0.3
      Accept:
      - "*/*"
      User-Agent:
      - Ruby
  response:
    status:
      code: 200
      message: OK
    headers:
      Content-Type:
      - text/xml
      Cache-Control:
      - no-cache
      Connection:
      - close
      Content-Length:
      - '167'
    body:
      encoding: UTF-8
      string: |
        <revision rev="17">
          <srcmd5>58ae26056fd970c7f7c9bad137b6665e</srcmd5>
          <time>1637315816</time>
          <user>Iggy</user>
          <comment></comment>
          <requestid/>
        </revision>
  recorded_at: Fri, 19 Nov 2021 09:56:56 GMT
- request:
    method: put
    uri: http://backend:5352/source/home:Iggy/bar_package-123/_link?user=Iggy
    body:
      encoding: UTF-8
      string: <link project="foo_project" package="bar_package"/>
    headers:
      Accept-Encoding:
      - gzip;q=1.0,deflate;q=0.6,identity;q=0.3
      Accept:
      - "*/*"
      User-Agent:
      - Ruby
  response:
    status:
      code: 200
      message: OK
    headers:
      Content-Type:
      - text/xml
      Cache-Control:
      - no-cache
      Connection:
      - close
      Content-Length:
      - '206'
    body:
      encoding: UTF-8
      string: |
        <revision rev="61" vrev="61">
          <srcmd5>1c71edbf10ad5ac4b13be928f0e6998f</srcmd5>
          <version>unknown</version>
          <time>1637315816</time>
          <user>Iggy</user>
          <comment></comment>
          <requestid/>
        </revision>
  recorded_at: Fri, 19 Nov 2021 09:56:56 GMT
- request:
    method: put
    uri: http://backend:5352/source/home:Iggy/bar_package-123/_branch_request?user=Iggy
    body:
      encoding: UTF-8
      string: '{"object_kind":null,"project":{"http_url":null},"object_attributes":{"source":{"default_branch":"123"}}}'
    headers:
      Accept-Encoding:
      - gzip;q=1.0,deflate;q=0.6,identity;q=0.3
      Accept:
      - "*/*"
      User-Agent:
      - Ruby
  response:
    status:
      code: 200
      message: OK
    headers:
      Content-Type:
      - text/xml
      Cache-Control:
      - no-cache
      Connection:
      - close
      Content-Length:
      - '206'
    body:
      encoding: UTF-8
      string: |
        <revision rev="62" vrev="62">
          <srcmd5>b258f443a7c17349c64f9f3dc4a52c01</srcmd5>
          <version>unknown</version>
          <time>1637315816</time>
          <user>Iggy</user>
          <comment></comment>
          <requestid/>
        </revision>
  recorded_at: Fri, 19 Nov 2021 09:56:57 GMT
- request:
    method: get
    uri: http://backend:5352/source/home:Iggy/bar_package-123
    body:
      encoding: US-ASCII
      string: ''
    headers:
      Accept-Encoding:
      - gzip;q=1.0,deflate;q=0.6,identity;q=0.3
      Accept:
      - "*/*"
      User-Agent:
      - Ruby
  response:
    status:
      code: 200
      message: OK
    headers:
      Content-Type:
      - text/xml
      Cache-Control:
      - no-cache
      Connection:
      - close
      Content-Length:
      - '715'
    body:
      encoding: UTF-8
      string: |
        <directory name="bar_package-123" rev="62" vrev="62" srcmd5="b258f443a7c17349c64f9f3dc4a52c01">
          <linkinfo project="foo_project" package="bar_package" srcmd5="1e5c32344e4ad71f56fb45b133136dde" xsrcmd5="3b00334a6ccbde9b3564c2282330ebbf" lsrcmd5="b258f443a7c17349c64f9f3dc4a52c01"/>
          <serviceinfo code="running"/>
          <entry name="_branch_request" md5="3604bb2fa00e7261df781f340c5e9ac1" size="104" mtime="1637315807"/>
          <entry name="_config" md5="38b3add0a1fe20b3531140f0deda27ae" size="68" mtime="1636974692"/>
          <entry name="_link" md5="858d6500f0ccc27f85ed9dc8c2006d8e" size="51" mtime="1637315724"/>
          <entry name="somefile.txt" md5="0c8cbc195f9d061610e71e845e82db81" size="74" mtime="1636974692"/>
        </directory>
  recorded_at: Fri, 19 Nov 2021 09:56:57 GMT
- request:
    method: get
    uri: http://backend:5352/source/home:Iggy/bar_package-123?view=info
    body:
      encoding: US-ASCII
      string: ''
    headers:
      Accept-Encoding:
      - gzip;q=1.0,deflate;q=0.6,identity;q=0.3
      Accept:
      - "*/*"
      User-Agent:
      - Ruby
  response:
    status:
      code: 200
      message: OK
    headers:
      Content-Type:
      - text/xml
      Cache-Control:
      - no-cache
      Connection:
      - close
      Content-Length:
      - '151'
    body:
      encoding: UTF-8
      string: |
        <sourceinfo package="bar_package-123" rev="62" vrev="62" srcmd5="b258f443a7c17349c64f9f3dc4a52c01">
          <error>service in progress</error>
        </sourceinfo>
  recorded_at: Fri, 19 Nov 2021 09:56:57 GMT
- request:
    method: get
    uri: http://backend:5352/source/home:Iggy/bar_package-123
    body:
      encoding: US-ASCII
      string: ''
    headers:
      Accept-Encoding:
      - gzip;q=1.0,deflate;q=0.6,identity;q=0.3
      Accept:
      - "*/*"
      User-Agent:
      - Ruby
  response:
    status:
      code: 200
      message: OK
    headers:
      Content-Type:
      - text/xml
      Cache-Control:
      - no-cache
      Connection:
      - close
      Content-Length:
      - '715'
    body:
      encoding: UTF-8
      string: |
        <directory name="bar_package-123" rev="62" vrev="62" srcmd5="b258f443a7c17349c64f9f3dc4a52c01">
          <linkinfo project="foo_project" package="bar_package" srcmd5="1e5c32344e4ad71f56fb45b133136dde" xsrcmd5="3b00334a6ccbde9b3564c2282330ebbf" lsrcmd5="b258f443a7c17349c64f9f3dc4a52c01"/>
          <serviceinfo code="running"/>
          <entry name="_branch_request" md5="3604bb2fa00e7261df781f340c5e9ac1" size="104" mtime="1637315807"/>
          <entry name="_config" md5="38b3add0a1fe20b3531140f0deda27ae" size="68" mtime="1636974692"/>
          <entry name="_link" md5="858d6500f0ccc27f85ed9dc8c2006d8e" size="51" mtime="1637315724"/>
          <entry name="somefile.txt" md5="0c8cbc195f9d061610e71e845e82db81" size="74" mtime="1636974692"/>
        </directory>
  recorded_at: Fri, 19 Nov 2021 09:56:57 GMT
- request:
    method: post
    uri: http://backend:5352/source/home:Iggy/bar_package-123?cmd=diff&linkrev=base&onlyissues=1&orev=0&view=xml
    body:
      encoding: UTF-8
      string: ''
    headers:
      Content-Type:
      - application/octet-stream
      Accept-Encoding:
      - gzip;q=1.0,deflate;q=0.6,identity;q=0.3
      Accept:
      - "*/*"
      User-Agent:
      - Ruby
  response:
    status:
      code: 200
      message: OK
    headers:
      Content-Type:
      - text/xml
      Cache-Control:
      - no-cache
      Connection:
      - close
      Content-Length:
      - '311'
    body:
      encoding: UTF-8
      string: |
        <sourcediff key="c8b0a1d2da73e40f7d21f20902aceb72">
          <old project="home:Iggy" package="bar_package-123" rev="0" srcmd5="d41d8cd98f00b204e9800998ecf8427e"/>
          <new project="home:Iggy" package="bar_package-123" rev="62" srcmd5="b258f443a7c17349c64f9f3dc4a52c01"/>
          <files/>
          <issues>
          </issues>
        </sourcediff>
  recorded_at: Fri, 19 Nov 2021 09:56:57 GMT
- request:
    method: post
    uri: http://backend:5352/source/home:Iggy/bar_package-123?cmd=linkdiff&linkrev=base&onlyissues=1&view=xml
    body:
      encoding: UTF-8
      string: ''
    headers:
      Content-Type:
      - application/octet-stream
      Accept-Encoding:
      - gzip;q=1.0,deflate;q=0.6,identity;q=0.3
      Accept:
      - "*/*"
      User-Agent:
      - Ruby
  response:
    status:
      code: 200
      message: OK
    headers:
      Content-Type:
      - text/xml
      Cache-Control:
      - no-cache
      Connection:
      - close
      Content-Length:
      - '370'
    body:
      encoding: UTF-8
      string: |
        <sourcediff key="a4f34265096c4ea9216866888d5305b6">
          <old project="foo_project" package="bar_package" rev="1e5c32344e4ad71f56fb45b133136dde" srcmd5="1e5c32344e4ad71f56fb45b133136dde"/>
          <new project="home:Iggy" package="bar_package-123" rev="43571e80b3c44f3a7f2b7fa43a2af2d6" srcmd5="43571e80b3c44f3a7f2b7fa43a2af2d6"/>
          <files/>
          <issues>
          </issues>
        </sourcediff>
  recorded_at: Fri, 19 Nov 2021 09:56:57 GMT
- request:
    method: get
    uri: http://backend:5352/source/home:Iggy/bar_package-123/_link
    body:
      encoding: US-ASCII
      string: ''
    headers:
      Accept-Encoding:
      - gzip;q=1.0,deflate;q=0.6,identity;q=0.3
      Accept:
      - "*/*"
      User-Agent:
      - Ruby
  response:
    status:
      code: 200
      message: OK
    headers:
      Content-Type:
      - application/octet-stream
      Content-Length:
      - '51'
      Cache-Control:
      - no-cache
      Connection:
      - close
    body:
      encoding: UTF-8
      string: <link project="foo_project" package="bar_package"/>
  recorded_at: Fri, 19 Nov 2021 09:56:57 GMT
recorded_with: VCR 6.0.0
