---
http_interactions:
- request:
    method: put
    uri: http://backend:5352/source/home:user/_meta?user=user
    body:
      encoding: UTF-8
      string: |
        <project name="home:user">
          <title/>
          <description/>
          <person userid="user" role="maintainer"/>
        </project>
    headers:
      Accept-Encoding:
      - gzip;q=1.0,deflate;q=0.6,identity;q=0.3
      Accept:
      - "*/*"
      User-Agent:
      - Ruby
  response:
    status:
      code: 200
      message: OK
    headers:
      Content-Type:
      - text/xml
      Cache-Control:
      - no-cache
      Connection:
      - close
      Content-Length:
      - '131'
    body:
      encoding: UTF-8
      string: |
        <project name="home:user">
          <title></title>
          <description></description>
          <person userid="user" role="maintainer" />
        </project>
    http_version: 
  recorded_at: Thu, 22 Nov 2018 17:18:50 GMT
- request:
    method: put
    uri: http://backend:5352/source/home:user/_project/_staging_workflow?user=_nobody_
    body:
      encoding: UTF-8
      string: |
        <workflow project="home:user" managers="staging-workflow-managers-4">
          <staging_project name="home:user:Staging:A"/>
        </workflow>
    headers:
      Accept-Encoding:
      - gzip;q=1.0,deflate;q=0.6,identity;q=0.3
      Accept:
      - "*/*"
      User-Agent:
      - Ruby
  response:
    status:
      code: 200
      message: OK
    headers:
      Content-Type:
      - text/xml
      Cache-Control:
      - no-cache
      Connection:
      - close
      Content-Length:
      - '172'
    body:
      encoding: UTF-8
      string: |
        <revision rev="119">
          <srcmd5>a73d394324caf6fee4f9d7b5e7146476</srcmd5>
          <time>1542907130</time>
          <user>_nobody_</user>
          <comment></comment>
          <requestid/>
        </revision>
    http_version: 
  recorded_at: Thu, 22 Nov 2018 17:18:50 GMT
- request:
    method: put
    uri: http://backend:5352/source/home:user:Staging:A/_meta?user=_nobody_
    body:
      encoding: UTF-8
      string: |
        <project name="home:user:Staging:A">
          <title/>
          <description/>
          <group groupid="staging-workflow-managers-4" role="maintainer"/>
        </project>
    headers:
      Accept-Encoding:
      - gzip;q=1.0,deflate;q=0.6,identity;q=0.3
      Accept:
      - "*/*"
      User-Agent:
      - Ruby
  response:
    status:
      code: 200
      message: OK
    headers:
      Content-Type:
      - text/xml
      Cache-Control:
      - no-cache
      Connection:
      - close
      Content-Length:
      - '164'
    body:
      encoding: UTF-8
      string: |
        <project name="home:user:Staging:A">
          <title></title>
          <description></description>
          <group groupid="staging-workflow-managers-4" role="maintainer" />
        </project>
    http_version: 
  recorded_at: Thu, 22 Nov 2018 17:18:50 GMT
- request:
    method: put
    uri: http://backend:5352/source/home:user/_project/_staging_workflow?user=_nobody_
    body:
      encoding: UTF-8
      string: |
        <workflow project="home:user" managers="staging-workflow-managers-4">
          <staging_project name="home:user:Staging:A"/>
          <staging_project name="home:user:Staging:B"/>
        </workflow>
    headers:
      Accept-Encoding:
      - gzip;q=1.0,deflate;q=0.6,identity;q=0.3
      Accept:
      - "*/*"
      User-Agent:
      - Ruby
  response:
    status:
      code: 200
      message: OK
    headers:
      Content-Type:
      - text/xml
      Cache-Control:
      - no-cache
      Connection:
      - close
      Content-Length:
      - '172'
    body:
      encoding: UTF-8
      string: |
        <revision rev="120">
          <srcmd5>6c20ff809c1f07d8617a34555f96459f</srcmd5>
          <time>1542907130</time>
          <user>_nobody_</user>
          <comment></comment>
          <requestid/>
        </revision>
    http_version: 
  recorded_at: Thu, 22 Nov 2018 17:18:50 GMT
- request:
    method: put
    uri: http://backend:5352/source/home:user:Staging:B/_meta?user=_nobody_
    body:
      encoding: UTF-8
      string: |
        <project name="home:user:Staging:B">
          <title/>
          <description/>
          <group groupid="staging-workflow-managers-4" role="maintainer"/>
        </project>
    headers:
      Accept-Encoding:
      - gzip;q=1.0,deflate;q=0.6,identity;q=0.3
      Accept:
      - "*/*"
      User-Agent:
      - Ruby
  response:
    status:
      code: 200
      message: OK
    headers:
      Content-Type:
      - text/xml
      Cache-Control:
      - no-cache
      Connection:
      - close
      Content-Length:
      - '164'
    body:
      encoding: UTF-8
      string: |
        <project name="home:user:Staging:B">
          <title></title>
          <description></description>
          <group groupid="staging-workflow-managers-4" role="maintainer" />
        </project>
    http_version: 
  recorded_at: Thu, 22 Nov 2018 17:18:50 GMT
- request:
    method: put
    uri: http://backend:5352/source/home:manager/_meta?user=manager
    body:
      encoding: UTF-8
      string: |
        <project name="home:manager">
          <title/>
          <description/>
          <person userid="manager" role="maintainer"/>
        </project>
    headers:
      Accept-Encoding:
      - gzip;q=1.0,deflate;q=0.6,identity;q=0.3
      Accept:
      - "*/*"
      User-Agent:
      - Ruby
  response:
    status:
      code: 200
      message: OK
    headers:
      Content-Type:
      - text/xml
      Cache-Control:
      - no-cache
      Connection:
      - close
      Content-Length:
      - '137'
    body:
      encoding: UTF-8
      string: |
        <project name="home:manager">
          <title></title>
          <description></description>
          <person userid="manager" role="maintainer" />
        </project>
    http_version: 
  recorded_at: Thu, 22 Nov 2018 17:18:50 GMT
- request:
    method: put
    uri: http://backend:5352/source/home:other_user/_meta?user=other_user
    body:
      encoding: UTF-8
      string: |
        <project name="home:other_user">
          <title/>
          <description/>
          <person userid="other_user" role="maintainer"/>
        </project>
    headers:
      Accept-Encoding:
      - gzip;q=1.0,deflate;q=0.6,identity;q=0.3
      Accept:
      - "*/*"
      User-Agent:
      - Ruby
  response:
    status:
      code: 200
      message: OK
    headers:
      Content-Type:
      - text/xml
      Cache-Control:
      - no-cache
      Connection:
      - close
      Content-Length:
      - '143'
    body:
      encoding: UTF-8
      string: |
        <project name="home:other_user">
          <title></title>
          <description></description>
          <person userid="other_user" role="maintainer" />
        </project>
    http_version: 
  recorded_at: Thu, 22 Nov 2018 17:18:50 GMT
- request:
    method: put
    uri: http://backend:5352/source/home:user/target_package/_meta?user=manager
    body:
      encoding: UTF-8
      string: |
        <package name="target_package" project="home:user">
          <title>Tiger! Tiger!</title>
          <description>Placeat quia repudiandae expedita.</description>
        </package>
    headers:
      Accept-Encoding:
      - gzip;q=1.0,deflate;q=0.6,identity;q=0.3
      Accept:
      - "*/*"
      User-Agent:
      - Ruby
  response:
    status:
      code: 200
      message: OK
    headers:
      Content-Type:
      - text/xml
      Cache-Control:
      - no-cache
      Connection:
      - close
      Content-Length:
      - '158'
    body:
      encoding: UTF-8
      string: |
        <package name="target_package" project="home:user">
          <title>Tiger! Tiger!</title>
          <description>Placeat quia repudiandae expedita.</description>
        </package>
    http_version: 
  recorded_at: Thu, 22 Nov 2018 17:18:50 GMT
- request:
    method: put
    uri: http://backend:5352/source/home:user/target_package/_meta?user=manager
    body:
      encoding: UTF-8
      string: |
        <package name="target_package" project="home:user">
          <title>Tiger! Tiger!</title>
          <description>Placeat quia repudiandae expedita.</description>
        </package>
    headers:
      Accept-Encoding:
      - gzip;q=1.0,deflate;q=0.6,identity;q=0.3
      Accept:
      - "*/*"
      User-Agent:
      - Ruby
  response:
    status:
      code: 200
      message: OK
    headers:
      Content-Type:
      - text/xml
      Cache-Control:
      - no-cache
      Connection:
      - close
      Content-Length:
      - '158'
    body:
      encoding: UTF-8
      string: |
        <package name="target_package" project="home:user">
          <title>Tiger! Tiger!</title>
          <description>Placeat quia repudiandae expedita.</description>
        </package>
    http_version: 
  recorded_at: Thu, 22 Nov 2018 17:18:50 GMT
- request:
    method: put
    uri: http://backend:5352/source/source_project/_meta?user=manager
    body:
      encoding: UTF-8
      string: |
        <project name="source_project">
          <title>Jacob Have I Loved</title>
          <description/>
        </project>
    headers:
      Accept-Encoding:
      - gzip;q=1.0,deflate;q=0.6,identity;q=0.3
      Accept:
      - "*/*"
      User-Agent:
      - Ruby
  response:
    status:
      code: 200
      message: OK
    headers:
      Content-Type:
      - text/xml
      Cache-Control:
      - no-cache
      Connection:
      - close
      Content-Length:
      - '109'
    body:
      encoding: UTF-8
      string: |
        <project name="source_project">
          <title>Jacob Have I Loved</title>
          <description></description>
        </project>
    http_version: 
  recorded_at: Thu, 22 Nov 2018 17:18:50 GMT
- request:
    method: put
    uri: http://backend:5352/source/source_project/source_package/_meta?user=manager
    body:
      encoding: UTF-8
      string: |
        <package name="source_package" project="source_project">
          <title>The Parliament of Man</title>
          <description>Eos ut ut quae.</description>
        </package>
    headers:
      Accept-Encoding:
      - gzip;q=1.0,deflate;q=0.6,identity;q=0.3
      Accept:
      - "*/*"
      User-Agent:
      - Ruby
  response:
    status:
      code: 200
      message: OK
    headers:
      Content-Type:
      - text/xml
      Cache-Control:
      - no-cache
      Connection:
      - close
      Content-Length:
      - '152'
    body:
      encoding: UTF-8
      string: |
        <package name="source_package" project="source_project">
          <title>The Parliament of Man</title>
          <description>Eos ut ut quae.</description>
        </package>
    http_version: 
  recorded_at: Thu, 22 Nov 2018 17:18:50 GMT
- request:
    method: put
    uri: http://backend:5352/source/source_project/source_package/_meta?user=manager
    body:
      encoding: UTF-8
      string: |
        <package name="source_package" project="source_project">
          <title>The Parliament of Man</title>
          <description>Eos ut ut quae.</description>
        </package>
    headers:
      Accept-Encoding:
      - gzip;q=1.0,deflate;q=0.6,identity;q=0.3
      Accept:
      - "*/*"
      User-Agent:
      - Ruby
  response:
    status:
      code: 200
      message: OK
    headers:
      Content-Type:
      - text/xml
      Cache-Control:
      - no-cache
      Connection:
      - close
      Content-Length:
      - '152'
    body:
      encoding: UTF-8
      string: |
        <package name="source_package" project="source_project">
          <title>The Parliament of Man</title>
          <description>Eos ut ut quae.</description>
        </package>
    http_version: 
  recorded_at: Thu, 22 Nov 2018 17:18:50 GMT
recorded_with: VCR 4.0.0
