---
http_interactions:
- request:
    method: put
    uri: http://backend:5352/source/home:Iggy/_meta?user=Iggy
    body:
      encoding: UTF-8
      string: |
        <project name="home:Iggy">
          <title/>
          <description/>
          <person userid="Iggy" role="maintainer"/>
        </project>
    headers:
      Accept-Encoding:
      - gzip;q=1.0,deflate;q=0.6,identity;q=0.3
      Accept:
      - "*/*"
      User-Agent:
      - Ruby
  response:
    status:
      code: 200
      message: OK
    headers:
      Content-Type:
      - text/xml
      Cache-Control:
      - no-cache
      Connection:
      - close
      Content-Length:
      - '130'
    body:
      encoding: UTF-8
      string: |
        <project name="home:Iggy">
          <title></title>
          <description></description>
          <person userid="Iggy" role="maintainer"/>
        </project>
  recorded_at: Wed, 22 Sep 2021 12:00:28 GMT
- request:
    method: put
    uri: http://backend:5352/source/foo_project/_meta?user=user_35
    body:
      encoding: UTF-8
      string: |
        <project name="foo_project">
          <title>Nine Coaches Waiting</title>
          <description/>
          <person userid="Iggy" role="maintainer"/>
        </project>
    headers:
      Accept-Encoding:
      - gzip;q=1.0,deflate;q=0.6,identity;q=0.3
      Accept:
      - "*/*"
      User-Agent:
      - Ruby
  response:
    status:
      code: 200
      message: OK
    headers:
      Content-Type:
      - text/xml
      Cache-Control:
      - no-cache
      Connection:
      - close
      Content-Length:
      - '152'
    body:
      encoding: UTF-8
      string: |
        <project name="foo_project">
          <title>Nine Coaches Waiting</title>
          <description></description>
          <person userid="Iggy" role="maintainer"/>
        </project>
  recorded_at: Wed, 22 Sep 2021 12:00:28 GMT
- request:
    method: put
    uri: http://backend:5352/source/foo_project/bar_package/_meta?user=user_36
    body:
      encoding: UTF-8
      string: |
        <package name="bar_package" project="foo_project">
          <title>The Moon by Night</title>
          <description>Voluptatem in perferendis vel.</description>
        </package>
    headers:
      Accept-Encoding:
      - gzip;q=1.0,deflate;q=0.6,identity;q=0.3
      Accept:
      - "*/*"
      User-Agent:
      - Ruby
  response:
    status:
      code: 200
      message: OK
    headers:
      Content-Type:
      - text/xml
      Cache-Control:
      - no-cache
      Connection:
      - close
      Content-Length:
      - '157'
    body:
      encoding: UTF-8
      string: |
        <package name="bar_package" project="foo_project">
          <title>The Moon by Night</title>
          <description>Voluptatem in perferendis vel.</description>
        </package>
  recorded_at: Wed, 22 Sep 2021 12:00:28 GMT
- request:
    method: put
    uri: http://backend:5352/source/foo_project/bar_package/_config
    body:
      encoding: UTF-8
      string: Ut rerum architecto. Ipsam sunt vel. Ab quibusdam aperiam.
    headers:
      Accept-Encoding:
      - gzip;q=1.0,deflate;q=0.6,identity;q=0.3
      Accept:
      - "*/*"
      User-Agent:
      - Ruby
  response:
    status:
      code: 200
      message: OK
    headers:
      Content-Type:
      - text/xml
      Cache-Control:
      - no-cache
      Connection:
      - close
      Content-Length:
      - '211'
    body:
      encoding: UTF-8
      string: |
        <revision rev="123" vrev="123">
          <srcmd5>fa2277d379de1c63c449777005a8e293</srcmd5>
          <version>unknown</version>
          <time>1632312028</time>
          <user>unknown</user>
          <comment></comment>
          <requestid/>
        </revision>
  recorded_at: Wed, 22 Sep 2021 12:00:28 GMT
- request:
    method: put
    uri: http://backend:5352/source/foo_project/bar_package/somefile.txt
    body:
      encoding: UTF-8
      string: Enim sed aut. Rem assumenda quam. Facilis eligendi corrupti.
    headers:
      Accept-Encoding:
      - gzip;q=1.0,deflate;q=0.6,identity;q=0.3
      Accept:
      - "*/*"
      User-Agent:
      - Ruby
  response:
    status:
      code: 200
      message: OK
    headers:
      Content-Type:
      - text/xml
      Cache-Control:
      - no-cache
      Connection:
      - close
      Content-Length:
      - '211'
    body:
      encoding: UTF-8
      string: |
        <revision rev="124" vrev="124">
          <srcmd5>76a8e828fb4489e05b9f42804eee0440</srcmd5>
          <version>unknown</version>
          <time>1632312028</time>
          <user>unknown</user>
          <comment></comment>
          <requestid/>
        </revision>
  recorded_at: Wed, 22 Sep 2021 12:00:28 GMT
- request:
    method: put
    uri: http://backend:5352/source/home:Iggy:openSUSE:open-build-service:PR-1/_meta?user=Iggy
    body:
      encoding: UTF-8
      string: |
        <project name="home:Iggy:openSUSE:open-build-service:PR-1">
          <title/>
          <description/>
          <person userid="Iggy" role="maintainer"/>
        </project>
    headers:
      Accept-Encoding:
      - gzip;q=1.0,deflate;q=0.6,identity;q=0.3
      Accept:
      - "*/*"
      User-Agent:
      - Ruby
  response:
    status:
      code: 200
      message: OK
    headers:
      Content-Type:
      - text/xml
      Cache-Control:
      - no-cache
      Connection:
      - close
      Content-Length:
      - '163'
    body:
      encoding: UTF-8
      string: |
        <project name="home:Iggy:openSUSE:open-build-service:PR-1">
          <title></title>
          <description></description>
          <person userid="Iggy" role="maintainer"/>
        </project>
  recorded_at: Wed, 22 Sep 2021 12:00:28 GMT
- request:
    method: put
    uri: http://backend:5352/source/home:Iggy:openSUSE:open-build-service:PR-1/bar_package/_meta?user=Iggy
    body:
      encoding: UTF-8
      string: |
        <package name="bar_package" project="home:Iggy:openSUSE:open-build-service:PR-1">
          <title/>
          <description/>
        </package>
    headers:
      Accept-Encoding:
      - gzip;q=1.0,deflate;q=0.6,identity;q=0.3
      Accept:
      - "*/*"
      User-Agent:
      - Ruby
  response:
    status:
      code: 200
      message: OK
    headers:
      Content-Type:
      - text/xml
      Cache-Control:
      - no-cache
      Connection:
      - close
      Content-Length:
      - '141'
    body:
      encoding: UTF-8
      string: |
        <package name="bar_package" project="home:Iggy:openSUSE:open-build-service:PR-1">
          <title></title>
          <description></description>
        </package>
  recorded_at: Wed, 22 Sep 2021 12:00:28 GMT
- request:
    method: put
    uri: http://backend:5352/source/home:Iggy:openSUSE:open-build-service:PR-1/_project/_meta?user=Iggy
    body:
      encoding: UTF-8
      string: |
        <package name="_project" project="home:Iggy:openSUSE:open-build-service:PR-1">
          <title/>
          <description/>
        </package>
    headers:
      Accept-Encoding:
      - gzip;q=1.0,deflate;q=0.6,identity;q=0.3
      Accept:
      - "*/*"
      User-Agent:
      - Ruby
  response:
    status:
      code: 200
      message: OK
    headers:
      Content-Type:
      - text/xml
      Cache-Control:
      - no-cache
      Connection:
      - close
      Content-Length:
      - '138'
    body:
      encoding: UTF-8
      string: |
        <package name="_project" project="home:Iggy:openSUSE:open-build-service:PR-1">
          <title></title>
          <description></description>
        </package>
  recorded_at: Wed, 22 Sep 2021 12:00:28 GMT
- request:
    method: put
    uri: http://backend:5352/source/home:Iggy:openSUSE:open-build-service:PR-1/_project/_service?user=Iggy
    body:
      encoding: UTF-8
      string: |
        <services>
          <service name="format_spec_file" mode="localonly"/>
        </services>
    headers:
      Accept-Encoding:
      - gzip;q=1.0,deflate;q=0.6,identity;q=0.3
      Accept:
      - "*/*"
      User-Agent:
      - Ruby
  response:
    status:
      code: 200
      message: OK
    headers:
      Content-Type:
      - text/xml
      Cache-Control:
      - no-cache
      Connection:
      - close
      Content-Length:
      - '167'
    body:
      encoding: UTF-8
      string: |
        <revision rev="13">
          <srcmd5>58ae26056fd970c7f7c9bad137b6665e</srcmd5>
          <time>1632312028</time>
          <user>Iggy</user>
          <comment></comment>
          <requestid/>
        </revision>
  recorded_at: Wed, 22 Sep 2021 12:00:28 GMT
- request:
    method: put
    uri: http://backend:5352/source/home:Iggy:openSUSE:open-build-service:PR-1/bar_package/_link?user=Iggy
    body:
      encoding: UTF-8
      string: <link project="foo_project" package="bar_package"/>
    headers:
      Accept-Encoding:
      - gzip;q=1.0,deflate;q=0.6,identity;q=0.3
      Accept:
      - "*/*"
      User-Agent:
      - Ruby
  response:
    status:
      code: 200
      message: OK
    headers:
      Content-Type:
      - text/xml
      Cache-Control:
      - no-cache
      Connection:
      - close
      Content-Length:
      - '206'
    body:
      encoding: UTF-8
      string: |
        <revision rev="99" vrev="99">
          <srcmd5>b18890e5ad8859df6d72f9695e4524ee</srcmd5>
          <version>unknown</version>
          <time>1632312028</time>
          <user>Iggy</user>
          <comment></comment>
          <requestid/>
        </revision>
  recorded_at: Wed, 22 Sep 2021 12:00:28 GMT
- request:
    method: put
    uri: http://backend:5352/source/home:Iggy:openSUSE:open-build-service:PR-1/bar_package/_branch_request?user=Iggy
    body:
      encoding: UTF-8
      string: '{"action":"opened","pull_request":{"head":{"repo":{"full_name":"reponame"},"sha":"123"}}}'
    headers:
      Accept-Encoding:
      - gzip;q=1.0,deflate;q=0.6,identity;q=0.3
      Accept:
      - "*/*"
      User-Agent:
      - Ruby
  response:
    status:
      code: 200
      message: OK
    headers:
      Content-Type:
      - text/xml
      Cache-Control:
      - no-cache
      Connection:
      - close
      Content-Length:
      - '208'
    body:
      encoding: UTF-8
      string: |
        <revision rev="100" vrev="100">
          <srcmd5>0652a39de4d2a7fb64ea972c3378da6f</srcmd5>
          <version>unknown</version>
          <time>1632312028</time>
          <user>Iggy</user>
          <comment></comment>
          <requestid/>
        </revision>
  recorded_at: Wed, 22 Sep 2021 12:00:28 GMT
- request:
    method: put
    uri: http://backend:5352/source/home:Iggy:openSUSE:open-build-service:PR-1/bar_package/_meta?user=Iggy
    body:
      encoding: UTF-8
      string: |
        <package name="bar_package" project="home:Iggy:openSUSE:open-build-service:PR-1">
          <title/>
          <description/>
        </package>
    headers:
      Accept-Encoding:
      - gzip;q=1.0,deflate;q=0.6,identity;q=0.3
      Accept:
      - "*/*"
      User-Agent:
      - Ruby
  response:
    status:
      code: 200
      message: OK
    headers:
      Content-Type:
      - text/xml
      Cache-Control:
      - no-cache
      Connection:
      - close
      Content-Length:
      - '141'
    body:
      encoding: UTF-8
      string: |
        <package name="bar_package" project="home:Iggy:openSUSE:open-build-service:PR-1">
          <title></title>
          <description></description>
        </package>
  recorded_at: Wed, 22 Sep 2021 12:00:28 GMT
- request:
    method: get
    uri: http://backend:5352/source/home:Iggy:openSUSE:open-build-service:PR-1/bar_package
    body:
      encoding: US-ASCII
      string: ''
    headers:
      Accept-Encoding:
      - gzip;q=1.0,deflate;q=0.6,identity;q=0.3
      Accept:
      - "*/*"
      User-Agent:
      - Ruby
  response:
    status:
      code: 200
      message: OK
    headers:
      Content-Type:
      - text/xml
      Cache-Control:
      - no-cache
      Connection:
      - close
      Content-Length:
      - '757'
    body:
      encoding: UTF-8
      string: |
        <directory name="bar_package" rev="100" vrev="100" srcmd5="0652a39de4d2a7fb64ea972c3378da6f">
          <linkinfo project="foo_project" package="bar_package" srcmd5="76a8e828fb4489e05b9f42804eee0440" xsrcmd5="a4486adb966db5cdc3c44194ee20bfe6" lsrcmd5="0652a39de4d2a7fb64ea972c3378da6f"/>
          <serviceinfo code="succeeded" xsrcmd5="9725f796f63168626d7dda21f2958e06"/>
          <entry name="_branch_request" md5="4becc0c108a703b38c26920c45965516" size="89" mtime="1632311398"/>
          <entry name="_config" md5="d24e77f9ebde2c3af5c539641e477396" size="54" mtime="1632312025"/>
          <entry name="_link" md5="858d6500f0ccc27f85ed9dc8c2006d8e" size="51" mtime="1632312011"/>
          <entry name="somefile.txt" md5="479f7f48e7e18dc94f6dc7c1d355c803" size="66" mtime="1632312025"/>
        </directory>
  recorded_at: Wed, 22 Sep 2021 12:00:28 GMT
- request:
    method: get
    uri: http://backend:5352/source/home:Iggy:openSUSE:open-build-service:PR-1/bar_package?view=info
    body:
      encoding: US-ASCII
      string: ''
    headers:
      Accept-Encoding:
      - gzip;q=1.0,deflate;q=0.6,identity;q=0.3
      Accept:
      - "*/*"
      User-Agent:
      - Ruby
  response:
    status:
      code: 200
      message: OK
    headers:
      Content-Type:
      - text/xml
      Cache-Control:
      - no-cache
      Connection:
      - close
      Content-Length:
      - '332'
    body:
      encoding: UTF-8
      string: |
        <sourceinfo package="bar_package" rev="100" vrev="224" srcmd5="f72f497a8f26105194aa466f8a1290a7" lsrcmd5="9725f796f63168626d7dda21f2958e06" verifymd5="71080a1be9f463dcd025015b02e78aa9">
          <error>bad build configuration, no build type defined or detected</error>
          <linked project="foo_project" package="bar_package"/>
        </sourceinfo>
  recorded_at: Wed, 22 Sep 2021 12:00:28 GMT
- request:
    method: get
    uri: http://backend:5352/source/home:Iggy:openSUSE:open-build-service:PR-1/bar_package
    body:
      encoding: US-ASCII
      string: ''
    headers:
      Accept-Encoding:
      - gzip;q=1.0,deflate;q=0.6,identity;q=0.3
      Accept:
      - "*/*"
      User-Agent:
      - Ruby
  response:
    status:
      code: 200
      message: OK
    headers:
      Content-Type:
      - text/xml
      Cache-Control:
      - no-cache
      Connection:
      - close
      Content-Length:
      - '757'
    body:
      encoding: UTF-8
      string: |
        <directory name="bar_package" rev="100" vrev="100" srcmd5="0652a39de4d2a7fb64ea972c3378da6f">
          <linkinfo project="foo_project" package="bar_package" srcmd5="76a8e828fb4489e05b9f42804eee0440" xsrcmd5="a4486adb966db5cdc3c44194ee20bfe6" lsrcmd5="0652a39de4d2a7fb64ea972c3378da6f"/>
          <serviceinfo code="succeeded" xsrcmd5="9725f796f63168626d7dda21f2958e06"/>
          <entry name="_branch_request" md5="4becc0c108a703b38c26920c45965516" size="89" mtime="1632311398"/>
          <entry name="_config" md5="d24e77f9ebde2c3af5c539641e477396" size="54" mtime="1632312025"/>
          <entry name="_link" md5="858d6500f0ccc27f85ed9dc8c2006d8e" size="51" mtime="1632312011"/>
          <entry name="somefile.txt" md5="479f7f48e7e18dc94f6dc7c1d355c803" size="66" mtime="1632312025"/>
        </directory>
  recorded_at: Wed, 22 Sep 2021 12:00:28 GMT
- request:
    method: post
    uri: http://backend:5352/source/home:Iggy:openSUSE:open-build-service:PR-1/bar_package?cmd=diff&linkrev=base&onlyissues=1&orev=0&view=xml
    body:
      encoding: UTF-8
      string: ''
    headers:
      Content-Type:
      - application/octet-stream
      Accept-Encoding:
      - gzip;q=1.0,deflate;q=0.6,identity;q=0.3
      Accept:
      - "*/*"
      User-Agent:
      - Ruby
  response:
    status:
      code: 200
      message: OK
    headers:
      Content-Type:
      - text/xml
      Cache-Control:
      - no-cache
      Connection:
      - close
      Content-Length:
      - '370'
    body:
      encoding: UTF-8
      string: |
        <sourcediff key="2598061645dd59fc8022b25c643d1f37">
          <old project="home:Iggy:openSUSE:open-build-service:PR-1" package="bar_package" rev="0" srcmd5="d41d8cd98f00b204e9800998ecf8427e"/>
          <new project="home:Iggy:openSUSE:open-build-service:PR-1" package="bar_package" rev="100" srcmd5="0652a39de4d2a7fb64ea972c3378da6f"/>
          <files/>
          <issues>
          </issues>
        </sourcediff>
  recorded_at: Wed, 22 Sep 2021 12:00:28 GMT
- request:
    method: post
    uri: http://backend:5352/source/home:Iggy:openSUSE:open-build-service:PR-1/bar_package?cmd=linkdiff&linkrev=base&onlyissues=1&view=xml
    body:
      encoding: UTF-8
      string: ''
    headers:
      Content-Type:
      - application/octet-stream
      Accept-Encoding:
      - gzip;q=1.0,deflate;q=0.6,identity;q=0.3
      Accept:
      - "*/*"
      User-Agent:
      - Ruby
  response:
    status:
      code: 200
      message: OK
    headers:
      Content-Type:
      - text/xml
      Cache-Control:
      - no-cache
      Connection:
      - close
      Content-Length:
      - '399'
    body:
      encoding: UTF-8
      string: |
        <sourcediff key="e66e75365dfa8abc0e6c7e1f4e036974">
          <old project="foo_project" package="bar_package" rev="76a8e828fb4489e05b9f42804eee0440" srcmd5="76a8e828fb4489e05b9f42804eee0440"/>
          <new project="home:Iggy:openSUSE:open-build-service:PR-1" package="bar_package" rev="f72f497a8f26105194aa466f8a1290a7" srcmd5="f72f497a8f26105194aa466f8a1290a7"/>
          <files/>
          <issues>
          </issues>
        </sourcediff>
  recorded_at: Wed, 22 Sep 2021 12:00:28 GMT
recorded_with: VCR 6.0.0
