---
http_interactions:
- request:
    method: put
    uri: http://backend:5352/source/home:tom/_meta?user=tom
    body:
      encoding: UTF-8
      string: |
        <project name="home:tom">
          <title/>
          <description/>
          <person userid="tom" role="maintainer"/>
        </project>
    headers:
      Accept-Encoding:
      - gzip;q=1.0,deflate;q=0.6,identity;q=0.3
      Accept:
      - "*/*"
      User-Agent:
      - Ruby
  response:
    status:
      code: 200
      message: OK
    headers:
      Content-Type:
      - text/xml
      Cache-Control:
      - no-cache
      Connection:
      - close
      Content-Length:
      - '129'
    body:
      encoding: UTF-8
      string: |
        <project name="home:tom">
          <title></title>
          <description></description>
          <person userid="tom" role="maintainer" />
        </project>
    http_version: 
  recorded_at: Thu, 17 Jan 2019 17:03:51 GMT
- request:
    method: put
    uri: http://backend:5352/source/home:tom/_project/_staging_workflow?user=_nobody_
    body:
      encoding: UTF-8
      string: |
        <workflow project="home:tom" managers="group_11">
          <staging_project name="home:tom:Staging:A"/>
        </workflow>
    headers:
      Accept-Encoding:
      - gzip;q=1.0,deflate;q=0.6,identity;q=0.3
      Accept:
      - "*/*"
      User-Agent:
      - Ruby
  response:
    status:
      code: 200
      message: OK
    headers:
      Content-Type:
      - text/xml
      Cache-Control:
      - no-cache
      Connection:
      - close
      Content-Length:
      - '172'
    body:
      encoding: UTF-8
      string: |
        <revision rev="201">
          <srcmd5>549eb4d72e1e3a62d47f9af36338cd38</srcmd5>
          <time>1547744631</time>
          <user>_nobody_</user>
          <comment></comment>
          <requestid/>
        </revision>
    http_version: 
  recorded_at: Thu, 17 Jan 2019 17:03:51 GMT
- request:
    method: put
    uri: http://backend:5352/source/home:tom:Staging:A/_meta?user=_nobody_
    body:
      encoding: UTF-8
      string: |
        <project name="home:tom:Staging:A">
          <title/>
          <description/>
          <group groupid="group_11" role="maintainer"/>
        </project>
    headers:
      Accept-Encoding:
      - gzip;q=1.0,deflate;q=0.6,identity;q=0.3
      Accept:
      - "*/*"
      User-Agent:
      - Ruby
  response:
    status:
      code: 200
      message: OK
    headers:
      Content-Type:
      - text/xml
      Cache-Control:
      - no-cache
      Connection:
      - close
      Content-Length:
      - '144'
    body:
      encoding: UTF-8
      string: |
        <project name="home:tom:Staging:A">
          <title></title>
          <description></description>
          <group groupid="group_11" role="maintainer" />
        </project>
    http_version: 
  recorded_at: Thu, 17 Jan 2019 17:03:51 GMT
- request:
    method: put
    uri: http://backend:5352/source/home:tom/_project/_staging_workflow?user=_nobody_
    body:
      encoding: UTF-8
      string: |
        <workflow project="home:tom" managers="group_11">
          <staging_project name="home:tom:Staging:A"/>
          <staging_project name="home:tom:Staging:B"/>
        </workflow>
    headers:
      Accept-Encoding:
      - gzip;q=1.0,deflate;q=0.6,identity;q=0.3
      Accept:
      - "*/*"
      User-Agent:
      - Ruby
  response:
    status:
      code: 200
      message: OK
    headers:
      Content-Type:
      - text/xml
      Cache-Control:
      - no-cache
      Connection:
      - close
      Content-Length:
      - '172'
    body:
      encoding: UTF-8
      string: |
        <revision rev="202">
          <srcmd5>a054745d8cdaafcf79501bf152331d81</srcmd5>
          <time>1547744632</time>
          <user>_nobody_</user>
          <comment></comment>
          <requestid/>
        </revision>
    http_version: 
  recorded_at: Thu, 17 Jan 2019 17:03:52 GMT
- request:
    method: put
    uri: http://backend:5352/source/home:tom:Staging:B/_meta?user=_nobody_
    body:
      encoding: UTF-8
      string: |
        <project name="home:tom:Staging:B">
          <title/>
          <description/>
          <group groupid="group_11" role="maintainer"/>
        </project>
    headers:
      Accept-Encoding:
      - gzip;q=1.0,deflate;q=0.6,identity;q=0.3
      Accept:
      - "*/*"
      User-Agent:
      - Ruby
  response:
    status:
      code: 200
      message: OK
    headers:
      Content-Type:
      - text/xml
      Cache-Control:
      - no-cache
      Connection:
      - close
      Content-Length:
      - '144'
    body:
      encoding: UTF-8
      string: |
        <project name="home:tom:Staging:B">
          <title></title>
          <description></description>
          <group groupid="group_11" role="maintainer" />
        </project>
    http_version: 
  recorded_at: Thu, 17 Jan 2019 17:03:52 GMT
- request:
    method: put
    uri: http://backend:5352/source/home:tom:Staging:A/package_10/_meta?user=_nobody_
    body:
      encoding: UTF-8
      string: |
        <package name="package_10" project="home:tom:Staging:A">
          <title>If Not Now, When?</title>
          <description>Quaerat beatae nobis eaque.</description>
        </package>
    headers:
      Accept-Encoding:
      - gzip;q=1.0,deflate;q=0.6,identity;q=0.3
      Accept:
      - "*/*"
      User-Agent:
      - Ruby
  response:
    status:
      code: 200
      message: OK
    headers:
      Content-Type:
      - text/xml
      Cache-Control:
      - no-cache
      Connection:
      - close
      Content-Length:
      - '160'
    body:
      encoding: UTF-8
      string: |
        <package name="package_10" project="home:tom:Staging:A">
          <title>If Not Now, When?</title>
          <description>Quaerat beatae nobis eaque.</description>
        </package>
    http_version: 
  recorded_at: Thu, 17 Jan 2019 17:03:52 GMT
- request:
    method: put
    uri: http://backend:5352/source/home:tom:Staging:A/package_10/_meta?user=_nobody_
    body:
      encoding: UTF-8
      string: |
        <package name="package_10" project="home:tom:Staging:A">
          <title>If Not Now, When?</title>
          <description>Quaerat beatae nobis eaque.</description>
        </package>
    headers:
      Accept-Encoding:
      - gzip;q=1.0,deflate;q=0.6,identity;q=0.3
      Accept:
      - "*/*"
      User-Agent:
      - Ruby
  response:
    status:
      code: 200
      message: OK
    headers:
      Content-Type:
      - text/xml
      Cache-Control:
      - no-cache
      Connection:
      - close
      Content-Length:
      - '160'
    body:
      encoding: UTF-8
      string: |
        <package name="package_10" project="home:tom:Staging:A">
          <title>If Not Now, When?</title>
          <description>Quaerat beatae nobis eaque.</description>
        </package>
    http_version: 
  recorded_at: Thu, 17 Jan 2019 17:03:52 GMT
- request:
    method: put
    uri: http://backend:5352/source/home:tom:Staging:A/package_10/_config
    body:
      encoding: UTF-8
      string: Et quia qui. Pariatur quos et. Nesciunt laboriosam impedit.
    headers:
      Accept-Encoding:
      - gzip;q=1.0,deflate;q=0.6,identity;q=0.3
      Accept:
      - "*/*"
      User-Agent:
      - Ruby
  response:
    status:
      code: 200
      message: OK
    headers:
      Content-Type:
      - text/xml
      Cache-Control:
      - no-cache
      Connection:
      - close
      Content-Length:
      - '207'
    body:
      encoding: UTF-8
      string: |
        <revision rev="3" vrev="3">
          <srcmd5>dde5ce843150ada542b099409a3bd291</srcmd5>
          <version>unknown</version>
          <time>1547744632</time>
          <user>unknown</user>
          <comment></comment>
          <requestid/>
        </revision>
    http_version: 
  recorded_at: Thu, 17 Jan 2019 17:03:52 GMT
- request:
    method: put
    uri: http://backend:5352/source/home:tom:Staging:A/package_10/somefile.txt
    body:
      encoding: UTF-8
      string: Perferendis qui reprehenderit. Animi optio sed. Hic voluptatem quod.
    headers:
      Accept-Encoding:
      - gzip;q=1.0,deflate;q=0.6,identity;q=0.3
      Accept:
      - "*/*"
      User-Agent:
      - Ruby
  response:
    status:
      code: 200
      message: OK
    headers:
      Content-Type:
      - text/xml
      Cache-Control:
      - no-cache
      Connection:
      - close
      Content-Length:
      - '207'
    body:
      encoding: UTF-8
      string: |
        <revision rev="4" vrev="4">
          <srcmd5>fc57a5e7bc53d454c039b7429c9be3d5</srcmd5>
          <version>unknown</version>
          <time>1547744632</time>
          <user>unknown</user>
          <comment></comment>
          <requestid/>
        </revision>
    http_version: 
  recorded_at: Thu, 17 Jan 2019 17:03:52 GMT
- request:
    method: put
    uri: http://backend:5352/source/target_project/_meta?user=tom
    body:
      encoding: UTF-8
      string: |
        <project name="target_project">
          <title>An Acceptable Time</title>
          <description/>
        </project>
    headers:
      Accept-Encoding:
      - gzip;q=1.0,deflate;q=0.6,identity;q=0.3
      Accept:
      - "*/*"
      User-Agent:
      - Ruby
  response:
    status:
      code: 200
      message: OK
    headers:
      Content-Type:
      - text/xml
      Cache-Control:
      - no-cache
      Connection:
      - close
      Content-Length:
      - '109'
    body:
      encoding: UTF-8
      string: |
        <project name="target_project">
          <title>An Acceptable Time</title>
          <description></description>
        </project>
    http_version: 
  recorded_at: Thu, 17 Jan 2019 17:03:52 GMT
- request:
    method: put
    uri: http://backend:5352/source/target_project/target_package/_meta?user=tom
    body:
      encoding: UTF-8
      string: |
        <package name="target_package" project="target_project">
          <title>When the Green Woods Laugh</title>
          <description>Rerum id inventore exercitationem.</description>
        </package>
    headers:
      Accept-Encoding:
      - gzip;q=1.0,deflate;q=0.6,identity;q=0.3
      Accept:
      - "*/*"
      User-Agent:
      - Ruby
  response:
    status:
      code: 200
      message: OK
    headers:
      Content-Type:
      - text/xml
      Cache-Control:
      - no-cache
      Connection:
      - close
      Content-Length:
      - '176'
    body:
      encoding: UTF-8
      string: |
        <package name="target_package" project="target_project">
          <title>When the Green Woods Laugh</title>
          <description>Rerum id inventore exercitationem.</description>
        </package>
    http_version: 
  recorded_at: Thu, 17 Jan 2019 17:03:52 GMT
- request:
    method: put
    uri: http://backend:5352/source/target_project/target_package/_meta?user=tom
    body:
      encoding: UTF-8
      string: |
        <package name="target_package" project="target_project">
          <title>When the Green Woods Laugh</title>
          <description>Rerum id inventore exercitationem.</description>
        </package>
    headers:
      Accept-Encoding:
      - gzip;q=1.0,deflate;q=0.6,identity;q=0.3
      Accept:
      - "*/*"
      User-Agent:
      - Ruby
  response:
    status:
      code: 200
      message: OK
    headers:
      Content-Type:
      - text/xml
      Cache-Control:
      - no-cache
      Connection:
      - close
      Content-Length:
      - '176'
    body:
      encoding: UTF-8
      string: |
        <package name="target_package" project="target_project">
          <title>When the Green Woods Laugh</title>
          <description>Rerum id inventore exercitationem.</description>
        </package>
    http_version: 
  recorded_at: Thu, 17 Jan 2019 17:03:52 GMT
- request:
    method: put
    uri: http://backend:5352/source/source_project/_meta?user=tom
    body:
      encoding: UTF-8
      string: |
        <project name="source_project">
          <title>A Darkling Plain</title>
          <description/>
        </project>
    headers:
      Accept-Encoding:
      - gzip;q=1.0,deflate;q=0.6,identity;q=0.3
      Accept:
      - "*/*"
      User-Agent:
      - Ruby
  response:
    status:
      code: 200
      message: OK
    headers:
      Content-Type:
      - text/xml
      Cache-Control:
      - no-cache
      Connection:
      - close
      Content-Length:
      - '107'
    body:
      encoding: UTF-8
      string: |
        <project name="source_project">
          <title>A Darkling Plain</title>
          <description></description>
        </project>
    http_version: 
  recorded_at: Thu, 17 Jan 2019 17:03:52 GMT
- request:
    method: put
    uri: http://backend:5352/source/source_project/_project/_attribute?meta=1&user=tom
    body:
      encoding: UTF-8
      string: |
        <attributes>
          <attribute name="ApprovedRequestSource" namespace="OBS"/>
        </attributes>
    headers:
      Accept-Encoding:
      - gzip;q=1.0,deflate;q=0.6,identity;q=0.3
      Accept:
      - "*/*"
      User-Agent:
      - Ruby
  response:
    status:
      code: 200
      message: OK
    headers:
      Content-Type:
      - text/xml
      Cache-Control:
      - no-cache
      Connection:
      - close
      Content-Length:
      - '166'
    body:
      encoding: UTF-8
      string: |
        <revision rev="38">
          <srcmd5>3b317a94d1e18f4d4244f809b0f70477</srcmd5>
          <time>1547744632</time>
          <user>tom</user>
          <comment></comment>
          <requestid/>
        </revision>
    http_version: 
  recorded_at: Thu, 17 Jan 2019 17:03:52 GMT
- request:
    method: put
    uri: http://backend:5352/source/source_project/source_package/_meta?user=tom
    body:
      encoding: UTF-8
      string: |
        <package name="source_package" project="source_project">
          <title>Great Work of Time</title>
          <description>Voluptatem voluptatum eius vel.</description>
        </package>
    headers:
      Accept-Encoding:
      - gzip;q=1.0,deflate;q=0.6,identity;q=0.3
      Accept:
      - "*/*"
      User-Agent:
      - Ruby
  response:
    status:
      code: 200
      message: OK
    headers:
      Content-Type:
      - text/xml
      Cache-Control:
      - no-cache
      Connection:
      - close
      Content-Length:
      - '165'
    body:
      encoding: UTF-8
      string: |
        <package name="source_package" project="source_project">
          <title>Great Work of Time</title>
          <description>Voluptatem voluptatum eius vel.</description>
        </package>
    http_version: 
  recorded_at: Thu, 17 Jan 2019 17:03:52 GMT
- request:
    method: put
    uri: http://backend:5352/source/source_project/source_package/_meta?user=tom
    body:
      encoding: UTF-8
      string: |
        <package name="source_package" project="source_project">
          <title>Great Work of Time</title>
          <description>Voluptatem voluptatum eius vel.</description>
        </package>
    headers:
      Accept-Encoding:
      - gzip;q=1.0,deflate;q=0.6,identity;q=0.3
      Accept:
      - "*/*"
      User-Agent:
      - Ruby
  response:
    status:
      code: 200
      message: OK
    headers:
      Content-Type:
      - text/xml
      Cache-Control:
      - no-cache
      Connection:
      - close
      Content-Length:
      - '165'
    body:
      encoding: UTF-8
      string: |
        <package name="source_package" project="source_project">
          <title>Great Work of Time</title>
          <description>Voluptatem voluptatum eius vel.</description>
        </package>
    http_version: 
  recorded_at: Thu, 17 Jan 2019 17:03:52 GMT
- request:
    method: put
    uri: http://backend:5352/source/home:user_7/_meta?user=user_7
    body:
      encoding: UTF-8
      string: |
        <project name="home:user_7">
          <title/>
          <description/>
          <person userid="user_7" role="maintainer"/>
        </project>
    headers:
      Accept-Encoding:
      - gzip;q=1.0,deflate;q=0.6,identity;q=0.3
      Accept:
      - "*/*"
      User-Agent:
      - Ruby
  response:
    status:
      code: 200
      message: OK
    headers:
      Content-Type:
      - text/xml
      Cache-Control:
      - no-cache
      Connection:
      - close
      Content-Length:
      - '135'
    body:
      encoding: UTF-8
      string: |
        <project name="home:user_7">
          <title></title>
          <description></description>
          <person userid="user_7" role="maintainer" />
        </project>
    http_version: 
  recorded_at: Thu, 17 Jan 2019 17:03:52 GMT
- request:
    method: get
    uri: http://backend:5352/build/home:tom:Staging:A/_result?code=unresolvable
    body:
      encoding: US-ASCII
      string: ''
    headers:
      Accept-Encoding:
      - gzip;q=1.0,deflate;q=0.6,identity;q=0.3
      Accept:
      - "*/*"
      User-Agent:
      - Ruby
  response:
    status:
      code: 200
      message: OK
    headers:
      Content-Type:
      - text/xml
      Cache-Control:
      - no-cache
      Connection:
      - close
      Content-Length:
      - '56'
    body:
      encoding: UTF-8
      string: '<resultlist state="00000000000000000000000000000000" />

'
    http_version: 
  recorded_at: Thu, 17 Jan 2019 17:03:52 GMT
recorded_with: VCR 4.0.0
