---
http_interactions:
- request:
    method: put
    uri: http://backend:5352/source/home:tom/_meta?user=tom
    body:
      encoding: UTF-8
      string: |
        <project name="home:tom">
          <title/>
          <description/>
          <person userid="tom" role="maintainer"/>
        </project>
    headers:
      Accept-Encoding:
      - gzip;q=1.0,deflate;q=0.6,identity;q=0.3
      Accept:
      - "*/*"
      User-Agent:
      - Ruby
  response:
    status:
      code: 200
      message: OK
    headers:
      Content-Type:
      - text/xml
      Cache-Control:
      - no-cache
      Connection:
      - close
      Content-Length:
      - '129'
    body:
      encoding: UTF-8
      string: |
        <project name="home:tom">
          <title></title>
          <description></description>
          <person userid="tom" role="maintainer" />
        </project>
    http_version: 
  recorded_at: Thu, 22 Nov 2018 09:43:56 GMT
- request:
    method: put
    uri: http://backend:5352/source/home:tom/_project/_staging_workflow?user=_nobody_
    body:
      encoding: UTF-8
      string: |
        <workflow project="home:tom" managers="group_8">
          <staging_project name="home:tom:Staging:A"/>
        </workflow>
    headers:
      Accept-Encoding:
      - gzip;q=1.0,deflate;q=0.6,identity;q=0.3
      Accept:
      - "*/*"
      User-Agent:
      - Ruby
  response:
    status:
      code: 200
      message: OK
    headers:
      Content-Type:
      - text/xml
      Cache-Control:
      - no-cache
      Connection:
      - close
      Content-Length:
      - '171'
    body:
      encoding: UTF-8
      string: |
        <revision rev="11">
          <srcmd5>fa20c26f540ca47bc5c5aafdf5916d71</srcmd5>
          <time>1542879836</time>
          <user>_nobody_</user>
          <comment></comment>
          <requestid/>
        </revision>
    http_version: 
  recorded_at: Thu, 22 Nov 2018 09:43:56 GMT
- request:
    method: put
    uri: http://backend:5352/source/home:tom:Staging:A/_meta?user=_nobody_
    body:
      encoding: UTF-8
      string: |
        <project name="home:tom:Staging:A">
          <title/>
          <description/>
          <group groupid="group_8" role="maintainer"/>
        </project>
    headers:
      Accept-Encoding:
      - gzip;q=1.0,deflate;q=0.6,identity;q=0.3
      Accept:
      - "*/*"
      User-Agent:
      - Ruby
  response:
    status:
      code: 200
      message: OK
    headers:
      Content-Type:
      - text/xml
      Cache-Control:
      - no-cache
      Connection:
      - close
      Content-Length:
      - '143'
    body:
      encoding: UTF-8
      string: |
        <project name="home:tom:Staging:A">
          <title></title>
          <description></description>
          <group groupid="group_8" role="maintainer" />
        </project>
    http_version: 
  recorded_at: Thu, 22 Nov 2018 09:43:56 GMT
- request:
    method: put
    uri: http://backend:5352/source/home:tom/_project/_staging_workflow?user=_nobody_
    body:
      encoding: UTF-8
      string: |
        <workflow project="home:tom" managers="group_8">
          <staging_project name="home:tom:Staging:A"/>
          <staging_project name="home:tom:Staging:B"/>
        </workflow>
    headers:
      Accept-Encoding:
      - gzip;q=1.0,deflate;q=0.6,identity;q=0.3
      Accept:
      - "*/*"
      User-Agent:
      - Ruby
  response:
    status:
      code: 200
      message: OK
    headers:
      Content-Type:
      - text/xml
      Cache-Control:
      - no-cache
      Connection:
      - close
      Content-Length:
      - '171'
    body:
      encoding: UTF-8
      string: |
        <revision rev="12">
          <srcmd5>f3ab7aa01f41d6a5b3406e553c17c510</srcmd5>
          <time>1542879836</time>
          <user>_nobody_</user>
          <comment></comment>
          <requestid/>
        </revision>
    http_version: 
  recorded_at: Thu, 22 Nov 2018 09:43:56 GMT
- request:
    method: put
    uri: http://backend:5352/source/home:tom:Staging:B/_meta?user=_nobody_
    body:
      encoding: UTF-8
      string: |
        <project name="home:tom:Staging:B">
          <title/>
          <description/>
          <group groupid="group_8" role="maintainer"/>
        </project>
    headers:
      Accept-Encoding:
      - gzip;q=1.0,deflate;q=0.6,identity;q=0.3
      Accept:
      - "*/*"
      User-Agent:
      - Ruby
  response:
    status:
      code: 200
      message: OK
    headers:
      Content-Type:
      - text/xml
      Cache-Control:
      - no-cache
      Connection:
      - close
      Content-Length:
      - '143'
    body:
      encoding: UTF-8
      string: |
        <project name="home:tom:Staging:B">
          <title></title>
          <description></description>
          <group groupid="group_8" role="maintainer" />
        </project>
    http_version: 
  recorded_at: Thu, 22 Nov 2018 09:43:56 GMT
- request:
    method: put
    uri: http://backend:5352/source/home:tom:Staging:A/package_8/_meta?user=_nobody_
    body:
      encoding: UTF-8
      string: |
        <package name="package_8" project="home:tom:Staging:A">
          <title>The Daffodil Sky</title>
          <description>Facere provident quis natus.</description>
        </package>
    headers:
      Accept-Encoding:
      - gzip;q=1.0,deflate;q=0.6,identity;q=0.3
      Accept:
      - "*/*"
      User-Agent:
      - Ruby
  response:
    status:
      code: 200
      message: OK
    headers:
      Content-Type:
      - text/xml
      Cache-Control:
      - no-cache
      Connection:
      - close
      Content-Length:
      - '159'
    body:
      encoding: UTF-8
      string: |
        <package name="package_8" project="home:tom:Staging:A">
          <title>The Daffodil Sky</title>
          <description>Facere provident quis natus.</description>
        </package>
    http_version: 
  recorded_at: Thu, 22 Nov 2018 09:43:56 GMT
- request:
    method: put
    uri: http://backend:5352/source/home:tom:Staging:A/package_8/_meta?user=_nobody_
    body:
      encoding: UTF-8
      string: |
        <package name="package_8" project="home:tom:Staging:A">
          <title>The Daffodil Sky</title>
          <description>Facere provident quis natus.</description>
        </package>
    headers:
      Accept-Encoding:
      - gzip;q=1.0,deflate;q=0.6,identity;q=0.3
      Accept:
      - "*/*"
      User-Agent:
      - Ruby
  response:
    status:
      code: 200
      message: OK
    headers:
      Content-Type:
      - text/xml
      Cache-Control:
      - no-cache
      Connection:
      - close
      Content-Length:
      - '159'
    body:
      encoding: UTF-8
      string: |
        <package name="package_8" project="home:tom:Staging:A">
          <title>The Daffodil Sky</title>
          <description>Facere provident quis natus.</description>
        </package>
    http_version: 
  recorded_at: Thu, 22 Nov 2018 09:43:56 GMT
- request:
    method: put
    uri: http://backend:5352/source/home:tom:Staging:A/package_8/_config
    body:
      encoding: UTF-8
      string: Fuga consequuntur sit. Distinctio porro inventore. Velit tenetur voluptatem.
    headers:
      Accept-Encoding:
      - gzip;q=1.0,deflate;q=0.6,identity;q=0.3
      Accept:
      - "*/*"
      User-Agent:
      - Ruby
  response:
    status:
      code: 200
      message: OK
    headers:
      Content-Type:
      - text/xml
      Cache-Control:
      - no-cache
      Connection:
      - close
      Content-Length:
      - '209'
    body:
      encoding: UTF-8
      string: |
        <revision rev="15" vrev="15">
          <srcmd5>bb6bfd809ca1fba07ea2200b3a610e81</srcmd5>
          <version>unknown</version>
          <time>1542879836</time>
          <user>unknown</user>
          <comment></comment>
          <requestid/>
        </revision>
    http_version: 
  recorded_at: Thu, 22 Nov 2018 09:43:56 GMT
- request:
    method: put
    uri: http://backend:5352/source/home:tom:Staging:A/package_8/somefile.txt
    body:
      encoding: UTF-8
      string: Officiis voluptates placeat. Qui sint rerum. Deleniti vero voluptas.
    headers:
      Accept-Encoding:
      - gzip;q=1.0,deflate;q=0.6,identity;q=0.3
      Accept:
      - "*/*"
      User-Agent:
      - Ruby
  response:
    status:
      code: 200
      message: OK
    headers:
      Content-Type:
      - text/xml
      Cache-Control:
      - no-cache
      Connection:
      - close
      Content-Length:
      - '209'
    body:
      encoding: UTF-8
      string: |
        <revision rev="16" vrev="16">
          <srcmd5>14af77bf521b5b065fde16c1685fa1b7</srcmd5>
          <version>unknown</version>
          <time>1542879836</time>
          <user>unknown</user>
          <comment></comment>
          <requestid/>
        </revision>
    http_version: 
  recorded_at: Thu, 22 Nov 2018 09:43:56 GMT
- request:
    method: put
    uri: http://backend:5352/source/target_project/_meta?user=_nobody_
    body:
      encoding: UTF-8
      string: |
        <project name="target_project">
          <title>Fear and Trembling</title>
          <description/>
        </project>
    headers:
      Accept-Encoding:
      - gzip;q=1.0,deflate;q=0.6,identity;q=0.3
      Accept:
      - "*/*"
      User-Agent:
      - Ruby
  response:
    status:
      code: 200
      message: OK
    headers:
      Content-Type:
      - text/xml
      Cache-Control:
      - no-cache
      Connection:
      - close
      Content-Length:
      - '109'
    body:
      encoding: UTF-8
      string: |
        <project name="target_project">
          <title>Fear and Trembling</title>
          <description></description>
        </project>
    http_version: 
  recorded_at: Thu, 22 Nov 2018 09:43:56 GMT
- request:
    method: put
    uri: http://backend:5352/source/target_project/target_package/_meta?user=_nobody_
    body:
      encoding: UTF-8
      string: |
        <package name="target_package" project="target_project">
          <title>Ah, Wilderness!</title>
          <description>Ad harum quod minus.</description>
        </package>
    headers:
      Accept-Encoding:
      - gzip;q=1.0,deflate;q=0.6,identity;q=0.3
      Accept:
      - "*/*"
      User-Agent:
      - Ruby
  response:
    status:
      code: 200
      message: OK
    headers:
      Content-Type:
      - text/xml
      Cache-Control:
      - no-cache
      Connection:
      - close
      Content-Length:
      - '151'
    body:
      encoding: UTF-8
      string: |
        <package name="target_package" project="target_project">
          <title>Ah, Wilderness!</title>
          <description>Ad harum quod minus.</description>
        </package>
    http_version: 
  recorded_at: Thu, 22 Nov 2018 09:43:56 GMT
- request:
    method: put
    uri: http://backend:5352/source/target_project/target_package/_meta?user=_nobody_
    body:
      encoding: UTF-8
      string: |
        <package name="target_package" project="target_project">
          <title>Ah, Wilderness!</title>
          <description>Ad harum quod minus.</description>
        </package>
    headers:
      Accept-Encoding:
      - gzip;q=1.0,deflate;q=0.6,identity;q=0.3
      Accept:
      - "*/*"
      User-Agent:
      - Ruby
  response:
    status:
      code: 200
      message: OK
    headers:
      Content-Type:
      - text/xml
      Cache-Control:
      - no-cache
      Connection:
      - close
      Content-Length:
      - '151'
    body:
      encoding: UTF-8
      string: |
        <package name="target_package" project="target_project">
          <title>Ah, Wilderness!</title>
          <description>Ad harum quod minus.</description>
        </package>
    http_version: 
  recorded_at: Thu, 22 Nov 2018 09:43:56 GMT
- request:
    method: put
    uri: http://backend:5352/source/source_project/_meta?user=_nobody_
    body:
      encoding: UTF-8
      string: |
        <project name="source_project">
          <title>Blithe Spirit</title>
          <description/>
        </project>
    headers:
      Accept-Encoding:
      - gzip;q=1.0,deflate;q=0.6,identity;q=0.3
      Accept:
      - "*/*"
      User-Agent:
      - Ruby
  response:
    status:
      code: 200
      message: OK
    headers:
      Content-Type:
      - text/xml
      Cache-Control:
      - no-cache
      Connection:
      - close
      Content-Length:
      - '104'
    body:
      encoding: UTF-8
      string: |
        <project name="source_project">
          <title>Blithe Spirit</title>
          <description></description>
        </project>
    http_version: 
  recorded_at: Thu, 22 Nov 2018 09:43:56 GMT
- request:
    method: put
    uri: http://backend:5352/source/source_project/source_package/_meta?user=_nobody_
    body:
      encoding: UTF-8
      string: |
        <package name="source_package" project="source_project">
          <title>A Summer Bird-Cage</title>
          <description>Fugit est explicabo dignissimos.</description>
        </package>
    headers:
      Accept-Encoding:
      - gzip;q=1.0,deflate;q=0.6,identity;q=0.3
      Accept:
      - "*/*"
      User-Agent:
      - Ruby
  response:
    status:
      code: 200
      message: OK
    headers:
      Content-Type:
      - text/xml
      Cache-Control:
      - no-cache
      Connection:
      - close
      Content-Length:
      - '166'
    body:
      encoding: UTF-8
      string: |
        <package name="source_package" project="source_project">
          <title>A Summer Bird-Cage</title>
          <description>Fugit est explicabo dignissimos.</description>
        </package>
    http_version: 
  recorded_at: Thu, 22 Nov 2018 09:43:56 GMT
- request:
    method: put
    uri: http://backend:5352/source/source_project/source_package/_meta?user=_nobody_
    body:
      encoding: UTF-8
      string: |
        <package name="source_package" project="source_project">
          <title>A Summer Bird-Cage</title>
          <description>Fugit est explicabo dignissimos.</description>
        </package>
    headers:
      Accept-Encoding:
      - gzip;q=1.0,deflate;q=0.6,identity;q=0.3
      Accept:
      - "*/*"
      User-Agent:
      - Ruby
  response:
    status:
      code: 200
      message: OK
    headers:
      Content-Type:
      - text/xml
      Cache-Control:
      - no-cache
      Connection:
      - close
      Content-Length:
      - '166'
    body:
      encoding: UTF-8
      string: |
        <package name="source_package" project="source_project">
          <title>A Summer Bird-Cage</title>
          <description>Fugit est explicabo dignissimos.</description>
        </package>
    http_version: 
  recorded_at: Thu, 22 Nov 2018 09:43:56 GMT
- request:
    method: put
    uri: http://backend:5352/source/home:user_9/_meta?user=user_9
    body:
      encoding: UTF-8
      string: |
        <project name="home:user_9">
          <title/>
          <description/>
          <person userid="user_9" role="maintainer"/>
        </project>
    headers:
      Accept-Encoding:
      - gzip;q=1.0,deflate;q=0.6,identity;q=0.3
      Accept:
      - "*/*"
      User-Agent:
      - Ruby
  response:
    status:
      code: 200
      message: OK
    headers:
      Content-Type:
      - text/xml
      Cache-Control:
      - no-cache
      Connection:
      - close
      Content-Length:
      - '135'
    body:
      encoding: UTF-8
      string: |
        <project name="home:user_9">
          <title></title>
          <description></description>
          <person userid="user_9" role="maintainer" />
        </project>
    http_version: 
  recorded_at: Thu, 22 Nov 2018 09:43:56 GMT
- request:
    method: get
    uri: http://backend:5352/build/home:tom:Staging:A/_result?code=unresolvable
    body:
      encoding: US-ASCII
      string: ''
    headers:
      Accept-Encoding:
      - gzip;q=1.0,deflate;q=0.6,identity;q=0.3
      Accept:
      - "*/*"
      User-Agent:
      - Ruby
  response:
    status:
      code: 200
      message: OK
    headers:
      Content-Type:
      - text/xml
      Cache-Control:
      - no-cache
      Connection:
      - close
      Content-Length:
      - '56'
    body:
      encoding: UTF-8
      string: '<resultlist state="00000000000000000000000000000000" />

'
    http_version: 
  recorded_at: Thu, 22 Nov 2018 09:43:56 GMT
recorded_with: VCR 4.0.0
