---
http_interactions:
- request:
    method: put
    uri: http://backend:5352/source/home:tom/_meta?user=tom
    body:
      encoding: UTF-8
      string: |
        <project name="home:tom">
          <title/>
          <description/>
          <person userid="tom" role="maintainer"/>
        </project>
    headers:
      Accept-Encoding:
      - gzip;q=1.0,deflate;q=0.6,identity;q=0.3
      Accept:
      - "*/*"
      User-Agent:
      - Ruby
  response:
    status:
      code: 200
      message: OK
    headers:
      Content-Type:
      - text/xml
      Cache-Control:
      - no-cache
      Connection:
      - close
      Content-Length:
      - '129'
    body:
      encoding: UTF-8
      string: |
        <project name="home:tom">
          <title></title>
          <description></description>
          <person userid="tom" role="maintainer" />
        </project>
    http_version: 
  recorded_at: Tue, 22 May 2018 09:54:51 GMT
- request:
    method: put
    uri: http://backend:5352/source/home:tom/test_package/_meta?user=tom
    body:
      encoding: UTF-8
      string: |
        <package name="test_package" project="home:tom">
          <title>Jesting Pilate</title>
          <description>Debitis exercitationem magnam qui.</description>
        </package>
    headers:
      Accept-Encoding:
      - gzip;q=1.0,deflate;q=0.6,identity;q=0.3
      Accept:
      - "*/*"
      User-Agent:
      - Ruby
  response:
    status:
      code: 200
      message: OK
    headers:
      Content-Type:
      - text/xml
      Cache-Control:
      - no-cache
      Connection:
      - close
      Content-Length:
      - '156'
    body:
      encoding: UTF-8
      string: |
        <package name="test_package" project="home:tom">
          <title>Jesting Pilate</title>
          <description>Debitis exercitationem magnam qui.</description>
        </package>
    http_version: 
  recorded_at: Tue, 22 May 2018 09:54:52 GMT
- request:
    method: put
    uri: http://backend:5352/source/home:tom/test_package/_meta
    body:
      encoding: UTF-8
      string: |
        <package name="test_package" project="home:tom">
          <title>Jesting Pilate</title>
          <description>Debitis exercitationem magnam qui.</description>
        </package>
    headers:
      Accept-Encoding:
      - gzip;q=1.0,deflate;q=0.6,identity;q=0.3
      Accept:
      - "*/*"
      User-Agent:
      - Ruby
  response:
    status:
      code: 200
      message: OK
    headers:
      Content-Type:
      - text/xml
      Cache-Control:
      - no-cache
      Connection:
      - close
      Content-Length:
      - '156'
    body:
      encoding: UTF-8
      string: |
        <package name="test_package" project="home:tom">
          <title>Jesting Pilate</title>
          <description>Debitis exercitationem magnam qui.</description>
        </package>
    http_version: 
  recorded_at: Tue, 22 May 2018 09:54:52 GMT
recorded_with: VCR 4.0.0
