---
http_interactions:
- request:
    method: put
    uri: http://backend:5352/source/home:kugelblitz/_meta?user=kugelblitz
    body:
      encoding: UTF-8
      string: |
        <project name="home:kugelblitz">
          <title/>
          <description/>
          <person userid="kugelblitz" role="maintainer"/>
        </project>
    headers:
      Accept-Encoding:
      - gzip;q=1.0,deflate;q=0.6,identity;q=0.3
      Accept:
      - "*/*"
      User-Agent:
      - Ruby
  response:
    status:
      code: 200
      message: OK
    headers:
      Content-Type:
      - text/xml
      Cache-Control:
      - no-cache
      Connection:
      - close
      Content-Length:
      - '142'
    body:
      encoding: UTF-8
      string: |
        <project name="home:kugelblitz">
          <title></title>
          <description></description>
          <person userid="kugelblitz" role="maintainer"/>
        </project>
  recorded_at: Mon, 31 Mar 2025 10:16:15 GMT
- request:
    method: put
    uri: http://backend:5352/source/home:titan/_meta?user=titan
    body:
      encoding: UTF-8
      string: |
        <project name="home:titan">
          <title/>
          <description/>
          <person userid="titan" role="maintainer"/>
        </project>
    headers:
      Accept-Encoding:
      - gzip;q=1.0,deflate;q=0.6,identity;q=0.3
      Accept:
      - "*/*"
      User-Agent:
      - Ruby
  response:
    status:
      code: 200
      message: OK
    headers:
      Content-Type:
      - text/xml
      Cache-Control:
      - no-cache
      Connection:
      - close
      Content-Length:
      - '132'
    body:
      encoding: UTF-8
      string: |
        <project name="home:titan">
          <title></title>
          <description></description>
          <person userid="titan" role="maintainer"/>
        </project>
  recorded_at: Mon, 31 Mar 2025 10:16:15 GMT
- request:
    method: put
    uri: http://backend:5352/source/home:titan/goal/_meta?user=kugelblitz
    body:
      encoding: UTF-8
      string: |
        <package name="goal" project="home:titan">
          <title>A Monstrous Regiment of Women</title>
          <description>Atque doloribus et est.</description>
        </package>
    headers:
      Accept-Encoding:
      - gzip;q=1.0,deflate;q=0.6,identity;q=0.3
      Accept:
      - "*/*"
      User-Agent:
      - Ruby
  response:
    status:
      code: 200
      message: OK
    headers:
      Content-Type:
      - text/xml
      Cache-Control:
      - no-cache
      Connection:
      - close
      Content-Length:
      - '154'
    body:
      encoding: UTF-8
      string: |
        <package name="goal" project="home:titan">
          <title>A Monstrous Regiment of Women</title>
          <description>Atque doloribus et est.</description>
        </package>
  recorded_at: Mon, 31 Mar 2025 10:16:15 GMT
- request:
    method: put
    uri: http://backend:5352/source/home:titan/goal/_config
    body:
      encoding: UTF-8
      string: Tenetur assumenda consequatur. Nam est suscipit. Autem est et.
    headers:
      Accept-Encoding:
      - gzip;q=1.0,deflate;q=0.6,identity;q=0.3
      Accept:
      - "*/*"
      User-Agent:
      - Ruby
  response:
    status:
      code: 200
      message: OK
    headers:
      Content-Type:
      - text/xml
      Cache-Control:
      - no-cache
      Connection:
      - close
      Content-Length:
      - '211'
    body:
      encoding: UTF-8
      string: |
        <revision rev="107" vrev="107">
          <srcmd5>531ace57ffe3cf5e15279a35e8f4640a</srcmd5>
          <version>unknown</version>
          <time>1743416176</time>
          <user>unknown</user>
          <comment></comment>
          <requestid/>
        </revision>
  recorded_at: Mon, 31 Mar 2025 10:16:16 GMT
- request:
    method: put
    uri: http://backend:5352/source/home:titan/goal/somefile.txt
    body:
      encoding: UTF-8
      string: Earum voluptatem occaecati. Fugit minus cumque. Aperiam at alias.
    headers:
      Accept-Encoding:
      - gzip;q=1.0,deflate;q=0.6,identity;q=0.3
      Accept:
      - "*/*"
      User-Agent:
      - Ruby
  response:
    status:
      code: 200
      message: OK
    headers:
      Content-Type:
      - text/xml
      Cache-Control:
      - no-cache
      Connection:
      - close
      Content-Length:
      - '211'
    body:
      encoding: UTF-8
      string: |
        <revision rev="108" vrev="108">
          <srcmd5>12a4c9ab0d1d14069d8eabe88fbde607</srcmd5>
          <version>unknown</version>
          <time>1743416176</time>
          <user>unknown</user>
          <comment></comment>
          <requestid/>
        </revision>
  recorded_at: Mon, 31 Mar 2025 10:16:16 GMT
- request:
    method: put
    uri: http://backend:5352/source/home:kugelblitz/ball/_meta?user=kugelblitz
    body:
      encoding: UTF-8
      string: |
        <package name="ball" project="home:kugelblitz">
          <title>Bury My Heart at Wounded Knee</title>
          <description>Consequatur quis accusamus optio.</description>
        </package>
    headers:
      Accept-Encoding:
      - gzip;q=1.0,deflate;q=0.6,identity;q=0.3
      Accept:
      - "*/*"
      User-Agent:
      - Ruby
  response:
    status:
      code: 200
      message: OK
    headers:
      Content-Type:
      - text/xml
      Cache-Control:
      - no-cache
      Connection:
      - close
      Content-Length:
      - '169'
    body:
      encoding: UTF-8
      string: |
        <package name="ball" project="home:kugelblitz">
          <title>Bury My Heart at Wounded Knee</title>
          <description>Consequatur quis accusamus optio.</description>
        </package>
  recorded_at: Mon, 31 Mar 2025 10:16:16 GMT
- request:
    method: put
    uri: http://backend:5352/source/home:kugelblitz/_project/_attribute?meta=1&user=kugelblitz
    body:
      encoding: UTF-8
      string: |
        <attributes>
          <attribute name="ApprovedRequestSource" namespace="OBS"/>
        </attributes>
    headers:
      Accept-Encoding:
      - gzip;q=1.0,deflate;q=0.6,identity;q=0.3
      Accept:
      - "*/*"
      User-Agent:
      - Ruby
  response:
    status:
      code: 200
      message: OK
    headers:
      Content-Type:
      - text/xml
      Cache-Control:
      - no-cache
      Connection:
      - close
      Content-Length:
      - '173'
    body:
      encoding: UTF-8
      string: |
        <revision rev="86">
          <srcmd5>ba07d19211c6e0e3642204f301d98ba2</srcmd5>
          <time>1743416176</time>
          <user>kugelblitz</user>
          <comment></comment>
          <requestid/>
        </revision>
  recorded_at: Mon, 31 Mar 2025 10:16:16 GMT
- request:
    method: get
    uri: http://backend:5352/source/home:kugelblitz/ball
    body:
      encoding: US-ASCII
      string: ''
    headers:
      Accept-Encoding:
      - gzip;q=1.0,deflate;q=0.6,identity;q=0.3
      Accept:
      - "*/*"
      User-Agent:
      - Ruby
  response:
    status:
      code: 200
      message: OK
    headers:
      Content-Type:
      - text/xml
      Cache-Control:
      - no-cache
      Connection:
      - close
      Content-Length:
      - '79'
    body:
      encoding: UTF-8
      string: |
        <directory name="ball" srcmd5="d41d8cd98f00b204e9800998ecf8427e">
        </directory>
  recorded_at: Mon, 31 Mar 2025 10:16:17 GMT
- request:
    method: post
    uri: http://backend:5352/source/home:kugelblitz/ball?cmd=diff&expand=1&filelimit=10000&opackage=goal&oproject=home:titan&tarlimit=10000&view=xml&withissues=1
    body:
      encoding: UTF-8
      string: ''
    headers:
      Content-Type:
      - application/octet-stream
      Accept-Encoding:
      - gzip;q=1.0,deflate;q=0.6,identity;q=0.3
      Accept:
      - "*/*"
      User-Agent:
      - Ruby
  response:
    status:
      code: 200
      message: OK
    headers:
      Content-Type:
      - text/xml
      Cache-Control:
      - no-cache
      Connection:
      - close
      Content-Length:
      - '823'
    body:
      encoding: UTF-8
      string: |
        <sourcediff key="2cfe62e1a24fe573c42a847a8259d248">
          <old project="home:titan" package="goal" rev="108" srcmd5="12a4c9ab0d1d14069d8eabe88fbde607"/>
          <new project="home:kugelblitz" package="ball" rev="0" srcmd5="d41d8cd98f00b204e9800998ecf8427e"/>
          <files>
            <file state="deleted">
              <old name="_config" md5="cfdeb57deec7c6d0fa63625120bb28fb" size="62"/>
              <diff lines="3">@@ -1,1 +0,0 @@
        -Tenetur assumenda consequatur. Nam est suscipit. Autem est et.
        \ No newline at end of file
        </diff>
            </file>
            <file state="deleted">
              <old name="somefile.txt" md5="173fb42892c400e1105146386e4fc654" size="65"/>
              <diff lines="3">@@ -1,1 +0,0 @@
        -Earum voluptatem occaecati. Fugit minus cumque. Aperiam at alias.
        \ No newline at end of file
        </diff>
            </file>
          </files>
          <issues>
          </issues>
        </sourcediff>
  recorded_at: Mon, 31 Mar 2025 10:16:17 GMT
recorded_with: VCR 6.3.1
