---
http_interactions:
- request:
    method: put
    uri: http://localhost:3200/source/home:tom/_meta?user=tom
    body:
      encoding: UTF-8
      string: |
        <project name="home:tom">
          <title/>
          <description/>
          <person userid="tom" role="maintainer"/>
        </project>
    headers:
      Accept-Encoding:
      - gzip;q=1.0,deflate;q=0.6,identity;q=0.3
      Accept:
      - "*/*"
      User-Agent:
      - Ruby
  response:
    status:
      code: 200
      message: OK
    headers:
      Content-Type:
      - text/xml
      Cache-Control:
      - no-cache
      Connection:
      - close
      Content-Length:
      - '129'
    body:
      encoding: UTF-8
      string: |
        <project name="home:tom">
          <title></title>
          <description></description>
          <person userid="tom" role="maintainer" />
        </project>
    http_version: 
  recorded_at: Mon, 03 Oct 2016 11:25:28 GMT
- request:
    method: put
    uri: http://localhost:3200/source/home:tom/package_with_file/_meta?user=tom
    body:
      encoding: UTF-8
      string: |
        <package name="package_with_file" project="home:tom">
          <title/>
          <description/>
        </package>
    headers:
      Accept-Encoding:
      - gzip;q=1.0,deflate;q=0.6,identity;q=0.3
      Accept:
      - "*/*"
      User-Agent:
      - Ruby
  response:
    status:
      code: 200
      message: OK
    headers:
      Content-Type:
      - text/xml
      Cache-Control:
      - no-cache
      Connection:
      - close
      Content-Length:
      - '113'
    body:
      encoding: UTF-8
      string: |
        <package name="package_with_file" project="home:tom">
          <title></title>
          <description></description>
        </package>
    http_version: 
  recorded_at: Mon, 03 Oct 2016 11:25:28 GMT
- request:
    method: put
    uri: http://localhost:3200/source/home:tom/package_with_file/_meta
    body:
      encoding: UTF-8
      string: |
        <package name="package_with_file" project="home:tom">
          <title/>
          <description/>
        </package>
    headers:
      Accept-Encoding:
      - gzip;q=1.0,deflate;q=0.6,identity;q=0.3
      Accept:
      - "*/*"
      User-Agent:
      - Ruby
  response:
    status:
      code: 200
      message: OK
    headers:
      Content-Type:
      - text/xml
      Cache-Control:
      - no-cache
      Connection:
      - close
      Content-Length:
      - '113'
    body:
      encoding: UTF-8
      string: |
        <package name="package_with_file" project="home:tom">
          <title></title>
          <description></description>
        </package>
    http_version: 
  recorded_at: Mon, 03 Oct 2016 11:25:28 GMT
- request:
    method: put
    uri: http://localhost:3200/source/home:tom/package_with_file/somefile.txt
    body:
      encoding: UTF-8
      string: Et totam consequatur eum amet ipsa quia. Placeat molestias ipsam quisquam.
        Facere fugit libero et ut id laboriosam. Voluptates occaecati vel tempore
        aut a aut.
    headers:
      Accept-Encoding:
      - gzip;q=1.0,deflate;q=0.6,identity;q=0.3
      Accept:
      - "*/*"
      User-Agent:
      - Ruby
  response:
    status:
      code: 200
      message: OK
    headers:
      Content-Type:
      - text/xml
      Cache-Control:
      - no-cache
      Connection:
      - close
      Content-Length:
      - '209'
    body:
      encoding: UTF-8
      string: |
        <revision rev="22" vrev="22">
          <srcmd5>1cef1e772abfd9bfde423836a115d6da</srcmd5>
          <version>unknown</version>
          <time>1475493928</time>
          <user>unknown</user>
          <comment></comment>
          <requestid/>
        </revision>
    http_version: 
  recorded_at: Mon, 03 Oct 2016 11:25:29 GMT
- request:
    method: get
    uri: http://localhost:3200/source/home:tom/package_with_file
    body:
      encoding: US-ASCII
      string: ''
    headers:
      Accept-Encoding:
      - gzip;q=1.0,deflate;q=0.6,identity;q=0.3
      Accept:
      - "*/*"
      User-Agent:
      - Ruby
  response:
    status:
      code: 200
      message: OK
    headers:
      Content-Type:
      - text/xml
      Cache-Control:
      - no-cache
      Connection:
      - close
      Content-Length:
      - '212'
    body:
      encoding: UTF-8
      string: |
        <directory name="package_with_file" rev="22" vrev="22" srcmd5="1cef1e772abfd9bfde423836a115d6da">
          <entry name="somefile.txt" md5="c755ae23b907b3e7b50d710fee92e264" size="159" mtime="1475493928" />
        </directory>
    http_version: 
  recorded_at: Mon, 03 Oct 2016 11:25:29 GMT
- request:
    method: get
    uri: http://localhost:3200/source/home:tom/package_with_file
    body:
      encoding: US-ASCII
      string: ''
    headers:
      Accept-Encoding:
      - gzip;q=1.0,deflate;q=0.6,identity;q=0.3
      Accept:
      - "*/*"
      User-Agent:
      - Ruby
  response:
    status:
      code: 200
      message: OK
    headers:
      Content-Type:
      - text/xml
      Cache-Control:
      - no-cache
      Connection:
      - close
      Content-Length:
      - '212'
    body:
      encoding: UTF-8
      string: |
        <directory name="package_with_file" rev="22" vrev="22" srcmd5="1cef1e772abfd9bfde423836a115d6da">
          <entry name="somefile.txt" md5="c755ae23b907b3e7b50d710fee92e264" size="159" mtime="1475493928" />
        </directory>
    http_version: 
  recorded_at: Mon, 03 Oct 2016 11:25:29 GMT
- request:
    method: post
    uri: http://localhost:3200/source/home:tom/package_with_file?cmd=diff&expand=1&rev=&view=xml&withissues=1
    body:
      encoding: UTF-8
      string: ''
    headers:
      Content-Type:
      - text/plain
      Accept-Encoding:
      - identity
      Content-Length:
      - '0'
      Accept:
      - "*/*"
      User-Agent:
      - Ruby
  response:
    status:
      code: 400
      message: revision is empty
    headers:
      Content-Type:
      - text/xml
      Cache-Control:
      - no-cache
      Connection:
      - close
      Content-Length:
      - '69'
    body:
      encoding: UTF-8
      string: |
        <status code="400">
          <summary>revision is empty</summary>
        </status>
    http_version: 
  recorded_at: Mon, 03 Oct 2016 11:25:29 GMT
- request:
    method: post
    uri: http://localhost:3200/source/home:tom/package_with_file?cmd=diff&expand=0&rev=&view=xml&withissues=1
    body:
      encoding: UTF-8
      string: ''
    headers:
      Content-Type:
      - text/plain
      Accept-Encoding:
      - identity
      Content-Length:
      - '0'
      Accept:
      - "*/*"
      User-Agent:
      - Ruby
  response:
    status:
      code: 400
      message: revision is empty
    headers:
      Content-Type:
      - text/xml
      Cache-Control:
      - no-cache
      Connection:
      - close
      Content-Length:
      - '69'
    body:
      encoding: UTF-8
      string: |
        <status code="400">
          <summary>revision is empty</summary>
        </status>
    http_version: 
  recorded_at: Mon, 03 Oct 2016 11:25:29 GMT
recorded_with: VCR 3.0.3
