---
http_interactions:
- request:
    method: put
    uri: http://backend:5352/source/home:titan/_meta?user=titan
    body:
      encoding: UTF-8
      string: |
        <project name="home:titan">
          <title/>
          <description/>
          <person userid="titan" role="maintainer"/>
        </project>
    headers:
      Accept-Encoding:
      - gzip;q=1.0,deflate;q=0.6,identity;q=0.3
      Accept:
      - "*/*"
      User-Agent:
      - Ruby
  response:
    status:
      code: 200
      message: OK
    headers:
      Content-Type:
      - text/xml
      Cache-Control:
      - no-cache
      Connection:
      - close
      Content-Length:
      - '132'
    body:
      encoding: UTF-8
      string: |
        <project name="home:titan">
          <title></title>
          <description></description>
          <person userid="titan" role="maintainer"/>
        </project>
  recorded_at: Mon, 31 Mar 2025 10:15:45 GMT
- request:
    method: put
    uri: http://backend:5352/source/home:kugelblitz/_meta?user=kugelblitz
    body:
      encoding: UTF-8
      string: |
        <project name="home:kugelblitz">
          <title/>
          <description/>
          <person userid="kugelblitz" role="maintainer"/>
        </project>
    headers:
      Accept-Encoding:
      - gzip;q=1.0,deflate;q=0.6,identity;q=0.3
      Accept:
      - "*/*"
      User-Agent:
      - Ruby
  response:
    status:
      code: 200
      message: OK
    headers:
      Content-Type:
      - text/xml
      Cache-Control:
      - no-cache
      Connection:
      - close
      Content-Length:
      - '142'
    body:
      encoding: UTF-8
      string: |
        <project name="home:kugelblitz">
          <title></title>
          <description></description>
          <person userid="kugelblitz" role="maintainer"/>
        </project>
  recorded_at: Mon, 31 Mar 2025 10:15:45 GMT
- request:
    method: put
    uri: http://backend:5352/source/home:titan/goal/_meta?user=titan
    body:
      encoding: UTF-8
      string: |
        <package name="goal" project="home:titan">
          <title>The Moving Toyshop</title>
          <description>In quia dolorem corporis.</description>
        </package>
    headers:
      Accept-Encoding:
      - gzip;q=1.0,deflate;q=0.6,identity;q=0.3
      Accept:
      - "*/*"
      User-Agent:
      - Ruby
  response:
    status:
      code: 200
      message: OK
    headers:
      Content-Type:
      - text/xml
      Cache-Control:
      - no-cache
      Connection:
      - close
      Content-Length:
      - '145'
    body:
      encoding: UTF-8
      string: |
        <package name="goal" project="home:titan">
          <title>The Moving Toyshop</title>
          <description>In quia dolorem corporis.</description>
        </package>
  recorded_at: Mon, 31 Mar 2025 10:15:45 GMT
- request:
    method: put
    uri: http://backend:5352/source/home:titan/goal/_config
    body:
      encoding: UTF-8
      string: Labore enim earum. Ut vero sit. Sit magnam qui.
    headers:
      Accept-Encoding:
      - gzip;q=1.0,deflate;q=0.6,identity;q=0.3
      Accept:
      - "*/*"
      User-Agent:
      - Ruby
  response:
    status:
      code: 200
      message: OK
    headers:
      Content-Type:
      - text/xml
      Cache-Control:
      - no-cache
      Connection:
      - close
      Content-Length:
      - '209'
    body:
      encoding: UTF-8
      string: |
        <revision rev="83" vrev="83">
          <srcmd5>75374998e5f534bff63a578bdad0017c</srcmd5>
          <version>unknown</version>
          <time>1743416146</time>
          <user>unknown</user>
          <comment></comment>
          <requestid/>
        </revision>
  recorded_at: Mon, 31 Mar 2025 10:15:46 GMT
- request:
    method: put
    uri: http://backend:5352/source/home:titan/goal/somefile.txt
    body:
      encoding: UTF-8
      string: Ex veniam est. Et magni dicta. Quibusdam repellat omnis.
    headers:
      Accept-Encoding:
      - gzip;q=1.0,deflate;q=0.6,identity;q=0.3
      Accept:
      - "*/*"
      User-Agent:
      - Ruby
  response:
    status:
      code: 200
      message: OK
    headers:
      Content-Type:
      - text/xml
      Cache-Control:
      - no-cache
      Connection:
      - close
      Content-Length:
      - '209'
    body:
      encoding: UTF-8
      string: |
        <revision rev="84" vrev="84">
          <srcmd5>9d0b868d6eba24e09ee63f72a59c66f6</srcmd5>
          <version>unknown</version>
          <time>1743416146</time>
          <user>unknown</user>
          <comment></comment>
          <requestid/>
        </revision>
  recorded_at: Mon, 31 Mar 2025 10:15:46 GMT
- request:
    method: put
    uri: http://backend:5352/source/home:kugelblitz/ball/_meta?user=titan
    body:
      encoding: UTF-8
      string: |
        <package name="ball" project="home:kugelblitz">
          <title>Sleep the Brave</title>
          <description>Voluptas commodi distinctio deleniti.</description>
        </package>
    headers:
      Accept-Encoding:
      - gzip;q=1.0,deflate;q=0.6,identity;q=0.3
      Accept:
      - "*/*"
      User-Agent:
      - Ruby
  response:
    status:
      code: 200
      message: OK
    headers:
      Content-Type:
      - text/xml
      Cache-Control:
      - no-cache
      Connection:
      - close
      Content-Length:
      - '159'
    body:
      encoding: UTF-8
      string: |
        <package name="ball" project="home:kugelblitz">
          <title>Sleep the Brave</title>
          <description>Voluptas commodi distinctio deleniti.</description>
        </package>
  recorded_at: Mon, 31 Mar 2025 10:15:47 GMT
- request:
    method: put
    uri: http://backend:5352/source/home:kugelblitz/_project/_attribute?meta=1&user=titan
    body:
      encoding: UTF-8
      string: |
        <attributes>
          <attribute name="ApprovedRequestSource" namespace="OBS"/>
        </attributes>
    headers:
      Accept-Encoding:
      - gzip;q=1.0,deflate;q=0.6,identity;q=0.3
      Accept:
      - "*/*"
      User-Agent:
      - Ruby
  response:
    status:
      code: 200
      message: OK
    headers:
      Content-Type:
      - text/xml
      Cache-Control:
      - no-cache
      Connection:
      - close
      Content-Length:
      - '168'
    body:
      encoding: UTF-8
      string: |
        <revision rev="68">
          <srcmd5>ba07d19211c6e0e3642204f301d98ba2</srcmd5>
          <time>1743416147</time>
          <user>titan</user>
          <comment></comment>
          <requestid/>
        </revision>
  recorded_at: Mon, 31 Mar 2025 10:15:47 GMT
- request:
    method: get
    uri: http://backend:5352/source/home:kugelblitz/ball
    body:
      encoding: US-ASCII
      string: ''
    headers:
      Accept-Encoding:
      - gzip;q=1.0,deflate;q=0.6,identity;q=0.3
      Accept:
      - "*/*"
      User-Agent:
      - Ruby
  response:
    status:
      code: 200
      message: OK
    headers:
      Content-Type:
      - text/xml
      Cache-Control:
      - no-cache
      Connection:
      - close
      Content-Length:
      - '79'
    body:
      encoding: UTF-8
      string: |
        <directory name="ball" srcmd5="d41d8cd98f00b204e9800998ecf8427e">
        </directory>
  recorded_at: Mon, 31 Mar 2025 10:15:47 GMT
- request:
    method: post
    uri: http://backend:5352/source/home:kugelblitz/ball?cmd=diff&expand=1&filelimit=10000&opackage=goal&oproject=home:titan&tarlimit=10000&view=xml&withissues=1
    body:
      encoding: UTF-8
      string: ''
    headers:
      Content-Type:
      - application/octet-stream
      Accept-Encoding:
      - gzip;q=1.0,deflate;q=0.6,identity;q=0.3
      Accept:
      - "*/*"
      User-Agent:
      - Ruby
  response:
    status:
      code: 200
      message: OK
    headers:
      Content-Type:
      - text/xml
      Cache-Control:
      - no-cache
      Connection:
      - close
      Content-Length:
      - '798'
    body:
      encoding: UTF-8
      string: |
        <sourcediff key="3cb80008815b68c36bbfe937fa5a717f">
          <old project="home:titan" package="goal" rev="84" srcmd5="9d0b868d6eba24e09ee63f72a59c66f6"/>
          <new project="home:kugelblitz" package="ball" rev="0" srcmd5="d41d8cd98f00b204e9800998ecf8427e"/>
          <files>
            <file state="deleted">
              <old name="_config" md5="ca1ef9826434c09e8a40ec8a0131bd62" size="47"/>
              <diff lines="3">@@ -1,1 +0,0 @@
        -Labore enim earum. Ut vero sit. Sit magnam qui.
        \ No newline at end of file
        </diff>
            </file>
            <file state="deleted">
              <old name="somefile.txt" md5="3e5130d9a8f91fb4aeaabcd205c954c0" size="56"/>
              <diff lines="3">@@ -1,1 +0,0 @@
        -Ex veniam est. Et magni dicta. Quibusdam repellat omnis.
        \ No newline at end of file
        </diff>
            </file>
          </files>
          <issues>
          </issues>
        </sourcediff>
  recorded_at: Mon, 31 Mar 2025 10:15:47 GMT
- request:
    method: get
    uri: http://backend:5352/source/home:kugelblitz/ball?expand=1
    body:
      encoding: US-ASCII
      string: ''
    headers:
      Accept-Encoding:
      - gzip;q=1.0,deflate;q=0.6,identity;q=0.3
      Accept:
      - "*/*"
      User-Agent:
      - Ruby
  response:
    status:
      code: 200
      message: OK
    headers:
      Content-Type:
      - text/xml
      Cache-Control:
      - no-cache
      Connection:
      - close
      Content-Length:
      - '79'
    body:
      encoding: UTF-8
      string: |
        <directory name="ball" srcmd5="d41d8cd98f00b204e9800998ecf8427e">
        </directory>
  recorded_at: Mon, 31 Mar 2025 10:15:47 GMT
- request:
    method: get
    uri: http://backend:5352/source/home:kugelblitz/ball?expand=1
    body:
      encoding: US-ASCII
      string: ''
    headers:
      Accept-Encoding:
      - gzip;q=1.0,deflate;q=0.6,identity;q=0.3
      Accept:
      - "*/*"
      User-Agent:
      - Ruby
  response:
    status:
      code: 200
      message: OK
    headers:
      Content-Type:
      - text/xml
      Cache-Control:
      - no-cache
      Connection:
      - close
      Content-Length:
      - '79'
    body:
      encoding: UTF-8
      string: |
        <directory name="ball" srcmd5="d41d8cd98f00b204e9800998ecf8427e">
        </directory>
  recorded_at: Mon, 31 Mar 2025 10:15:47 GMT
- request:
    method: post
    uri: http://backend:5352/source/home:titan/goal?cmd=copy&comment=Please%20take%20this&expand=1&keeplink=1&noservice=1&opackage=ball&oproject=home:kugelblitz&requestid=1&user=titan&withacceptinfo=1
    body:
      encoding: UTF-8
      string: ''
    headers:
      Content-Type:
      - application/octet-stream
      Accept-Encoding:
      - gzip;q=1.0,deflate;q=0.6,identity;q=0.3
      Accept:
      - "*/*"
      User-Agent:
      - Ruby
  response:
    status:
      code: 200
      message: OK
    headers:
      Content-Type:
      - text/xml
      Cache-Control:
      - no-cache
      Connection:
      - close
      Content-Length:
      - '345'
    body:
      encoding: UTF-8
      string: |
        <revision rev="85" vrev="85">
          <srcmd5>d41d8cd98f00b204e9800998ecf8427e</srcmd5>
          <version>unknown</version>
          <time>1743416147</time>
          <user>titan</user>
          <comment>Please take this</comment>
          <requestid>1</requestid>
          <acceptinfo rev="85" srcmd5="d41d8cd98f00b204e9800998ecf8427e" osrcmd5="9d0b868d6eba24e09ee63f72a59c66f6"/>
        </revision>
  recorded_at: Mon, 31 Mar 2025 10:15:48 GMT
- request:
    method: put
    uri: http://backend:5352/source/home:titan/goal/_meta?user=titan
    body:
      encoding: UTF-8
      string: |
        <package name="goal" project="home:titan">
          <title>The Moving Toyshop</title>
          <description>In quia dolorem corporis.</description>
        </package>
    headers:
      Accept-Encoding:
      - gzip;q=1.0,deflate;q=0.6,identity;q=0.3
      Accept:
      - "*/*"
      User-Agent:
      - Ruby
  response:
    status:
      code: 200
      message: OK
    headers:
      Content-Type:
      - text/xml
      Cache-Control:
      - no-cache
      Connection:
      - close
      Content-Length:
      - '145'
    body:
      encoding: UTF-8
      string: |
        <package name="goal" project="home:titan">
          <title>The Moving Toyshop</title>
          <description>In quia dolorem corporis.</description>
        </package>
  recorded_at: Mon, 31 Mar 2025 10:15:48 GMT
- request:
    method: get
    uri: http://backend:5352/source/home:titan/goal
    body:
      encoding: US-ASCII
      string: ''
    headers:
      Accept-Encoding:
      - gzip;q=1.0,deflate;q=0.6,identity;q=0.3
      Accept:
      - "*/*"
      User-Agent:
      - Ruby
  response:
    status:
      code: 200
      message: OK
    headers:
      Content-Type:
      - text/xml
      Cache-Control:
      - no-cache
      Connection:
      - close
      Content-Length:
      - '98'
    body:
      encoding: UTF-8
      string: |
        <directory name="goal" rev="85" vrev="85" srcmd5="d41d8cd98f00b204e9800998ecf8427e">
        </directory>
  recorded_at: Mon, 31 Mar 2025 10:15:48 GMT
- request:
    method: get
    uri: http://backend:5352/source/home:titan/goal?view=info
    body:
      encoding: US-ASCII
      string: ''
    headers:
      Accept-Encoding:
      - gzip;q=1.0,deflate;q=0.6,identity;q=0.3
      Accept:
      - "*/*"
      User-Agent:
      - Ruby
  response:
    status:
      code: 200
      message: OK
    headers:
      Content-Type:
      - text/xml
      Cache-Control:
      - no-cache
      Connection:
      - close
      Content-Length:
      - '139'
    body:
      encoding: UTF-8
      string: |
        <sourceinfo package="goal" rev="85" vrev="85" srcmd5="d41d8cd98f00b204e9800998ecf8427e">
          <error>no source uploaded</error>
        </sourceinfo>
  recorded_at: Mon, 31 Mar 2025 10:15:48 GMT
- request:
    method: get
    uri: http://backend:5352/source/home:titan/goal
    body:
      encoding: US-ASCII
      string: ''
    headers:
      Accept-Encoding:
      - gzip;q=1.0,deflate;q=0.6,identity;q=0.3
      Accept:
      - "*/*"
      User-Agent:
      - Ruby
  response:
    status:
      code: 200
      message: OK
    headers:
      Content-Type:
      - text/xml
      Cache-Control:
      - no-cache
      Connection:
      - close
      Content-Length:
      - '98'
    body:
      encoding: UTF-8
      string: |
        <directory name="goal" rev="85" vrev="85" srcmd5="d41d8cd98f00b204e9800998ecf8427e">
        </directory>
  recorded_at: Mon, 31 Mar 2025 10:15:48 GMT
- request:
    method: post
    uri: http://backend:5352/source/home:titan/goal?cmd=diff&linkrev=base&onlyissues=1&orev=0&view=xml
    body:
      encoding: UTF-8
      string: ''
    headers:
      Content-Type:
      - application/octet-stream
      Accept-Encoding:
      - gzip;q=1.0,deflate;q=0.6,identity;q=0.3
      Accept:
      - "*/*"
      User-Agent:
      - Ruby
  response:
    status:
      code: 200
      message: OK
    headers:
      Content-Type:
      - text/xml
      Cache-Control:
      - no-cache
      Connection:
      - close
      Content-Length:
      - '268'
    body:
      encoding: UTF-8
      string: |
        <sourcediff key="8f87fcee6eda0082e30c57199a05c72d">
          <old project="home:titan" package="goal" rev="0" srcmd5="d41d8cd98f00b204e9800998ecf8427e"/>
          <new project="home:titan" package="goal" rev="85" srcmd5="d41d8cd98f00b204e9800998ecf8427e"/>
          <files/>
        </sourcediff>
  recorded_at: Mon, 31 Mar 2025 10:15:48 GMT
- request:
    method: put
    uri: http://backend:5352/source/home:titan/goal/_meta?user=titan
    body:
      encoding: UTF-8
      string: |
        <package name="goal" project="home:titan">
          <title>The Moving Toyshop</title>
          <description>In quia dolorem corporis.</description>
          <person userid="kugelblitz" role="maintainer"/>
        </package>
    headers:
      Accept-Encoding:
      - gzip;q=1.0,deflate;q=0.6,identity;q=0.3
      Accept:
      - "*/*"
      User-Agent:
      - Ruby
  response:
    status:
      code: 200
      message: OK
    headers:
      Content-Type:
      - text/xml
      Cache-Control:
      - no-cache
      Connection:
      - close
      Content-Length:
      - '195'
    body:
      encoding: UTF-8
      string: |
        <package name="goal" project="home:titan">
          <title>The Moving Toyshop</title>
          <description>In quia dolorem corporis.</description>
          <person userid="kugelblitz" role="maintainer"/>
        </package>
  recorded_at: Mon, 31 Mar 2025 10:15:48 GMT
recorded_with: VCR 6.3.1
