---
http_interactions:
- request:
    method: put
    uri: http://backend:5352/source/home:tom/_meta?user=tom
    body:
      encoding: UTF-8
      string: |
        <project name="home:tom">
          <title/>
          <description/>
          <person userid="tom" role="maintainer"/>
        </project>
    headers:
      Accept-Encoding:
      - gzip;q=1.0,deflate;q=0.6,identity;q=0.3
      Accept:
      - "*/*"
      User-Agent:
      - Ruby
  response:
    status:
      code: 200
      message: OK
    headers:
      Content-Type:
      - text/xml
      Cache-Control:
      - no-cache
      Connection:
      - close
      Content-Length:
      - '129'
    body:
      encoding: UTF-8
      string: |
        <project name="home:tom">
          <title></title>
          <description></description>
          <person userid="tom" role="maintainer" />
        </project>
    http_version: 
  recorded_at: Mon, 14 Jan 2019 09:40:55 GMT
- request:
    method: put
    uri: http://backend:5352/source/home:tom/package_with_changes_file/_meta?user=tom
    body:
      encoding: UTF-8
      string: |
        <package name="package_with_changes_file" project="home:tom">
          <title>Jesting Pilate</title>
          <description>Voluptates facilis vel aut.</description>
        </package>
    headers:
      Accept-Encoding:
      - gzip;q=1.0,deflate;q=0.6,identity;q=0.3
      Accept:
      - "*/*"
      User-Agent:
      - Ruby
  response:
    status:
      code: 200
      message: OK
    headers:
      Content-Type:
      - text/xml
      Cache-Control:
      - no-cache
      Connection:
      - close
      Content-Length:
      - '162'
    body:
      encoding: UTF-8
      string: |
        <package name="package_with_changes_file" project="home:tom">
          <title>Jesting Pilate</title>
          <description>Voluptates facilis vel aut.</description>
        </package>
    http_version: 
  recorded_at: Mon, 14 Jan 2019 09:40:55 GMT
- request:
    method: put
    uri: http://backend:5352/source/home:tom/package_with_changes_file/_meta?user=tom
    body:
      encoding: UTF-8
      string: |
        <package name="package_with_changes_file" project="home:tom">
          <title>Jesting Pilate</title>
          <description>Voluptates facilis vel aut.</description>
        </package>
    headers:
      Accept-Encoding:
      - gzip;q=1.0,deflate;q=0.6,identity;q=0.3
      Accept:
      - "*/*"
      User-Agent:
      - Ruby
  response:
    status:
      code: 200
      message: OK
    headers:
      Content-Type:
      - text/xml
      Cache-Control:
      - no-cache
      Connection:
      - close
      Content-Length:
      - '162'
    body:
      encoding: UTF-8
      string: |
        <package name="package_with_changes_file" project="home:tom">
          <title>Jesting Pilate</title>
          <description>Voluptates facilis vel aut.</description>
        </package>
    http_version: 
  recorded_at: Mon, 14 Jan 2019 09:40:55 GMT
- request:
    method: put
    uri: http://backend:5352/source/home:tom/package_with_changes_file/package_with_changes_file.changes
    body:
      encoding: UTF-8
      string: |+
        -------------------------------------------------------------------
        Fri Aug 11 16:58:15 UTC 2017 - tom@opensuse.org

        - Testing the submit diff

        -------------------------------------------------------------------
        Wed Aug  2 14:59:15 UTC 2017 - iggy@opensuse.org

        - Temporary hack

    headers:
      Accept-Encoding:
      - gzip;q=1.0,deflate;q=0.6,identity;q=0.3
      Accept:
      - "*/*"
      User-Agent:
      - Ruby
  response:
    status:
      code: 200
      message: OK
    headers:
      Content-Type:
      - text/xml
      Cache-Control:
      - no-cache
      Connection:
      - close
      Content-Length:
      - '207'
    body:
      encoding: UTF-8
      string: |
        <revision rev="4" vrev="4">
          <srcmd5>9c27361fde427cceae53644e1a00c374</srcmd5>
          <version>unknown</version>
          <time>1547458855</time>
          <user>unknown</user>
          <comment></comment>
          <requestid/>
        </revision>
    http_version: 
  recorded_at: Mon, 14 Jan 2019 09:40:56 GMT
- request:
    method: put
    uri: http://backend:5352/source/home:tom/my_package/_meta?user=tom
    body:
      encoding: UTF-8
      string: |
        <package name="my_package" project="home:tom">
          <title>The Skull Beneath the Skin</title>
          <description>Optio qui eos officia.</description>
        </package>
    headers:
      Accept-Encoding:
      - gzip;q=1.0,deflate;q=0.6,identity;q=0.3
      Accept:
      - "*/*"
      User-Agent:
      - Ruby
  response:
    status:
      code: 200
      message: OK
    headers:
      Content-Type:
      - text/xml
      Cache-Control:
      - no-cache
      Connection:
      - close
      Content-Length:
      - '154'
    body:
      encoding: UTF-8
      string: |
        <package name="my_package" project="home:tom">
          <title>The Skull Beneath the Skin</title>
          <description>Optio qui eos officia.</description>
        </package>
    http_version: 
  recorded_at: Mon, 14 Jan 2019 09:40:56 GMT
- request:
    method: put
    uri: http://backend:5352/source/home:tom/my_package/_meta?user=tom
    body:
      encoding: UTF-8
      string: |
        <package name="my_package" project="home:tom">
          <title>The Skull Beneath the Skin</title>
          <description>Optio qui eos officia.</description>
        </package>
    headers:
      Accept-Encoding:
      - gzip;q=1.0,deflate;q=0.6,identity;q=0.3
      Accept:
      - "*/*"
      User-Agent:
      - Ruby
  response:
    status:
      code: 200
      message: OK
    headers:
      Content-Type:
      - text/xml
      Cache-Control:
      - no-cache
      Connection:
      - close
      Content-Length:
      - '154'
    body:
      encoding: UTF-8
      string: |
        <package name="my_package" project="home:tom">
          <title>The Skull Beneath the Skin</title>
          <description>Optio qui eos officia.</description>
        </package>
    http_version: 
  recorded_at: Mon, 14 Jan 2019 09:40:56 GMT
- request:
    method: get
    uri: http://backend:5352/source/home:tom/package_with_changes_file
    body:
      encoding: US-ASCII
      string: ''
    headers:
      Accept-Encoding:
      - gzip;q=1.0,deflate;q=0.6,identity;q=0.3
      Accept:
      - "*/*"
      User-Agent:
      - Ruby
  response:
    status:
      code: 200
      message: OK
    headers:
      Content-Type:
      - text/xml
      Cache-Control:
      - no-cache
      Connection:
      - close
      Content-Length:
      - '239'
    body:
      encoding: UTF-8
      string: |
        <directory name="package_with_changes_file" rev="4" vrev="4" srcmd5="9c27361fde427cceae53644e1a00c374">
          <entry name="package_with_changes_file.changes" md5="87b40d4b8cb98f7693786492ecda1339" size="280" mtime="1547458850" />
        </directory>
    http_version: 
  recorded_at: Mon, 14 Jan 2019 09:40:56 GMT
- request:
    method: get
    uri: http://backend:5352/source/home:tom/package_with_changes_file?view=info
    body:
      encoding: US-ASCII
      string: ''
    headers:
      Accept-Encoding:
      - gzip;q=1.0,deflate;q=0.6,identity;q=0.3
      Accept:
      - "*/*"
      User-Agent:
      - Ruby
  response:
    status:
      code: 200
      message: OK
    headers:
      Content-Type:
      - text/xml
      Cache-Control:
      - no-cache
      Connection:
      - close
      Content-Length:
      - '243'
    body:
      encoding: UTF-8
      string: |
        <sourceinfo package="package_with_changes_file" rev="4" vrev="4" srcmd5="9c27361fde427cceae53644e1a00c374" verifymd5="9c27361fde427cceae53644e1a00c374">
          <error>bad build configuration, no build type defined or detected</error>
        </sourceinfo>
    http_version: 
  recorded_at: Mon, 14 Jan 2019 09:40:56 GMT
- request:
    method: get
    uri: http://backend:5352/source/home:tom/package_with_changes_file
    body:
      encoding: US-ASCII
      string: ''
    headers:
      Accept-Encoding:
      - gzip;q=1.0,deflate;q=0.6,identity;q=0.3
      Accept:
      - "*/*"
      User-Agent:
      - Ruby
  response:
    status:
      code: 200
      message: OK
    headers:
      Content-Type:
      - text/xml
      Cache-Control:
      - no-cache
      Connection:
      - close
      Content-Length:
      - '239'
    body:
      encoding: UTF-8
      string: |
        <directory name="package_with_changes_file" rev="4" vrev="4" srcmd5="9c27361fde427cceae53644e1a00c374">
          <entry name="package_with_changes_file.changes" md5="87b40d4b8cb98f7693786492ecda1339" size="280" mtime="1547458850" />
        </directory>
    http_version: 
  recorded_at: Mon, 14 Jan 2019 09:40:56 GMT
- request:
    method: post
    uri: http://backend:5352/source/home:tom/package_with_changes_file?cmd=diff&linkrev=base&onlyissues=1&orev=0&view=xml
    body:
      encoding: UTF-8
      string: ''
    headers:
      Content-Type:
      - application/octet-stream
      Accept-Encoding:
      - gzip;q=1.0,deflate;q=0.6,identity;q=0.3
      Accept:
      - "*/*"
      User-Agent:
      - Ruby
  response:
    status:
      code: 200
      message: OK
    headers:
      Content-Type:
      - text/xml
      Content-Length:
      - '331'
      Cache-Control:
      - no-cache
      Connection:
      - close
    body:
      encoding: UTF-8
      string: |
        <sourcediff key="6c901454d6d663c760f20b80b1851ce8">
          <old project="home:tom" package="package_with_changes_file" rev="0" srcmd5="d41d8cd98f00b204e9800998ecf8427e" />
          <new project="home:tom" package="package_with_changes_file" rev="1" srcmd5="9c27361fde427cceae53644e1a00c374" />
          <files />
          <issues>
          </issues>
        </sourcediff>
    http_version: 
  recorded_at: Mon, 14 Jan 2019 09:40:56 GMT
- request:
    method: get
    uri: http://backend:5352/source/home:tom/package_with_changes_file
    body:
      encoding: US-ASCII
      string: ''
    headers:
      Accept-Encoding:
      - gzip;q=1.0,deflate;q=0.6,identity;q=0.3
      Accept:
      - "*/*"
      User-Agent:
      - Ruby
  response:
    status:
      code: 200
      message: OK
    headers:
      Content-Type:
      - text/xml
      Cache-Control:
      - no-cache
      Connection:
      - close
      Content-Length:
      - '239'
    body:
      encoding: UTF-8
      string: |
        <directory name="package_with_changes_file" rev="4" vrev="4" srcmd5="9c27361fde427cceae53644e1a00c374">
          <entry name="package_with_changes_file.changes" md5="87b40d4b8cb98f7693786492ecda1339" size="280" mtime="1547458850" />
        </directory>
    http_version: 
  recorded_at: Mon, 14 Jan 2019 09:40:56 GMT
- request:
    method: get
    uri: http://backend:5352/source/home:tom/package_with_changes_file/package_with_changes_file.changes
    body:
      encoding: US-ASCII
      string: ''
    headers:
      Accept-Encoding:
      - gzip;q=1.0,deflate;q=0.6,identity;q=0.3
      Accept:
      - "*/*"
      User-Agent:
      - Ruby
  response:
    status:
      code: 200
      message: OK
    headers:
      Content-Type:
      - application/octet-stream
      Content-Length:
      - '280'
      Cache-Control:
      - no-cache
      Connection:
      - close
    body:
      encoding: UTF-8
      string: |+
        -------------------------------------------------------------------
        Fri Aug 11 16:58:15 UTC 2017 - tom@opensuse.org

        - Testing the submit diff

        -------------------------------------------------------------------
        Wed Aug  2 14:59:15 UTC 2017 - iggy@opensuse.org

        - Temporary hack

    http_version: 
  recorded_at: Mon, 14 Jan 2019 09:40:56 GMT
- request:
    method: get
    uri: http://backend:5352/source/home:tom/my_package/package_with_changes_file.changes
    body:
      encoding: US-ASCII
      string: ''
    headers:
      Accept-Encoding:
      - gzip;q=1.0,deflate;q=0.6,identity;q=0.3
      Accept:
      - "*/*"
      User-Agent:
      - Ruby
  response:
    status:
      code: 404
      message: package_with_changes_file.changes  no such file
    headers:
      Content-Type:
      - text/xml
      Cache-Control:
      - no-cache
      Connection:
      - close
      Content-Length:
      - '172'
    body:
      encoding: UTF-8
      string: |
        <status code="404">
          <summary>package_with_changes_file.changes: no such file</summary>
          <details>404 package_with_changes_file.changes: no such file</details>
        </status>
    http_version: 
  recorded_at: Mon, 14 Jan 2019 09:40:56 GMT
recorded_with: VCR 4.0.0
