---
http_interactions:
- request:
    method: put
    uri: http://backend:5352/source/home:tom/_meta?user=tom
    body:
      encoding: UTF-8
      string: |
        <project name="home:tom">
          <title/>
          <description/>
          <person userid="tom" role="maintainer"/>
        </project>
    headers:
      Accept-Encoding:
      - gzip;q=1.0,deflate;q=0.6,identity;q=0.3
      Accept:
      - "*/*"
      User-Agent:
      - Ruby
  response:
    status:
      code: 200
      message: OK
    headers:
      Content-Type:
      - text/xml
      Cache-Control:
      - no-cache
      Connection:
      - close
      Content-Length:
      - '128'
    body:
      encoding: UTF-8
      string: |
        <project name="home:tom">
          <title></title>
          <description></description>
          <person userid="tom" role="maintainer"/>
        </project>
  recorded_at: Fri, 21 Jan 2022 08:45:03 GMT
- request:
    method: put
    uri: http://backend:5352/source/project_foo/_meta?user=tom
    body:
      encoding: UTF-8
      string: |
        <project name="project_foo" kind="maintenance">
          <title>Mother Night</title>
          <description/>
          <build>
            <disable/>
          </build>
        </project>
    headers:
      Accept-Encoding:
      - gzip;q=1.0,deflate;q=0.6,identity;q=0.3
      Accept:
      - "*/*"
      User-Agent:
      - Ruby
  response:
    status:
      code: 200
      message: OK
    headers:
      Content-Type:
      - text/xml
      Cache-Control:
      - no-cache
      Connection:
      - close
      Content-Length:
      - '155'
    body:
      encoding: UTF-8
      string: |
        <project name="project_foo" kind="maintenance">
          <title>Mother Night</title>
          <description></description>
          <build>
            <disable/>
          </build>
        </project>
  recorded_at: Fri, 21 Jan 2022 08:45:03 GMT
- request:
    method: put
    uri: http://backend:5352/source/project_foo/_project/_attribute?meta=1&user=tom
    body:
      encoding: UTF-8
      string: |
        <attributes>
          <attribute name="MaintenanceProject" namespace="OBS"/>
        </attributes>
    headers:
      Accept-Encoding:
      - gzip;q=1.0,deflate;q=0.6,identity;q=0.3
      Accept:
      - "*/*"
      User-Agent:
      - Ruby
  response:
    status:
      code: 200
      message: OK
    headers:
      Content-Type:
      - text/xml
      Cache-Control:
      - no-cache
      Connection:
      - close
      Content-Length:
      - '165'
    body:
      encoding: UTF-8
      string: |
        <revision rev="2">
          <srcmd5>5047cd4b362e4f4462c65c6626e9b7c4</srcmd5>
          <time>1642754703</time>
          <user>tom</user>
          <comment></comment>
          <requestid/>
        </revision>
  recorded_at: Fri, 21 Jan 2022 08:45:03 GMT
- request:
    method: put
    uri: http://backend:5352/source/project_foo/package_bar/_meta?user=tom
    body:
      encoding: UTF-8
      string: |
        <package name="package_bar" project="project_foo">
          <title>Antic Hay</title>
          <description>Molestiae illum iure quibusdam.</description>
        </package>
    headers:
      Accept-Encoding:
      - gzip;q=1.0,deflate;q=0.6,identity;q=0.3
      Accept:
      - "*/*"
      User-Agent:
      - Ruby
  response:
    status:
      code: 200
      message: OK
    headers:
      Content-Type:
      - text/xml
      Cache-Control:
      - no-cache
      Connection:
      - close
      Content-Length:
      - '150'
    body:
      encoding: UTF-8
      string: |
        <package name="package_bar" project="project_foo">
          <title>Antic Hay</title>
          <description>Molestiae illum iure quibusdam.</description>
        </package>
  recorded_at: Fri, 21 Jan 2022 08:45:03 GMT
- request:
    method: put
    uri: http://backend:5352/source/project_foo/package_bar/_config
    body:
      encoding: UTF-8
      string: Maiores at consequatur. Sunt earum animi. Itaque eos autem.
    headers:
      Accept-Encoding:
      - gzip;q=1.0,deflate;q=0.6,identity;q=0.3
      Accept:
      - "*/*"
      User-Agent:
      - Ruby
  response:
    status:
      code: 200
      message: OK
    headers:
      Content-Type:
      - text/xml
      Cache-Control:
      - no-cache
      Connection:
      - close
      Content-Length:
      - '207'
    body:
      encoding: UTF-8
      string: |
        <revision rev="1" vrev="1">
          <srcmd5>122c2d1b8a216021602758f0233144ab</srcmd5>
          <version>unknown</version>
          <time>1642754703</time>
          <user>unknown</user>
          <comment></comment>
          <requestid/>
        </revision>
  recorded_at: Fri, 21 Jan 2022 08:45:03 GMT
- request:
    method: put
    uri: http://backend:5352/source/project_foo/package_bar/somefile.txt
    body:
      encoding: UTF-8
      string: Nesciunt quod laborum. Non praesentium odit. Accusantium adipisci rem.
    headers:
      Accept-Encoding:
      - gzip;q=1.0,deflate;q=0.6,identity;q=0.3
      Accept:
      - "*/*"
      User-Agent:
      - Ruby
  response:
    status:
      code: 200
      message: OK
    headers:
      Content-Type:
      - text/xml
      Cache-Control:
      - no-cache
      Connection:
      - close
      Content-Length:
      - '207'
    body:
      encoding: UTF-8
      string: |
        <revision rev="2" vrev="2">
          <srcmd5>d1a00c3c9a516e6378fcd59569bfcaab</srcmd5>
          <version>unknown</version>
          <time>1642754703</time>
          <user>unknown</user>
          <comment></comment>
          <requestid/>
        </revision>
  recorded_at: Fri, 21 Jan 2022 08:45:03 GMT
- request:
    method: get
    uri: http://backend:5352/source/project_foo/package_bar
    body:
      encoding: US-ASCII
      string: ''
    headers:
      Accept-Encoding:
      - gzip;q=1.0,deflate;q=0.6,identity;q=0.3
      Accept:
      - "*/*"
      User-Agent:
      - Ruby
  response:
    status:
      code: 200
      message: OK
    headers:
      Content-Type:
      - text/xml
      Cache-Control:
      - no-cache
      Connection:
      - close
      Content-Length:
      - '296'
    body:
      encoding: UTF-8
      string: |
        <directory name="package_bar" rev="2" vrev="2" srcmd5="d1a00c3c9a516e6378fcd59569bfcaab">
          <entry name="_config" md5="1a8d9d5cdb7b57bd0bc7cfd1cd326ff7" size="59" mtime="1642754703"/>
          <entry name="somefile.txt" md5="80baf6aeede453edff570b1c231b6c0d" size="70" mtime="1642754703"/>
        </directory>
  recorded_at: Fri, 21 Jan 2022 08:45:03 GMT
recorded_with: VCR 6.0.0
