---
http_interactions:
- request:
    method: put
    uri: http://backend:5352/source/home:madam_submitter/_meta?user=madam_submitter
    body:
      encoding: UTF-8
      string: |
        <project name="home:madam_submitter">
          <title/>
          <description/>
          <person userid="madam_submitter" role="maintainer"/>
        </project>
    headers:
      Accept-Encoding:
      - gzip;q=1.0,deflate;q=0.6,identity;q=0.3
      Accept:
      - "*/*"
      User-Agent:
      - Ruby
  response:
    status:
      code: 200
      message: OK
    headers:
      Content-Type:
      - text/xml
      Cache-Control:
      - no-cache
      Connection:
      - close
      Content-Length:
      - '152'
    body:
      encoding: UTF-8
      string: |
        <project name="home:madam_submitter">
          <title></title>
          <description></description>
          <person userid="madam_submitter" role="maintainer"/>
        </project>
  recorded_at: Mon, 18 Oct 2021 14:46:54 GMT
- request:
    method: put
    uri: http://backend:5352/source/home:madam_submitter/Quebec/_meta?user=madam_submitter
    body:
      encoding: UTF-8
      string: |
        <package name="Quebec" project="home:madam_submitter">
          <title>A Many-Splendoured Thing</title>
          <description>Occaecati sunt mollitia non.</description>
        </package>
    headers:
      Accept-Encoding:
      - gzip;q=1.0,deflate;q=0.6,identity;q=0.3
      Accept:
      - "*/*"
      User-Agent:
      - Ruby
  response:
    status:
      code: 200
      message: OK
    headers:
      Content-Type:
      - text/xml
      Cache-Control:
      - no-cache
      Connection:
      - close
      Content-Length:
      - '166'
    body:
      encoding: UTF-8
      string: |
        <package name="Quebec" project="home:madam_submitter">
          <title>A Many-Splendoured Thing</title>
          <description>Occaecati sunt mollitia non.</description>
        </package>
  recorded_at: Mon, 18 Oct 2021 14:46:59 GMT
- request:
    method: put
    uri: http://backend:5352/source/home:madam_submitter/Quebec/_config
    body:
      encoding: UTF-8
      string: Quam qui hic. Molestias quia omnis. Sed ipsa nulla.
    headers:
      Accept-Encoding:
      - gzip;q=1.0,deflate;q=0.6,identity;q=0.3
      Accept:
      - "*/*"
      User-Agent:
      - Ruby
  response:
    status:
      code: 200
      message: OK
    headers:
      Content-Type:
      - text/xml
      Cache-Control:
      - no-cache
      Connection:
      - close
      Content-Length:
      - '207'
    body:
      encoding: UTF-8
      string: |
        <revision rev="3" vrev="3">
          <srcmd5>46591f44118cb3e2ee28ec2df9cf1193</srcmd5>
          <version>unknown</version>
          <time>1634568419</time>
          <user>unknown</user>
          <comment></comment>
          <requestid/>
        </revision>
  recorded_at: Mon, 18 Oct 2021 14:46:59 GMT
- request:
    method: put
    uri: http://backend:5352/source/home:madam_submitter/Quebec/somefile.txt
    body:
      encoding: UTF-8
      string: Dolores porro praesentium. Atque molestiae suscipit. Nesciunt animi
        qui.
    headers:
      Accept-Encoding:
      - gzip;q=1.0,deflate;q=0.6,identity;q=0.3
      Accept:
      - "*/*"
      User-Agent:
      - Ruby
  response:
    status:
      code: 200
      message: OK
    headers:
      Content-Type:
      - text/xml
      Cache-Control:
      - no-cache
      Connection:
      - close
      Content-Length:
      - '207'
    body:
      encoding: UTF-8
      string: |
        <revision rev="4" vrev="4">
          <srcmd5>1012f617c00fa08bb37a9b102948edd8</srcmd5>
          <version>unknown</version>
          <time>1634568419</time>
          <user>unknown</user>
          <comment></comment>
          <requestid/>
        </revision>
  recorded_at: Mon, 18 Oct 2021 14:46:59 GMT
- request:
    method: get
    uri: http://backend:5352/source/home:madam_submitter/Quebec
    body:
      encoding: US-ASCII
      string: ''
    headers:
      X-Request-Id:
      - b93a2929-cbf5-4eeb-8077-807cb3a9c2c1
      Accept-Encoding:
      - gzip;q=1.0,deflate;q=0.6,identity;q=0.3
      Accept:
      - "*/*"
      User-Agent:
      - Ruby
  response:
    status:
      code: 200
      message: OK
    headers:
      Content-Type:
      - text/xml
      Cache-Control:
      - no-cache
      Connection:
      - close
      Content-Length:
      - '291'
    body:
      encoding: UTF-8
      string: |
        <directory name="Quebec" rev="4" vrev="4" srcmd5="1012f617c00fa08bb37a9b102948edd8">
          <entry name="_config" md5="31c91f8b34ca7d50f6abf151bc5291e3" size="51" mtime="1634568419"/>
          <entry name="somefile.txt" md5="15146ac57e7e0fb8a8abc4df76f3b812" size="72" mtime="1634568419"/>
        </directory>
  recorded_at: Mon, 18 Oct 2021 14:46:59 GMT
- request:
    method: get
    uri: http://backend:5352/source/home:madam_submitter/Quebec?expand=1&rev=4
    body:
      encoding: US-ASCII
      string: ''
    headers:
      Accept-Encoding:
      - gzip;q=1.0,deflate;q=0.6,identity;q=0.3
      Accept:
      - "*/*"
      User-Agent:
      - Ruby
  response:
    status:
      code: 200
      message: OK
    headers:
      Content-Type:
      - text/xml
      Cache-Control:
      - no-cache
      Connection:
      - close
      Content-Length:
      - '291'
    body:
      encoding: UTF-8
      string: |
        <directory name="Quebec" rev="4" vrev="4" srcmd5="1012f617c00fa08bb37a9b102948edd8">
          <entry name="_config" md5="31c91f8b34ca7d50f6abf151bc5291e3" size="51" mtime="1634568419"/>
          <entry name="somefile.txt" md5="15146ac57e7e0fb8a8abc4df76f3b812" size="72" mtime="1634568419"/>
        </directory>
  recorded_at: Mon, 18 Oct 2021 14:46:59 GMT
- request:
    method: get
    uri: http://backend:5352/source/home:madam_submitter/Quebec
    body:
      encoding: US-ASCII
      string: ''
    headers:
      X-Request-Id:
      - b93a2929-cbf5-4eeb-8077-807cb3a9c2c1
      Accept-Encoding:
      - gzip;q=1.0,deflate;q=0.6,identity;q=0.3
      Accept:
      - "*/*"
      User-Agent:
      - Ruby
  response:
    status:
      code: 200
      message: OK
    headers:
      Content-Type:
      - text/xml
      Cache-Control:
      - no-cache
      Connection:
      - close
      Content-Length:
      - '291'
    body:
      encoding: UTF-8
      string: |
        <directory name="Quebec" rev="4" vrev="4" srcmd5="1012f617c00fa08bb37a9b102948edd8">
          <entry name="_config" md5="31c91f8b34ca7d50f6abf151bc5291e3" size="51" mtime="1634568419"/>
          <entry name="somefile.txt" md5="15146ac57e7e0fb8a8abc4df76f3b812" size="72" mtime="1634568419"/>
        </directory>
  recorded_at: Mon, 18 Oct 2021 14:46:59 GMT
- request:
    method: get
    uri: http://backend:5352/source/home:madam_submitter/Quebec
    body:
      encoding: US-ASCII
      string: ''
    headers:
      X-Request-Id:
      - b93a2929-cbf5-4eeb-8077-807cb3a9c2c1
      Accept-Encoding:
      - gzip;q=1.0,deflate;q=0.6,identity;q=0.3
      Accept:
      - "*/*"
      User-Agent:
      - Ruby
  response:
    status:
      code: 200
      message: OK
    headers:
      Content-Type:
      - text/xml
      Cache-Control:
      - no-cache
      Connection:
      - close
      Content-Length:
      - '291'
    body:
      encoding: UTF-8
      string: |
        <directory name="Quebec" rev="4" vrev="4" srcmd5="1012f617c00fa08bb37a9b102948edd8">
          <entry name="_config" md5="31c91f8b34ca7d50f6abf151bc5291e3" size="51" mtime="1634568419"/>
          <entry name="somefile.txt" md5="15146ac57e7e0fb8a8abc4df76f3b812" size="72" mtime="1634568419"/>
        </directory>
  recorded_at: Mon, 18 Oct 2021 14:46:59 GMT
- request:
    method: get
    uri: http://backend:5352/source/home:madam_submitter/Quebec/_history
    body:
      encoding: US-ASCII
      string: ''
    headers:
      Accept-Encoding:
      - gzip;q=1.0,deflate;q=0.6,identity;q=0.3
      Accept:
      - "*/*"
      User-Agent:
      - Ruby
  response:
    status:
      code: 200
      message: OK
    headers:
      Content-Type:
      - text/xml
      Cache-Control:
      - no-cache
      Connection:
      - close
      Content-Length:
      - '759'
    body:
      encoding: UTF-8
      string: |
        <revisionlist>
          <revision rev="1" vrev="1">
            <srcmd5>d1ad41345309e76c6020235a9446d03d</srcmd5>
            <version>unknown</version>
            <time>1634568266</time>
            <user>unknown</user>
          </revision>
          <revision rev="2" vrev="2">
            <srcmd5>53480dc0a7dde395f4bd574fc3e0711b</srcmd5>
            <version>unknown</version>
            <time>1634568266</time>
            <user>unknown</user>
          </revision>
          <revision rev="3" vrev="3">
            <srcmd5>46591f44118cb3e2ee28ec2df9cf1193</srcmd5>
            <version>unknown</version>
            <time>1634568419</time>
            <user>unknown</user>
          </revision>
          <revision rev="4" vrev="4">
            <srcmd5>1012f617c00fa08bb37a9b102948edd8</srcmd5>
            <version>unknown</version>
            <time>1634568419</time>
            <user>unknown</user>
          </revision>
        </revisionlist>
  recorded_at: Mon, 18 Oct 2021 14:46:59 GMT
- request:
    method: get
    uri: http://backend:5352/build/home:madam_submitter/_result?package=Quebec&view=status
    body:
      encoding: US-ASCII
      string: ''
    headers:
      X-Request-Id:
      - 8fd3a722-fa4d-4883-a6c0-bd439bb6fd60
      Accept-Encoding:
      - gzip;q=1.0,deflate;q=0.6,identity;q=0.3
      Accept:
      - "*/*"
      User-Agent:
      - Ruby
  response:
    status:
      code: 200
      message: OK
    headers:
      Content-Type:
      - text/xml
      Cache-Control:
      - no-cache
      Connection:
      - close
      Content-Length:
      - '55'
    body:
      encoding: UTF-8
      string: '<resultlist state="00000000000000000000000000000000"/>

'
  recorded_at: Mon, 18 Oct 2021 14:46:59 GMT
- request:
    method: get
    uri: http://backend:5352/source/home:madam_submitter/Quebec?view=info
    body:
      encoding: US-ASCII
      string: ''
    headers:
      X-Request-Id:
      - e36a0d2c-1aec-4093-bce5-5d65c35f2b91
      Accept-Encoding:
      - gzip;q=1.0,deflate;q=0.6,identity;q=0.3
      Accept:
      - "*/*"
      User-Agent:
      - Ruby
  response:
    status:
      code: 200
      message: OK
    headers:
      Content-Type:
      - text/xml
      Cache-Control:
      - no-cache
      Connection:
      - close
      Content-Length:
      - '224'
    body:
      encoding: UTF-8
      string: |
        <sourceinfo package="Quebec" rev="4" vrev="4" srcmd5="1012f617c00fa08bb37a9b102948edd8" verifymd5="1012f617c00fa08bb37a9b102948edd8">
          <error>bad build configuration, no build type defined or detected</error>
        </sourceinfo>
  recorded_at: Mon, 18 Oct 2021 14:47:00 GMT
- request:
    method: get
    uri: http://backend:5352/source/home:madam_submitter/Quebec
    body:
      encoding: US-ASCII
      string: ''
    headers:
      X-Request-Id:
      - e36a0d2c-1aec-4093-bce5-5d65c35f2b91
      Accept-Encoding:
      - gzip;q=1.0,deflate;q=0.6,identity;q=0.3
      Accept:
      - "*/*"
      User-Agent:
      - Ruby
  response:
    status:
      code: 200
      message: OK
    headers:
      Content-Type:
      - text/xml
      Cache-Control:
      - no-cache
      Connection:
      - close
      Content-Length:
      - '291'
    body:
      encoding: UTF-8
      string: |
        <directory name="Quebec" rev="4" vrev="4" srcmd5="1012f617c00fa08bb37a9b102948edd8">
          <entry name="_config" md5="31c91f8b34ca7d50f6abf151bc5291e3" size="51" mtime="1634568419"/>
          <entry name="somefile.txt" md5="15146ac57e7e0fb8a8abc4df76f3b812" size="72" mtime="1634568419"/>
        </directory>
  recorded_at: Mon, 18 Oct 2021 14:47:00 GMT
- request:
    method: post
    uri: http://backend:5352/source/home:madam_submitter/Quebec?cmd=diff&linkrev=base&onlyissues=1&orev=0&view=xml
    body:
      encoding: UTF-8
      string: ''
    headers:
      Content-Type:
      - application/octet-stream
      Accept-Encoding:
      - gzip;q=1.0,deflate;q=0.6,identity;q=0.3
      Accept:
      - "*/*"
      User-Agent:
      - Ruby
  response:
    status:
      code: 200
      message: OK
    headers:
      Content-Type:
      - text/xml
      Cache-Control:
      - no-cache
      Connection:
      - close
      Content-Length:
      - '314'
    body:
      encoding: UTF-8
      string: |
        <sourcediff key="193788573547dc685076e65b0ea4b306">
          <old project="home:madam_submitter" package="Quebec" rev="0" srcmd5="d41d8cd98f00b204e9800998ecf8427e"/>
          <new project="home:madam_submitter" package="Quebec" rev="4" srcmd5="1012f617c00fa08bb37a9b102948edd8"/>
          <files/>
          <issues>
          </issues>
        </sourcediff>
  recorded_at: Mon, 18 Oct 2021 14:47:00 GMT
- request:
    method: put
    uri: http://backend:5352/source/home:mr_receiver/_meta?user=mr_receiver
    body:
      encoding: UTF-8
      string: |
        <project name="home:mr_receiver">
          <title/>
          <description/>
          <person userid="mr_receiver" role="maintainer"/>
        </project>
    headers:
      Accept-Encoding:
      - gzip;q=1.0,deflate;q=0.6,identity;q=0.3
      Accept:
      - "*/*"
      User-Agent:
      - Ruby
  response:
    status:
      code: 200
      message: OK
    headers:
      Content-Type:
      - text/xml
      Cache-Control:
      - no-cache
      Connection:
      - close
      Content-Length:
      - '144'
    body:
      encoding: UTF-8
      string: |
        <project name="home:mr_receiver">
          <title></title>
          <description></description>
          <person userid="mr_receiver" role="maintainer"/>
        </project>
  recorded_at: Mon, 18 Oct 2021 14:47:00 GMT
- request:
    method: get
    uri: http://backend:5352/source/home:madam_submitter/Quebec
    body:
      encoding: US-ASCII
      string: ''
    headers:
      X-Request-Id:
      - 01702be8-27be-4898-8e70-4405acc6c4dc
      Accept-Encoding:
      - gzip;q=1.0,deflate;q=0.6,identity;q=0.3
      Accept:
      - "*/*"
      User-Agent:
      - Ruby
  response:
    status:
      code: 200
      message: OK
    headers:
      Content-Type:
      - text/xml
      Cache-Control:
      - no-cache
      Connection:
      - close
      Content-Length:
      - '291'
    body:
      encoding: UTF-8
      string: |
        <directory name="Quebec" rev="4" vrev="4" srcmd5="1012f617c00fa08bb37a9b102948edd8">
          <entry name="_config" md5="31c91f8b34ca7d50f6abf151bc5291e3" size="51" mtime="1634568419"/>
          <entry name="somefile.txt" md5="15146ac57e7e0fb8a8abc4df76f3b812" size="72" mtime="1634568419"/>
        </directory>
  recorded_at: Mon, 18 Oct 2021 14:47:00 GMT
- request:
    method: get
    uri: http://backend:5352/source/home:madam_submitter/Quebec
    body:
      encoding: US-ASCII
      string: ''
    headers:
      X-Request-Id:
      - 01702be8-27be-4898-8e70-4405acc6c4dc
      Accept-Encoding:
      - gzip;q=1.0,deflate;q=0.6,identity;q=0.3
      Accept:
      - "*/*"
      User-Agent:
      - Ruby
  response:
    status:
      code: 200
      message: OK
    headers:
      Content-Type:
      - text/xml
      Cache-Control:
      - no-cache
      Connection:
      - close
      Content-Length:
      - '291'
    body:
      encoding: UTF-8
      string: |
        <directory name="Quebec" rev="4" vrev="4" srcmd5="1012f617c00fa08bb37a9b102948edd8">
          <entry name="_config" md5="31c91f8b34ca7d50f6abf151bc5291e3" size="51" mtime="1634568419"/>
          <entry name="somefile.txt" md5="15146ac57e7e0fb8a8abc4df76f3b812" size="72" mtime="1634568419"/>
        </directory>
  recorded_at: Mon, 18 Oct 2021 14:47:00 GMT
- request:
    method: post
    uri: http://backend:5352/source/home:madam_submitter/Quebec?cmd=diff&expand=1&nodiff=1&orev=0&rev=4
    body:
      encoding: UTF-8
      string: ''
    headers:
      Content-Type:
      - application/octet-stream
      X-Request-Id:
      - 01702be8-27be-4898-8e70-4405acc6c4dc
      Accept-Encoding:
      - gzip;q=1.0,deflate;q=0.6,identity;q=0.3
      Accept:
      - "*/*"
      User-Agent:
      - Ruby
  response:
    status:
      code: 200
      message: OK
    headers:
      Content-Type:
      - text/plain
      Cache-Control:
      - no-cache
      Connection:
      - close
      Content-Length:
      - '174'
    body:
      encoding: UTF-8
      string: |2

        new:
        ----
          _config
          somefile.txt

        other changes:
        --------------

        ++++++ _config (new)
        --- _config
        +++ _config

        ++++++ somefile.txt (new)
        --- somefile.txt
        +++ somefile.txt
  recorded_at: Mon, 18 Oct 2021 14:47:00 GMT
- request:
    method: get
    uri: http://backend:5352/source/home:madam_submitter/Quebec?expand=1&rev=4
    body:
      encoding: US-ASCII
      string: ''
    headers:
      X-Request-Id:
      - 01702be8-27be-4898-8e70-4405acc6c4dc
      Accept-Encoding:
      - gzip;q=1.0,deflate;q=0.6,identity;q=0.3
      Accept:
      - "*/*"
      User-Agent:
      - Ruby
  response:
    status:
      code: 200
      message: OK
    headers:
      Content-Type:
      - text/xml
      Cache-Control:
      - no-cache
      Connection:
      - close
      Content-Length:
      - '291'
    body:
      encoding: UTF-8
      string: |
        <directory name="Quebec" rev="4" vrev="4" srcmd5="1012f617c00fa08bb37a9b102948edd8">
          <entry name="_config" md5="31c91f8b34ca7d50f6abf151bc5291e3" size="51" mtime="1634568419"/>
          <entry name="somefile.txt" md5="15146ac57e7e0fb8a8abc4df76f3b812" size="72" mtime="1634568419"/>
        </directory>
  recorded_at: Mon, 18 Oct 2021 14:47:00 GMT
- request:
    method: get
    uri: http://backend:5352/source/home:madam_submitter/Quebec
    body:
      encoding: US-ASCII
      string: ''
    headers:
      X-Request-Id:
      - 01702be8-27be-4898-8e70-4405acc6c4dc
      Accept-Encoding:
      - gzip;q=1.0,deflate;q=0.6,identity;q=0.3
      Accept:
      - "*/*"
      User-Agent:
      - Ruby
  response:
    status:
      code: 200
      message: OK
    headers:
      Content-Type:
      - text/xml
      Cache-Control:
      - no-cache
      Connection:
      - close
      Content-Length:
      - '291'
    body:
      encoding: UTF-8
      string: |
        <directory name="Quebec" rev="4" vrev="4" srcmd5="1012f617c00fa08bb37a9b102948edd8">
          <entry name="_config" md5="31c91f8b34ca7d50f6abf151bc5291e3" size="51" mtime="1634568419"/>
          <entry name="somefile.txt" md5="15146ac57e7e0fb8a8abc4df76f3b812" size="72" mtime="1634568419"/>
        </directory>
  recorded_at: Mon, 18 Oct 2021 14:47:00 GMT
- request:
    method: post
    uri: http://backend:5352/source/home:madam_submitter/Quebec?cmd=diff&expand=1&filelimit=10000&orev=0&rev=4&tarlimit=10000&view=xml&withissues=1
    body:
      encoding: UTF-8
      string: ''
    headers:
      Content-Type:
      - application/octet-stream
      X-Request-Id:
      - 01702be8-27be-4898-8e70-4405acc6c4dc
      Accept-Encoding:
      - gzip;q=1.0,deflate;q=0.6,identity;q=0.3
      Accept:
      - "*/*"
      User-Agent:
      - Ruby
  response:
    status:
      code: 200
      message: OK
    headers:
      Content-Type:
      - text/xml
      Cache-Control:
      - no-cache
      Connection:
      - close
      Content-Length:
      - '832'
    body:
      encoding: UTF-8
      string: |
        <sourcediff key="da7980d0f53fa5eb6087fb372d39503a">
          <old project="home:madam_submitter" package="Quebec" rev="0" srcmd5="d41d8cd98f00b204e9800998ecf8427e"/>
          <new project="home:madam_submitter" package="Quebec" rev="4" srcmd5="1012f617c00fa08bb37a9b102948edd8"/>
          <files>
            <file state="added">
              <new name="_config" md5="31c91f8b34ca7d50f6abf151bc5291e3" size="51"/>
              <diff lines="3">@@ -0,0 +1,1 @@
        +Quam qui hic. Molestias quia omnis. Sed ipsa nulla.
        \ No newline at end of file
        </diff>
            </file>
            <file state="added">
              <new name="somefile.txt" md5="15146ac57e7e0fb8a8abc4df76f3b812" size="72"/>
              <diff lines="3">@@ -0,0 +1,1 @@
        +Dolores porro praesentium. Atque molestiae suscipit. Nesciunt animi qui.
        \ No newline at end of file
        </diff>
            </file>
          </files>
          <issues>
          </issues>
        </sourcediff>
  recorded_at: Mon, 18 Oct 2021 14:47:00 GMT
- request:
    method: get
    uri: http://backend:5352/source/home:madam_submitter/Quebec
    body:
      encoding: US-ASCII
      string: ''
    headers:
      X-Request-Id:
      - fa4c0913-324d-47ee-adca-c5f1502c0a78
      Accept-Encoding:
      - gzip;q=1.0,deflate;q=0.6,identity;q=0.3
      Accept:
      - "*/*"
      User-Agent:
      - Ruby
  response:
    status:
      code: 200
      message: OK
    headers:
      Content-Type:
      - text/xml
      Cache-Control:
      - no-cache
      Connection:
      - close
      Content-Length:
      - '291'
    body:
      encoding: UTF-8
      string: |
        <directory name="Quebec" rev="4" vrev="4" srcmd5="1012f617c00fa08bb37a9b102948edd8">
          <entry name="_config" md5="31c91f8b34ca7d50f6abf151bc5291e3" size="51" mtime="1634568419"/>
          <entry name="somefile.txt" md5="15146ac57e7e0fb8a8abc4df76f3b812" size="72" mtime="1634568419"/>
        </directory>
  recorded_at: Mon, 18 Oct 2021 14:47:01 GMT
- request:
    method: post
    uri: http://backend:5352/source/home:madam_submitter/Quebec?cacheonly=1&cmd=diff&expand=1&filelimit=10000&orev=0&rev=4&tarlimit=10000&view=xml&withissues=1
    body:
      encoding: UTF-8
      string: ''
    headers:
      Content-Type:
      - application/octet-stream
      X-Request-Id:
      - fa4c0913-324d-47ee-adca-c5f1502c0a78
      Accept-Encoding:
      - gzip;q=1.0,deflate;q=0.6,identity;q=0.3
      Accept:
      - "*/*"
      User-Agent:
      - Ruby
  response:
    status:
      code: 200
      message: OK
    headers:
      Content-Type:
      - text/xml
      Content-Length:
      - '832'
      Cache-Control:
      - no-cache
      Connection:
      - close
    body:
      encoding: UTF-8
      string: |
        <sourcediff key="da7980d0f53fa5eb6087fb372d39503a">
          <old project="home:madam_submitter" package="Quebec" rev="0" srcmd5="d41d8cd98f00b204e9800998ecf8427e"/>
          <new project="home:madam_submitter" package="Quebec" rev="4" srcmd5="1012f617c00fa08bb37a9b102948edd8"/>
          <files>
            <file state="added">
              <new name="_config" md5="31c91f8b34ca7d50f6abf151bc5291e3" size="51"/>
              <diff lines="3">@@ -0,0 +1,1 @@
        +Quam qui hic. Molestias quia omnis. Sed ipsa nulla.
        \ No newline at end of file
        </diff>
            </file>
            <file state="added">
              <new name="somefile.txt" md5="15146ac57e7e0fb8a8abc4df76f3b812" size="72"/>
              <diff lines="3">@@ -0,0 +1,1 @@
        +Dolores porro praesentium. Atque molestiae suscipit. Nesciunt animi qui.
        \ No newline at end of file
        </diff>
            </file>
          </files>
          <issues>
          </issues>
        </sourcediff>
  recorded_at: Mon, 18 Oct 2021 14:47:01 GMT
- request:
    method: get
    uri: http://backend:5352/build/home:madam_submitter/_result?package=Quebec&view=status
    body:
      encoding: US-ASCII
      string: ''
    headers:
      X-Request-Id:
      - 60fb9230-dc28-478d-a844-007cd6524c62
      Accept-Encoding:
      - gzip;q=1.0,deflate;q=0.6,identity;q=0.3
      Accept:
      - "*/*"
      User-Agent:
      - Ruby
  response:
    status:
      code: 200
      message: OK
    headers:
      Content-Type:
      - text/xml
      Cache-Control:
      - no-cache
      Connection:
      - close
      Content-Length:
      - '55'
    body:
      encoding: UTF-8
      string: '<resultlist state="00000000000000000000000000000000"/>

'
  recorded_at: Mon, 18 Oct 2021 14:47:01 GMT
recorded_with: VCR 6.0.0
