---
http_interactions:
- request:
    method: put
    uri: http://backend:5352/source/home:package_test_user/_meta?user=package_test_user
    body:
      encoding: UTF-8
      string: |
        <project name="home:package_test_user">
          <title/>
          <description/>
          <person userid="package_test_user" role="maintainer"/>
        </project>
    headers:
      Accept-Encoding:
      - gzip;q=1.0,deflate;q=0.6,identity;q=0.3
      Accept:
      - "*/*"
      User-Agent:
      - Ruby
  response:
    status:
      code: 200
      message: OK
    headers:
      Content-Type:
      - text/xml
      Cache-Control:
      - no-cache
      Connection:
      - close
      Content-Length:
      - '157'
    body:
      encoding: UTF-8
      string: |
        <project name="home:package_test_user">
          <title></title>
          <description></description>
          <person userid="package_test_user" role="maintainer" />
        </project>
    http_version: 
  recorded_at: Wed, 05 Dec 2018 10:31:58 GMT
- request:
    method: put
    uri: http://backend:5352/source/home:package_test_user/test_package/_meta?user=_nobody_
    body:
      encoding: UTF-8
      string: |
        <package name="test_package" project="home:package_test_user">
          <title>Specimen Days</title>
          <description>Iure nobis soluta quos.</description>
        </package>
    headers:
      Accept-Encoding:
      - gzip;q=1.0,deflate;q=0.6,identity;q=0.3
      Accept:
      - "*/*"
      User-Agent:
      - Ruby
  response:
    status:
      code: 200
      message: OK
    headers:
      Content-Type:
      - text/xml
      Cache-Control:
      - no-cache
      Connection:
      - close
      Content-Length:
      - '158'
    body:
      encoding: UTF-8
      string: |
        <package name="test_package" project="home:package_test_user">
          <title>Specimen Days</title>
          <description>Iure nobis soluta quos.</description>
        </package>
    http_version: 
  recorded_at: Wed, 05 Dec 2018 10:31:58 GMT
- request:
    method: put
    uri: http://backend:5352/source/home:package_test_user/test_package/_meta?user=_nobody_
    body:
      encoding: UTF-8
      string: |
        <package name="test_package" project="home:package_test_user">
          <title>Specimen Days</title>
          <description>Iure nobis soluta quos.</description>
        </package>
    headers:
      Accept-Encoding:
      - gzip;q=1.0,deflate;q=0.6,identity;q=0.3
      Accept:
      - "*/*"
      User-Agent:
      - Ruby
  response:
    status:
      code: 200
      message: OK
    headers:
      Content-Type:
      - text/xml
      Cache-Control:
      - no-cache
      Connection:
      - close
      Content-Length:
      - '158'
    body:
      encoding: UTF-8
      string: |
        <package name="test_package" project="home:package_test_user">
          <title>Specimen Days</title>
          <description>Iure nobis soluta quos.</description>
        </package>
    http_version: 
  recorded_at: Wed, 05 Dec 2018 10:31:58 GMT
- request:
    method: put
    uri: http://backend:5352/source/home:package_test_user/test_package/_config
    body:
      encoding: UTF-8
      string: Incidunt nihil esse. Voluptatibus non delectus. Hic vel illo.
    headers:
      Accept-Encoding:
      - gzip;q=1.0,deflate;q=0.6,identity;q=0.3
      Accept:
      - "*/*"
      User-Agent:
      - Ruby
  response:
    status:
      code: 200
      message: OK
    headers:
      Content-Type:
      - text/xml
      Cache-Control:
      - no-cache
      Connection:
      - close
      Content-Length:
      - '207'
    body:
      encoding: UTF-8
      string: |
        <revision rev="7" vrev="7">
          <srcmd5>178db29866a98045aa5750ab016d63b3</srcmd5>
          <version>unknown</version>
          <time>1544005918</time>
          <user>unknown</user>
          <comment></comment>
          <requestid/>
        </revision>
    http_version: 
  recorded_at: Wed, 05 Dec 2018 10:31:58 GMT
- request:
    method: put
    uri: http://backend:5352/source/home:package_test_user/test_package/somefile.txt
    body:
      encoding: UTF-8
      string: Sequi voluptas ea. Enim quia doloremque. Quo adipisci at.
    headers:
      Accept-Encoding:
      - gzip;q=1.0,deflate;q=0.6,identity;q=0.3
      Accept:
      - "*/*"
      User-Agent:
      - Ruby
  response:
    status:
      code: 200
      message: OK
    headers:
      Content-Type:
      - text/xml
      Cache-Control:
      - no-cache
      Connection:
      - close
      Content-Length:
      - '207'
    body:
      encoding: UTF-8
      string: |
        <revision rev="8" vrev="8">
          <srcmd5>4f5c9a4395ebbd65c9e49e4d0864af56</srcmd5>
          <version>unknown</version>
          <time>1544005918</time>
          <user>unknown</user>
          <comment></comment>
          <requestid/>
        </revision>
    http_version: 
  recorded_at: Wed, 05 Dec 2018 10:31:58 GMT
- request:
    method: put
    uri: http://backend:5352/source/home:other_package_test_user/_meta?user=other_package_test_user
    body:
      encoding: UTF-8
      string: |
        <project name="home:other_package_test_user">
          <title/>
          <description/>
          <person userid="other_package_test_user" role="maintainer"/>
        </project>
    headers:
      Accept-Encoding:
      - gzip;q=1.0,deflate;q=0.6,identity;q=0.3
      Accept:
      - "*/*"
      User-Agent:
      - Ruby
  response:
    status:
      code: 200
      message: OK
    headers:
      Content-Type:
      - text/xml
      Cache-Control:
      - no-cache
      Connection:
      - close
      Content-Length:
      - '169'
    body:
      encoding: UTF-8
      string: |
        <project name="home:other_package_test_user">
          <title></title>
          <description></description>
          <person userid="other_package_test_user" role="maintainer" />
        </project>
    http_version: 
  recorded_at: Wed, 05 Dec 2018 10:31:58 GMT
- request:
    method: put
    uri: http://backend:5352/source/home:other_package_test_user/branch_test_package/_meta?user=_nobody_
    body:
      encoding: UTF-8
      string: |
        <package name="branch_test_package" project="home:other_package_test_user">
          <title>Beneath the Bleeding</title>
          <description>Sed laudantium perferendis voluptates.</description>
        </package>
    headers:
      Accept-Encoding:
      - gzip;q=1.0,deflate;q=0.6,identity;q=0.3
      Accept:
      - "*/*"
      User-Agent:
      - Ruby
  response:
    status:
      code: 200
      message: OK
    headers:
      Content-Type:
      - text/xml
      Cache-Control:
      - no-cache
      Connection:
      - close
      Content-Length:
      - '193'
    body:
      encoding: UTF-8
      string: |
        <package name="branch_test_package" project="home:other_package_test_user">
          <title>Beneath the Bleeding</title>
          <description>Sed laudantium perferendis voluptates.</description>
        </package>
    http_version: 
  recorded_at: Wed, 05 Dec 2018 10:31:58 GMT
- request:
    method: put
    uri: http://backend:5352/source/home:other_package_test_user/branch_test_package/_meta?user=_nobody_
    body:
      encoding: UTF-8
      string: |
        <package name="branch_test_package" project="home:other_package_test_user">
          <title>Beneath the Bleeding</title>
          <description>Sed laudantium perferendis voluptates.</description>
        </package>
    headers:
      Accept-Encoding:
      - gzip;q=1.0,deflate;q=0.6,identity;q=0.3
      Accept:
      - "*/*"
      User-Agent:
      - Ruby
  response:
    status:
      code: 200
      message: OK
    headers:
      Content-Type:
      - text/xml
      Cache-Control:
      - no-cache
      Connection:
      - close
      Content-Length:
      - '193'
    body:
      encoding: UTF-8
      string: |
        <package name="branch_test_package" project="home:other_package_test_user">
          <title>Beneath the Bleeding</title>
          <description>Sed laudantium perferendis voluptates.</description>
        </package>
    http_version: 
  recorded_at: Wed, 05 Dec 2018 10:31:58 GMT
- request:
    method: put
    uri: http://backend:5352/source/home:other_package_test_user/branch_test_package/_config
    body:
      encoding: UTF-8
      string: Blanditiis vel ipsa. Necessitatibus qui earum. Tenetur voluptate autem.
    headers:
      Accept-Encoding:
      - gzip;q=1.0,deflate;q=0.6,identity;q=0.3
      Accept:
      - "*/*"
      User-Agent:
      - Ruby
  response:
    status:
      code: 200
      message: OK
    headers:
      Content-Type:
      - text/xml
      Cache-Control:
      - no-cache
      Connection:
      - close
      Content-Length:
      - '207'
    body:
      encoding: UTF-8
      string: |
        <revision rev="7" vrev="7">
          <srcmd5>c56b623e2ef87bfed4b68047cb0b876a</srcmd5>
          <version>unknown</version>
          <time>1544005918</time>
          <user>unknown</user>
          <comment></comment>
          <requestid/>
        </revision>
    http_version: 
  recorded_at: Wed, 05 Dec 2018 10:31:58 GMT
- request:
    method: put
    uri: http://backend:5352/source/home:other_package_test_user/branch_test_package/somefile.txt
    body:
      encoding: UTF-8
      string: Et et et. Officiis est quod. Illum placeat aut.
    headers:
      Accept-Encoding:
      - gzip;q=1.0,deflate;q=0.6,identity;q=0.3
      Accept:
      - "*/*"
      User-Agent:
      - Ruby
  response:
    status:
      code: 200
      message: OK
    headers:
      Content-Type:
      - text/xml
      Cache-Control:
      - no-cache
      Connection:
      - close
      Content-Length:
      - '207'
    body:
      encoding: UTF-8
      string: |
        <revision rev="8" vrev="8">
          <srcmd5>0b79e14380a1510f17fe7aebbf8653b0</srcmd5>
          <version>unknown</version>
          <time>1544005918</time>
          <user>unknown</user>
          <comment></comment>
          <requestid/>
        </revision>
    http_version: 
  recorded_at: Wed, 05 Dec 2018 10:31:58 GMT
- request:
    method: get
    uri: http://backend:5352/source/home:package_test_user/test_package
    body:
      encoding: US-ASCII
      string: ''
    headers:
      Accept-Encoding:
      - gzip;q=1.0,deflate;q=0.6,identity;q=0.3
      Accept:
      - "*/*"
      User-Agent:
      - Ruby
  response:
    status:
      code: 200
      message: OK
    headers:
      Content-Type:
      - text/xml
      Cache-Control:
      - no-cache
      Connection:
      - close
      Content-Length:
      - '299'
    body:
      encoding: UTF-8
      string: |
        <directory name="test_package" rev="8" vrev="8" srcmd5="4f5c9a4395ebbd65c9e49e4d0864af56">
          <entry name="_config" md5="bdf73ad08af3f2bda5d1ce48688c4b7c" size="61" mtime="1544005918" />
          <entry name="somefile.txt" md5="41985003b713ac102c1e932c9c03766c" size="57" mtime="1544005918" />
        </directory>
    http_version: 
  recorded_at: Wed, 05 Dec 2018 10:31:59 GMT
- request:
    method: get
    uri: http://backend:5352/source/home:package_test_user/test_package?expand=1&rev=8
    body:
      encoding: US-ASCII
      string: ''
    headers:
      Accept-Encoding:
      - gzip;q=1.0,deflate;q=0.6,identity;q=0.3
      Accept:
      - "*/*"
      User-Agent:
      - Ruby
  response:
    status:
      code: 200
      message: OK
    headers:
      Content-Type:
      - text/xml
      Cache-Control:
      - no-cache
      Connection:
      - close
      Content-Length:
      - '299'
    body:
      encoding: UTF-8
      string: |
        <directory name="test_package" rev="8" vrev="8" srcmd5="4f5c9a4395ebbd65c9e49e4d0864af56">
          <entry name="_config" md5="bdf73ad08af3f2bda5d1ce48688c4b7c" size="61" mtime="1544005918" />
          <entry name="somefile.txt" md5="41985003b713ac102c1e932c9c03766c" size="57" mtime="1544005918" />
        </directory>
    http_version: 
  recorded_at: Wed, 05 Dec 2018 10:31:59 GMT
- request:
    method: get
    uri: http://backend:5352/source/home:package_test_user/test_package/_service
    body:
      encoding: US-ASCII
      string: ''
    headers:
      Accept-Encoding:
      - gzip;q=1.0,deflate;q=0.6,identity;q=0.3
      Accept:
      - "*/*"
      User-Agent:
      - Ruby
  response:
    status:
      code: 404
      message: _service  no such file
    headers:
      Content-Type:
      - text/xml
      Cache-Control:
      - no-cache
      Connection:
      - close
      Content-Length:
      - '122'
    body:
      encoding: UTF-8
      string: |
        <status code="404">
          <summary>_service: no such file</summary>
          <details>404 _service: no such file</details>
        </status>
    http_version: 
  recorded_at: Wed, 05 Dec 2018 10:31:59 GMT
- request:
    method: get
    uri: http://backend:5352/source/home:package_test_user/test_package
    body:
      encoding: US-ASCII
      string: ''
    headers:
      Accept-Encoding:
      - gzip;q=1.0,deflate;q=0.6,identity;q=0.3
      Accept:
      - "*/*"
      User-Agent:
      - Ruby
  response:
    status:
      code: 200
      message: OK
    headers:
      Content-Type:
      - text/xml
      Cache-Control:
      - no-cache
      Connection:
      - close
      Content-Length:
      - '299'
    body:
      encoding: UTF-8
      string: |
        <directory name="test_package" rev="8" vrev="8" srcmd5="4f5c9a4395ebbd65c9e49e4d0864af56">
          <entry name="_config" md5="bdf73ad08af3f2bda5d1ce48688c4b7c" size="61" mtime="1544005918" />
          <entry name="somefile.txt" md5="41985003b713ac102c1e932c9c03766c" size="57" mtime="1544005918" />
        </directory>
    http_version: 
  recorded_at: Wed, 05 Dec 2018 10:32:00 GMT
- request:
    method: get
    uri: http://backend:5352/source/home:package_test_user/test_package
    body:
      encoding: US-ASCII
      string: ''
    headers:
      Accept-Encoding:
      - gzip;q=1.0,deflate;q=0.6,identity;q=0.3
      Accept:
      - "*/*"
      User-Agent:
      - Ruby
  response:
    status:
      code: 200
      message: OK
    headers:
      Content-Type:
      - text/xml
      Cache-Control:
      - no-cache
      Connection:
      - close
      Content-Length:
      - '299'
    body:
      encoding: UTF-8
      string: |
        <directory name="test_package" rev="8" vrev="8" srcmd5="4f5c9a4395ebbd65c9e49e4d0864af56">
          <entry name="_config" md5="bdf73ad08af3f2bda5d1ce48688c4b7c" size="61" mtime="1544005918" />
          <entry name="somefile.txt" md5="41985003b713ac102c1e932c9c03766c" size="57" mtime="1544005918" />
        </directory>
    http_version: 
  recorded_at: Wed, 05 Dec 2018 10:32:00 GMT
- request:
    method: get
    uri: http://backend:5352/source/home:package_test_user/test_package/_history
    body:
      encoding: US-ASCII
      string: ''
    headers:
      Accept-Encoding:
      - gzip;q=1.0,deflate;q=0.6,identity;q=0.3
      Accept:
      - "*/*"
      User-Agent:
      - Ruby
  response:
    status:
      code: 200
      message: OK
    headers:
      Content-Type:
      - text/xml
      Cache-Control:
      - no-cache
      Connection:
      - close
      Content-Length:
      - '1487'
    body:
      encoding: UTF-8
      string: |
        <revisionlist>
          <revision rev="1" vrev="1">
            <srcmd5>0ed3b3c3b8f37f247c0367bf15f32185</srcmd5>
            <version>unknown</version>
            <time>1544005832</time>
            <user>unknown</user>
          </revision>
          <revision rev="2" vrev="2">
            <srcmd5>9df0e37f406466a53c0b4cdff94532c6</srcmd5>
            <version>unknown</version>
            <time>1544005832</time>
            <user>unknown</user>
          </revision>
          <revision rev="3" vrev="3">
            <srcmd5>5657af5e08e809b4055dff8896a6625a</srcmd5>
            <version>unknown</version>
            <time>1544005904</time>
            <user>unknown</user>
          </revision>
          <revision rev="4" vrev="4">
            <srcmd5>32cebbb0e4396ff79ac195571dcb8656</srcmd5>
            <version>unknown</version>
            <time>1544005904</time>
            <user>unknown</user>
          </revision>
          <revision rev="5" vrev="5">
            <srcmd5>3baa394d41d9b472e71590e60d9e060e</srcmd5>
            <version>unknown</version>
            <time>1544005915</time>
            <user>unknown</user>
          </revision>
          <revision rev="6" vrev="6">
            <srcmd5>9fbe40ac3b8b0a1af54a10515441ed4c</srcmd5>
            <version>unknown</version>
            <time>1544005915</time>
            <user>unknown</user>
          </revision>
          <revision rev="7" vrev="7">
            <srcmd5>178db29866a98045aa5750ab016d63b3</srcmd5>
            <version>unknown</version>
            <time>1544005918</time>
            <user>unknown</user>
          </revision>
          <revision rev="8" vrev="8">
            <srcmd5>4f5c9a4395ebbd65c9e49e4d0864af56</srcmd5>
            <version>unknown</version>
            <time>1544005918</time>
            <user>unknown</user>
          </revision>
        </revisionlist>
    http_version: 
  recorded_at: Wed, 05 Dec 2018 10:32:00 GMT
- request:
    method: get
    uri: http://backend:5352/build/home:package_test_user/_result?package=test_package&view=status
    body:
      encoding: US-ASCII
      string: ''
    headers:
      Accept-Encoding:
      - gzip;q=1.0,deflate;q=0.6,identity;q=0.3
      Accept:
      - "*/*"
      User-Agent:
      - Ruby
  response:
    status:
      code: 200
      message: OK
    headers:
      Content-Type:
      - text/xml
      Cache-Control:
      - no-cache
      Connection:
      - close
      Content-Length:
      - '56'
    body:
      encoding: UTF-8
      string: '<resultlist state="00000000000000000000000000000000" />

'
    http_version: 
  recorded_at: Wed, 05 Dec 2018 10:32:00 GMT
- request:
    method: put
    uri: http://backend:5352/source/home:package_test_user/test_package/_meta?user=package_test_user
    body:
      encoding: UTF-8
      string: |
        <package name="test_package" project="home:package_test_user">
          <title>test title</title>
          <description>test description</description>
        </package>
    headers:
      Accept-Encoding:
      - gzip;q=1.0,deflate;q=0.6,identity;q=0.3
      Accept:
      - "*/*"
      User-Agent:
      - Ruby
  response:
    status:
      code: 200
      message: OK
    headers:
      Content-Type:
      - text/xml
      Cache-Control:
      - no-cache
      Connection:
      - close
      Content-Length:
      - '148'
    body:
      encoding: UTF-8
      string: |
        <package name="test_package" project="home:package_test_user">
          <title>test title</title>
          <description>test description</description>
        </package>
    http_version: 
  recorded_at: Wed, 05 Dec 2018 10:32:02 GMT
- request:
    method: get
    uri: http://backend:5352/source/home:package_test_user/test_package
    body:
      encoding: US-ASCII
      string: ''
    headers:
      Accept-Encoding:
      - gzip;q=1.0,deflate;q=0.6,identity;q=0.3
      Accept:
      - "*/*"
      User-Agent:
      - Ruby
  response:
    status:
      code: 200
      message: OK
    headers:
      Content-Type:
      - text/xml
      Cache-Control:
      - no-cache
      Connection:
      - close
      Content-Length:
      - '299'
    body:
      encoding: UTF-8
      string: |
        <directory name="test_package" rev="8" vrev="8" srcmd5="4f5c9a4395ebbd65c9e49e4d0864af56">
          <entry name="_config" md5="bdf73ad08af3f2bda5d1ce48688c4b7c" size="61" mtime="1544005918" />
          <entry name="somefile.txt" md5="41985003b713ac102c1e932c9c03766c" size="57" mtime="1544005918" />
        </directory>
    http_version: 
  recorded_at: Wed, 05 Dec 2018 10:32:02 GMT
- request:
    method: get
    uri: http://backend:5352/source/home:package_test_user/test_package?expand=1&rev=8
    body:
      encoding: US-ASCII
      string: ''
    headers:
      Accept-Encoding:
      - gzip;q=1.0,deflate;q=0.6,identity;q=0.3
      Accept:
      - "*/*"
      User-Agent:
      - Ruby
  response:
    status:
      code: 200
      message: OK
    headers:
      Content-Type:
      - text/xml
      Cache-Control:
      - no-cache
      Connection:
      - close
      Content-Length:
      - '299'
    body:
      encoding: UTF-8
      string: |
        <directory name="test_package" rev="8" vrev="8" srcmd5="4f5c9a4395ebbd65c9e49e4d0864af56">
          <entry name="_config" md5="bdf73ad08af3f2bda5d1ce48688c4b7c" size="61" mtime="1544005918" />
          <entry name="somefile.txt" md5="41985003b713ac102c1e932c9c03766c" size="57" mtime="1544005918" />
        </directory>
    http_version: 
  recorded_at: Wed, 05 Dec 2018 10:32:02 GMT
- request:
    method: get
    uri: http://backend:5352/source/home:package_test_user/test_package/_service
    body:
      encoding: US-ASCII
      string: ''
    headers:
      Accept-Encoding:
      - gzip;q=1.0,deflate;q=0.6,identity;q=0.3
      Accept:
      - "*/*"
      User-Agent:
      - Ruby
  response:
    status:
      code: 404
      message: _service  no such file
    headers:
      Content-Type:
      - text/xml
      Cache-Control:
      - no-cache
      Connection:
      - close
      Content-Length:
      - '122'
    body:
      encoding: UTF-8
      string: |
        <status code="404">
          <summary>_service: no such file</summary>
          <details>404 _service: no such file</details>
        </status>
    http_version: 
  recorded_at: Wed, 05 Dec 2018 10:32:02 GMT
- request:
    method: get
    uri: http://backend:5352/source/home:package_test_user/test_package
    body:
      encoding: US-ASCII
      string: ''
    headers:
      Accept-Encoding:
      - gzip;q=1.0,deflate;q=0.6,identity;q=0.3
      Accept:
      - "*/*"
      User-Agent:
      - Ruby
  response:
    status:
      code: 200
      message: OK
    headers:
      Content-Type:
      - text/xml
      Cache-Control:
      - no-cache
      Connection:
      - close
      Content-Length:
      - '299'
    body:
      encoding: UTF-8
      string: |
        <directory name="test_package" rev="8" vrev="8" srcmd5="4f5c9a4395ebbd65c9e49e4d0864af56">
          <entry name="_config" md5="bdf73ad08af3f2bda5d1ce48688c4b7c" size="61" mtime="1544005918" />
          <entry name="somefile.txt" md5="41985003b713ac102c1e932c9c03766c" size="57" mtime="1544005918" />
        </directory>
    http_version: 
  recorded_at: Wed, 05 Dec 2018 10:32:02 GMT
- request:
    method: get
    uri: http://backend:5352/source/home:package_test_user/test_package
    body:
      encoding: US-ASCII
      string: ''
    headers:
      Accept-Encoding:
      - gzip;q=1.0,deflate;q=0.6,identity;q=0.3
      Accept:
      - "*/*"
      User-Agent:
      - Ruby
  response:
    status:
      code: 200
      message: OK
    headers:
      Content-Type:
      - text/xml
      Cache-Control:
      - no-cache
      Connection:
      - close
      Content-Length:
      - '299'
    body:
      encoding: UTF-8
      string: |
        <directory name="test_package" rev="8" vrev="8" srcmd5="4f5c9a4395ebbd65c9e49e4d0864af56">
          <entry name="_config" md5="bdf73ad08af3f2bda5d1ce48688c4b7c" size="61" mtime="1544005918" />
          <entry name="somefile.txt" md5="41985003b713ac102c1e932c9c03766c" size="57" mtime="1544005918" />
        </directory>
    http_version: 
  recorded_at: Wed, 05 Dec 2018 10:32:02 GMT
- request:
    method: get
    uri: http://backend:5352/source/home:package_test_user/test_package/_history
    body:
      encoding: US-ASCII
      string: ''
    headers:
      Accept-Encoding:
      - gzip;q=1.0,deflate;q=0.6,identity;q=0.3
      Accept:
      - "*/*"
      User-Agent:
      - Ruby
  response:
    status:
      code: 200
      message: OK
    headers:
      Content-Type:
      - text/xml
      Cache-Control:
      - no-cache
      Connection:
      - close
      Content-Length:
      - '1487'
    body:
      encoding: UTF-8
      string: |
        <revisionlist>
          <revision rev="1" vrev="1">
            <srcmd5>0ed3b3c3b8f37f247c0367bf15f32185</srcmd5>
            <version>unknown</version>
            <time>1544005832</time>
            <user>unknown</user>
          </revision>
          <revision rev="2" vrev="2">
            <srcmd5>9df0e37f406466a53c0b4cdff94532c6</srcmd5>
            <version>unknown</version>
            <time>1544005832</time>
            <user>unknown</user>
          </revision>
          <revision rev="3" vrev="3">
            <srcmd5>5657af5e08e809b4055dff8896a6625a</srcmd5>
            <version>unknown</version>
            <time>1544005904</time>
            <user>unknown</user>
          </revision>
          <revision rev="4" vrev="4">
            <srcmd5>32cebbb0e4396ff79ac195571dcb8656</srcmd5>
            <version>unknown</version>
            <time>1544005904</time>
            <user>unknown</user>
          </revision>
          <revision rev="5" vrev="5">
            <srcmd5>3baa394d41d9b472e71590e60d9e060e</srcmd5>
            <version>unknown</version>
            <time>1544005915</time>
            <user>unknown</user>
          </revision>
          <revision rev="6" vrev="6">
            <srcmd5>9fbe40ac3b8b0a1af54a10515441ed4c</srcmd5>
            <version>unknown</version>
            <time>1544005915</time>
            <user>unknown</user>
          </revision>
          <revision rev="7" vrev="7">
            <srcmd5>178db29866a98045aa5750ab016d63b3</srcmd5>
            <version>unknown</version>
            <time>1544005918</time>
            <user>unknown</user>
          </revision>
          <revision rev="8" vrev="8">
            <srcmd5>4f5c9a4395ebbd65c9e49e4d0864af56</srcmd5>
            <version>unknown</version>
            <time>1544005918</time>
            <user>unknown</user>
          </revision>
        </revisionlist>
    http_version: 
  recorded_at: Wed, 05 Dec 2018 10:32:02 GMT
- request:
    method: get
    uri: http://backend:5352/build/home:package_test_user/_result?package=test_package&view=status
    body:
      encoding: US-ASCII
      string: ''
    headers:
      Accept-Encoding:
      - gzip;q=1.0,deflate;q=0.6,identity;q=0.3
      Accept:
      - "*/*"
      User-Agent:
      - Ruby
  response:
    status:
      code: 200
      message: OK
    headers:
      Content-Type:
      - text/xml
      Cache-Control:
      - no-cache
      Connection:
      - close
      Content-Length:
      - '56'
    body:
      encoding: UTF-8
      string: '<resultlist state="00000000000000000000000000000000" />

'
    http_version: 
  recorded_at: Wed, 05 Dec 2018 10:32:02 GMT
recorded_with: VCR 4.0.0
