---
http_interactions:
- request:
    method: put
    uri: http://backend:5352/source/home:Iggy/_meta?user=Iggy
    body:
      encoding: UTF-8
      string: |
        <project name="home:Iggy">
          <title/>
          <description/>
          <person userid="Iggy" role="maintainer"/>
        </project>
    headers:
      Accept-Encoding:
      - gzip;q=1.0,deflate;q=0.6,identity;q=0.3
      Accept:
      - "*/*"
      User-Agent:
      - Ruby
  response:
    status:
      code: 200
      message: OK
    headers:
      Content-Type:
      - text/xml
      Cache-Control:
      - no-cache
      Connection:
      - close
      Content-Length:
      - '130'
    body:
      encoding: UTF-8
      string: |
        <project name="home:Iggy">
          <title></title>
          <description></description>
          <person userid="Iggy" role="maintainer"/>
        </project>
  recorded_at: Wed, 22 Sep 2021 11:01:40 GMT
- request:
    method: put
    uri: http://backend:5352/source/test-project/_meta?user=user_19
    body:
      encoding: UTF-8
      string: |
        <project name="test-project">
          <title>Beyond the Mexique Bay</title>
          <description/>
          <person userid="Iggy" role="maintainer"/>
        </project>
    headers:
      Accept-Encoding:
      - gzip;q=1.0,deflate;q=0.6,identity;q=0.3
      Accept:
      - "*/*"
      User-Agent:
      - Ruby
  response:
    status:
      code: 200
      message: OK
    headers:
      Content-Type:
      - text/xml
      Cache-Control:
      - no-cache
      Connection:
      - close
      Content-Length:
      - '155'
    body:
      encoding: UTF-8
      string: |
        <project name="test-project">
          <title>Beyond the Mexique Bay</title>
          <description></description>
          <person userid="Iggy" role="maintainer"/>
        </project>
  recorded_at: Wed, 22 Sep 2021 11:01:40 GMT
- request:
    method: put
    uri: http://backend:5352/source/test-project/test-package/_meta?user=user_20
    body:
      encoding: UTF-8
      string: |
        <package name="test-package" project="test-project">
          <title>Moab Is My Washpot</title>
          <description>Ut voluptate eaque autem.</description>
        </package>
    headers:
      Accept-Encoding:
      - gzip;q=1.0,deflate;q=0.6,identity;q=0.3
      Accept:
      - "*/*"
      User-Agent:
      - Ruby
  response:
    status:
      code: 200
      message: OK
    headers:
      Content-Type:
      - text/xml
      Cache-Control:
      - no-cache
      Connection:
      - close
      Content-Length:
      - '155'
    body:
      encoding: UTF-8
      string: |
        <package name="test-package" project="test-project">
          <title>Moab Is My Washpot</title>
          <description>Ut voluptate eaque autem.</description>
        </package>
  recorded_at: Wed, 22 Sep 2021 11:01:40 GMT
- request:
    method: put
    uri: http://backend:5352/source/test-target-project/_meta?user=user_21
    body:
      encoding: UTF-8
      string: |
        <project name="test-target-project">
          <title>Infinite Jest</title>
          <description/>
          <person userid="Iggy" role="maintainer"/>
        </project>
    headers:
      Accept-Encoding:
      - gzip;q=1.0,deflate;q=0.6,identity;q=0.3
      Accept:
      - "*/*"
      User-Agent:
      - Ruby
  response:
    status:
      code: 200
      message: OK
    headers:
      Content-Type:
      - text/xml
      Cache-Control:
      - no-cache
      Connection:
      - close
      Content-Length:
      - '153'
    body:
      encoding: UTF-8
      string: |
        <project name="test-target-project">
          <title>Infinite Jest</title>
          <description></description>
          <person userid="Iggy" role="maintainer"/>
        </project>
  recorded_at: Wed, 22 Sep 2021 11:01:40 GMT
- request:
    method: post
    uri: http://backend:5352/search/package/id?match=(linkinfo/@package=%22test-package%22%20and%20linkinfo/@project=%22test-project%22%20and%20@project=%22test-project%22)
    body:
      encoding: UTF-8
      string: ''
    headers:
      Content-Type:
      - application/octet-stream
      Accept-Encoding:
      - gzip;q=1.0,deflate;q=0.6,identity;q=0.3
      Accept:
      - "*/*"
      User-Agent:
      - Ruby
  response:
    status:
      code: 200
      message: OK
    headers:
      Content-Type:
      - text/xml
      Cache-Control:
      - no-cache
      Connection:
      - close
      Content-Length:
      - '27'
    body:
      encoding: UTF-8
      string: |
        <collection>
        </collection>
  recorded_at: Wed, 22 Sep 2021 11:01:40 GMT
- request:
    method: put
    uri: http://backend:5352/source/test-target-project:openSUSE:open-build-service:PR-3/_meta?user=Iggy
    body:
      encoding: UTF-8
      string: |
        <project name="test-target-project:openSUSE:open-build-service:PR-3">
          <title>Branch project for package test-package</title>
          <description>This project was created for package test-package via attribute OBS:Maintained</description>
          <person userid="Iggy" role="maintainer"/>
        </project>
    headers:
      Accept-Encoding:
      - gzip;q=1.0,deflate;q=0.6,identity;q=0.3
      Accept:
      - "*/*"
      User-Agent:
      - Ruby
  response:
    status:
      code: 200
      message: OK
    headers:
      Content-Type:
      - text/xml
      Cache-Control:
      - no-cache
      Connection:
      - close
      Content-Length:
      - '290'
    body:
      encoding: UTF-8
      string: |
        <project name="test-target-project:openSUSE:open-build-service:PR-3">
          <title>Branch project for package test-package</title>
          <description>This project was created for package test-package via attribute OBS:Maintained</description>
          <person userid="Iggy" role="maintainer"/>
        </project>
  recorded_at: Wed, 22 Sep 2021 11:01:40 GMT
- request:
    method: put
    uri: http://backend:5352/source/test-target-project:openSUSE:open-build-service:PR-3/test-package/_meta?user=Iggy
    body:
      encoding: UTF-8
      string: |
        <package name="test-package" project="test-target-project:openSUSE:open-build-service:PR-3">
          <title>Moab Is My Washpot</title>
          <description>Ut voluptate eaque autem.</description>
        </package>
    headers:
      Accept-Encoding:
      - gzip;q=1.0,deflate;q=0.6,identity;q=0.3
      Accept:
      - "*/*"
      User-Agent:
      - Ruby
  response:
    status:
      code: 200
      message: OK
    headers:
      Content-Type:
      - text/xml
      Cache-Control:
      - no-cache
      Connection:
      - close
      Content-Length:
      - '195'
    body:
      encoding: UTF-8
      string: |
        <package name="test-package" project="test-target-project:openSUSE:open-build-service:PR-3">
          <title>Moab Is My Washpot</title>
          <description>Ut voluptate eaque autem.</description>
        </package>
  recorded_at: Wed, 22 Sep 2021 11:01:40 GMT
- request:
    method: post
    uri: http://backend:5352/source/test-target-project:openSUSE:open-build-service:PR-3/test-package?cmd=branch&noservice=1&opackage=test-package&oproject=test-project&user=Iggy
    body:
      encoding: UTF-8
      string: ''
    headers:
      Content-Type:
      - application/octet-stream
      Accept-Encoding:
      - gzip;q=1.0,deflate;q=0.6,identity;q=0.3
      Accept:
      - "*/*"
      User-Agent:
      - Ruby
  response:
    status:
      code: 200
      message: OK
    headers:
      Content-Type:
      - text/xml
      Cache-Control:
      - no-cache
      Connection:
      - close
      Content-Length:
      - '204'
    body:
      encoding: UTF-8
      string: |
        <revision rev="5" vrev="5">
          <srcmd5>411c6fd260778a3381a135e5cc0c1797</srcmd5>
          <version>unknown</version>
          <time>1632308500</time>
          <user>Iggy</user>
          <comment></comment>
          <requestid/>
        </revision>
  recorded_at: Wed, 22 Sep 2021 11:01:41 GMT
- request:
    method: put
    uri: http://backend:5352/source/test-target-project:openSUSE:open-build-service:PR-3/test-package/_meta?user=Iggy
    body:
      encoding: UTF-8
      string: |
        <package name="test-package" project="test-target-project:openSUSE:open-build-service:PR-3">
          <title>Moab Is My Washpot</title>
          <description>Ut voluptate eaque autem.</description>
        </package>
    headers:
      Accept-Encoding:
      - gzip;q=1.0,deflate;q=0.6,identity;q=0.3
      Accept:
      - "*/*"
      User-Agent:
      - Ruby
  response:
    status:
      code: 200
      message: OK
    headers:
      Content-Type:
      - text/xml
      Cache-Control:
      - no-cache
      Connection:
      - close
      Content-Length:
      - '195'
    body:
      encoding: UTF-8
      string: |
        <package name="test-package" project="test-target-project:openSUSE:open-build-service:PR-3">
          <title>Moab Is My Washpot</title>
          <description>Ut voluptate eaque autem.</description>
        </package>
  recorded_at: Wed, 22 Sep 2021 11:01:41 GMT
- request:
    method: get
    uri: http://backend:5352/source/test-target-project:openSUSE:open-build-service:PR-3/test-package
    body:
      encoding: US-ASCII
      string: ''
    headers:
      Accept-Encoding:
      - gzip;q=1.0,deflate;q=0.6,identity;q=0.3
      Accept:
      - "*/*"
      User-Agent:
      - Ruby
  response:
    status:
      code: 200
      message: OK
    headers:
      Content-Type:
      - text/xml
      Cache-Control:
      - no-cache
      Connection:
      - close
      Content-Length:
      - '428'
    body:
      encoding: UTF-8
      string: |
        <directory name="test-package" rev="5" vrev="5" srcmd5="411c6fd260778a3381a135e5cc0c1797">
          <linkinfo project="test-project" package="test-package" srcmd5="d41d8cd98f00b204e9800998ecf8427e" baserev="d41d8cd98f00b204e9800998ecf8427e" xsrcmd5="6dee1c1851207b12d4c251e1946048c7" lsrcmd5="411c6fd260778a3381a135e5cc0c1797"/>
          <entry name="_link" md5="7ab3a1829b804e8f1739b15e9d7904a7" size="120" mtime="1632308494"/>
        </directory>
  recorded_at: Wed, 22 Sep 2021 11:01:41 GMT
- request:
    method: get
    uri: http://backend:5352/source/test-target-project:openSUSE:open-build-service:PR-3/test-package?view=info
    body:
      encoding: US-ASCII
      string: ''
    headers:
      Accept-Encoding:
      - gzip;q=1.0,deflate;q=0.6,identity;q=0.3
      Accept:
      - "*/*"
      User-Agent:
      - Ruby
  response:
    status:
      code: 200
      message: OK
    headers:
      Content-Type:
      - text/xml
      Cache-Control:
      - no-cache
      Connection:
      - close
      Content-Length:
      - '331'
    body:
      encoding: UTF-8
      string: |
        <sourceinfo package="test-package" rev="5" vrev="5" srcmd5="6dee1c1851207b12d4c251e1946048c7" lsrcmd5="411c6fd260778a3381a135e5cc0c1797" verifymd5="d41d8cd98f00b204e9800998ecf8427e">
          <error>bad build configuration, no build type defined or detected</error>
          <linked project="test-project" package="test-package"/>
        </sourceinfo>
  recorded_at: Wed, 22 Sep 2021 11:01:41 GMT
- request:
    method: get
    uri: http://backend:5352/source/test-target-project:openSUSE:open-build-service:PR-3/test-package
    body:
      encoding: US-ASCII
      string: ''
    headers:
      Accept-Encoding:
      - gzip;q=1.0,deflate;q=0.6,identity;q=0.3
      Accept:
      - "*/*"
      User-Agent:
      - Ruby
  response:
    status:
      code: 200
      message: OK
    headers:
      Content-Type:
      - text/xml
      Cache-Control:
      - no-cache
      Connection:
      - close
      Content-Length:
      - '428'
    body:
      encoding: UTF-8
      string: |
        <directory name="test-package" rev="5" vrev="5" srcmd5="411c6fd260778a3381a135e5cc0c1797">
          <linkinfo project="test-project" package="test-package" srcmd5="d41d8cd98f00b204e9800998ecf8427e" baserev="d41d8cd98f00b204e9800998ecf8427e" xsrcmd5="6dee1c1851207b12d4c251e1946048c7" lsrcmd5="411c6fd260778a3381a135e5cc0c1797"/>
          <entry name="_link" md5="7ab3a1829b804e8f1739b15e9d7904a7" size="120" mtime="1632308494"/>
        </directory>
  recorded_at: Wed, 22 Sep 2021 11:01:41 GMT
- request:
    method: post
    uri: http://backend:5352/source/test-target-project:openSUSE:open-build-service:PR-3/test-package?cmd=diff&linkrev=base&onlyissues=1&orev=0&view=xml
    body:
      encoding: UTF-8
      string: ''
    headers:
      Content-Type:
      - application/octet-stream
      Accept-Encoding:
      - gzip;q=1.0,deflate;q=0.6,identity;q=0.3
      Accept:
      - "*/*"
      User-Agent:
      - Ruby
  response:
    status:
      code: 200
      message: OK
    headers:
      Content-Type:
      - text/xml
      Cache-Control:
      - no-cache
      Connection:
      - close
      Content-Length:
      - '390'
    body:
      encoding: UTF-8
      string: |
        <sourcediff key="652b725013fa825cae0013c7058d2348">
          <old project="test-target-project:openSUSE:open-build-service:PR-3" package="test-package" rev="0" srcmd5="d41d8cd98f00b204e9800998ecf8427e"/>
          <new project="test-target-project:openSUSE:open-build-service:PR-3" package="test-package" rev="5" srcmd5="411c6fd260778a3381a135e5cc0c1797"/>
          <files/>
          <issues>
          </issues>
        </sourcediff>
  recorded_at: Wed, 22 Sep 2021 11:01:41 GMT
- request:
    method: post
    uri: http://backend:5352/source/test-target-project:openSUSE:open-build-service:PR-3/test-package?cmd=linkdiff&linkrev=base&onlyissues=1&view=xml
    body:
      encoding: UTF-8
      string: ''
    headers:
      Content-Type:
      - application/octet-stream
      Accept-Encoding:
      - gzip;q=1.0,deflate;q=0.6,identity;q=0.3
      Accept:
      - "*/*"
      User-Agent:
      - Ruby
  response:
    status:
      code: 200
      message: OK
    headers:
      Content-Type:
      - text/xml
      Cache-Control:
      - no-cache
      Connection:
      - close
      Content-Length:
      - '389'
    body:
      encoding: UTF-8
      string: |
        <sourcediff key="695d555013f6ec4091561cfbe207cce8">
          <old project="test-project" package="test-package" rev="d41d8cd98f00b204e9800998ecf8427e" srcmd5="d41d8cd98f00b204e9800998ecf8427e"/>
          <new project="test-target-project:openSUSE:open-build-service:PR-3" package="test-package" rev="6dee1c1851207b12d4c251e1946048c7" srcmd5="6dee1c1851207b12d4c251e1946048c7"/>
          <files/>
        </sourcediff>
  recorded_at: Wed, 22 Sep 2021 11:01:41 GMT
- request:
    method: put
    uri: http://backend:5352/source/test-target-project:openSUSE:open-build-service:PR-3/_meta?user=Iggy
    body:
      encoding: UTF-8
      string: |
        <project name="test-target-project:openSUSE:open-build-service:PR-3">
          <title>Branch project for package test-package</title>
          <description>This project was created for package test-package via attribute OBS:Maintained</description>
          <person userid="Iggy" role="maintainer"/>
          <publish>
            <disable/>
          </publish>
        </project>
    headers:
      Accept-Encoding:
      - gzip;q=1.0,deflate;q=0.6,identity;q=0.3
      Accept:
      - "*/*"
      User-Agent:
      - Ruby
  response:
    status:
      code: 200
      message: OK
    headers:
      Content-Type:
      - text/xml
      Cache-Control:
      - no-cache
      Connection:
      - close
      Content-Length:
      - '330'
    body:
      encoding: UTF-8
      string: |
        <project name="test-target-project:openSUSE:open-build-service:PR-3">
          <title>Branch project for package test-package</title>
          <description>This project was created for package test-package via attribute OBS:Maintained</description>
          <person userid="Iggy" role="maintainer"/>
          <publish>
            <disable/>
          </publish>
        </project>
  recorded_at: Wed, 22 Sep 2021 11:01:41 GMT
- request:
    method: put
    uri: http://backend:5352/source/test-target-project:openSUSE:open-build-service:PR-3/test-package/_branch_request?user=Iggy
    body:
      encoding: UTF-8
      string: '{"object_kind":"merge_request","project":{"http_url":"https://gitlab.com/eduardoj2/test.git"},"object_attributes":{"source":{"default_branch":null}}}'
    headers:
      Accept-Encoding:
      - gzip;q=1.0,deflate;q=0.6,identity;q=0.3
      Accept:
      - "*/*"
      User-Agent:
      - Ruby
  response:
    status:
      code: 200
      message: OK
    headers:
      Content-Type:
      - text/xml
      Cache-Control:
      - no-cache
      Connection:
      - close
      Content-Length:
      - '204'
    body:
      encoding: UTF-8
      string: |
        <revision rev="6" vrev="6">
          <srcmd5>9082cd296bc89ddbf2414a8292db6821</srcmd5>
          <version>unknown</version>
          <time>1632308501</time>
          <user>Iggy</user>
          <comment></comment>
          <requestid/>
        </revision>
  recorded_at: Wed, 22 Sep 2021 11:01:41 GMT
- request:
    method: put
    uri: http://backend:5352/source/test-target-project:openSUSE:open-build-service:PR-3/test-package/_meta?user=Iggy
    body:
      encoding: UTF-8
      string: |
        <package name="test-package" project="test-target-project:openSUSE:open-build-service:PR-3">
          <title>Moab Is My Washpot</title>
          <description>Ut voluptate eaque autem.</description>
        </package>
    headers:
      Accept-Encoding:
      - gzip;q=1.0,deflate;q=0.6,identity;q=0.3
      Accept:
      - "*/*"
      User-Agent:
      - Ruby
  response:
    status:
      code: 200
      message: OK
    headers:
      Content-Type:
      - text/xml
      Cache-Control:
      - no-cache
      Connection:
      - close
      Content-Length:
      - '195'
    body:
      encoding: UTF-8
      string: |
        <package name="test-package" project="test-target-project:openSUSE:open-build-service:PR-3">
          <title>Moab Is My Washpot</title>
          <description>Ut voluptate eaque autem.</description>
        </package>
  recorded_at: Wed, 22 Sep 2021 11:01:41 GMT
- request:
    method: get
    uri: http://backend:5352/source/test-target-project:openSUSE:open-build-service:PR-3/test-package
    body:
      encoding: US-ASCII
      string: ''
    headers:
      Accept-Encoding:
      - gzip;q=1.0,deflate;q=0.6,identity;q=0.3
      Accept:
      - "*/*"
      User-Agent:
      - Ruby
  response:
    status:
      code: 200
      message: OK
    headers:
      Content-Type:
      - text/xml
      Cache-Control:
      - no-cache
      Connection:
      - close
      Content-Length:
      - '531'
    body:
      encoding: UTF-8
      string: |
        <directory name="test-package" rev="6" vrev="6" srcmd5="9082cd296bc89ddbf2414a8292db6821">
          <linkinfo project="test-project" package="test-package" srcmd5="d41d8cd98f00b204e9800998ecf8427e" baserev="d41d8cd98f00b204e9800998ecf8427e" xsrcmd5="f89815f3adf9c7030e5ca6473f9024da" lsrcmd5="9082cd296bc89ddbf2414a8292db6821"/>
          <entry name="_branch_request" md5="221ce078ff803f16456e3177ef033e40" size="149" mtime="1632308499"/>
          <entry name="_link" md5="7ab3a1829b804e8f1739b15e9d7904a7" size="120" mtime="1632308494"/>
        </directory>
  recorded_at: Wed, 22 Sep 2021 11:01:41 GMT
- request:
    method: get
    uri: http://backend:5352/source/test-target-project:openSUSE:open-build-service:PR-3/test-package?view=info
    body:
      encoding: US-ASCII
      string: ''
    headers:
      Accept-Encoding:
      - gzip;q=1.0,deflate;q=0.6,identity;q=0.3
      Accept:
      - "*/*"
      User-Agent:
      - Ruby
  response:
    status:
      code: 200
      message: OK
    headers:
      Content-Type:
      - text/xml
      Cache-Control:
      - no-cache
      Connection:
      - close
      Content-Length:
      - '331'
    body:
      encoding: UTF-8
      string: |
        <sourceinfo package="test-package" rev="6" vrev="6" srcmd5="f89815f3adf9c7030e5ca6473f9024da" lsrcmd5="9082cd296bc89ddbf2414a8292db6821" verifymd5="1af7233d1c1be463f8359cba22151f30">
          <error>bad build configuration, no build type defined or detected</error>
          <linked project="test-project" package="test-package"/>
        </sourceinfo>
  recorded_at: Wed, 22 Sep 2021 11:01:41 GMT
- request:
    method: get
    uri: http://backend:5352/source/test-target-project:openSUSE:open-build-service:PR-3/test-package
    body:
      encoding: US-ASCII
      string: ''
    headers:
      Accept-Encoding:
      - gzip;q=1.0,deflate;q=0.6,identity;q=0.3
      Accept:
      - "*/*"
      User-Agent:
      - Ruby
  response:
    status:
      code: 200
      message: OK
    headers:
      Content-Type:
      - text/xml
      Cache-Control:
      - no-cache
      Connection:
      - close
      Content-Length:
      - '531'
    body:
      encoding: UTF-8
      string: |
        <directory name="test-package" rev="6" vrev="6" srcmd5="9082cd296bc89ddbf2414a8292db6821">
          <linkinfo project="test-project" package="test-package" srcmd5="d41d8cd98f00b204e9800998ecf8427e" baserev="d41d8cd98f00b204e9800998ecf8427e" xsrcmd5="f89815f3adf9c7030e5ca6473f9024da" lsrcmd5="9082cd296bc89ddbf2414a8292db6821"/>
          <entry name="_branch_request" md5="221ce078ff803f16456e3177ef033e40" size="149" mtime="1632308499"/>
          <entry name="_link" md5="7ab3a1829b804e8f1739b15e9d7904a7" size="120" mtime="1632308494"/>
        </directory>
  recorded_at: Wed, 22 Sep 2021 11:01:41 GMT
- request:
    method: post
    uri: http://backend:5352/source/test-target-project:openSUSE:open-build-service:PR-3/test-package?cmd=diff&linkrev=base&onlyissues=1&orev=0&view=xml
    body:
      encoding: UTF-8
      string: ''
    headers:
      Content-Type:
      - application/octet-stream
      Accept-Encoding:
      - gzip;q=1.0,deflate;q=0.6,identity;q=0.3
      Accept:
      - "*/*"
      User-Agent:
      - Ruby
  response:
    status:
      code: 200
      message: OK
    headers:
      Content-Type:
      - text/xml
      Cache-Control:
      - no-cache
      Connection:
      - close
      Content-Length:
      - '390'
    body:
      encoding: UTF-8
      string: |
        <sourcediff key="705b069b6c83a6e9c1da22a645d2a6ec">
          <old project="test-target-project:openSUSE:open-build-service:PR-3" package="test-package" rev="0" srcmd5="d41d8cd98f00b204e9800998ecf8427e"/>
          <new project="test-target-project:openSUSE:open-build-service:PR-3" package="test-package" rev="6" srcmd5="9082cd296bc89ddbf2414a8292db6821"/>
          <files/>
          <issues>
          </issues>
        </sourcediff>
  recorded_at: Wed, 22 Sep 2021 11:01:41 GMT
- request:
    method: post
    uri: http://backend:5352/source/test-target-project:openSUSE:open-build-service:PR-3/test-package?cmd=linkdiff&linkrev=base&onlyissues=1&view=xml
    body:
      encoding: UTF-8
      string: ''
    headers:
      Content-Type:
      - application/octet-stream
      Accept-Encoding:
      - gzip;q=1.0,deflate;q=0.6,identity;q=0.3
      Accept:
      - "*/*"
      User-Agent:
      - Ruby
  response:
    status:
      code: 200
      message: OK
    headers:
      Content-Type:
      - text/xml
      Content-Length:
      - '412'
      Cache-Control:
      - no-cache
      Connection:
      - close
    body:
      encoding: UTF-8
      string: |
        <sourcediff key="a836a5ad5781ff36bb675aab005856a6">
          <old project="test-project" package="test-package" rev="d41d8cd98f00b204e9800998ecf8427e" srcmd5="d41d8cd98f00b204e9800998ecf8427e"/>
          <new project="test-target-project:openSUSE:open-build-service:PR-3" package="test-package" rev="f89815f3adf9c7030e5ca6473f9024da" srcmd5="f89815f3adf9c7030e5ca6473f9024da"/>
          <files/>
          <issues>
          </issues>
        </sourcediff>
  recorded_at: Wed, 22 Sep 2021 11:01:41 GMT
recorded_with: VCR 6.0.0
