---
http_interactions:
- request:
    method: put
    uri: http://backend:5352/source/home:tom/_meta?user=tom
    body:
      encoding: UTF-8
      string: |
        <project name="home:tom">
          <title/>
          <description/>
          <person userid="tom" role="maintainer"/>
        </project>
    headers:
      Accept-Encoding:
      - gzip;q=1.0,deflate;q=0.6,identity;q=0.3
      Accept:
      - "*/*"
      User-Agent:
      - Ruby
  response:
    status:
      code: 200
      message: OK
    headers:
      Content-Type:
      - text/xml
      Cache-Control:
      - no-cache
      Connection:
      - close
      Content-Length:
      - '128'
    body:
      encoding: UTF-8
      string: |
        <project name="home:tom">
          <title></title>
          <description></description>
          <person userid="tom" role="maintainer"/>
        </project>
  recorded_at: Mon, 26 Apr 2021 12:37:21 GMT
- request:
    method: put
    uri: http://backend:5352/source/home:tom/apache2/_meta?user=user_46
    body:
      encoding: UTF-8
      string: |
        <package name="apache2" project="home:tom">
          <title>The Cricket on the Hearth</title>
          <description>Laudantium ex rerum quis.</description>
        </package>
    headers:
      Accept-Encoding:
      - gzip;q=1.0,deflate;q=0.6,identity;q=0.3
      Accept:
      - "*/*"
      User-Agent:
      - Ruby
  response:
    status:
      code: 200
      message: OK
    headers:
      Content-Type:
      - text/xml
      Cache-Control:
      - no-cache
      Connection:
      - close
      Content-Length:
      - '153'
    body:
      encoding: UTF-8
      string: |
        <package name="apache2" project="home:tom">
          <title>The Cricket on the Hearth</title>
          <description>Laudantium ex rerum quis.</description>
        </package>
  recorded_at: Mon, 26 Apr 2021 12:37:21 GMT
- request:
    method: put
    uri: http://backend:5352/source/home:tom/apache2/_service
    body:
      encoding: UTF-8
      string: "<services/>"
    headers:
      Accept-Encoding:
      - gzip;q=1.0,deflate;q=0.6,identity;q=0.3
      Accept:
      - "*/*"
      User-Agent:
      - Ruby
  response:
    status:
      code: 200
      message: OK
    headers:
      Content-Type:
      - text/xml
      Cache-Control:
      - no-cache
      Connection:
      - close
      Content-Length:
      - '211'
    body:
      encoding: UTF-8
      string: |
        <revision rev="201" vrev="201">
          <srcmd5>ec050aaa6967745d6902df7ed278428b</srcmd5>
          <version>unknown</version>
          <time>1619440641</time>
          <user>unknown</user>
          <comment></comment>
          <requestid/>
        </revision>
  recorded_at: Mon, 26 Apr 2021 12:37:22 GMT
- request:
    method: put
    uri: http://backend:5352/source/project_14/_meta?user=user_47
    body:
      encoding: UTF-8
      string: |
        <project name="project_14">
          <title>Precious Bane</title>
          <description/>
        </project>
    headers:
      Accept-Encoding:
      - gzip;q=1.0,deflate;q=0.6,identity;q=0.3
      Accept:
      - "*/*"
      User-Agent:
      - Ruby
  response:
    status:
      code: 200
      message: OK
    headers:
      Content-Type:
      - text/xml
      Cache-Control:
      - no-cache
      Connection:
      - close
      Content-Length:
      - '100'
    body:
      encoding: UTF-8
      string: |
        <project name="project_14">
          <title>Precious Bane</title>
          <description></description>
        </project>
  recorded_at: Mon, 26 Apr 2021 12:37:23 GMT
- request:
    method: put
    uri: http://backend:5352/source/project_14/package_14/_meta?user=user_48
    body:
      encoding: UTF-8
      string: |
        <package name="package_14" project="project_14">
          <title>The Yellow Meads of Asphodel</title>
          <description>Et incidunt id at.</description>
        </package>
    headers:
      Accept-Encoding:
      - gzip;q=1.0,deflate;q=0.6,identity;q=0.3
      Accept:
      - "*/*"
      User-Agent:
      - Ruby
  response:
    status:
      code: 200
      message: OK
    headers:
      Content-Type:
      - text/xml
      Cache-Control:
      - no-cache
      Connection:
      - close
      Content-Length:
      - '154'
    body:
      encoding: UTF-8
      string: |
        <package name="package_14" project="project_14">
          <title>The Yellow Meads of Asphodel</title>
          <description>Et incidunt id at.</description>
        </package>
  recorded_at: Mon, 26 Apr 2021 12:37:24 GMT
recorded_with: VCR 6.0.0
