---
http_interactions:
- request:
    method: put
    uri: http://backend:5352/source/home:user_1/_meta?user=user_1
    body:
      encoding: UTF-8
      string: |
        <project name="home:user_1">
          <title/>
          <description/>
          <person userid="user_1" role="maintainer"/>
        </project>
    headers:
      Accept-Encoding:
      - gzip;q=1.0,deflate;q=0.6,identity;q=0.3
      Accept:
      - "*/*"
      User-Agent:
      - Ruby
  response:
    status:
      code: 200
      message: OK
    headers:
      Content-Type:
      - text/xml
      Cache-Control:
      - no-cache
      Connection:
      - close
      Content-Length:
      - '134'
    body:
      encoding: UTF-8
      string: |
        <project name="home:user_1">
          <title></title>
          <description></description>
          <person userid="user_1" role="maintainer"/>
        </project>
    http_version: 
  recorded_at: Thu, 10 Oct 2019 14:06:57 GMT
- request:
    method: put
    uri: http://backend:5352/source/home:Jane/_meta?user=Jane
    body:
      encoding: UTF-8
      string: |
        <project name="home:Jane">
          <title/>
          <description/>
          <person userid="Jane" role="maintainer"/>
        </project>
    headers:
      Accept-Encoding:
      - gzip;q=1.0,deflate;q=0.6,identity;q=0.3
      Accept:
      - "*/*"
      User-Agent:
      - Ruby
  response:
    status:
      code: 200
      message: OK
    headers:
      Content-Type:
      - text/xml
      Cache-Control:
      - no-cache
      Connection:
      - close
      Content-Length:
      - '130'
    body:
      encoding: UTF-8
      string: |
        <project name="home:Jane">
          <title></title>
          <description></description>
          <person userid="Jane" role="maintainer"/>
        </project>
    http_version: 
  recorded_at: Thu, 10 Oct 2019 14:06:57 GMT
- request:
    method: put
    uri: http://backend:5352/source/home:Jane/broken_package/_meta?user=Jane
    body:
      encoding: UTF-8
      string: |
        <package name="broken_package" project="home:Jane">
          <title>Many Waters</title>
          <description>Ab architecto unde enim.</description>
        </package>
    headers:
      Accept-Encoding:
      - gzip;q=1.0,deflate;q=0.6,identity;q=0.3
      Accept:
      - "*/*"
      User-Agent:
      - Ruby
  response:
    status:
      code: 200
      message: OK
    headers:
      Content-Type:
      - text/xml
      Cache-Control:
      - no-cache
      Connection:
      - close
      Content-Length:
      - '146'
    body:
      encoding: UTF-8
      string: |
        <package name="broken_package" project="home:Jane">
          <title>Many Waters</title>
          <description>Ab architecto unde enim.</description>
        </package>
    http_version: 
  recorded_at: Thu, 10 Oct 2019 14:07:01 GMT
- request:
    method: put
    uri: http://backend:5352/source/project_1/_meta?user=Jane
    body:
      encoding: UTF-8
      string: |
        <project name="project_1">
          <title>Antic Hay</title>
          <description/>
        </project>
    headers:
      Accept-Encoding:
      - gzip;q=1.0,deflate;q=0.6,identity;q=0.3
      Accept:
      - "*/*"
      User-Agent:
      - Ruby
  response:
    status:
      code: 200
      message: OK
    headers:
      Content-Type:
      - text/xml
      Cache-Control:
      - no-cache
      Connection:
      - close
      Content-Length:
      - '95'
    body:
      encoding: UTF-8
      string: |
        <project name="project_1">
          <title>Antic Hay</title>
          <description></description>
        </project>
    http_version: 
  recorded_at: Thu, 10 Oct 2019 14:07:01 GMT
- request:
    method: put
    uri: http://backend:5352/source/project_1/_project/_attribute?meta=1&user=Jane
    body:
      encoding: UTF-8
      string: |
        <attributes>
          <attribute name="ProjectStatusPackageFailComment" namespace="OBS">
            <value>Assumenda non voluptatem consequatur.</value>
          </attribute>
        </attributes>
    headers:
      Accept-Encoding:
      - gzip;q=1.0,deflate;q=0.6,identity;q=0.3
      Accept:
      - "*/*"
      User-Agent:
      - Ruby
  response:
    status:
      code: 200
      message: OK
    headers:
      Content-Type:
      - text/xml
      Cache-Control:
      - no-cache
      Connection:
      - close
      Content-Length:
      - '167'
    body:
      encoding: UTF-8
      string: |
        <revision rev="10">
          <srcmd5>cfbde798ada8057de4be06bb7d494f37</srcmd5>
          <time>1570716421</time>
          <user>Jane</user>
          <comment></comment>
          <requestid/>
        </revision>
    http_version: 
  recorded_at: Thu, 10 Oct 2019 14:07:01 GMT
- request:
    method: get
    uri: http://backend:5352/source/home:Jane/broken_package?view=info
    body:
      encoding: US-ASCII
      string: ''
    headers:
      Accept-Encoding:
      - gzip;q=1.0,deflate;q=0.6,identity;q=0.3
      Accept:
      - "*/*"
      User-Agent:
      - Ruby
  response:
    status:
      code: 200
      message: OK
    headers:
      Content-Type:
      - text/xml
      Cache-Control:
      - no-cache
      Connection:
      - close
      Content-Length:
      - '130'
    body:
      encoding: UTF-8
      string: |
        <sourceinfo package="broken_package" srcmd5="d41d8cd98f00b204e9800998ecf8427e">
          <error>no source uploaded</error>
        </sourceinfo>
    http_version: 
  recorded_at: Thu, 10 Oct 2019 14:07:02 GMT
- request:
    method: get
    uri: http://backend:5352/source/home:Jane/broken_package
    body:
      encoding: US-ASCII
      string: ''
    headers:
      Accept-Encoding:
      - gzip;q=1.0,deflate;q=0.6,identity;q=0.3
      Accept:
      - "*/*"
      User-Agent:
      - Ruby
  response:
    status:
      code: 200
      message: OK
    headers:
      Content-Type:
      - text/xml
      Cache-Control:
      - no-cache
      Connection:
      - close
      Content-Length:
      - '89'
    body:
      encoding: UTF-8
      string: |
        <directory name="broken_package" srcmd5="d41d8cd98f00b204e9800998ecf8427e">
        </directory>
    http_version: 
  recorded_at: Thu, 10 Oct 2019 14:07:02 GMT
- request:
    method: post
    uri: http://backend:5352/source/home:Jane/broken_package?cmd=diff&linkrev=base&onlyissues=1&orev=0&view=xml
    body:
      encoding: UTF-8
      string: ''
    headers:
      Content-Type:
      - application/octet-stream
      Accept-Encoding:
      - gzip;q=1.0,deflate;q=0.6,identity;q=0.3
      Accept:
      - "*/*"
      User-Agent:
      - Ruby
  response:
    status:
      code: 200
      message: OK
    headers:
      Content-Type:
      - text/xml
      Cache-Control:
      - no-cache
      Connection:
      - close
      Content-Length:
      - '285'
    body:
      encoding: UTF-8
      string: |
        <sourcediff key="04e88089738d738bda9c345e68aad9bf">
          <old project="home:Jane" package="broken_package" rev="0" srcmd5="d41d8cd98f00b204e9800998ecf8427e"/>
          <new project="home:Jane" package="broken_package" rev="0" srcmd5="d41d8cd98f00b204e9800998ecf8427e"/>
          <files/>
        </sourcediff>
    http_version: 
  recorded_at: Thu, 10 Oct 2019 14:07:02 GMT
- request:
    method: get
    uri: http://backend:5352/getprojpack?expandedrepos=1&nopackages=1&project=home:Jane&withrepos=1
    body:
      encoding: US-ASCII
      string: ''
    headers:
      Accept-Encoding:
      - gzip;q=1.0,deflate;q=0.6,identity;q=0.3
      Accept:
      - "*/*"
      User-Agent:
      - Ruby
  response:
    status:
      code: 200
      message: OK
    headers:
      Content-Type:
      - text/xml
      Cache-Control:
      - no-cache
      Connection:
      - close
      Content-Length:
      - '136'
    body:
      encoding: UTF-8
      string: |
        <projpack repoid="046562153">
          <project name="home:Jane">
            <title></title>
            <description></description>
          </project>
        </projpack>
    http_version: 
  recorded_at: Thu, 10 Oct 2019 14:07:02 GMT
recorded_with: VCR 5.0.0
