---
http_interactions:
- request:
    method: put
    uri: http://backend:5352/source/home:Iggy/_meta?user=Iggy
    body:
      encoding: UTF-8
      string: |
        <project name="home:Iggy">
          <title/>
          <description/>
          <person userid="Iggy" role="maintainer"/>
        </project>
    headers:
      Accept-Encoding:
      - gzip;q=1.0,deflate;q=0.6,identity;q=0.3
      Accept:
      - "*/*"
      User-Agent:
      - Ruby
  response:
    status:
      code: 200
      message: OK
    headers:
      Content-Type:
      - text/xml
      Cache-Control:
      - no-cache
      Connection:
      - close
      Content-Length:
      - '130'
    body:
      encoding: UTF-8
      string: |
        <project name="home:Iggy">
          <title></title>
          <description></description>
          <person userid="Iggy" role="maintainer"/>
        </project>
  recorded_at: Fri, 24 Sep 2021 11:53:50 GMT
- request:
    method: put
    uri: http://backend:5352/source/foo_project/_meta?user=user_7
    body:
      encoding: UTF-8
      string: |
        <project name="foo_project">
          <title>A Swiftly Tilting Planet</title>
          <description/>
          <person userid="Iggy" role="maintainer"/>
        </project>
    headers:
      Accept-Encoding:
      - gzip;q=1.0,deflate;q=0.6,identity;q=0.3
      Accept:
      - "*/*"
      User-Agent:
      - Ruby
  response:
    status:
      code: 200
      message: OK
    headers:
      Content-Type:
      - text/xml
      Cache-Control:
      - no-cache
      Connection:
      - close
      Content-Length:
      - '156'
    body:
      encoding: UTF-8
      string: |
        <project name="foo_project">
          <title>A Swiftly Tilting Planet</title>
          <description></description>
          <person userid="Iggy" role="maintainer"/>
        </project>
  recorded_at: Fri, 24 Sep 2021 11:53:50 GMT
- request:
    method: put
    uri: http://backend:5352/source/foo_project/bar_package/_meta?user=user_8
    body:
      encoding: UTF-8
      string: |
        <package name="bar_package" project="foo_project">
          <title>A Monstrous Regiment of Women</title>
          <description>Sit explicabo blanditiis non.</description>
        </package>
    headers:
      Accept-Encoding:
      - gzip;q=1.0,deflate;q=0.6,identity;q=0.3
      Accept:
      - "*/*"
      User-Agent:
      - Ruby
  response:
    status:
      code: 200
      message: OK
    headers:
      Content-Type:
      - text/xml
      Cache-Control:
      - no-cache
      Connection:
      - close
      Content-Length:
      - '168'
    body:
      encoding: UTF-8
      string: |
        <package name="bar_package" project="foo_project">
          <title>A Monstrous Regiment of Women</title>
          <description>Sit explicabo blanditiis non.</description>
        </package>
  recorded_at: Fri, 24 Sep 2021 11:53:50 GMT
- request:
    method: put
    uri: http://backend:5352/source/foo_project/bar_package/_config
    body:
      encoding: UTF-8
      string: Dicta sit natus. Velit sit blanditiis. Ipsa quidem quae.
    headers:
      Accept-Encoding:
      - gzip;q=1.0,deflate;q=0.6,identity;q=0.3
      Accept:
      - "*/*"
      User-Agent:
      - Ruby
  response:
    status:
      code: 200
      message: OK
    headers:
      Content-Type:
      - text/xml
      Cache-Control:
      - no-cache
      Connection:
      - close
      Content-Length:
      - '209'
    body:
      encoding: UTF-8
      string: |
        <revision rev="39" vrev="39">
          <srcmd5>7983f327f40291df7e57827b96d8058d</srcmd5>
          <version>unknown</version>
          <time>1632484430</time>
          <user>unknown</user>
          <comment></comment>
          <requestid/>
        </revision>
  recorded_at: Fri, 24 Sep 2021 11:53:50 GMT
- request:
    method: put
    uri: http://backend:5352/source/foo_project/bar_package/somefile.txt
    body:
      encoding: UTF-8
      string: Tempore et assumenda. Voluptas repellat odio. Molestiae debitis aliquid.
    headers:
      Accept-Encoding:
      - gzip;q=1.0,deflate;q=0.6,identity;q=0.3
      Accept:
      - "*/*"
      User-Agent:
      - Ruby
  response:
    status:
      code: 200
      message: OK
    headers:
      Content-Type:
      - text/xml
      Cache-Control:
      - no-cache
      Connection:
      - close
      Content-Length:
      - '209'
    body:
      encoding: UTF-8
      string: |
        <revision rev="40" vrev="40">
          <srcmd5>36642d4e5b7e513ae375e932ffb46562</srcmd5>
          <version>unknown</version>
          <time>1632484430</time>
          <user>unknown</user>
          <comment></comment>
          <requestid/>
        </revision>
  recorded_at: Fri, 24 Sep 2021 11:53:50 GMT
- request:
    method: put
    uri: http://backend:5352/source/home:Iggy/bar_package-123/_meta?user=Iggy
    body:
      encoding: UTF-8
      string: |
        <package name="bar_package-123" project="home:Iggy">
          <title/>
          <description/>
        </package>
    headers:
      Accept-Encoding:
      - gzip;q=1.0,deflate;q=0.6,identity;q=0.3
      Accept:
      - "*/*"
      User-Agent:
      - Ruby
  response:
    status:
      code: 200
      message: OK
    headers:
      Content-Type:
      - text/xml
      Cache-Control:
      - no-cache
      Connection:
      - close
      Content-Length:
      - '112'
    body:
      encoding: UTF-8
      string: |
        <package name="bar_package-123" project="home:Iggy">
          <title></title>
          <description></description>
        </package>
  recorded_at: Fri, 24 Sep 2021 11:53:50 GMT
- request:
    method: put
    uri: http://backend:5352/source/home:Iggy/_project/_meta?user=Iggy
    body:
      encoding: UTF-8
      string: |
        <package name="_project" project="home:Iggy">
          <title/>
          <description/>
        </package>
    headers:
      Accept-Encoding:
      - gzip;q=1.0,deflate;q=0.6,identity;q=0.3
      Accept:
      - "*/*"
      User-Agent:
      - Ruby
  response:
    status:
      code: 200
      message: OK
    headers:
      Content-Type:
      - text/xml
      Cache-Control:
      - no-cache
      Connection:
      - close
      Content-Length:
      - '105'
    body:
      encoding: UTF-8
      string: |
        <package name="_project" project="home:Iggy">
          <title></title>
          <description></description>
        </package>
  recorded_at: Fri, 24 Sep 2021 11:53:50 GMT
- request:
    method: put
    uri: http://backend:5352/source/home:Iggy/_project/_service?user=Iggy
    body:
      encoding: UTF-8
      string: |
        <services>
          <service name="format_spec_file" mode="localonly"/>
        </services>
    headers:
      Accept-Encoding:
      - gzip;q=1.0,deflate;q=0.6,identity;q=0.3
      Accept:
      - "*/*"
      User-Agent:
      - Ruby
  response:
    status:
      code: 200
      message: OK
    headers:
      Content-Type:
      - text/xml
      Cache-Control:
      - no-cache
      Connection:
      - close
      Content-Length:
      - '167'
    body:
      encoding: UTF-8
      string: |
        <revision rev="15">
          <srcmd5>58ae26056fd970c7f7c9bad137b6665e</srcmd5>
          <time>1632484430</time>
          <user>Iggy</user>
          <comment></comment>
          <requestid/>
        </revision>
  recorded_at: Fri, 24 Sep 2021 11:53:50 GMT
- request:
    method: put
    uri: http://backend:5352/source/home:Iggy/bar_package-123/_link?user=Iggy
    body:
      encoding: UTF-8
      string: <link project="foo_project" package="bar_package"/>
    headers:
      Accept-Encoding:
      - gzip;q=1.0,deflate;q=0.6,identity;q=0.3
      Accept:
      - "*/*"
      User-Agent:
      - Ruby
  response:
    status:
      code: 200
      message: OK
    headers:
      Content-Type:
      - text/xml
      Cache-Control:
      - no-cache
      Connection:
      - close
      Content-Length:
      - '206'
    body:
      encoding: UTF-8
      string: |
        <revision rev="29" vrev="29">
          <srcmd5>007e414958e986c5a27a6f5e81f11202</srcmd5>
          <version>unknown</version>
          <time>1632484430</time>
          <user>Iggy</user>
          <comment></comment>
          <requestid/>
        </revision>
  recorded_at: Fri, 24 Sep 2021 11:53:50 GMT
- request:
    method: put
    uri: http://backend:5352/source/home:Iggy/bar_package-123/_branch_request?user=Iggy
    body:
      encoding: UTF-8
      string: '{"action":"opened","pull_request":{"head":{"repo":{"full_name":"reponame"},"sha":"123"}}}'
    headers:
      Accept-Encoding:
      - gzip;q=1.0,deflate;q=0.6,identity;q=0.3
      Accept:
      - "*/*"
      User-Agent:
      - Ruby
  response:
    status:
      code: 200
      message: OK
    headers:
      Content-Type:
      - text/xml
      Cache-Control:
      - no-cache
      Connection:
      - close
      Content-Length:
      - '206'
    body:
      encoding: UTF-8
      string: |
        <revision rev="30" vrev="30">
          <srcmd5>2e4b0fe81fd1aa1df2b4c454929d6391</srcmd5>
          <version>unknown</version>
          <time>1632484430</time>
          <user>Iggy</user>
          <comment></comment>
          <requestid/>
        </revision>
  recorded_at: Fri, 24 Sep 2021 11:53:50 GMT
- request:
    method: put
    uri: http://backend:5352/source/home:Iggy/bar_package-123/_meta?user=Iggy
    body:
      encoding: UTF-8
      string: |
        <package name="bar_package-123" project="home:Iggy">
          <title/>
          <description/>
        </package>
    headers:
      Accept-Encoding:
      - gzip;q=1.0,deflate;q=0.6,identity;q=0.3
      Accept:
      - "*/*"
      User-Agent:
      - Ruby
  response:
    status:
      code: 200
      message: OK
    headers:
      Content-Type:
      - text/xml
      Cache-Control:
      - no-cache
      Connection:
      - close
      Content-Length:
      - '112'
    body:
      encoding: UTF-8
      string: |
        <package name="bar_package-123" project="home:Iggy">
          <title></title>
          <description></description>
        </package>
  recorded_at: Fri, 24 Sep 2021 11:53:50 GMT
- request:
    method: get
    uri: http://backend:5352/source/home:Iggy/bar_package-123
    body:
      encoding: US-ASCII
      string: ''
    headers:
      Accept-Encoding:
      - gzip;q=1.0,deflate;q=0.6,identity;q=0.3
      Accept:
      - "*/*"
      User-Agent:
      - Ruby
  response:
    status:
      code: 200
      message: OK
    headers:
      Content-Type:
      - text/xml
      Cache-Control:
      - no-cache
      Connection:
      - close
      Content-Length:
      - '566'
    body:
      encoding: UTF-8
      string: |
        <directory name="bar_package-123" rev="30" vrev="30" srcmd5="2e4b0fe81fd1aa1df2b4c454929d6391">
          <linkinfo project="foo_project" package="bar_package" srcmd5="36642d4e5b7e513ae375e932ffb46562" xsrcmd5="f32c181c7957651ca727e4771e6acaac" lsrcmd5="2e4b0fe81fd1aa1df2b4c454929d6391"/>
          <serviceinfo code="succeeded" xsrcmd5="b69657edae1847771109cdd65af74b26"/>
          <entry name="_branch_request" md5="4becc0c108a703b38c26920c45965516" size="89" mtime="1632484427"/>
          <entry name="_link" md5="858d6500f0ccc27f85ed9dc8c2006d8e" size="51" mtime="1632484379"/>
        </directory>
  recorded_at: Fri, 24 Sep 2021 11:53:50 GMT
- request:
    method: get
    uri: http://backend:5352/source/home:Iggy/bar_package-123?view=info
    body:
      encoding: US-ASCII
      string: ''
    headers:
      Accept-Encoding:
      - gzip;q=1.0,deflate;q=0.6,identity;q=0.3
      Accept:
      - "*/*"
      User-Agent:
      - Ruby
  response:
    status:
      code: 200
      message: OK
    headers:
      Content-Type:
      - text/xml
      Cache-Control:
      - no-cache
      Connection:
      - close
      Content-Length:
      - '334'
    body:
      encoding: UTF-8
      string: |
        <sourceinfo package="bar_package-123" rev="30" vrev="70" srcmd5="a78b10a66702f469ad6d235779fb9ae2" lsrcmd5="b69657edae1847771109cdd65af74b26" verifymd5="364deed75b3ac9352ed34af39e378396">
          <error>bad build configuration, no build type defined or detected</error>
          <linked project="foo_project" package="bar_package"/>
        </sourceinfo>
  recorded_at: Fri, 24 Sep 2021 11:53:50 GMT
- request:
    method: get
    uri: http://backend:5352/source/home:Iggy/bar_package-123
    body:
      encoding: US-ASCII
      string: ''
    headers:
      Accept-Encoding:
      - gzip;q=1.0,deflate;q=0.6,identity;q=0.3
      Accept:
      - "*/*"
      User-Agent:
      - Ruby
  response:
    status:
      code: 200
      message: OK
    headers:
      Content-Type:
      - text/xml
      Cache-Control:
      - no-cache
      Connection:
      - close
      Content-Length:
      - '566'
    body:
      encoding: UTF-8
      string: |
        <directory name="bar_package-123" rev="30" vrev="30" srcmd5="2e4b0fe81fd1aa1df2b4c454929d6391">
          <linkinfo project="foo_project" package="bar_package" srcmd5="36642d4e5b7e513ae375e932ffb46562" xsrcmd5="f32c181c7957651ca727e4771e6acaac" lsrcmd5="2e4b0fe81fd1aa1df2b4c454929d6391"/>
          <serviceinfo code="succeeded" xsrcmd5="b69657edae1847771109cdd65af74b26"/>
          <entry name="_branch_request" md5="4becc0c108a703b38c26920c45965516" size="89" mtime="1632484427"/>
          <entry name="_link" md5="858d6500f0ccc27f85ed9dc8c2006d8e" size="51" mtime="1632484379"/>
        </directory>
  recorded_at: Fri, 24 Sep 2021 11:53:50 GMT
- request:
    method: post
    uri: http://backend:5352/source/home:Iggy/bar_package-123?cmd=diff&linkrev=base&onlyissues=1&orev=0&view=xml
    body:
      encoding: UTF-8
      string: ''
    headers:
      Content-Type:
      - application/octet-stream
      Accept-Encoding:
      - gzip;q=1.0,deflate;q=0.6,identity;q=0.3
      Accept:
      - "*/*"
      User-Agent:
      - Ruby
  response:
    status:
      code: 200
      message: OK
    headers:
      Content-Type:
      - text/xml
      Cache-Control:
      - no-cache
      Connection:
      - close
      Content-Length:
      - '311'
    body:
      encoding: UTF-8
      string: |
        <sourcediff key="e003e5f88d239e859f08f6ee6c713bc3">
          <old project="home:Iggy" package="bar_package-123" rev="0" srcmd5="d41d8cd98f00b204e9800998ecf8427e"/>
          <new project="home:Iggy" package="bar_package-123" rev="30" srcmd5="2e4b0fe81fd1aa1df2b4c454929d6391"/>
          <files/>
          <issues>
          </issues>
        </sourcediff>
  recorded_at: Fri, 24 Sep 2021 11:53:50 GMT
- request:
    method: post
    uri: http://backend:5352/source/home:Iggy/bar_package-123?cmd=linkdiff&linkrev=base&onlyissues=1&view=xml
    body:
      encoding: UTF-8
      string: ''
    headers:
      Content-Type:
      - application/octet-stream
      Accept-Encoding:
      - gzip;q=1.0,deflate;q=0.6,identity;q=0.3
      Accept:
      - "*/*"
      User-Agent:
      - Ruby
  response:
    status:
      code: 200
      message: OK
    headers:
      Content-Type:
      - text/xml
      Cache-Control:
      - no-cache
      Connection:
      - close
      Content-Length:
      - '370'
    body:
      encoding: UTF-8
      string: |
        <sourcediff key="2face325d471c9c12c0cbff44560cd4b">
          <old project="foo_project" package="bar_package" rev="36642d4e5b7e513ae375e932ffb46562" srcmd5="36642d4e5b7e513ae375e932ffb46562"/>
          <new project="home:Iggy" package="bar_package-123" rev="a78b10a66702f469ad6d235779fb9ae2" srcmd5="a78b10a66702f469ad6d235779fb9ae2"/>
          <files/>
          <issues>
          </issues>
        </sourcediff>
  recorded_at: Fri, 24 Sep 2021 11:53:50 GMT
recorded_with: VCR 6.0.0
