---
http_interactions:
- request:
    method: put
    uri: http://backend:5352/source/project/_meta?user=user_30
    body:
      encoding: UTF-8
      string: |
        <project name="project">
          <title>The Moving Toyshop</title>
          <description/>
          <person userid="foo" role="maintainer"/>
        </project>
    headers:
      Accept-Encoding:
      - gzip;q=1.0,deflate;q=0.6,identity;q=0.3
      Accept:
      - "*/*"
      User-Agent:
      - Ruby
  response:
    status:
      code: 200
      message: OK
    headers:
      Content-Type:
      - text/xml
      Cache-Control:
      - no-cache
      Connection:
      - close
      Content-Length:
      - '145'
    body:
      encoding: UTF-8
      string: |
        <project name="project">
          <title>The Moving Toyshop</title>
          <description></description>
          <person userid="foo" role="maintainer"/>
        </project>
  recorded_at: Mon, 03 May 2021 15:47:18 GMT
- request:
    method: put
    uri: http://backend:5352/source/project/package_trigger/_meta?user=user_31
    body:
      encoding: UTF-8
      string: |
        <package name="package_trigger" project="project">
          <title>The Parliament of Man</title>
          <description>Consequuntur temporibus in itaque.</description>
        </package>
    headers:
      Accept-Encoding:
      - gzip;q=1.0,deflate;q=0.6,identity;q=0.3
      Accept:
      - "*/*"
      User-Agent:
      - Ruby
  response:
    status:
      code: 200
      message: OK
    headers:
      Content-Type:
      - text/xml
      Cache-Control:
      - no-cache
      Connection:
      - close
      Content-Length:
      - '165'
    body:
      encoding: UTF-8
      string: |
        <package name="package_trigger" project="project">
          <title>The Parliament of Man</title>
          <description>Consequuntur temporibus in itaque.</description>
        </package>
  recorded_at: Mon, 03 May 2021 15:47:18 GMT
- request:
    method: post
    uri: http://backend:5352/source/project/package_trigger?cmd=runservice&user=foo
    body:
      encoding: UTF-8
      string: ''
    headers:
      Content-Type:
      - application/octet-stream
      Accept-Encoding:
      - gzip;q=1.0,deflate;q=0.6,identity;q=0.3
      Accept:
      - "*/*"
      User-Agent:
      - Ruby
  response:
    status:
      code: 404
      message: no source service defined!
    headers:
      Content-Type:
      - text/xml
      Cache-Control:
      - no-cache
      Connection:
      - close
      Content-Length:
      - '130'
    body:
      encoding: UTF-8
      string: |
        <status code="404">
          <summary>no source service defined!</summary>
          <details>404 no source service defined!</details>
        </status>
  recorded_at: Mon, 03 May 2021 15:47:18 GMT
recorded_with: VCR 6.0.0
