---
http_interactions:
- request:
    method: put
    uri: http://backend:5352/source/home:tom/_meta?user=tom
    body:
      encoding: UTF-8
      string: |
        <project name="home:tom">
          <title/>
          <description/>
          <person userid="tom" role="maintainer"/>
        </project>
    headers:
      Accept-Encoding:
      - gzip;q=1.0,deflate;q=0.6,identity;q=0.3
      Accept:
      - "*/*"
      User-Agent:
      - Ruby
  response:
    status:
      code: 200
      message: OK
    headers:
      Content-Type:
      - text/xml
      Cache-Control:
      - no-cache
      Connection:
      - close
      Content-Length:
      - '128'
    body:
      encoding: UTF-8
      string: |
        <project name="home:tom">
          <title></title>
          <description></description>
          <person userid="tom" role="maintainer"/>
        </project>
    http_version: 
  recorded_at: Fri, 27 Sep 2019 14:16:41 GMT
- request:
    method: put
    uri: http://backend:5352/source/home:tom/my_package/_meta?user=tom
    body:
      encoding: UTF-8
      string: |
        <package name="my_package" project="home:tom">
          <title>I Will Fear No Evil</title>
          <description>Magni quam expedita doloribus.</description>
        </package>
    headers:
      Accept-Encoding:
      - gzip;q=1.0,deflate;q=0.6,identity;q=0.3
      Accept:
      - "*/*"
      User-Agent:
      - Ruby
  response:
    status:
      code: 200
      message: OK
    headers:
      Content-Type:
      - text/xml
      Cache-Control:
      - no-cache
      Connection:
      - close
      Content-Length:
      - '155'
    body:
      encoding: UTF-8
      string: |
        <package name="my_package" project="home:tom">
          <title>I Will Fear No Evil</title>
          <description>Magni quam expedita doloribus.</description>
        </package>
    http_version: 
  recorded_at: Fri, 27 Sep 2019 14:16:41 GMT
- request:
    method: put
    uri: http://backend:5352/source/home:tom/my_package/_link
    body:
      encoding: UTF-8
      string: "<link project='/Invalid'/>"
    headers:
      Accept-Encoding:
      - gzip;q=1.0,deflate;q=0.6,identity;q=0.3
      Accept:
      - "*/*"
      User-Agent:
      - Ruby
  response:
    status:
      code: 200
      message: OK
    headers:
      Content-Type:
      - text/xml
      Cache-Control:
      - no-cache
      Connection:
      - close
      Content-Length:
      - '207'
    body:
      encoding: UTF-8
      string: |
        <revision rev="2" vrev="2">
          <srcmd5>6e3cb940a6f3f5b473a68d4ef83b7dce</srcmd5>
          <version>unknown</version>
          <time>1569593801</time>
          <user>unknown</user>
          <comment></comment>
          <requestid/>
        </revision>
    http_version: 
  recorded_at: Fri, 27 Sep 2019 14:16:41 GMT
- request:
    method: put
    uri: http://backend:5352/source/project_29/_meta?user=tom
    body:
      encoding: UTF-8
      string: |
        <project name="project_29">
          <title>Vanity Fair</title>
          <description/>
        </project>
    headers:
      Accept-Encoding:
      - gzip;q=1.0,deflate;q=0.6,identity;q=0.3
      Accept:
      - "*/*"
      User-Agent:
      - Ruby
  response:
    status:
      code: 200
      message: OK
    headers:
      Content-Type:
      - text/xml
      Cache-Control:
      - no-cache
      Connection:
      - close
      Content-Length:
      - '98'
    body:
      encoding: UTF-8
      string: |
        <project name="project_29">
          <title>Vanity Fair</title>
          <description></description>
        </project>
    http_version: 
  recorded_at: Fri, 27 Sep 2019 14:16:41 GMT
- request:
    method: get
    uri: http://backend:5352/source/home:tom/my_package?expand=1
    body:
      encoding: US-ASCII
      string: ''
    headers:
      Accept-Encoding:
      - gzip;q=1.0,deflate;q=0.6,identity;q=0.3
      Accept:
      - "*/*"
      User-Agent:
      - Ruby
  response:
    status:
      code: 400
      message: _link is bad  projid '/Invalid' is illegal
    headers:
      Content-Type:
      - text/xml
      Cache-Control:
      - no-cache
      Connection:
      - close
      Content-Length:
      - '94'
    body:
      encoding: UTF-8
      string: |
        <status code="400">
          <summary>_link is bad: projid '/Invalid' is illegal</summary>
        </status>
    http_version: 
  recorded_at: Fri, 27 Sep 2019 14:16:41 GMT
recorded_with: VCR 5.0.0
