---
http_interactions:
- request:
    method: put
    uri: http://localhost:3200/source/home:tom/_meta?user=tom
    body:
      encoding: UTF-8
      string: |
        <project name="home:tom">
          <title/>
          <description/>
          <person userid="tom" role="maintainer"/>
        </project>
    headers:
      Accept-Encoding:
      - gzip;q=1.0,deflate;q=0.6,identity;q=0.3
      Accept:
      - "*/*"
      User-Agent:
      - Ruby
  response:
    status:
      code: 200
      message: OK
    headers:
      Content-Type:
      - text/xml
      Cache-Control:
      - no-cache
      Connection:
      - close
      Content-Length:
      - '129'
    body:
      encoding: UTF-8
      string: |
        <project name="home:tom">
          <title></title>
          <description></description>
          <person userid="tom" role="maintainer" />
        </project>
    http_version: 
  recorded_at: Tue, 02 May 2017 14:55:47 GMT
- request:
    method: put
    uri: http://localhost:3200/source/home:tom/package_with_file/_meta?user=tom
    body:
      encoding: UTF-8
      string: |
        <package name="package_with_file" project="home:tom">
          <title>Frequent Hearses</title>
          <description>Natus rem ex expedita enim.</description>
        </package>
    headers:
      Accept-Encoding:
      - gzip;q=1.0,deflate;q=0.6,identity;q=0.3
      Accept:
      - "*/*"
      User-Agent:
      - Ruby
  response:
    status:
      code: 200
      message: OK
    headers:
      Content-Type:
      - text/xml
      Cache-Control:
      - no-cache
      Connection:
      - close
      Content-Length:
      - '156'
    body:
      encoding: UTF-8
      string: |
        <package name="package_with_file" project="home:tom">
          <title>Frequent Hearses</title>
          <description>Natus rem ex expedita enim.</description>
        </package>
    http_version: 
  recorded_at: Tue, 02 May 2017 14:55:47 GMT
- request:
    method: put
    uri: http://localhost:3200/source/home:tom/package_with_file/_meta
    body:
      encoding: UTF-8
      string: |
        <package name="package_with_file" project="home:tom">
          <title>Frequent Hearses</title>
          <description>Natus rem ex expedita enim.</description>
        </package>
    headers:
      Accept-Encoding:
      - gzip;q=1.0,deflate;q=0.6,identity;q=0.3
      Accept:
      - "*/*"
      User-Agent:
      - Ruby
  response:
    status:
      code: 200
      message: OK
    headers:
      Content-Type:
      - text/xml
      Cache-Control:
      - no-cache
      Connection:
      - close
      Content-Length:
      - '156'
    body:
      encoding: UTF-8
      string: |
        <package name="package_with_file" project="home:tom">
          <title>Frequent Hearses</title>
          <description>Natus rem ex expedita enim.</description>
        </package>
    http_version: 
  recorded_at: Tue, 02 May 2017 14:55:47 GMT
- request:
    method: put
    uri: http://localhost:3200/source/home:tom/package_with_file/_config
    body:
      encoding: UTF-8
      string: Occaecati asperiores assumenda voluptatem vero earum nihil. Error rerum
        voluptas porro. Soluta quis doloremque dolores illo magni explicabo expedita.
        Assumenda aut explicabo blanditiis aut aut dicta.
    headers:
      Accept-Encoding:
      - gzip;q=1.0,deflate;q=0.6,identity;q=0.3
      Accept:
      - "*/*"
      User-Agent:
      - Ruby
  response:
    status:
      code: 200
      message: OK
    headers:
      Content-Type:
      - text/xml
      Cache-Control:
      - no-cache
      Connection:
      - close
      Content-Length:
      - '207'
    body:
      encoding: UTF-8
      string: |
        <revision rev="1" vrev="1">
          <srcmd5>d5ba8b56bf674cd226d894bfe7885f21</srcmd5>
          <version>unknown</version>
          <time>1493736947</time>
          <user>unknown</user>
          <comment></comment>
          <requestid/>
        </revision>
    http_version: 
  recorded_at: Tue, 02 May 2017 14:55:47 GMT
- request:
    method: put
    uri: http://localhost:3200/source/home:tom/package_with_file/somefile.txt
    body:
      encoding: UTF-8
      string: Saepe amet voluptas omnis. Eaque natus sunt. Quo necessitatibus eos
        sit incidunt beatae corporis. Maiores tenetur hic adipisci cum aliquam aut
        earum.
    headers:
      Accept-Encoding:
      - gzip;q=1.0,deflate;q=0.6,identity;q=0.3
      Accept:
      - "*/*"
      User-Agent:
      - Ruby
  response:
    status:
      code: 200
      message: OK
    headers:
      Content-Type:
      - text/xml
      Cache-Control:
      - no-cache
      Connection:
      - close
      Content-Length:
      - '207'
    body:
      encoding: UTF-8
      string: |
        <revision rev="2" vrev="2">
          <srcmd5>42e71d08a4a9c55b352719593064ac33</srcmd5>
          <version>unknown</version>
          <time>1493736947</time>
          <user>unknown</user>
          <comment></comment>
          <requestid/>
        </revision>
    http_version: 
  recorded_at: Tue, 02 May 2017 14:55:47 GMT
- request:
    method: put
    uri: http://localhost:3200/source/project_1/_meta
    body:
      encoding: UTF-8
      string: |
        <project name="project_1">
          <title>Infinite Jest</title>
          <description/>
        </project>
    headers:
      Accept-Encoding:
      - gzip;q=1.0,deflate;q=0.6,identity;q=0.3
      Accept:
      - "*/*"
      User-Agent:
      - Ruby
  response:
    status:
      code: 200
      message: OK
    headers:
      Content-Type:
      - text/xml
      Cache-Control:
      - no-cache
      Connection:
      - close
      Content-Length:
      - '99'
    body:
      encoding: UTF-8
      string: |
        <project name="project_1">
          <title>Infinite Jest</title>
          <description></description>
        </project>
    http_version: 
  recorded_at: Tue, 02 May 2017 14:55:47 GMT
- request:
    method: put
    uri: http://localhost:3200/source/project_1/_config
    body:
      encoding: UTF-8
      string: Rerum est iste. In iusto neque vel id consequatur dolorem. Mollitia
        qui et unde beatae voluptates est.
    headers:
      Accept-Encoding:
      - gzip;q=1.0,deflate;q=0.6,identity;q=0.3
      Accept:
      - "*/*"
      User-Agent:
      - Ruby
  response:
    status:
      code: 200
      message: OK
    headers:
      Content-Type:
      - text/xml
      Cache-Control:
      - no-cache
      Connection:
      - close
      Content-Length:
      - '21'
    body:
      encoding: UTF-8
      string: '<status code="ok" />

'
    http_version: 
  recorded_at: Tue, 02 May 2017 14:55:47 GMT
- request:
    method: get
    uri: http://localhost:3200/source/home:tom/package_with_file?expand=1
    body:
      encoding: US-ASCII
      string: ''
    headers:
      Accept-Encoding:
      - gzip;q=1.0,deflate;q=0.6,identity;q=0.3
      Accept:
      - "*/*"
      User-Agent:
      - Ruby
  response:
    status:
      code: 200
      message: OK
    headers:
      Content-Type:
      - text/xml
      Cache-Control:
      - no-cache
      Connection:
      - close
      Content-Length:
      - '306'
    body:
      encoding: UTF-8
      string: |
        <directory name="package_with_file" rev="2" vrev="2" srcmd5="42e71d08a4a9c55b352719593064ac33">
          <entry name="_config" md5="2702d3ea42d76432faf603ded851a13f" size="199" mtime="1493736947" />
          <entry name="somefile.txt" md5="a01262138d67b69a079cc3b42eea8e96" size="149" mtime="1493736947" />
        </directory>
    http_version: 
  recorded_at: Tue, 02 May 2017 14:55:47 GMT
recorded_with: VCR 3.0.3
