---
http_interactions:
- request:
    method: put
    uri: http://backend:5352/source/home:tom/_meta?user=tom
    body:
      encoding: UTF-8
      string: |
        <project name="home:tom">
          <title/>
          <description/>
          <person userid="tom" role="maintainer"/>
        </project>
    headers:
      Accept-Encoding:
      - gzip;q=1.0,deflate;q=0.6,identity;q=0.3
      Accept:
      - "*/*"
      User-Agent:
      - Ruby
  response:
    status:
      code: 200
      message: OK
    headers:
      Content-Type:
      - text/xml
      Cache-Control:
      - no-cache
      Connection:
      - close
      Content-Length:
      - '129'
    body:
      encoding: UTF-8
      string: |
        <project name="home:tom">
          <title></title>
          <description></description>
          <person userid="tom" role="maintainer" />
        </project>
    http_version: 
  recorded_at: Thu, 22 Nov 2018 09:44:00 GMT
- request:
    method: put
    uri: http://backend:5352/source/home:tom/_project/_staging_workflow?user=_nobody_
    body:
      encoding: UTF-8
      string: |
        <workflow project="home:tom" managers="group_14">
          <staging_project name="home:tom:Staging:A"/>
        </workflow>
    headers:
      Accept-Encoding:
      - gzip;q=1.0,deflate;q=0.6,identity;q=0.3
      Accept:
      - "*/*"
      User-Agent:
      - Ruby
  response:
    status:
      code: 200
      message: OK
    headers:
      Content-Type:
      - text/xml
      Cache-Control:
      - no-cache
      Connection:
      - close
      Content-Length:
      - '171'
    body:
      encoding: UTF-8
      string: |
        <revision rev="23">
          <srcmd5>28a4f214137e224d34a88c08563edbbc</srcmd5>
          <time>1542879840</time>
          <user>_nobody_</user>
          <comment></comment>
          <requestid/>
        </revision>
    http_version: 
  recorded_at: Thu, 22 Nov 2018 09:44:00 GMT
- request:
    method: put
    uri: http://backend:5352/source/home:tom:Staging:A/_meta?user=_nobody_
    body:
      encoding: UTF-8
      string: |
        <project name="home:tom:Staging:A">
          <title/>
          <description/>
          <group groupid="group_14" role="maintainer"/>
        </project>
    headers:
      Accept-Encoding:
      - gzip;q=1.0,deflate;q=0.6,identity;q=0.3
      Accept:
      - "*/*"
      User-Agent:
      - Ruby
  response:
    status:
      code: 200
      message: OK
    headers:
      Content-Type:
      - text/xml
      Cache-Control:
      - no-cache
      Connection:
      - close
      Content-Length:
      - '144'
    body:
      encoding: UTF-8
      string: |
        <project name="home:tom:Staging:A">
          <title></title>
          <description></description>
          <group groupid="group_14" role="maintainer" />
        </project>
    http_version: 
  recorded_at: Thu, 22 Nov 2018 09:44:00 GMT
- request:
    method: put
    uri: http://backend:5352/source/home:tom/_project/_staging_workflow?user=_nobody_
    body:
      encoding: UTF-8
      string: |
        <workflow project="home:tom" managers="group_14">
          <staging_project name="home:tom:Staging:A"/>
          <staging_project name="home:tom:Staging:B"/>
        </workflow>
    headers:
      Accept-Encoding:
      - gzip;q=1.0,deflate;q=0.6,identity;q=0.3
      Accept:
      - "*/*"
      User-Agent:
      - Ruby
  response:
    status:
      code: 200
      message: OK
    headers:
      Content-Type:
      - text/xml
      Cache-Control:
      - no-cache
      Connection:
      - close
      Content-Length:
      - '171'
    body:
      encoding: UTF-8
      string: |
        <revision rev="24">
          <srcmd5>b51eca1973a50fd5e7f8596a7d1eb483</srcmd5>
          <time>1542879840</time>
          <user>_nobody_</user>
          <comment></comment>
          <requestid/>
        </revision>
    http_version: 
  recorded_at: Thu, 22 Nov 2018 09:44:00 GMT
- request:
    method: put
    uri: http://backend:5352/source/home:tom:Staging:B/_meta?user=_nobody_
    body:
      encoding: UTF-8
      string: |
        <project name="home:tom:Staging:B">
          <title/>
          <description/>
          <group groupid="group_14" role="maintainer"/>
        </project>
    headers:
      Accept-Encoding:
      - gzip;q=1.0,deflate;q=0.6,identity;q=0.3
      Accept:
      - "*/*"
      User-Agent:
      - Ruby
  response:
    status:
      code: 200
      message: OK
    headers:
      Content-Type:
      - text/xml
      Cache-Control:
      - no-cache
      Connection:
      - close
      Content-Length:
      - '144'
    body:
      encoding: UTF-8
      string: |
        <project name="home:tom:Staging:B">
          <title></title>
          <description></description>
          <group groupid="group_14" role="maintainer" />
        </project>
    http_version: 
  recorded_at: Thu, 22 Nov 2018 09:44:00 GMT
- request:
    method: put
    uri: http://backend:5352/source/home:tom:Staging:A/package_14/_meta?user=_nobody_
    body:
      encoding: UTF-8
      string: |
        <package name="package_14" project="home:tom:Staging:A">
          <title>In Dubious Battle</title>
          <description>Non illo ipsa cum.</description>
        </package>
    headers:
      Accept-Encoding:
      - gzip;q=1.0,deflate;q=0.6,identity;q=0.3
      Accept:
      - "*/*"
      User-Agent:
      - Ruby
  response:
    status:
      code: 200
      message: OK
    headers:
      Content-Type:
      - text/xml
      Cache-Control:
      - no-cache
      Connection:
      - close
      Content-Length:
      - '151'
    body:
      encoding: UTF-8
      string: |
        <package name="package_14" project="home:tom:Staging:A">
          <title>In Dubious Battle</title>
          <description>Non illo ipsa cum.</description>
        </package>
    http_version: 
  recorded_at: Thu, 22 Nov 2018 09:44:00 GMT
- request:
    method: put
    uri: http://backend:5352/source/home:tom:Staging:A/package_14/_meta?user=_nobody_
    body:
      encoding: UTF-8
      string: |
        <package name="package_14" project="home:tom:Staging:A">
          <title>In Dubious Battle</title>
          <description>Non illo ipsa cum.</description>
        </package>
    headers:
      Accept-Encoding:
      - gzip;q=1.0,deflate;q=0.6,identity;q=0.3
      Accept:
      - "*/*"
      User-Agent:
      - Ruby
  response:
    status:
      code: 200
      message: OK
    headers:
      Content-Type:
      - text/xml
      Cache-Control:
      - no-cache
      Connection:
      - close
      Content-Length:
      - '151'
    body:
      encoding: UTF-8
      string: |
        <package name="package_14" project="home:tom:Staging:A">
          <title>In Dubious Battle</title>
          <description>Non illo ipsa cum.</description>
        </package>
    http_version: 
  recorded_at: Thu, 22 Nov 2018 09:44:00 GMT
- request:
    method: put
    uri: http://backend:5352/source/home:tom:Staging:A/package_14/_config
    body:
      encoding: UTF-8
      string: Sapiente quisquam molestias. Aut et nam. Et et recusandae.
    headers:
      Accept-Encoding:
      - gzip;q=1.0,deflate;q=0.6,identity;q=0.3
      Accept:
      - "*/*"
      User-Agent:
      - Ruby
  response:
    status:
      code: 200
      message: OK
    headers:
      Content-Type:
      - text/xml
      Cache-Control:
      - no-cache
      Connection:
      - close
      Content-Length:
      - '207'
    body:
      encoding: UTF-8
      string: |
        <revision rev="1" vrev="1">
          <srcmd5>a2edcf77c66a217a249c21fbde69c74e</srcmd5>
          <version>unknown</version>
          <time>1542879840</time>
          <user>unknown</user>
          <comment></comment>
          <requestid/>
        </revision>
    http_version: 
  recorded_at: Thu, 22 Nov 2018 09:44:00 GMT
- request:
    method: put
    uri: http://backend:5352/source/home:tom:Staging:A/package_14/somefile.txt
    body:
      encoding: UTF-8
      string: Est et non. Autem dolore quia. Deleniti blanditiis aut.
    headers:
      Accept-Encoding:
      - gzip;q=1.0,deflate;q=0.6,identity;q=0.3
      Accept:
      - "*/*"
      User-Agent:
      - Ruby
  response:
    status:
      code: 200
      message: OK
    headers:
      Content-Type:
      - text/xml
      Cache-Control:
      - no-cache
      Connection:
      - close
      Content-Length:
      - '207'
    body:
      encoding: UTF-8
      string: |
        <revision rev="2" vrev="2">
          <srcmd5>886e8ee9d52c7053f6a66aadb9409738</srcmd5>
          <version>unknown</version>
          <time>1542879840</time>
          <user>unknown</user>
          <comment></comment>
          <requestid/>
        </revision>
    http_version: 
  recorded_at: Thu, 22 Nov 2018 09:44:00 GMT
- request:
    method: put
    uri: http://backend:5352/source/target_project/_meta?user=_nobody_
    body:
      encoding: UTF-8
      string: |
        <project name="target_project">
          <title>Time of our Darkness</title>
          <description/>
        </project>
    headers:
      Accept-Encoding:
      - gzip;q=1.0,deflate;q=0.6,identity;q=0.3
      Accept:
      - "*/*"
      User-Agent:
      - Ruby
  response:
    status:
      code: 200
      message: OK
    headers:
      Content-Type:
      - text/xml
      Cache-Control:
      - no-cache
      Connection:
      - close
      Content-Length:
      - '111'
    body:
      encoding: UTF-8
      string: |
        <project name="target_project">
          <title>Time of our Darkness</title>
          <description></description>
        </project>
    http_version: 
  recorded_at: Thu, 22 Nov 2018 09:44:00 GMT
- request:
    method: put
    uri: http://backend:5352/source/target_project/target_package/_meta?user=_nobody_
    body:
      encoding: UTF-8
      string: |
        <package name="target_package" project="target_project">
          <title>Of Mice and Men</title>
          <description>Sed et quos itaque.</description>
        </package>
    headers:
      Accept-Encoding:
      - gzip;q=1.0,deflate;q=0.6,identity;q=0.3
      Accept:
      - "*/*"
      User-Agent:
      - Ruby
  response:
    status:
      code: 200
      message: OK
    headers:
      Content-Type:
      - text/xml
      Cache-Control:
      - no-cache
      Connection:
      - close
      Content-Length:
      - '150'
    body:
      encoding: UTF-8
      string: |
        <package name="target_package" project="target_project">
          <title>Of Mice and Men</title>
          <description>Sed et quos itaque.</description>
        </package>
    http_version: 
  recorded_at: Thu, 22 Nov 2018 09:44:00 GMT
- request:
    method: put
    uri: http://backend:5352/source/target_project/target_package/_meta?user=_nobody_
    body:
      encoding: UTF-8
      string: |
        <package name="target_package" project="target_project">
          <title>Of Mice and Men</title>
          <description>Sed et quos itaque.</description>
        </package>
    headers:
      Accept-Encoding:
      - gzip;q=1.0,deflate;q=0.6,identity;q=0.3
      Accept:
      - "*/*"
      User-Agent:
      - Ruby
  response:
    status:
      code: 200
      message: OK
    headers:
      Content-Type:
      - text/xml
      Cache-Control:
      - no-cache
      Connection:
      - close
      Content-Length:
      - '150'
    body:
      encoding: UTF-8
      string: |
        <package name="target_package" project="target_project">
          <title>Of Mice and Men</title>
          <description>Sed et quos itaque.</description>
        </package>
    http_version: 
  recorded_at: Thu, 22 Nov 2018 09:44:00 GMT
- request:
    method: put
    uri: http://backend:5352/source/source_project/_meta?user=_nobody_
    body:
      encoding: UTF-8
      string: |
        <project name="source_project">
          <title>Dance Dance Dance</title>
          <description/>
        </project>
    headers:
      Accept-Encoding:
      - gzip;q=1.0,deflate;q=0.6,identity;q=0.3
      Accept:
      - "*/*"
      User-Agent:
      - Ruby
  response:
    status:
      code: 200
      message: OK
    headers:
      Content-Type:
      - text/xml
      Cache-Control:
      - no-cache
      Connection:
      - close
      Content-Length:
      - '108'
    body:
      encoding: UTF-8
      string: |
        <project name="source_project">
          <title>Dance Dance Dance</title>
          <description></description>
        </project>
    http_version: 
  recorded_at: Thu, 22 Nov 2018 09:44:00 GMT
- request:
    method: put
    uri: http://backend:5352/source/source_project/source_package/_meta?user=_nobody_
    body:
      encoding: UTF-8
      string: |
        <package name="source_package" project="source_project">
          <title>Sleep the Brave</title>
          <description>Consequatur sit voluptas rerum.</description>
        </package>
    headers:
      Accept-Encoding:
      - gzip;q=1.0,deflate;q=0.6,identity;q=0.3
      Accept:
      - "*/*"
      User-Agent:
      - Ruby
  response:
    status:
      code: 200
      message: OK
    headers:
      Content-Type:
      - text/xml
      Cache-Control:
      - no-cache
      Connection:
      - close
      Content-Length:
      - '162'
    body:
      encoding: UTF-8
      string: |
        <package name="source_package" project="source_project">
          <title>Sleep the Brave</title>
          <description>Consequatur sit voluptas rerum.</description>
        </package>
    http_version: 
  recorded_at: Thu, 22 Nov 2018 09:44:00 GMT
- request:
    method: put
    uri: http://backend:5352/source/source_project/source_package/_meta?user=_nobody_
    body:
      encoding: UTF-8
      string: |
        <package name="source_package" project="source_project">
          <title>Sleep the Brave</title>
          <description>Consequatur sit voluptas rerum.</description>
        </package>
    headers:
      Accept-Encoding:
      - gzip;q=1.0,deflate;q=0.6,identity;q=0.3
      Accept:
      - "*/*"
      User-Agent:
      - Ruby
  response:
    status:
      code: 200
      message: OK
    headers:
      Content-Type:
      - text/xml
      Cache-Control:
      - no-cache
      Connection:
      - close
      Content-Length:
      - '162'
    body:
      encoding: UTF-8
      string: |
        <package name="source_package" project="source_project">
          <title>Sleep the Brave</title>
          <description>Consequatur sit voluptas rerum.</description>
        </package>
    http_version: 
  recorded_at: Thu, 22 Nov 2018 09:44:00 GMT
- request:
    method: put
    uri: http://backend:5352/source/home:user_15/_meta?user=user_15
    body:
      encoding: UTF-8
      string: |
        <project name="home:user_15">
          <title/>
          <description/>
          <person userid="user_15" role="maintainer"/>
        </project>
    headers:
      Accept-Encoding:
      - gzip;q=1.0,deflate;q=0.6,identity;q=0.3
      Accept:
      - "*/*"
      User-Agent:
      - Ruby
  response:
    status:
      code: 200
      message: OK
    headers:
      Content-Type:
      - text/xml
      Cache-Control:
      - no-cache
      Connection:
      - close
      Content-Length:
      - '137'
    body:
      encoding: UTF-8
      string: |
        <project name="home:user_15">
          <title></title>
          <description></description>
          <person userid="user_15" role="maintainer" />
        </project>
    http_version: 
  recorded_at: Thu, 22 Nov 2018 09:44:01 GMT
- request:
    method: get
    uri: http://backend:5352/build/home:tom:Staging:A/_result?code=unresolvable
    body:
      encoding: US-ASCII
      string: ''
    headers:
      Accept-Encoding:
      - gzip;q=1.0,deflate;q=0.6,identity;q=0.3
      Accept:
      - "*/*"
      User-Agent:
      - Ruby
  response:
    status:
      code: 200
      message: OK
    headers:
      Content-Type:
      - text/xml
      Cache-Control:
      - no-cache
      Connection:
      - close
      Content-Length:
      - '56'
    body:
      encoding: UTF-8
      string: '<resultlist state="00000000000000000000000000000000" />

'
    http_version: 
  recorded_at: Thu, 22 Nov 2018 09:44:01 GMT
recorded_with: VCR 4.0.0
