---
http_interactions:
- request:
    method: put
    uri: http://backend:5352/source/home:tom/_meta?user=tom
    body:
      encoding: UTF-8
      string: |
        <project name="home:tom">
          <title/>
          <description/>
          <person userid="tom" role="maintainer"/>
        </project>
    headers:
      Accept-Encoding:
      - gzip;q=1.0,deflate;q=0.6,identity;q=0.3
      Accept:
      - "*/*"
      User-Agent:
      - Ruby
  response:
    status:
      code: 200
      message: OK
    headers:
      Content-Type:
      - text/xml
      Cache-Control:
      - no-cache
      Connection:
      - close
      Content-Length:
      - '129'
    body:
      encoding: UTF-8
      string: |
        <project name="home:tom">
          <title></title>
          <description></description>
          <person userid="tom" role="maintainer" />
        </project>
    http_version: 
  recorded_at: Wed, 26 Apr 2017 08:17:45 GMT
- request:
    method: put
    uri: http://backend:5352/source/home:tom/package_with_file/_meta?user=tom
    body:
      encoding: UTF-8
      string: |
        <package name="package_with_file" project="home:tom">
          <title>Absalom, Absalom!</title>
          <description>Ipsa optio itaque temporibus ex.</description>
        </package>
    headers:
      Accept-Encoding:
      - gzip;q=1.0,deflate;q=0.6,identity;q=0.3
      Accept:
      - "*/*"
      User-Agent:
      - Ruby
  response:
    status:
      code: 200
      message: OK
    headers:
      Content-Type:
      - text/xml
      Cache-Control:
      - no-cache
      Connection:
      - close
      Content-Length:
      - '162'
    body:
      encoding: UTF-8
      string: |
        <package name="package_with_file" project="home:tom">
          <title>Absalom, Absalom!</title>
          <description>Ipsa optio itaque temporibus ex.</description>
        </package>
    http_version: 
  recorded_at: Wed, 26 Apr 2017 08:17:45 GMT
- request:
    method: put
    uri: http://backend:5352/source/home:tom/package_with_file/_meta
    body:
      encoding: UTF-8
      string: |
        <package name="package_with_file" project="home:tom">
          <title>Absalom, Absalom!</title>
          <description>Ipsa optio itaque temporibus ex.</description>
        </package>
    headers:
      Accept-Encoding:
      - gzip;q=1.0,deflate;q=0.6,identity;q=0.3
      Accept:
      - "*/*"
      User-Agent:
      - Ruby
  response:
    status:
      code: 200
      message: OK
    headers:
      Content-Type:
      - text/xml
      Cache-Control:
      - no-cache
      Connection:
      - close
      Content-Length:
      - '162'
    body:
      encoding: UTF-8
      string: |
        <package name="package_with_file" project="home:tom">
          <title>Absalom, Absalom!</title>
          <description>Ipsa optio itaque temporibus ex.</description>
        </package>
    http_version: 
  recorded_at: Wed, 26 Apr 2017 08:17:45 GMT
- request:
    method: put
    uri: http://backend:5352/source/home:tom/package_with_file/_config
    body:
      encoding: UTF-8
      string: Distinctio ea quia placeat quia veniam. Impedit accusamus voluptates
        aut autem nihil ut. Assumenda dignissimos temporibus officia eaque neque et
        omnis. Aut et quo dolorem accusamus modi placeat. Autem voluptatum sed quia
        provident cupiditate aspernatur dolor.
    headers:
      Accept-Encoding:
      - gzip;q=1.0,deflate;q=0.6,identity;q=0.3
      Accept:
      - "*/*"
      User-Agent:
      - Ruby
  response:
    status:
      code: 200
      message: OK
    headers:
      Content-Type:
      - text/xml
      Cache-Control:
      - no-cache
      Connection:
      - close
      Content-Length:
      - '207'
    body:
      encoding: UTF-8
      string: |
        <revision rev="1" vrev="1">
          <srcmd5>5c887dfaed31453c1b6a02b52877c146</srcmd5>
          <version>unknown</version>
          <time>1493194665</time>
          <user>unknown</user>
          <comment></comment>
          <requestid/>
        </revision>
    http_version: 
  recorded_at: Wed, 26 Apr 2017 08:17:45 GMT
- request:
    method: put
    uri: http://backend:5352/source/home:tom/package_with_file/somefile.txt
    body:
      encoding: UTF-8
      string: Molestiae odit architecto. Et dolorum vel provident ex aut ut ad. Sint
        et molestias qui non. Ut fugit architecto omnis pariatur. Esse laboriosam
        quidem autem illo.
    headers:
      Accept-Encoding:
      - gzip;q=1.0,deflate;q=0.6,identity;q=0.3
      Accept:
      - "*/*"
      User-Agent:
      - Ruby
  response:
    status:
      code: 200
      message: OK
    headers:
      Content-Type:
      - text/xml
      Cache-Control:
      - no-cache
      Connection:
      - close
      Content-Length:
      - '207'
    body:
      encoding: UTF-8
      string: |
        <revision rev="2" vrev="2">
          <srcmd5>2ee044b7fa0481a029168f32ed36f772</srcmd5>
          <version>unknown</version>
          <time>1493194665</time>
          <user>unknown</user>
          <comment></comment>
          <requestid/>
        </revision>
    http_version: 
  recorded_at: Wed, 26 Apr 2017 08:17:45 GMT
- request:
    method: post
    uri: http://backend:5352/search/package/id?match=(linkinfo/@package=%22package_with_file%22%20and%20linkinfo/@project=%22home:tom%22%20and%20@project=%22home:tom%22)
    body:
      encoding: UTF-8
      string: ''
    headers:
      Content-Type:
      - application/octet-stream
      Accept-Encoding:
      - gzip;q=1.0,deflate;q=0.6,identity;q=0.3
      Accept:
      - "*/*"
      User-Agent:
      - Ruby
  response:
    status:
      code: 200
      message: OK
    headers:
      Content-Type:
      - text/xml
      Cache-Control:
      - no-cache
      Connection:
      - close
      Content-Length:
      - '27'
    body:
      encoding: UTF-8
      string: |
        <collection>
        </collection>
    http_version: 
  recorded_at: Wed, 26 Apr 2017 08:17:45 GMT
- request:
    method: put
    uri: http://backend:5352/source/home:tom:branches:home:tom/_meta?user=tom
    body:
      encoding: UTF-8
      string: |
        <project name="home:tom:branches:home:tom">
          <title>Branch project for package package_with_file</title>
          <description>This project was created for package package_with_file via attribute OBS:Maintained</description>
          <person userid="tom" role="maintainer"/>
        </project>
    headers:
      Accept-Encoding:
      - gzip;q=1.0,deflate;q=0.6,identity;q=0.3
      Accept:
      - "*/*"
      User-Agent:
      - Ruby
  response:
    status:
      code: 200
      message: OK
    headers:
      Content-Type:
      - text/xml
      Cache-Control:
      - no-cache
      Connection:
      - close
      Content-Length:
      - '274'
    body:
      encoding: UTF-8
      string: |
        <project name="home:tom:branches:home:tom">
          <title>Branch project for package package_with_file</title>
          <description>This project was created for package package_with_file via attribute OBS:Maintained</description>
          <person userid="tom" role="maintainer" />
        </project>
    http_version: 
  recorded_at: Wed, 26 Apr 2017 08:17:45 GMT
- request:
    method: put
    uri: http://backend:5352/source/home:tom:branches:home:tom/package_with_file/_meta?user=tom
    body:
      encoding: UTF-8
      string: |
        <package name="package_with_file" project="home:tom:branches:home:tom">
          <title>Absalom, Absalom!</title>
          <description>Ipsa optio itaque temporibus ex.</description>
        </package>
    headers:
      Accept-Encoding:
      - gzip;q=1.0,deflate;q=0.6,identity;q=0.3
      Accept:
      - "*/*"
      User-Agent:
      - Ruby
  response:
    status:
      code: 200
      message: OK
    headers:
      Content-Type:
      - text/xml
      Cache-Control:
      - no-cache
      Connection:
      - close
      Content-Length:
      - '180'
    body:
      encoding: UTF-8
      string: |
        <package name="package_with_file" project="home:tom:branches:home:tom">
          <title>Absalom, Absalom!</title>
          <description>Ipsa optio itaque temporibus ex.</description>
        </package>
    http_version: 
  recorded_at: Wed, 26 Apr 2017 08:17:45 GMT
- request:
    method: post
    uri: http://backend:5352/source/home:tom:branches:home:tom/package_with_file?cmd=branch&opackage=package_with_file&oproject=home:tom&user=tom
    body:
      encoding: UTF-8
      string: ''
    headers:
      Content-Type:
      - application/octet-stream
      Accept-Encoding:
      - gzip;q=1.0,deflate;q=0.6,identity;q=0.3
      Accept:
      - "*/*"
      User-Agent:
      - Ruby
  response:
    status:
      code: 200
      message: OK
    headers:
      Content-Type:
      - text/xml
      Cache-Control:
      - no-cache
      Connection:
      - close
      Content-Length:
      - '203'
    body:
      encoding: UTF-8
      string: |
        <revision rev="1" vrev="1">
          <srcmd5>a04e84f00fe8c16bb857fcc78712e491</srcmd5>
          <version>unknown</version>
          <time>1493194665</time>
          <user>tom</user>
          <comment></comment>
          <requestid/>
        </revision>
    http_version: 
  recorded_at: Wed, 26 Apr 2017 08:17:45 GMT
- request:
    method: put
    uri: http://backend:5352/source/home:tom:branches:home:tom/package_with_file/_meta?user=tom
    body:
      encoding: UTF-8
      string: |
        <package name="package_with_file" project="home:tom:branches:home:tom">
          <title>Absalom, Absalom!</title>
          <description>Ipsa optio itaque temporibus ex.</description>
        </package>
    headers:
      Accept-Encoding:
      - gzip;q=1.0,deflate;q=0.6,identity;q=0.3
      Accept:
      - "*/*"
      User-Agent:
      - Ruby
  response:
    status:
      code: 200
      message: OK
    headers:
      Content-Type:
      - text/xml
      Cache-Control:
      - no-cache
      Connection:
      - close
      Content-Length:
      - '180'
    body:
      encoding: UTF-8
      string: |
        <package name="package_with_file" project="home:tom:branches:home:tom">
          <title>Absalom, Absalom!</title>
          <description>Ipsa optio itaque temporibus ex.</description>
        </package>
    http_version: 
  recorded_at: Wed, 26 Apr 2017 08:17:45 GMT
- request:
    method: get
    uri: http://backend:5352/source/home:tom:branches:home:tom/package_with_file
    body:
      encoding: US-ASCII
      string: ''
    headers:
      Accept-Encoding:
      - gzip;q=1.0,deflate;q=0.6,identity;q=0.3
      Accept:
      - "*/*"
      User-Agent:
      - Ruby
  response:
    status:
      code: 200
      message: OK
    headers:
      Content-Type:
      - text/xml
      Cache-Control:
      - no-cache
      Connection:
      - close
      Content-Length:
      - '633'
    body:
      encoding: UTF-8
      string: |
        <directory name="package_with_file" rev="1" vrev="1" srcmd5="a04e84f00fe8c16bb857fcc78712e491">
          <linkinfo project="home:tom" package="package_with_file" srcmd5="2ee044b7fa0481a029168f32ed36f772" baserev="2ee044b7fa0481a029168f32ed36f772" xsrcmd5="f3a2f091888b81176cae8f8b8c43cad4" lsrcmd5="a04e84f00fe8c16bb857fcc78712e491" />
          <entry name="_config" md5="4fa177a47ec67a5b5e8222c2aa1f319e" size="259" mtime="1493194665" />
          <entry name="_link" md5="3e981ca30bd73b3de5fbcb5b61dc4592" size="116" mtime="1493194665" />
          <entry name="somefile.txt" md5="c2a096ac1172f3baeb4b6c06d2d5fd0c" size="163" mtime="1493194665" />
        </directory>
    http_version: 
  recorded_at: Wed, 26 Apr 2017 08:17:45 GMT
- request:
    method: get
    uri: http://backend:5352/source/home:tom:branches:home:tom/package_with_file?nofilename=1&view=info&withchangesmd5=1
    body:
      encoding: US-ASCII
      string: ''
    headers:
      Accept-Encoding:
      - gzip;q=1.0,deflate;q=0.6,identity;q=0.3
      Accept:
      - "*/*"
      User-Agent:
      - Ruby
  response:
    status:
      code: 200
      message: OK
    headers:
      Content-Type:
      - text/xml
      Cache-Control:
      - no-cache
      Connection:
      - close
      Content-Length:
      - '294'
    body:
      encoding: UTF-8
      string: |
        <sourceinfo package="package_with_file" rev="1" vrev="3" srcmd5="f3a2f091888b81176cae8f8b8c43cad4" lsrcmd5="a04e84f00fe8c16bb857fcc78712e491" verifymd5="2ee044b7fa0481a029168f32ed36f772">
          <linked project="home:tom" package="package_with_file" />
          <revtime>1493194665</revtime>
        </sourceinfo>
    http_version: 
  recorded_at: Wed, 26 Apr 2017 08:17:45 GMT
- request:
    method: get
    uri: http://backend:5352/source/home:tom:branches:home:tom/package_with_file
    body:
      encoding: US-ASCII
      string: ''
    headers:
      Accept-Encoding:
      - gzip;q=1.0,deflate;q=0.6,identity;q=0.3
      Accept:
      - "*/*"
      User-Agent:
      - Ruby
  response:
    status:
      code: 200
      message: OK
    headers:
      Content-Type:
      - text/xml
      Cache-Control:
      - no-cache
      Connection:
      - close
      Content-Length:
      - '633'
    body:
      encoding: UTF-8
      string: |
        <directory name="package_with_file" rev="1" vrev="1" srcmd5="a04e84f00fe8c16bb857fcc78712e491">
          <linkinfo project="home:tom" package="package_with_file" srcmd5="2ee044b7fa0481a029168f32ed36f772" baserev="2ee044b7fa0481a029168f32ed36f772" xsrcmd5="f3a2f091888b81176cae8f8b8c43cad4" lsrcmd5="a04e84f00fe8c16bb857fcc78712e491" />
          <entry name="_config" md5="4fa177a47ec67a5b5e8222c2aa1f319e" size="259" mtime="1493194665" />
          <entry name="_link" md5="3e981ca30bd73b3de5fbcb5b61dc4592" size="116" mtime="1493194665" />
          <entry name="somefile.txt" md5="c2a096ac1172f3baeb4b6c06d2d5fd0c" size="163" mtime="1493194665" />
        </directory>
    http_version: 
  recorded_at: Wed, 26 Apr 2017 08:17:45 GMT
- request:
    method: post
    uri: http://backend:5352/source/home:tom:branches:home:tom/package_with_file?cmd=diff&linkrev=base&onlyissues=1&orev=0&view=xml
    body:
      encoding: UTF-8
      string: ''
    headers:
      Content-Type:
      - application/octet-stream
      Accept-Encoding:
      - gzip;q=1.0,deflate;q=0.6,identity;q=0.3
      Accept:
      - "*/*"
      User-Agent:
      - Ruby
  response:
    status:
      code: 200
      message: OK
    headers:
      Content-Type:
      - text/xml
      Cache-Control:
      - no-cache
      Connection:
      - close
      Content-Length:
      - '351'
    body:
      encoding: UTF-8
      string: |
        <sourcediff key="e03ed3bd3887a32005c1eb0fd628e0c7">
          <old project="home:tom:branches:home:tom" package="package_with_file" rev="0" srcmd5="d41d8cd98f00b204e9800998ecf8427e" />
          <new project="home:tom:branches:home:tom" package="package_with_file" rev="1" srcmd5="a04e84f00fe8c16bb857fcc78712e491" />
          <files />
          <issues>
          </issues>
        </sourcediff>
    http_version: 
  recorded_at: Wed, 26 Apr 2017 08:17:45 GMT
- request:
    method: post
    uri: http://backend:5352/source/home:tom:branches:home:tom/package_with_file?cmd=linkdiff&linkrev=base&onlyissues=1&view=xml
    body:
      encoding: UTF-8
      string: ''
    headers:
      Content-Type:
      - application/octet-stream
      Accept-Encoding:
      - gzip;q=1.0,deflate;q=0.6,identity;q=0.3
      Accept:
      - "*/*"
      User-Agent:
      - Ruby
  response:
    status:
      code: 200
      message: OK
    headers:
      Content-Type:
      - text/xml
      Cache-Control:
      - no-cache
      Connection:
      - close
      Content-Length:
      - '372'
    body:
      encoding: UTF-8
      string: |
        <sourcediff key="7d64a1082dc0b3c6f2964be5fa0cd997">
          <old project="home:tom" package="package_with_file" rev="2ee044b7fa0481a029168f32ed36f772" srcmd5="2ee044b7fa0481a029168f32ed36f772" />
          <new project="home:tom:branches:home:tom" package="package_with_file" rev="f3a2f091888b81176cae8f8b8c43cad4" srcmd5="f3a2f091888b81176cae8f8b8c43cad4" />
          <files />
        </sourcediff>
    http_version: 
  recorded_at: Wed, 26 Apr 2017 08:17:45 GMT
- request:
    method: put
    uri: http://backend:5352/source/home:tom:branches:home:tom/_meta?user=tom
    body:
      encoding: UTF-8
      string: |
        <project name="home:tom:branches:home:tom">
          <title>Branch project for package package_with_file</title>
          <description>This project was created for package package_with_file via attribute OBS:Maintained</description>
          <person userid="tom" role="maintainer"/>
          <publish>
            <disable/>
          </publish>
        </project>
    headers:
      Accept-Encoding:
      - gzip;q=1.0,deflate;q=0.6,identity;q=0.3
      Accept:
      - "*/*"
      User-Agent:
      - Ruby
  response:
    status:
      code: 200
      message: OK
    headers:
      Content-Type:
      - text/xml
      Cache-Control:
      - no-cache
      Connection:
      - close
      Content-Length:
      - '315'
    body:
      encoding: UTF-8
      string: |
        <project name="home:tom:branches:home:tom">
          <title>Branch project for package package_with_file</title>
          <description>This project was created for package package_with_file via attribute OBS:Maintained</description>
          <person userid="tom" role="maintainer" />
          <publish>
            <disable />
          </publish>
        </project>
    http_version: 
  recorded_at: Wed, 26 Apr 2017 08:17:46 GMT
- request:
    method: get
    uri: http://backend:5352/source/home:tom/package_with_file?nofilename=1&view=info&withchangesmd5=1
    body:
      encoding: US-ASCII
      string: ''
    headers:
      Accept-Encoding:
      - gzip;q=1.0,deflate;q=0.6,identity;q=0.3
      Accept:
      - "*/*"
      User-Agent:
      - Ruby
  response:
    status:
      code: 200
      message: OK
    headers:
      Content-Type:
      - text/xml
      Cache-Control:
      - no-cache
      Connection:
      - close
      Content-Length:
      - '191'
    body:
      encoding: UTF-8
      string: |
        <sourceinfo package="package_with_file" rev="2" vrev="2" srcmd5="2ee044b7fa0481a029168f32ed36f772" verifymd5="2ee044b7fa0481a029168f32ed36f772">
          <revtime>1493194665</revtime>
        </sourceinfo>
    http_version: 
  recorded_at: Wed, 26 Apr 2017 08:17:46 GMT
- request:
    method: get
    uri: http://backend:5352/source/home:tom/package_with_file
    body:
      encoding: US-ASCII
      string: ''
    headers:
      Accept-Encoding:
      - gzip;q=1.0,deflate;q=0.6,identity;q=0.3
      Accept:
      - "*/*"
      User-Agent:
      - Ruby
  response:
    status:
      code: 200
      message: OK
    headers:
      Content-Type:
      - text/xml
      Cache-Control:
      - no-cache
      Connection:
      - close
      Content-Length:
      - '306'
    body:
      encoding: UTF-8
      string: |
        <directory name="package_with_file" rev="2" vrev="2" srcmd5="2ee044b7fa0481a029168f32ed36f772">
          <entry name="_config" md5="4fa177a47ec67a5b5e8222c2aa1f319e" size="259" mtime="1493194665" />
          <entry name="somefile.txt" md5="c2a096ac1172f3baeb4b6c06d2d5fd0c" size="163" mtime="1493194665" />
        </directory>
    http_version: 
  recorded_at: Wed, 26 Apr 2017 08:17:46 GMT
- request:
    method: post
    uri: http://backend:5352/source/home:tom/package_with_file?cmd=diff&linkrev=base&onlyissues=1&orev=0&view=xml
    body:
      encoding: UTF-8
      string: ''
    headers:
      Content-Type:
      - application/octet-stream
      Accept-Encoding:
      - gzip;q=1.0,deflate;q=0.6,identity;q=0.3
      Accept:
      - "*/*"
      User-Agent:
      - Ruby
  response:
    status:
      code: 200
      message: OK
    headers:
      Content-Type:
      - text/xml
      Cache-Control:
      - no-cache
      Connection:
      - close
      Content-Length:
      - '315'
    body:
      encoding: UTF-8
      string: |
        <sourcediff key="ddb442d746b75924bf3e8a0d5b65d270">
          <old project="home:tom" package="package_with_file" rev="0" srcmd5="d41d8cd98f00b204e9800998ecf8427e" />
          <new project="home:tom" package="package_with_file" rev="2" srcmd5="2ee044b7fa0481a029168f32ed36f772" />
          <files />
          <issues>
          </issues>
        </sourcediff>
    http_version: 
  recorded_at: Wed, 26 Apr 2017 08:17:46 GMT
- request:
    method: get
    uri: http://backend:5352/source/home:tom/package_with_file
    body:
      encoding: US-ASCII
      string: ''
    headers:
      Accept-Encoding:
      - gzip;q=1.0,deflate;q=0.6,identity;q=0.3
      Accept:
      - "*/*"
      User-Agent:
      - Ruby
  response:
    status:
      code: 200
      message: OK
    headers:
      Content-Type:
      - text/xml
      Cache-Control:
      - no-cache
      Connection:
      - close
      Content-Length:
      - '306'
    body:
      encoding: UTF-8
      string: |
        <directory name="package_with_file" rev="2" vrev="2" srcmd5="2ee044b7fa0481a029168f32ed36f772">
          <entry name="_config" md5="4fa177a47ec67a5b5e8222c2aa1f319e" size="259" mtime="1493194665" />
          <entry name="somefile.txt" md5="c2a096ac1172f3baeb4b6c06d2d5fd0c" size="163" mtime="1493194665" />
        </directory>
    http_version: 
  recorded_at: Wed, 26 Apr 2017 08:17:46 GMT
- request:
    method: get
    uri: http://backend:5352/source/home:tom/package_with_file?expand=1&rev=2
    body:
      encoding: US-ASCII
      string: ''
    headers:
      Content-Type:
      - text/plain
      Accept-Encoding:
      - identity
      Accept:
      - "*/*"
      User-Agent:
      - Ruby
  response:
    status:
      code: 200
      message: OK
    headers:
      Content-Type:
      - text/xml
      Cache-Control:
      - no-cache
      Connection:
      - close
      Content-Length:
      - '306'
    body:
      encoding: UTF-8
      string: |
        <directory name="package_with_file" rev="2" vrev="2" srcmd5="2ee044b7fa0481a029168f32ed36f772">
          <entry name="_config" md5="4fa177a47ec67a5b5e8222c2aa1f319e" size="259" mtime="1493194665" />
          <entry name="somefile.txt" md5="c2a096ac1172f3baeb4b6c06d2d5fd0c" size="163" mtime="1493194665" />
        </directory>
    http_version: 
  recorded_at: Wed, 26 Apr 2017 08:17:46 GMT
- request:
    method: get
    uri: http://backend:5352/source/home:tom/package_with_file
    body:
      encoding: US-ASCII
      string: ''
    headers:
      Content-Type:
      - text/plain
      Accept-Encoding:
      - identity
      Accept:
      - "*/*"
      User-Agent:
      - Ruby
  response:
    status:
      code: 200
      message: OK
    headers:
      Content-Type:
      - text/xml
      Cache-Control:
      - no-cache
      Connection:
      - close
      Content-Length:
      - '306'
    body:
      encoding: UTF-8
      string: |
        <directory name="package_with_file" rev="2" vrev="2" srcmd5="2ee044b7fa0481a029168f32ed36f772">
          <entry name="_config" md5="4fa177a47ec67a5b5e8222c2aa1f319e" size="259" mtime="1493194665" />
          <entry name="somefile.txt" md5="c2a096ac1172f3baeb4b6c06d2d5fd0c" size="163" mtime="1493194665" />
        </directory>
    http_version: 
  recorded_at: Wed, 26 Apr 2017 08:17:46 GMT
- request:
    method: get
    uri: http://backend:5352/source/home:tom/package_with_file/_service
    body:
      encoding: US-ASCII
      string: ''
    headers:
      Content-Type:
      - text/plain
      Accept-Encoding:
      - identity
      Accept:
      - "*/*"
      User-Agent:
      - Ruby
  response:
    status:
      code: 404
      message: _service  no such file
    headers:
      Content-Type:
      - text/xml
      Cache-Control:
      - no-cache
      Connection:
      - close
      Content-Length:
      - '122'
    body:
      encoding: UTF-8
      string: |
        <status code="404">
          <summary>_service: no such file</summary>
          <details>404 _service: no such file</details>
        </status>
    http_version: 
  recorded_at: Wed, 26 Apr 2017 08:17:46 GMT
recorded_with: VCR 3.0.3
