---
http_interactions:
- request:
    method: put
    uri: http://backend:5352/source/home:tom/_meta?user=tom
    body:
      encoding: UTF-8
      string: |
        <project name="home:tom">
          <title/>
          <description/>
          <person userid="tom" role="maintainer"/>
        </project>
    headers:
      Accept-Encoding:
      - gzip;q=1.0,deflate;q=0.6,identity;q=0.3
      Accept:
      - "*/*"
      User-Agent:
      - Ruby
  response:
    status:
      code: 200
      message: OK
    headers:
      Content-Type:
      - text/xml
      Cache-Control:
      - no-cache
      Connection:
      - close
      Content-Length:
      - '129'
    body:
      encoding: UTF-8
      string: |
        <project name="home:tom">
          <title></title>
          <description></description>
          <person userid="tom" role="maintainer" />
        </project>
    http_version: 
  recorded_at: Mon, 14 Jan 2019 09:45:17 GMT
- request:
    method: put
    uri: http://backend:5352/source/home:tom/package_with_file/_meta?user=tom
    body:
      encoding: UTF-8
      string: |
        <package name="package_with_file" project="home:tom">
          <title>The Heart Is Deceitful Above All Things</title>
          <description>Iusto earum voluptatum ipsa.</description>
        </package>
    headers:
      Accept-Encoding:
      - gzip;q=1.0,deflate;q=0.6,identity;q=0.3
      Accept:
      - "*/*"
      User-Agent:
      - Ruby
  response:
    status:
      code: 200
      message: OK
    headers:
      Content-Type:
      - text/xml
      Cache-Control:
      - no-cache
      Connection:
      - close
      Content-Length:
      - '180'
    body:
      encoding: UTF-8
      string: |
        <package name="package_with_file" project="home:tom">
          <title>The Heart Is Deceitful Above All Things</title>
          <description>Iusto earum voluptatum ipsa.</description>
        </package>
    http_version: 
  recorded_at: Mon, 14 Jan 2019 09:45:17 GMT
- request:
    method: put
    uri: http://backend:5352/source/home:tom/package_with_file/_meta?user=tom
    body:
      encoding: UTF-8
      string: |
        <package name="package_with_file" project="home:tom">
          <title>The Heart Is Deceitful Above All Things</title>
          <description>Iusto earum voluptatum ipsa.</description>
        </package>
    headers:
      Accept-Encoding:
      - gzip;q=1.0,deflate;q=0.6,identity;q=0.3
      Accept:
      - "*/*"
      User-Agent:
      - Ruby
  response:
    status:
      code: 200
      message: OK
    headers:
      Content-Type:
      - text/xml
      Cache-Control:
      - no-cache
      Connection:
      - close
      Content-Length:
      - '180'
    body:
      encoding: UTF-8
      string: |
        <package name="package_with_file" project="home:tom">
          <title>The Heart Is Deceitful Above All Things</title>
          <description>Iusto earum voluptatum ipsa.</description>
        </package>
    http_version: 
  recorded_at: Mon, 14 Jan 2019 09:45:17 GMT
- request:
    method: put
    uri: http://backend:5352/source/home:tom/package_with_file/_config
    body:
      encoding: UTF-8
      string: Voluptas expedita ea. Ut et iste. Non eum veniam.
    headers:
      Accept-Encoding:
      - gzip;q=1.0,deflate;q=0.6,identity;q=0.3
      Accept:
      - "*/*"
      User-Agent:
      - Ruby
  response:
    status:
      code: 200
      message: OK
    headers:
      Content-Type:
      - text/xml
      Cache-Control:
      - no-cache
      Connection:
      - close
      Content-Length:
      - '209'
    body:
      encoding: UTF-8
      string: |
        <revision rev="83" vrev="83">
          <srcmd5>7d092850696510c15273385f724575ec</srcmd5>
          <version>unknown</version>
          <time>1547459118</time>
          <user>unknown</user>
          <comment></comment>
          <requestid/>
        </revision>
    http_version: 
  recorded_at: Mon, 14 Jan 2019 09:45:19 GMT
- request:
    method: put
    uri: http://backend:5352/source/home:tom/package_with_file/somefile.txt
    body:
      encoding: UTF-8
      string: Velit sit laborum. Soluta dolor voluptas. Non aut aspernatur.
    headers:
      Accept-Encoding:
      - gzip;q=1.0,deflate;q=0.6,identity;q=0.3
      Accept:
      - "*/*"
      User-Agent:
      - Ruby
  response:
    status:
      code: 200
      message: OK
    headers:
      Content-Type:
      - text/xml
      Cache-Control:
      - no-cache
      Connection:
      - close
      Content-Length:
      - '209'
    body:
      encoding: UTF-8
      string: |
        <revision rev="84" vrev="84">
          <srcmd5>d487e7cd8dfbb9332f7e4925da4abd41</srcmd5>
          <version>unknown</version>
          <time>1547459119</time>
          <user>unknown</user>
          <comment></comment>
          <requestid/>
        </revision>
    http_version: 
  recorded_at: Mon, 14 Jan 2019 09:45:19 GMT
- request:
    method: put
    uri: http://backend:5352/source/project_27/_meta?user=tom
    body:
      encoding: UTF-8
      string: |
        <project name="project_27">
          <title>The Painted Veil</title>
          <description/>
        </project>
    headers:
      Accept-Encoding:
      - gzip;q=1.0,deflate;q=0.6,identity;q=0.3
      Accept:
      - "*/*"
      User-Agent:
      - Ruby
  response:
    status:
      code: 200
      message: OK
    headers:
      Content-Type:
      - text/xml
      Cache-Control:
      - no-cache
      Connection:
      - close
      Content-Length:
      - '103'
    body:
      encoding: UTF-8
      string: |
        <project name="project_27">
          <title>The Painted Veil</title>
          <description></description>
        </project>
    http_version: 
  recorded_at: Mon, 14 Jan 2019 09:45:20 GMT
- request:
    method: get
    uri: http://backend:5352/source/home:tom/package_with_file?expand=1
    body:
      encoding: US-ASCII
      string: ''
    headers:
      Accept-Encoding:
      - gzip;q=1.0,deflate;q=0.6,identity;q=0.3
      Accept:
      - "*/*"
      User-Agent:
      - Ruby
  response:
    status:
      code: 200
      message: OK
    headers:
      Content-Type:
      - text/xml
      Cache-Control:
      - no-cache
      Connection:
      - close
      Content-Length:
      - '306'
    body:
      encoding: UTF-8
      string: |
        <directory name="package_with_file" rev="84" vrev="84" srcmd5="d487e7cd8dfbb9332f7e4925da4abd41">
          <entry name="_config" md5="771c2bc5ea4953c4ad671bc4b8c915c5" size="49" mtime="1547459117" />
          <entry name="somefile.txt" md5="5ae1d99a7651a3150cc42f2cb38d01b7" size="61" mtime="1547459119" />
        </directory>
    http_version: 
  recorded_at: Mon, 14 Jan 2019 09:45:20 GMT
recorded_with: VCR 4.0.0
