---
http_interactions:
- request:
    method: put
    uri: http://backend:5352/source/home:tom/_meta?user=tom
    body:
      encoding: UTF-8
      string: |
        <project name="home:tom">
          <title/>
          <description/>
          <person userid="tom" role="maintainer"/>
        </project>
    headers:
      Accept-Encoding:
      - gzip;q=1.0,deflate;q=0.6,identity;q=0.3
      Accept:
      - "*/*"
      User-Agent:
      - Ruby
  response:
    status:
      code: 200
      message: OK
    headers:
      Content-Type:
      - text/xml
      Cache-Control:
      - no-cache
      Connection:
      - close
      Content-Length:
      - '129'
    body:
      encoding: UTF-8
      string: |
        <project name="home:tom">
          <title></title>
          <description></description>
          <person userid="tom" role="maintainer" />
        </project>
    http_version: 
  recorded_at: Thu, 22 Nov 2018 09:44:04 GMT
- request:
    method: put
    uri: http://backend:5352/source/home:tom/_project/_staging_workflow?user=_nobody_
    body:
      encoding: UTF-8
      string: |
        <workflow project="home:tom" managers="group_18">
          <staging_project name="home:tom:Staging:A"/>
        </workflow>
    headers:
      Accept-Encoding:
      - gzip;q=1.0,deflate;q=0.6,identity;q=0.3
      Accept:
      - "*/*"
      User-Agent:
      - Ruby
  response:
    status:
      code: 200
      message: OK
    headers:
      Content-Type:
      - text/xml
      Cache-Control:
      - no-cache
      Connection:
      - close
      Content-Length:
      - '171'
    body:
      encoding: UTF-8
      string: |
        <revision rev="31">
          <srcmd5>5c67ecfcd81a37d620b7a9e487b797d8</srcmd5>
          <time>1542879844</time>
          <user>_nobody_</user>
          <comment></comment>
          <requestid/>
        </revision>
    http_version: 
  recorded_at: Thu, 22 Nov 2018 09:44:04 GMT
- request:
    method: put
    uri: http://backend:5352/source/home:tom:Staging:A/_meta?user=_nobody_
    body:
      encoding: UTF-8
      string: |
        <project name="home:tom:Staging:A">
          <title/>
          <description/>
          <group groupid="group_18" role="maintainer"/>
        </project>
    headers:
      Accept-Encoding:
      - gzip;q=1.0,deflate;q=0.6,identity;q=0.3
      Accept:
      - "*/*"
      User-Agent:
      - Ruby
  response:
    status:
      code: 200
      message: OK
    headers:
      Content-Type:
      - text/xml
      Cache-Control:
      - no-cache
      Connection:
      - close
      Content-Length:
      - '144'
    body:
      encoding: UTF-8
      string: |
        <project name="home:tom:Staging:A">
          <title></title>
          <description></description>
          <group groupid="group_18" role="maintainer" />
        </project>
    http_version: 
  recorded_at: Thu, 22 Nov 2018 09:44:04 GMT
- request:
    method: put
    uri: http://backend:5352/source/home:tom/_project/_staging_workflow?user=_nobody_
    body:
      encoding: UTF-8
      string: |
        <workflow project="home:tom" managers="group_18">
          <staging_project name="home:tom:Staging:A"/>
          <staging_project name="home:tom:Staging:B"/>
        </workflow>
    headers:
      Accept-Encoding:
      - gzip;q=1.0,deflate;q=0.6,identity;q=0.3
      Accept:
      - "*/*"
      User-Agent:
      - Ruby
  response:
    status:
      code: 200
      message: OK
    headers:
      Content-Type:
      - text/xml
      Cache-Control:
      - no-cache
      Connection:
      - close
      Content-Length:
      - '171'
    body:
      encoding: UTF-8
      string: |
        <revision rev="32">
          <srcmd5>f025f824c96dccfb93d74370e8a285d6</srcmd5>
          <time>1542879844</time>
          <user>_nobody_</user>
          <comment></comment>
          <requestid/>
        </revision>
    http_version: 
  recorded_at: Thu, 22 Nov 2018 09:44:04 GMT
- request:
    method: put
    uri: http://backend:5352/source/home:tom:Staging:B/_meta?user=_nobody_
    body:
      encoding: UTF-8
      string: |
        <project name="home:tom:Staging:B">
          <title/>
          <description/>
          <group groupid="group_18" role="maintainer"/>
        </project>
    headers:
      Accept-Encoding:
      - gzip;q=1.0,deflate;q=0.6,identity;q=0.3
      Accept:
      - "*/*"
      User-Agent:
      - Ruby
  response:
    status:
      code: 200
      message: OK
    headers:
      Content-Type:
      - text/xml
      Cache-Control:
      - no-cache
      Connection:
      - close
      Content-Length:
      - '144'
    body:
      encoding: UTF-8
      string: |
        <project name="home:tom:Staging:B">
          <title></title>
          <description></description>
          <group groupid="group_18" role="maintainer" />
        </project>
    http_version: 
  recorded_at: Thu, 22 Nov 2018 09:44:04 GMT
- request:
    method: put
    uri: http://backend:5352/source/home:tom:Staging:A/package_18/_meta?user=_nobody_
    body:
      encoding: UTF-8
      string: |
        <package name="package_18" project="home:tom:Staging:A">
          <title>All Passion Spent</title>
          <description>Rem ipsam cum laboriosam.</description>
        </package>
    headers:
      Accept-Encoding:
      - gzip;q=1.0,deflate;q=0.6,identity;q=0.3
      Accept:
      - "*/*"
      User-Agent:
      - Ruby
  response:
    status:
      code: 200
      message: OK
    headers:
      Content-Type:
      - text/xml
      Cache-Control:
      - no-cache
      Connection:
      - close
      Content-Length:
      - '158'
    body:
      encoding: UTF-8
      string: |
        <package name="package_18" project="home:tom:Staging:A">
          <title>All Passion Spent</title>
          <description>Rem ipsam cum laboriosam.</description>
        </package>
    http_version: 
  recorded_at: Thu, 22 Nov 2018 09:44:04 GMT
- request:
    method: put
    uri: http://backend:5352/source/home:tom:Staging:A/package_18/_meta?user=_nobody_
    body:
      encoding: UTF-8
      string: |
        <package name="package_18" project="home:tom:Staging:A">
          <title>All Passion Spent</title>
          <description>Rem ipsam cum laboriosam.</description>
        </package>
    headers:
      Accept-Encoding:
      - gzip;q=1.0,deflate;q=0.6,identity;q=0.3
      Accept:
      - "*/*"
      User-Agent:
      - Ruby
  response:
    status:
      code: 200
      message: OK
    headers:
      Content-Type:
      - text/xml
      Cache-Control:
      - no-cache
      Connection:
      - close
      Content-Length:
      - '158'
    body:
      encoding: UTF-8
      string: |
        <package name="package_18" project="home:tom:Staging:A">
          <title>All Passion Spent</title>
          <description>Rem ipsam cum laboriosam.</description>
        </package>
    http_version: 
  recorded_at: Thu, 22 Nov 2018 09:44:04 GMT
- request:
    method: put
    uri: http://backend:5352/source/home:tom:Staging:A/package_18/_config
    body:
      encoding: UTF-8
      string: Unde et iure. At maiores et. Sunt ex tempore.
    headers:
      Accept-Encoding:
      - gzip;q=1.0,deflate;q=0.6,identity;q=0.3
      Accept:
      - "*/*"
      User-Agent:
      - Ruby
  response:
    status:
      code: 200
      message: OK
    headers:
      Content-Type:
      - text/xml
      Cache-Control:
      - no-cache
      Connection:
      - close
      Content-Length:
      - '207'
    body:
      encoding: UTF-8
      string: |
        <revision rev="1" vrev="1">
          <srcmd5>12e48624a2e3e0e9bf531cc2d296917a</srcmd5>
          <version>unknown</version>
          <time>1542879844</time>
          <user>unknown</user>
          <comment></comment>
          <requestid/>
        </revision>
    http_version: 
  recorded_at: Thu, 22 Nov 2018 09:44:04 GMT
- request:
    method: put
    uri: http://backend:5352/source/home:tom:Staging:A/package_18/somefile.txt
    body:
      encoding: UTF-8
      string: Vel amet nesciunt. Sapiente qui soluta. Nesciunt enim laboriosam.
    headers:
      Accept-Encoding:
      - gzip;q=1.0,deflate;q=0.6,identity;q=0.3
      Accept:
      - "*/*"
      User-Agent:
      - Ruby
  response:
    status:
      code: 200
      message: OK
    headers:
      Content-Type:
      - text/xml
      Cache-Control:
      - no-cache
      Connection:
      - close
      Content-Length:
      - '207'
    body:
      encoding: UTF-8
      string: |
        <revision rev="2" vrev="2">
          <srcmd5>a39b00b09d66836f583dceec2ac27abc</srcmd5>
          <version>unknown</version>
          <time>1542879844</time>
          <user>unknown</user>
          <comment></comment>
          <requestid/>
        </revision>
    http_version: 
  recorded_at: Thu, 22 Nov 2018 09:44:04 GMT
- request:
    method: put
    uri: http://backend:5352/source/target_project/_meta?user=_nobody_
    body:
      encoding: UTF-8
      string: |
        <project name="target_project">
          <title>In a Glass Darkly</title>
          <description/>
        </project>
    headers:
      Accept-Encoding:
      - gzip;q=1.0,deflate;q=0.6,identity;q=0.3
      Accept:
      - "*/*"
      User-Agent:
      - Ruby
  response:
    status:
      code: 200
      message: OK
    headers:
      Content-Type:
      - text/xml
      Cache-Control:
      - no-cache
      Connection:
      - close
      Content-Length:
      - '108'
    body:
      encoding: UTF-8
      string: |
        <project name="target_project">
          <title>In a Glass Darkly</title>
          <description></description>
        </project>
    http_version: 
  recorded_at: Thu, 22 Nov 2018 09:44:04 GMT
- request:
    method: put
    uri: http://backend:5352/source/target_project/target_package/_meta?user=_nobody_
    body:
      encoding: UTF-8
      string: |
        <package name="target_package" project="target_project">
          <title>When the Green Woods Laugh</title>
          <description>Harum saepe dolorum natus.</description>
        </package>
    headers:
      Accept-Encoding:
      - gzip;q=1.0,deflate;q=0.6,identity;q=0.3
      Accept:
      - "*/*"
      User-Agent:
      - Ruby
  response:
    status:
      code: 200
      message: OK
    headers:
      Content-Type:
      - text/xml
      Cache-Control:
      - no-cache
      Connection:
      - close
      Content-Length:
      - '168'
    body:
      encoding: UTF-8
      string: |
        <package name="target_package" project="target_project">
          <title>When the Green Woods Laugh</title>
          <description>Harum saepe dolorum natus.</description>
        </package>
    http_version: 
  recorded_at: Thu, 22 Nov 2018 09:44:04 GMT
- request:
    method: put
    uri: http://backend:5352/source/target_project/target_package/_meta?user=_nobody_
    body:
      encoding: UTF-8
      string: |
        <package name="target_package" project="target_project">
          <title>When the Green Woods Laugh</title>
          <description>Harum saepe dolorum natus.</description>
        </package>
    headers:
      Accept-Encoding:
      - gzip;q=1.0,deflate;q=0.6,identity;q=0.3
      Accept:
      - "*/*"
      User-Agent:
      - Ruby
  response:
    status:
      code: 200
      message: OK
    headers:
      Content-Type:
      - text/xml
      Cache-Control:
      - no-cache
      Connection:
      - close
      Content-Length:
      - '168'
    body:
      encoding: UTF-8
      string: |
        <package name="target_package" project="target_project">
          <title>When the Green Woods Laugh</title>
          <description>Harum saepe dolorum natus.</description>
        </package>
    http_version: 
  recorded_at: Thu, 22 Nov 2018 09:44:04 GMT
- request:
    method: put
    uri: http://backend:5352/source/source_project/_meta?user=_nobody_
    body:
      encoding: UTF-8
      string: |
        <project name="source_project">
          <title>The Golden Apples of the Sun</title>
          <description/>
        </project>
    headers:
      Accept-Encoding:
      - gzip;q=1.0,deflate;q=0.6,identity;q=0.3
      Accept:
      - "*/*"
      User-Agent:
      - Ruby
  response:
    status:
      code: 200
      message: OK
    headers:
      Content-Type:
      - text/xml
      Cache-Control:
      - no-cache
      Connection:
      - close
      Content-Length:
      - '119'
    body:
      encoding: UTF-8
      string: |
        <project name="source_project">
          <title>The Golden Apples of the Sun</title>
          <description></description>
        </project>
    http_version: 
  recorded_at: Thu, 22 Nov 2018 09:44:04 GMT
- request:
    method: put
    uri: http://backend:5352/source/source_project/source_package/_meta?user=_nobody_
    body:
      encoding: UTF-8
      string: |
        <package name="source_package" project="source_project">
          <title>No Country for Old Men</title>
          <description>Ducimus magnam eos animi.</description>
        </package>
    headers:
      Accept-Encoding:
      - gzip;q=1.0,deflate;q=0.6,identity;q=0.3
      Accept:
      - "*/*"
      User-Agent:
      - Ruby
  response:
    status:
      code: 200
      message: OK
    headers:
      Content-Type:
      - text/xml
      Cache-Control:
      - no-cache
      Connection:
      - close
      Content-Length:
      - '163'
    body:
      encoding: UTF-8
      string: |
        <package name="source_package" project="source_project">
          <title>No Country for Old Men</title>
          <description>Ducimus magnam eos animi.</description>
        </package>
    http_version: 
  recorded_at: Thu, 22 Nov 2018 09:44:04 GMT
- request:
    method: put
    uri: http://backend:5352/source/source_project/source_package/_meta?user=_nobody_
    body:
      encoding: UTF-8
      string: |
        <package name="source_package" project="source_project">
          <title>No Country for Old Men</title>
          <description>Ducimus magnam eos animi.</description>
        </package>
    headers:
      Accept-Encoding:
      - gzip;q=1.0,deflate;q=0.6,identity;q=0.3
      Accept:
      - "*/*"
      User-Agent:
      - Ruby
  response:
    status:
      code: 200
      message: OK
    headers:
      Content-Type:
      - text/xml
      Cache-Control:
      - no-cache
      Connection:
      - close
      Content-Length:
      - '163'
    body:
      encoding: UTF-8
      string: |
        <package name="source_package" project="source_project">
          <title>No Country for Old Men</title>
          <description>Ducimus magnam eos animi.</description>
        </package>
    http_version: 
  recorded_at: Thu, 22 Nov 2018 09:44:04 GMT
- request:
    method: put
    uri: http://backend:5352/source/home:user_19/_meta?user=user_19
    body:
      encoding: UTF-8
      string: |
        <project name="home:user_19">
          <title/>
          <description/>
          <person userid="user_19" role="maintainer"/>
        </project>
    headers:
      Accept-Encoding:
      - gzip;q=1.0,deflate;q=0.6,identity;q=0.3
      Accept:
      - "*/*"
      User-Agent:
      - Ruby
  response:
    status:
      code: 200
      message: OK
    headers:
      Content-Type:
      - text/xml
      Cache-Control:
      - no-cache
      Connection:
      - close
      Content-Length:
      - '137'
    body:
      encoding: UTF-8
      string: |
        <project name="home:user_19">
          <title></title>
          <description></description>
          <person userid="user_19" role="maintainer" />
        </project>
    http_version: 
  recorded_at: Thu, 22 Nov 2018 09:44:05 GMT
- request:
    method: put
    uri: http://backend:5352/source/home:tom/_project/_staging_workflow?user=_nobody_
    body:
      encoding: UTF-8
      string: |
        <workflow project="home:tom" managers="group_18">
          <staging_project name="home:tom:Staging:A"/>
          <staging_project name="home:tom:Staging:B"/>
        </workflow>
    headers:
      Accept-Encoding:
      - gzip;q=1.0,deflate;q=0.6,identity;q=0.3
      Accept:
      - "*/*"
      User-Agent:
      - Ruby
  response:
    status:
      code: 200
      message: OK
    headers:
      Content-Type:
      - text/xml
      Cache-Control:
      - no-cache
      Connection:
      - close
      Content-Length:
      - '171'
    body:
      encoding: UTF-8
      string: |
        <revision rev="33">
          <srcmd5>f025f824c96dccfb93d74370e8a285d6</srcmd5>
          <time>1542879845</time>
          <user>_nobody_</user>
          <comment></comment>
          <requestid/>
        </revision>
    http_version: 
  recorded_at: Thu, 22 Nov 2018 09:44:05 GMT
- request:
    method: put
    uri: http://backend:5352/source/home:tom:Staging:A/_meta?user=_nobody_
    body:
      encoding: UTF-8
      string: |
        <project name="home:tom:Staging:A">
          <title/>
          <description/>
          <group groupid="group_18" role="maintainer"/>
          <group groupid="group_19" role="maintainer"/>
          <repository name="staging_repository">
            <arch>x86_64</arch>
          </repository>
        </project>
    headers:
      Accept-Encoding:
      - gzip;q=1.0,deflate;q=0.6,identity;q=0.3
      Accept:
      - "*/*"
      User-Agent:
      - Ruby
  response:
    status:
      code: 200
      message: OK
    headers:
      Content-Type:
      - text/xml
      Cache-Control:
      - no-cache
      Connection:
      - close
      Content-Length:
      - '274'
    body:
      encoding: UTF-8
      string: |
        <project name="home:tom:Staging:A">
          <title></title>
          <description></description>
          <group groupid="group_18" role="maintainer" />
          <group groupid="group_19" role="maintainer" />
          <repository name="staging_repository">
            <arch>x86_64</arch>
          </repository>
        </project>
    http_version: 
  recorded_at: Thu, 22 Nov 2018 09:44:05 GMT
recorded_with: VCR 4.0.0
