---
http_interactions:
- request:
    method: put
    uri: http://backend:5352/source/Apache/_meta
    body:
      encoding: UTF-8
      string: |
        <project name="Apache">
          <title>Taming a Sea Horse</title>
          <description/>
        </project>
    headers:
      Accept-Encoding:
      - gzip;q=1.0,deflate;q=0.6,identity;q=0.3
      Accept:
      - "*/*"
      User-Agent:
      - Ruby
  response:
    status:
      code: 200
      message: OK
    headers:
      Content-Type:
      - text/xml
      Cache-Control:
      - no-cache
      Connection:
      - close
      Content-Length:
      - '101'
    body:
      encoding: UTF-8
      string: |
        <project name="Apache">
          <title>Taming a Sea Horse</title>
          <description></description>
        </project>
    http_version: 
  recorded_at: Wed, 02 Aug 2017 08:35:20 GMT
- request:
    method: put
    uri: http://backend:5352/source/Apache/_config
    body:
      encoding: UTF-8
      string: Quidem esse consequuntur praesentium qui. Voluptas minus quia quasi
        repudiandae. Amet dolor aperiam dolorem.
    headers:
      Accept-Encoding:
      - gzip;q=1.0,deflate;q=0.6,identity;q=0.3
      Accept:
      - "*/*"
      User-Agent:
      - Ruby
  response:
    status:
      code: 200
      message: OK
    headers:
      Content-Type:
      - text/xml
      Cache-Control:
      - no-cache
      Connection:
      - close
      Content-Length:
      - '21'
    body:
      encoding: UTF-8
      string: '<status code="ok" />

'
    http_version: 
  recorded_at: Wed, 02 Aug 2017 08:35:20 GMT
- request:
    method: put
    uri: http://backend:5352/source/Apache/apache2/_meta?user=user_10
    body:
      encoding: UTF-8
      string: |
        <package name="apache2" project="Apache">
          <title>Number the Stars</title>
          <description>Dolor velit aspernatur eos totam.</description>
        </package>
    headers:
      Accept-Encoding:
      - gzip;q=1.0,deflate;q=0.6,identity;q=0.3
      Accept:
      - "*/*"
      User-Agent:
      - Ruby
  response:
    status:
      code: 200
      message: OK
    headers:
      Content-Type:
      - text/xml
      Cache-Control:
      - no-cache
      Connection:
      - close
      Content-Length:
      - '150'
    body:
      encoding: UTF-8
      string: |
        <package name="apache2" project="Apache">
          <title>Number the Stars</title>
          <description>Dolor velit aspernatur eos totam.</description>
        </package>
    http_version: 
  recorded_at: Wed, 02 Aug 2017 08:35:20 GMT
- request:
    method: put
    uri: http://backend:5352/source/Apache/apache2/_meta
    body:
      encoding: UTF-8
      string: |
        <package name="apache2" project="Apache">
          <title>Number the Stars</title>
          <description>Dolor velit aspernatur eos totam.</description>
        </package>
    headers:
      Accept-Encoding:
      - gzip;q=1.0,deflate;q=0.6,identity;q=0.3
      Accept:
      - "*/*"
      User-Agent:
      - Ruby
  response:
    status:
      code: 200
      message: OK
    headers:
      Content-Type:
      - text/xml
      Cache-Control:
      - no-cache
      Connection:
      - close
      Content-Length:
      - '150'
    body:
      encoding: UTF-8
      string: |
        <package name="apache2" project="Apache">
          <title>Number the Stars</title>
          <description>Dolor velit aspernatur eos totam.</description>
        </package>
    http_version: 
  recorded_at: Wed, 02 Aug 2017 08:35:20 GMT
- request:
    method: put
    uri: http://backend:5352/source/Apache/apache2/_config
    body:
      encoding: UTF-8
      string: Id dolorem inventore aspernatur. Nemo quis quod eaque. Iure dolore est.
    headers:
      Accept-Encoding:
      - gzip;q=1.0,deflate;q=0.6,identity;q=0.3
      Accept:
      - "*/*"
      User-Agent:
      - Ruby
  response:
    status:
      code: 200
      message: OK
    headers:
      Content-Type:
      - text/xml
      Cache-Control:
      - no-cache
      Connection:
      - close
      Content-Length:
      - '209'
    body:
      encoding: UTF-8
      string: |
        <revision rev="66" vrev="66">
          <srcmd5>3f2756b28d97ebd06fa6e941a3c121e2</srcmd5>
          <version>unknown</version>
          <time>1501662920</time>
          <user>unknown</user>
          <comment></comment>
          <requestid/>
        </revision>
    http_version: 
  recorded_at: Wed, 02 Aug 2017 08:35:20 GMT
- request:
    method: put
    uri: http://backend:5352/source/Apache/apache2/somefile.txt
    body:
      encoding: UTF-8
      string: Dolorem repudiandae dolor saepe. Maiores nihil molestiae qui totam vel
        aut. Possimus labore corporis. Sunt eum dolorem maiores sint et dignissimos.
    headers:
      Accept-Encoding:
      - gzip;q=1.0,deflate;q=0.6,identity;q=0.3
      Accept:
      - "*/*"
      User-Agent:
      - Ruby
  response:
    status:
      code: 200
      message: OK
    headers:
      Content-Type:
      - text/xml
      Cache-Control:
      - no-cache
      Connection:
      - close
      Content-Length:
      - '209'
    body:
      encoding: UTF-8
      string: |
        <revision rev="67" vrev="67">
          <srcmd5>855eba577b60ee709503c9a5627bdbf2</srcmd5>
          <version>unknown</version>
          <time>1501662920</time>
          <user>unknown</user>
          <comment></comment>
          <requestid/>
        </revision>
    http_version: 
  recorded_at: Wed, 02 Aug 2017 08:35:20 GMT
- request:
    method: put
    uri: http://backend:5352/source/home:user_11/_meta?user=user_11
    body:
      encoding: UTF-8
      string: |
        <project name="home:user_11">
          <title/>
          <description/>
          <person userid="user_11" role="maintainer"/>
        </project>
    headers:
      Accept-Encoding:
      - gzip;q=1.0,deflate;q=0.6,identity;q=0.3
      Accept:
      - "*/*"
      User-Agent:
      - Ruby
  response:
    status:
      code: 200
      message: OK
    headers:
      Content-Type:
      - text/xml
      Cache-Control:
      - no-cache
      Connection:
      - close
      Content-Length:
      - '137'
    body:
      encoding: UTF-8
      string: |
        <project name="home:user_11">
          <title></title>
          <description></description>
          <person userid="user_11" role="maintainer" />
        </project>
    http_version: 
  recorded_at: Wed, 02 Aug 2017 08:35:20 GMT
- request:
    method: get
    uri: http://backend:5352/source/Apache/apache2?nofilename=1&view=info&withchangesmd5=1
    body:
      encoding: US-ASCII
      string: ''
    headers:
      Accept-Encoding:
      - gzip;q=1.0,deflate;q=0.6,identity;q=0.3
      Accept:
      - "*/*"
      User-Agent:
      - Ruby
  response:
    status:
      code: 200
      message: OK
    headers:
      Content-Type:
      - text/xml
      Cache-Control:
      - no-cache
      Connection:
      - close
      Content-Length:
      - '183'
    body:
      encoding: UTF-8
      string: |
        <sourceinfo package="apache2" rev="67" vrev="67" srcmd5="855eba577b60ee709503c9a5627bdbf2" verifymd5="855eba577b60ee709503c9a5627bdbf2">
          <revtime>1501662920</revtime>
        </sourceinfo>
    http_version: 
  recorded_at: Wed, 02 Aug 2017 08:35:21 GMT
- request:
    method: get
    uri: http://backend:5352/source/Apache/apache2
    body:
      encoding: US-ASCII
      string: ''
    headers:
      Accept-Encoding:
      - gzip;q=1.0,deflate;q=0.6,identity;q=0.3
      Accept:
      - "*/*"
      User-Agent:
      - Ruby
  response:
    status:
      code: 200
      message: OK
    headers:
      Content-Type:
      - text/xml
      Cache-Control:
      - no-cache
      Connection:
      - close
      Content-Length:
      - '392'
    body:
      encoding: UTF-8
      string: |
        <directory name="apache2" rev="67" vrev="67" srcmd5="855eba577b60ee709503c9a5627bdbf2">
          <entry name="_config" md5="6e148ba4527885458c658ae7c70e1162" size="71" mtime="1501662920" />
          <entry name="my_file" md5="ca609072bc337149a01fbb4bd364f156" size="11" mtime="1501662359" />
          <entry name="somefile.txt" md5="c6c8d0b2b5ea937086770374397ac31f" size="147" mtime="1501662920" />
        </directory>
    http_version: 
  recorded_at: Wed, 02 Aug 2017 08:35:21 GMT
- request:
    method: post
    uri: http://backend:5352/source/Apache/apache2?cmd=diff&linkrev=base&onlyissues=1&orev=0&view=xml
    body:
      encoding: UTF-8
      string: ''
    headers:
      Content-Type:
      - application/octet-stream
      Accept-Encoding:
      - gzip;q=1.0,deflate;q=0.6,identity;q=0.3
      Accept:
      - "*/*"
      User-Agent:
      - Ruby
  response:
    status:
      code: 200
      message: OK
    headers:
      Content-Type:
      - text/xml
      Cache-Control:
      - no-cache
      Connection:
      - close
      Content-Length:
      - '292'
    body:
      encoding: UTF-8
      string: |
        <sourcediff key="3382d510e32fb7cd534aca8771f51395">
          <old project="Apache" package="apache2" rev="0" srcmd5="d41d8cd98f00b204e9800998ecf8427e" />
          <new project="Apache" package="apache2" rev="67" srcmd5="855eba577b60ee709503c9a5627bdbf2" />
          <files />
          <issues>
          </issues>
        </sourcediff>
    http_version: 
  recorded_at: Wed, 02 Aug 2017 08:35:21 GMT
- request:
    method: get
    uri: http://backend:5352/getprojpack?expandedrepos&nopackages&project=Apache&withrepos
    body:
      encoding: US-ASCII
      string: ''
    headers:
      Accept-Encoding:
      - gzip;q=1.0,deflate;q=0.6,identity;q=0.3
      Accept:
      - "*/*"
      User-Agent:
      - Ruby
  response:
    status:
      code: 200
      message: OK
    headers:
      Content-Type:
      - text/xml
      Cache-Control:
      - no-cache
      Connection:
      - close
      Content-Length:
      - '151'
    body:
      encoding: UTF-8
      string: |
        <projpack repoid="342297126">
          <project name="Apache">
            <title>Taming a Sea Horse</title>
            <description></description>
          </project>
        </projpack>
    http_version: 
  recorded_at: Wed, 02 Aug 2017 08:35:21 GMT
- request:
    method: get
    uri: http://backend:5352/source/Apache/apache2?view=info
    body:
      encoding: US-ASCII
      string: ''
    headers:
      Accept-Encoding:
      - gzip;q=1.0,deflate;q=0.6,identity;q=0.3
      Accept:
      - "*/*"
      User-Agent:
      - Ruby
  response:
    status:
      code: 404
      message: project 'Apache' does not exist
    headers:
      Content-Type:
      - text/xml
      Cache-Control:
      - no-cache
      Connection:
      - close
      Content-Length:
      - '140'
    body:
      encoding: UTF-8
      string: |
        <status code="404">
          <summary>project 'Apache' does not exist</summary>
          <details>404 project 'Apache' does not exist</details>
        </status>
    http_version: 
  recorded_at: Tue, 16 Jan 2018 14:33:53 GMT
- request:
    method: put
    uri: http://backend:5352/source/Apache/apache2/_meta?user=user_3
    body:
      encoding: UTF-8
      string: |
        <package name="apache2" project="Apache">
          <title>O Pioneers!</title>
          <description>Aut id nam corporis quaerat quo non.</description>
        </package>
    headers:
      Accept-Encoding:
      - gzip;q=1.0,deflate;q=0.6,identity;q=0.3
      Accept:
      - "*/*"
      User-Agent:
      - Ruby
  response:
    status:
      code: 404
      message: project 'Apache' does not exist
    headers:
      Content-Type:
      - text/xml
      Cache-Control:
      - no-cache
      Connection:
      - close
      Content-Length:
      - '140'
    body:
      encoding: UTF-8
      string: |
        <status code="404">
          <summary>project 'Apache' does not exist</summary>
          <details>404 project 'Apache' does not exist</details>
        </status>
    http_version: 
  recorded_at: Wed, 16 May 2018 08:54:50 GMT
- request:
    method: get
    uri: http://backend:5352/getprojpack?expandedrepos=1&nopackages=1&project=Apache&withrepos=1
    body:
      encoding: US-ASCII
      string: ''
    headers:
      Accept-Encoding:
      - gzip;q=1.0,deflate;q=0.6,identity;q=0.3
      Accept:
      - "*/*"
      User-Agent:
      - Ruby
  response:
    status:
      code: 200
      message: OK
    headers:
      Content-Type:
      - text/xml
      Cache-Control:
      - no-cache
      Connection:
      - close
      Content-Length:
      - '42'
    body:
      encoding: UTF-8
      string: |
        <projpack repoid="395679981">
        </projpack>
    http_version: 
  recorded_at: Wed, 16 May 2018 08:56:06 GMT
recorded_with: VCR 4.0.0
