---
http_interactions:
- request:
    method: put
    uri: http://backend:5352/source/Apache/_meta
    body:
      encoding: UTF-8
      string: |
        <project name="Apache">
          <title>Antic Hay</title>
          <description/>
        </project>
    headers:
      Accept-Encoding:
      - gzip;q=1.0,deflate;q=0.6,identity;q=0.3
      Accept:
      - "*/*"
      User-Agent:
      - Ruby
  response:
    status:
      code: 200
      message: OK
    headers:
      Content-Type:
      - text/xml
      Cache-Control:
      - no-cache
      Connection:
      - close
      Content-Length:
      - '92'
    body:
      encoding: UTF-8
      string: |
        <project name="Apache">
          <title>Antic Hay</title>
          <description></description>
        </project>
    http_version: 
  recorded_at: Wed, 02 Aug 2017 08:35:21 GMT
- request:
    method: put
    uri: http://backend:5352/source/Apache/_config
    body:
      encoding: UTF-8
      string: Blanditiis pariatur et quis culpa esse sit omnis. Et ea sed iusto velit
        sunt aliquam consequatur. Vitae deserunt sit quaerat perspiciatis cumque accusamus
        vel. Voluptatem velit nisi illo non facilis ex.
    headers:
      Accept-Encoding:
      - gzip;q=1.0,deflate;q=0.6,identity;q=0.3
      Accept:
      - "*/*"
      User-Agent:
      - Ruby
  response:
    status:
      code: 200
      message: OK
    headers:
      Content-Type:
      - text/xml
      Cache-Control:
      - no-cache
      Connection:
      - close
      Content-Length:
      - '21'
    body:
      encoding: UTF-8
      string: '<status code="ok" />

'
    http_version: 
  recorded_at: Wed, 02 Aug 2017 08:35:21 GMT
- request:
    method: put
    uri: http://backend:5352/source/Apache/apache2/_meta?user=user_12
    body:
      encoding: UTF-8
      string: |
        <package name="apache2" project="Apache">
          <title>The Painted Veil</title>
          <description>Qui rerum aut doloremque.</description>
        </package>
    headers:
      Accept-Encoding:
      - gzip;q=1.0,deflate;q=0.6,identity;q=0.3
      Accept:
      - "*/*"
      User-Agent:
      - Ruby
  response:
    status:
      code: 200
      message: OK
    headers:
      Content-Type:
      - text/xml
      Cache-Control:
      - no-cache
      Connection:
      - close
      Content-Length:
      - '142'
    body:
      encoding: UTF-8
      string: |
        <package name="apache2" project="Apache">
          <title>The Painted Veil</title>
          <description>Qui rerum aut doloremque.</description>
        </package>
    http_version: 
  recorded_at: Wed, 02 Aug 2017 08:35:21 GMT
- request:
    method: put
    uri: http://backend:5352/source/Apache/apache2/_meta
    body:
      encoding: UTF-8
      string: |
        <package name="apache2" project="Apache">
          <title>The Painted Veil</title>
          <description>Qui rerum aut doloremque.</description>
        </package>
    headers:
      Accept-Encoding:
      - gzip;q=1.0,deflate;q=0.6,identity;q=0.3
      Accept:
      - "*/*"
      User-Agent:
      - Ruby
  response:
    status:
      code: 200
      message: OK
    headers:
      Content-Type:
      - text/xml
      Cache-Control:
      - no-cache
      Connection:
      - close
      Content-Length:
      - '142'
    body:
      encoding: UTF-8
      string: |
        <package name="apache2" project="Apache">
          <title>The Painted Veil</title>
          <description>Qui rerum aut doloremque.</description>
        </package>
    http_version: 
  recorded_at: Wed, 02 Aug 2017 08:35:22 GMT
- request:
    method: put
    uri: http://backend:5352/source/Apache/apache2/_config
    body:
      encoding: UTF-8
      string: Nulla dolore provident at mollitia adipisci et. Dolorem quisquam officiis
        sint numquam quis quia doloribus. Asperiores laboriosam omnis laborum consequatur.
        Earum ut velit tenetur.
    headers:
      Accept-Encoding:
      - gzip;q=1.0,deflate;q=0.6,identity;q=0.3
      Accept:
      - "*/*"
      User-Agent:
      - Ruby
  response:
    status:
      code: 200
      message: OK
    headers:
      Content-Type:
      - text/xml
      Cache-Control:
      - no-cache
      Connection:
      - close
      Content-Length:
      - '209'
    body:
      encoding: UTF-8
      string: |
        <revision rev="70" vrev="70">
          <srcmd5>c6e1837eb6076a3d1bf6da7aae5f6bcc</srcmd5>
          <version>unknown</version>
          <time>1501662922</time>
          <user>unknown</user>
          <comment></comment>
          <requestid/>
        </revision>
    http_version: 
  recorded_at: Wed, 02 Aug 2017 08:35:22 GMT
- request:
    method: put
    uri: http://backend:5352/source/Apache/apache2/somefile.txt
    body:
      encoding: UTF-8
      string: Repudiandae dignissimos consequatur placeat magnam. Illum at qui amet
        consequatur rem. Ipsum accusantium qui voluptatem aspernatur possimus. Molestias
        eum rerum amet maiores.
    headers:
      Accept-Encoding:
      - gzip;q=1.0,deflate;q=0.6,identity;q=0.3
      Accept:
      - "*/*"
      User-Agent:
      - Ruby
  response:
    status:
      code: 200
      message: OK
    headers:
      Content-Type:
      - text/xml
      Cache-Control:
      - no-cache
      Connection:
      - close
      Content-Length:
      - '209'
    body:
      encoding: UTF-8
      string: |
        <revision rev="71" vrev="71">
          <srcmd5>f661b7c2bfd1924960598e9f9610a77d</srcmd5>
          <version>unknown</version>
          <time>1501662922</time>
          <user>unknown</user>
          <comment></comment>
          <requestid/>
        </revision>
    http_version: 
  recorded_at: Wed, 02 Aug 2017 08:35:22 GMT
- request:
    method: put
    uri: http://backend:5352/source/home:user_13/_meta?user=user_13
    body:
      encoding: UTF-8
      string: |
        <project name="home:user_13">
          <title/>
          <description/>
          <person userid="user_13" role="maintainer"/>
        </project>
    headers:
      Accept-Encoding:
      - gzip;q=1.0,deflate;q=0.6,identity;q=0.3
      Accept:
      - "*/*"
      User-Agent:
      - Ruby
  response:
    status:
      code: 200
      message: OK
    headers:
      Content-Type:
      - text/xml
      Cache-Control:
      - no-cache
      Connection:
      - close
      Content-Length:
      - '137'
    body:
      encoding: UTF-8
      string: |
        <project name="home:user_13">
          <title></title>
          <description></description>
          <person userid="user_13" role="maintainer" />
        </project>
    http_version: 
  recorded_at: Wed, 02 Aug 2017 08:35:22 GMT
- request:
    method: get
    uri: http://backend:5352/source/Apache/apache2?nofilename=1&view=info&withchangesmd5=1
    body:
      encoding: US-ASCII
      string: ''
    headers:
      Accept-Encoding:
      - gzip;q=1.0,deflate;q=0.6,identity;q=0.3
      Accept:
      - "*/*"
      User-Agent:
      - Ruby
  response:
    status:
      code: 200
      message: OK
    headers:
      Content-Type:
      - text/xml
      Cache-Control:
      - no-cache
      Connection:
      - close
      Content-Length:
      - '183'
    body:
      encoding: UTF-8
      string: |
        <sourceinfo package="apache2" rev="71" vrev="71" srcmd5="f661b7c2bfd1924960598e9f9610a77d" verifymd5="f661b7c2bfd1924960598e9f9610a77d">
          <revtime>1501662922</revtime>
        </sourceinfo>
    http_version: 
  recorded_at: Wed, 02 Aug 2017 08:35:22 GMT
- request:
    method: get
    uri: http://backend:5352/source/Apache/apache2
    body:
      encoding: US-ASCII
      string: ''
    headers:
      Accept-Encoding:
      - gzip;q=1.0,deflate;q=0.6,identity;q=0.3
      Accept:
      - "*/*"
      User-Agent:
      - Ruby
  response:
    status:
      code: 200
      message: OK
    headers:
      Content-Type:
      - text/xml
      Cache-Control:
      - no-cache
      Connection:
      - close
      Content-Length:
      - '393'
    body:
      encoding: UTF-8
      string: |
        <directory name="apache2" rev="71" vrev="71" srcmd5="f661b7c2bfd1924960598e9f9610a77d">
          <entry name="_config" md5="2b6bd257c3fa1b816b556e84d769c561" size="180" mtime="1501662922" />
          <entry name="my_file" md5="ca609072bc337149a01fbb4bd364f156" size="11" mtime="1501662359" />
          <entry name="somefile.txt" md5="796a4caddc2a1ddb8b530dd6231c3bbe" size="174" mtime="1501662922" />
        </directory>
    http_version: 
  recorded_at: Wed, 02 Aug 2017 08:35:22 GMT
- request:
    method: post
    uri: http://backend:5352/source/Apache/apache2?cmd=diff&linkrev=base&onlyissues=1&orev=0&view=xml
    body:
      encoding: UTF-8
      string: ''
    headers:
      Content-Type:
      - application/octet-stream
      Accept-Encoding:
      - gzip;q=1.0,deflate;q=0.6,identity;q=0.3
      Accept:
      - "*/*"
      User-Agent:
      - Ruby
  response:
    status:
      code: 200
      message: OK
    headers:
      Content-Type:
      - text/xml
      Cache-Control:
      - no-cache
      Connection:
      - close
      Content-Length:
      - '292'
    body:
      encoding: UTF-8
      string: |
        <sourcediff key="8a11672d137bcf960a968565c4fa5f68">
          <old project="Apache" package="apache2" rev="0" srcmd5="d41d8cd98f00b204e9800998ecf8427e" />
          <new project="Apache" package="apache2" rev="71" srcmd5="f661b7c2bfd1924960598e9f9610a77d" />
          <files />
          <issues>
          </issues>
        </sourcediff>
    http_version: 
  recorded_at: Wed, 02 Aug 2017 08:35:22 GMT
- request:
    method: get
    uri: http://backend:5352/getprojpack?expandedrepos&nopackages&project=Apache&withrepos
    body:
      encoding: US-ASCII
      string: ''
    headers:
      Accept-Encoding:
      - gzip;q=1.0,deflate;q=0.6,identity;q=0.3
      Accept:
      - "*/*"
      User-Agent:
      - Ruby
  response:
    status:
      code: 200
      message: OK
    headers:
      Content-Type:
      - text/xml
      Cache-Control:
      - no-cache
      Connection:
      - close
      Content-Length:
      - '142'
    body:
      encoding: UTF-8
      string: |
        <projpack repoid="342297126">
          <project name="Apache">
            <title>Antic Hay</title>
            <description></description>
          </project>
        </projpack>
    http_version: 
  recorded_at: Wed, 02 Aug 2017 08:35:22 GMT
- request:
    method: get
    uri: http://backend:5352/source/Apache/apache2?view=info
    body:
      encoding: US-ASCII
      string: ''
    headers:
      Accept-Encoding:
      - gzip;q=1.0,deflate;q=0.6,identity;q=0.3
      Accept:
      - "*/*"
      User-Agent:
      - Ruby
  response:
    status:
      code: 404
      message: project 'Apache' does not exist
    headers:
      Content-Type:
      - text/xml
      Cache-Control:
      - no-cache
      Connection:
      - close
      Content-Length:
      - '140'
    body:
      encoding: UTF-8
      string: |
        <status code="404">
          <summary>project 'Apache' does not exist</summary>
          <details>404 project 'Apache' does not exist</details>
        </status>
    http_version: 
  recorded_at: Tue, 16 Jan 2018 14:33:53 GMT
recorded_with: VCR 4.0.0
