---
http_interactions:
- request:
    method: put
    uri: http://backend:5352/source/foo_project/bar_package/_branch_request?user=Iggy
    body:
      encoding: UTF-8
      string: '{"action":"synchronize","pull_request":{"head":{"repo":{"full_name":"source_repository_full_name"},"sha":"123"}}}'
    headers:
      Accept-Encoding:
      - gzip;q=1.0,deflate;q=0.6,identity;q=0.3
      Accept:
      - "*/*"
      User-Agent:
      - Ruby
  response:
    status:
      code: 200
      message: OK
    headers:
      Content-Type:
      - text/xml
      Cache-Control:
      - no-cache
      Connection:
      - close
      Content-Length:
      - '210'
    body:
      encoding: UTF-8
      string: |
        <revision rev="1023" vrev="1023">
          <srcmd5>a0134c07a8910253eed81e0fa76610f2</srcmd5>
          <version>unknown</version>
          <time>1637315889</time>
          <user>Iggy</user>
          <comment></comment>
          <requestid/>
        </revision>
  recorded_at: Fri, 19 Nov 2021 09:58:09 GMT
- request:
    method: get
    uri: http://backend:5352/source/foo_project/bar_package
    body:
      encoding: US-ASCII
      string: ''
    headers:
      Accept-Encoding:
      - gzip;q=1.0,deflate;q=0.6,identity;q=0.3
      Accept:
      - "*/*"
      User-Agent:
      - Ruby
  response:
    status:
      code: 200
      message: OK
    headers:
      Content-Type:
      - text/xml
      Cache-Control:
      - no-cache
      Connection:
      - close
      Content-Length:
      - '405'
    body:
      encoding: UTF-8
      string: |
        <directory name="bar_package" rev="1023" vrev="1023" srcmd5="a0134c07a8910253eed81e0fa76610f2">
          <entry name="_branch_request" md5="c4321e613d633f87e139ae1201ad0bf8" size="113" mtime="1636974345"/>
          <entry name="_config" md5="9f3a545b42bc65d8d2371571ee62e30e" size="54" mtime="1637143172"/>
          <entry name="somefile.txt" md5="d0cbeae2cf08feb06b4c984f13d5ade4" size="81" mtime="1637143172"/>
        </directory>
  recorded_at: Fri, 19 Nov 2021 09:58:09 GMT
- request:
    method: get
    uri: http://backend:5352/source/foo_project/bar_package?view=info
    body:
      encoding: US-ASCII
      string: ''
    headers:
      Accept-Encoding:
      - gzip;q=1.0,deflate;q=0.6,identity;q=0.3
      Accept:
      - "*/*"
      User-Agent:
      - Ruby
  response:
    status:
      code: 200
      message: OK
    headers:
      Content-Type:
      - text/xml
      Cache-Control:
      - no-cache
      Connection:
      - close
      Content-Length:
      - '235'
    body:
      encoding: UTF-8
      string: |
        <sourceinfo package="bar_package" rev="1023" vrev="1023" srcmd5="a0134c07a8910253eed81e0fa76610f2" verifymd5="a0134c07a8910253eed81e0fa76610f2">
          <error>bad build configuration, no build type defined or detected</error>
        </sourceinfo>
  recorded_at: Fri, 19 Nov 2021 09:58:09 GMT
- request:
    method: get
    uri: http://backend:5352/source/foo_project/bar_package
    body:
      encoding: US-ASCII
      string: ''
    headers:
      Accept-Encoding:
      - gzip;q=1.0,deflate;q=0.6,identity;q=0.3
      Accept:
      - "*/*"
      User-Agent:
      - Ruby
  response:
    status:
      code: 200
      message: OK
    headers:
      Content-Type:
      - text/xml
      Cache-Control:
      - no-cache
      Connection:
      - close
      Content-Length:
      - '405'
    body:
      encoding: UTF-8
      string: |
        <directory name="bar_package" rev="1023" vrev="1023" srcmd5="a0134c07a8910253eed81e0fa76610f2">
          <entry name="_branch_request" md5="c4321e613d633f87e139ae1201ad0bf8" size="113" mtime="1636974345"/>
          <entry name="_config" md5="9f3a545b42bc65d8d2371571ee62e30e" size="54" mtime="1637143172"/>
          <entry name="somefile.txt" md5="d0cbeae2cf08feb06b4c984f13d5ade4" size="81" mtime="1637143172"/>
        </directory>
  recorded_at: Fri, 19 Nov 2021 09:58:09 GMT
- request:
    method: post
    uri: http://backend:5352/source/foo_project/bar_package?cmd=diff&linkrev=base&onlyissues=1&orev=0&view=xml
    body:
      encoding: UTF-8
      string: ''
    headers:
      Content-Type:
      - application/octet-stream
      Accept-Encoding:
      - gzip;q=1.0,deflate;q=0.6,identity;q=0.3
      Accept:
      - "*/*"
      User-Agent:
      - Ruby
  response:
    status:
      code: 200
      message: OK
    headers:
      Content-Type:
      - text/xml
      Cache-Control:
      - no-cache
      Connection:
      - close
      Content-Length:
      - '309'
    body:
      encoding: UTF-8
      string: |
        <sourcediff key="e6a28d12616d6e9d845979c0c67cfb72">
          <old project="foo_project" package="bar_package" rev="0" srcmd5="d41d8cd98f00b204e9800998ecf8427e"/>
          <new project="foo_project" package="bar_package" rev="1023" srcmd5="a0134c07a8910253eed81e0fa76610f2"/>
          <files/>
          <issues>
          </issues>
        </sourcediff>
  recorded_at: Fri, 19 Nov 2021 09:58:09 GMT
- request:
    method: put
    uri: http://backend:5352/source/home:Iggy:openSUSE:open-build-service:PR-1/bar_package/_branch_request?user=Iggy
    body:
      encoding: UTF-8
      string: '{"action":"opened","pull_request":{"head":{"repo":{"full_name":"reponame"},"sha":"123456789"}}}'
    headers:
      Accept-Encoding:
      - gzip;q=1.0,deflate;q=0.6,identity;q=0.3
      Accept:
      - "*/*"
      User-Agent:
      - Ruby
  response:
    status:
      code: 200
      message: OK
    headers:
      Content-Type:
      - text/xml
      Cache-Control:
      - no-cache
      Connection:
      - close
      Content-Length:
      - '208'
    body:
      encoding: UTF-8
      string: |
        <revision rev="521" vrev="521">
          <srcmd5>3a501c25aa2d6faf322c833b6850b88c</srcmd5>
          <version>unknown</version>
          <time>1637315889</time>
          <user>Iggy</user>
          <comment></comment>
          <requestid/>
        </revision>
  recorded_at: Fri, 19 Nov 2021 09:58:09 GMT
- request:
    method: get
    uri: http://backend:5352/source/home:Iggy:openSUSE:open-build-service:PR-1/bar_package
    body:
      encoding: US-ASCII
      string: ''
    headers:
      Accept-Encoding:
      - gzip;q=1.0,deflate;q=0.6,identity;q=0.3
      Accept:
      - "*/*"
      User-Agent:
      - Ruby
  response:
    status:
      code: 200
      message: OK
    headers:
      Content-Type:
      - text/xml
      Cache-Control:
      - no-cache
      Connection:
      - close
      Content-Length:
      - '712'
    body:
      encoding: UTF-8
      string: |
        <directory name="bar_package" rev="521" vrev="521" srcmd5="3a501c25aa2d6faf322c833b6850b88c">
          <linkinfo project="foo_project" package="bar_package" baserev="1e5c32344e4ad71f56fb45b133136dde" xsrcmd5="f4ceb0680964c53af3fc59a56c3505a6" error="conflict in file _branch_request"/>
          <serviceinfo code="running"/>
          <entry name="_branch_request" md5="a0ae3e8c1598e691c7662a4b258bd481" size="95" mtime="1636975874"/>
          <entry name="_config" md5="9f3a545b42bc65d8d2371571ee62e30e" size="54" mtime="1637143172"/>
          <entry name="_link" md5="c1b4c04810eb98408638e9502c9fae9a" size="119" mtime="1637237214"/>
          <entry name="somefile.txt" md5="d0cbeae2cf08feb06b4c984f13d5ade4" size="81" mtime="1637143172"/>
        </directory>
  recorded_at: Fri, 19 Nov 2021 09:58:09 GMT
- request:
    method: get
    uri: http://backend:5352/source/home:Iggy:openSUSE:open-build-service:PR-1/bar_package?view=info
    body:
      encoding: US-ASCII
      string: ''
    headers:
      Accept-Encoding:
      - gzip;q=1.0,deflate;q=0.6,identity;q=0.3
      Accept:
      - "*/*"
      User-Agent:
      - Ruby
  response:
    status:
      code: 200
      message: OK
    headers:
      Content-Type:
      - text/xml
      Cache-Control:
      - no-cache
      Connection:
      - close
      Content-Length:
      - '149'
    body:
      encoding: UTF-8
      string: |
        <sourceinfo package="bar_package" rev="521" vrev="521" srcmd5="3a501c25aa2d6faf322c833b6850b88c">
          <error>service in progress</error>
        </sourceinfo>
  recorded_at: Fri, 19 Nov 2021 09:58:09 GMT
- request:
    method: get
    uri: http://backend:5352/source/home:Iggy:openSUSE:open-build-service:PR-1/bar_package
    body:
      encoding: US-ASCII
      string: ''
    headers:
      Accept-Encoding:
      - gzip;q=1.0,deflate;q=0.6,identity;q=0.3
      Accept:
      - "*/*"
      User-Agent:
      - Ruby
  response:
    status:
      code: 200
      message: OK
    headers:
      Content-Type:
      - text/xml
      Cache-Control:
      - no-cache
      Connection:
      - close
      Content-Length:
      - '712'
    body:
      encoding: UTF-8
      string: |
        <directory name="bar_package" rev="521" vrev="521" srcmd5="3a501c25aa2d6faf322c833b6850b88c">
          <linkinfo project="foo_project" package="bar_package" baserev="1e5c32344e4ad71f56fb45b133136dde" xsrcmd5="f4ceb0680964c53af3fc59a56c3505a6" error="conflict in file _branch_request"/>
          <serviceinfo code="running"/>
          <entry name="_branch_request" md5="a0ae3e8c1598e691c7662a4b258bd481" size="95" mtime="1636975874"/>
          <entry name="_config" md5="9f3a545b42bc65d8d2371571ee62e30e" size="54" mtime="1637143172"/>
          <entry name="_link" md5="c1b4c04810eb98408638e9502c9fae9a" size="119" mtime="1637237214"/>
          <entry name="somefile.txt" md5="d0cbeae2cf08feb06b4c984f13d5ade4" size="81" mtime="1637143172"/>
        </directory>
  recorded_at: Fri, 19 Nov 2021 09:58:09 GMT
- request:
    method: post
    uri: http://backend:5352/source/home:Iggy:openSUSE:open-build-service:PR-1/bar_package?cmd=diff&linkrev=base&onlyissues=1&orev=0&view=xml
    body:
      encoding: UTF-8
      string: ''
    headers:
      Content-Type:
      - application/octet-stream
      Accept-Encoding:
      - gzip;q=1.0,deflate;q=0.6,identity;q=0.3
      Accept:
      - "*/*"
      User-Agent:
      - Ruby
  response:
    status:
      code: 200
      message: OK
    headers:
      Content-Type:
      - text/xml
      Cache-Control:
      - no-cache
      Connection:
      - close
      Content-Length:
      - '370'
    body:
      encoding: UTF-8
      string: |
        <sourcediff key="49d790a9ebf4b3852111541d190369ba">
          <old project="home:Iggy:openSUSE:open-build-service:PR-1" package="bar_package" rev="0" srcmd5="d41d8cd98f00b204e9800998ecf8427e"/>
          <new project="home:Iggy:openSUSE:open-build-service:PR-1" package="bar_package" rev="521" srcmd5="3a501c25aa2d6faf322c833b6850b88c"/>
          <files/>
          <issues>
          </issues>
        </sourcediff>
  recorded_at: Fri, 19 Nov 2021 09:58:09 GMT
- request:
    method: post
    uri: http://backend:5352/source/home:Iggy:openSUSE:open-build-service:PR-1/bar_package?cmd=linkdiff&linkrev=base&onlyissues=1&view=xml
    body:
      encoding: UTF-8
      string: ''
    headers:
      Content-Type:
      - application/octet-stream
      Accept-Encoding:
      - gzip;q=1.0,deflate;q=0.6,identity;q=0.3
      Accept:
      - "*/*"
      User-Agent:
      - Ruby
  response:
    status:
      code: 400
      message: service error  bad link  conflict in file _branch_request
    headers:
      Content-Type:
      - text/xml
      Cache-Control:
      - no-cache
      Connection:
      - close
      Content-Length:
      - '109'
    body:
      encoding: UTF-8
      string: |
        <status code="400">
          <summary>service error: bad link: conflict in file _branch_request</summary>
        </status>
  recorded_at: Fri, 19 Nov 2021 09:58:09 GMT
- request:
    method: get
    uri: http://backend:5352/source/home:Iggy:openSUSE:open-build-service:PR-1/bar_package/_branch_request
    body:
      encoding: US-ASCII
      string: ''
    headers:
      Accept-Encoding:
      - gzip;q=1.0,deflate;q=0.6,identity;q=0.3
      Accept:
      - "*/*"
      User-Agent:
      - Ruby
  response:
    status:
      code: 200
      message: OK
    headers:
      Content-Type:
      - application/octet-stream
      Content-Length:
      - '95'
      Cache-Control:
      - no-cache
      Connection:
      - close
    body:
      encoding: UTF-8
      string: '{"action":"opened","pull_request":{"head":{"repo":{"full_name":"reponame"},"sha":"123456789"}}}'
  recorded_at: Fri, 19 Nov 2021 09:58:09 GMT
recorded_with: VCR 6.0.0
