---
http_interactions:
- request:
    method: post
    uri: http://backend:5352/search/package/id?match=(linkinfo/@package=%22bar_package%22%20and%20linkinfo/@project=%22foo_project%22%20and%20@project=%22foo_project%22)
    body:
      encoding: UTF-8
      string: ''
    headers:
      Content-Type:
      - application/octet-stream
      Accept-Encoding:
      - gzip;q=1.0,deflate;q=0.6,identity;q=0.3
      Accept:
      - "*/*"
      User-Agent:
      - Ruby
  response:
    status:
      code: 200
      message: OK
    headers:
      Content-Type:
      - text/xml
      Cache-Control:
      - no-cache
      Connection:
      - close
      Content-Length:
      - '27'
    body:
      encoding: UTF-8
      string: |
        <collection>
        </collection>
  recorded_at: Fri, 19 Nov 2021 09:57:55 GMT
- request:
    method: post
    uri: http://backend:5352/source/home:Iggy:openSUSE:open-build-service:PR-1/bar_package?cmd=branch&noservice=1&opackage=bar_package&oproject=foo_project&user=Iggy
    body:
      encoding: UTF-8
      string: ''
    headers:
      Content-Type:
      - application/octet-stream
      Accept-Encoding:
      - gzip;q=1.0,deflate;q=0.6,identity;q=0.3
      Accept:
      - "*/*"
      User-Agent:
      - Ruby
  response:
    status:
      code: 200
      message: OK
    headers:
      Content-Type:
      - text/xml
      Cache-Control:
      - no-cache
      Connection:
      - close
      Content-Length:
      - '208'
    body:
      encoding: UTF-8
      string: |
        <revision rev="505" vrev="505">
          <srcmd5>60d03d7bc42547d6a91daf2e69ff69ab</srcmd5>
          <version>unknown</version>
          <time>1637315875</time>
          <user>Iggy</user>
          <comment></comment>
          <requestid/>
        </revision>
  recorded_at: Fri, 19 Nov 2021 09:57:55 GMT
- request:
    method: get
    uri: http://backend:5352/source/home:Iggy:openSUSE:open-build-service:PR-1/bar_package
    body:
      encoding: US-ASCII
      string: ''
    headers:
      Accept-Encoding:
      - gzip;q=1.0,deflate;q=0.6,identity;q=0.3
      Accept:
      - "*/*"
      User-Agent:
      - Ruby
  response:
    status:
      code: 200
      message: OK
    headers:
      Content-Type:
      - text/xml
      Cache-Control:
      - no-cache
      Connection:
      - close
      Content-Length:
      - '725'
    body:
      encoding: UTF-8
      string: |
        <directory name="bar_package" rev="505" vrev="505" srcmd5="60d03d7bc42547d6a91daf2e69ff69ab">
          <linkinfo project="foo_project" package="bar_package" srcmd5="1e5c32344e4ad71f56fb45b133136dde" baserev="1e5c32344e4ad71f56fb45b133136dde" xsrcmd5="55bc4116d431f77937afb57dfdbd34fd" lsrcmd5="60d03d7bc42547d6a91daf2e69ff69ab"/>
          <entry name="_branch_request" md5="aea524cf047993d430e69b477e07f3df" size="114" mtime="1636974319"/>
          <entry name="_config" md5="9f3a545b42bc65d8d2371571ee62e30e" size="54" mtime="1637143172"/>
          <entry name="_link" md5="c1b4c04810eb98408638e9502c9fae9a" size="119" mtime="1637237214"/>
          <entry name="somefile.txt" md5="d0cbeae2cf08feb06b4c984f13d5ade4" size="81" mtime="1637143172"/>
        </directory>
  recorded_at: Fri, 19 Nov 2021 09:57:55 GMT
- request:
    method: get
    uri: http://backend:5352/source/home:Iggy:openSUSE:open-build-service:PR-1/bar_package?view=info
    body:
      encoding: US-ASCII
      string: ''
    headers:
      Accept-Encoding:
      - gzip;q=1.0,deflate;q=0.6,identity;q=0.3
      Accept:
      - "*/*"
      User-Agent:
      - Ruby
  response:
    status:
      code: 200
      message: OK
    headers:
      Content-Type:
      - text/xml
      Cache-Control:
      - no-cache
      Connection:
      - close
      Content-Length:
      - '333'
    body:
      encoding: UTF-8
      string: |
        <sourceinfo package="bar_package" rev="505" vrev="1525" srcmd5="55bc4116d431f77937afb57dfdbd34fd" lsrcmd5="60d03d7bc42547d6a91daf2e69ff69ab" verifymd5="1e5c32344e4ad71f56fb45b133136dde">
          <error>bad build configuration, no build type defined or detected</error>
          <linked project="foo_project" package="bar_package"/>
        </sourceinfo>
  recorded_at: Fri, 19 Nov 2021 09:57:55 GMT
- request:
    method: get
    uri: http://backend:5352/source/home:Iggy:openSUSE:open-build-service:PR-1/bar_package
    body:
      encoding: US-ASCII
      string: ''
    headers:
      Accept-Encoding:
      - gzip;q=1.0,deflate;q=0.6,identity;q=0.3
      Accept:
      - "*/*"
      User-Agent:
      - Ruby
  response:
    status:
      code: 200
      message: OK
    headers:
      Content-Type:
      - text/xml
      Cache-Control:
      - no-cache
      Connection:
      - close
      Content-Length:
      - '725'
    body:
      encoding: UTF-8
      string: |
        <directory name="bar_package" rev="505" vrev="505" srcmd5="60d03d7bc42547d6a91daf2e69ff69ab">
          <linkinfo project="foo_project" package="bar_package" srcmd5="1e5c32344e4ad71f56fb45b133136dde" baserev="1e5c32344e4ad71f56fb45b133136dde" xsrcmd5="55bc4116d431f77937afb57dfdbd34fd" lsrcmd5="60d03d7bc42547d6a91daf2e69ff69ab"/>
          <entry name="_branch_request" md5="aea524cf047993d430e69b477e07f3df" size="114" mtime="1636974319"/>
          <entry name="_config" md5="9f3a545b42bc65d8d2371571ee62e30e" size="54" mtime="1637143172"/>
          <entry name="_link" md5="c1b4c04810eb98408638e9502c9fae9a" size="119" mtime="1637237214"/>
          <entry name="somefile.txt" md5="d0cbeae2cf08feb06b4c984f13d5ade4" size="81" mtime="1637143172"/>
        </directory>
  recorded_at: Fri, 19 Nov 2021 09:57:55 GMT
- request:
    method: post
    uri: http://backend:5352/source/home:Iggy:openSUSE:open-build-service:PR-1/bar_package?cmd=diff&linkrev=base&onlyissues=1&orev=0&view=xml
    body:
      encoding: UTF-8
      string: ''
    headers:
      Content-Type:
      - application/octet-stream
      Accept-Encoding:
      - gzip;q=1.0,deflate;q=0.6,identity;q=0.3
      Accept:
      - "*/*"
      User-Agent:
      - Ruby
  response:
    status:
      code: 200
      message: OK
    headers:
      Content-Type:
      - text/xml
      Cache-Control:
      - no-cache
      Connection:
      - close
      Content-Length:
      - '370'
    body:
      encoding: UTF-8
      string: |
        <sourcediff key="849adfd475045f2ec1e0b8e489508224">
          <old project="home:Iggy:openSUSE:open-build-service:PR-1" package="bar_package" rev="0" srcmd5="d41d8cd98f00b204e9800998ecf8427e"/>
          <new project="home:Iggy:openSUSE:open-build-service:PR-1" package="bar_package" rev="505" srcmd5="60d03d7bc42547d6a91daf2e69ff69ab"/>
          <files/>
          <issues>
          </issues>
        </sourcediff>
  recorded_at: Fri, 19 Nov 2021 09:57:55 GMT
- request:
    method: post
    uri: http://backend:5352/source/home:Iggy:openSUSE:open-build-service:PR-1/bar_package?cmd=linkdiff&linkrev=base&onlyissues=1&view=xml
    body:
      encoding: UTF-8
      string: ''
    headers:
      Content-Type:
      - application/octet-stream
      Accept-Encoding:
      - gzip;q=1.0,deflate;q=0.6,identity;q=0.3
      Accept:
      - "*/*"
      User-Agent:
      - Ruby
  response:
    status:
      code: 200
      message: OK
    headers:
      Content-Type:
      - text/xml
      Cache-Control:
      - no-cache
      Connection:
      - close
      Content-Length:
      - '376'
    body:
      encoding: UTF-8
      string: |
        <sourcediff key="273db0bb933e2f3357c3fd79d10dd911">
          <old project="foo_project" package="bar_package" rev="1e5c32344e4ad71f56fb45b133136dde" srcmd5="1e5c32344e4ad71f56fb45b133136dde"/>
          <new project="home:Iggy:openSUSE:open-build-service:PR-1" package="bar_package" rev="55bc4116d431f77937afb57dfdbd34fd" srcmd5="55bc4116d431f77937afb57dfdbd34fd"/>
          <files/>
        </sourcediff>
  recorded_at: Fri, 19 Nov 2021 09:57:55 GMT
- request:
    method: put
    uri: http://backend:5352/source/home:Iggy:openSUSE:open-build-service:PR-1/bar_package/_branch_request?user=Iggy
    body:
      encoding: UTF-8
      string: '{"action":"opened","pull_request":{"head":{"repo":{"full_name":"reponame"},"sha":"123456789"}}}'
    headers:
      Accept-Encoding:
      - gzip;q=1.0,deflate;q=0.6,identity;q=0.3
      Accept:
      - "*/*"
      User-Agent:
      - Ruby
  response:
    status:
      code: 200
      message: OK
    headers:
      Content-Type:
      - text/xml
      Cache-Control:
      - no-cache
      Connection:
      - close
      Content-Length:
      - '208'
    body:
      encoding: UTF-8
      string: |
        <revision rev="506" vrev="506">
          <srcmd5>3e8a26c16fd8874b73b2869c51073824</srcmd5>
          <version>unknown</version>
          <time>1637315875</time>
          <user>Iggy</user>
          <comment></comment>
          <requestid/>
        </revision>
  recorded_at: Fri, 19 Nov 2021 09:57:56 GMT
- request:
    method: get
    uri: http://backend:5352/source/home:Iggy:openSUSE:open-build-service:PR-1/bar_package
    body:
      encoding: US-ASCII
      string: ''
    headers:
      Accept-Encoding:
      - gzip;q=1.0,deflate;q=0.6,identity;q=0.3
      Accept:
      - "*/*"
      User-Agent:
      - Ruby
  response:
    status:
      code: 200
      message: OK
    headers:
      Content-Type:
      - text/xml
      Cache-Control:
      - no-cache
      Connection:
      - close
      Content-Length:
      - '756'
    body:
      encoding: UTF-8
      string: |
        <directory name="bar_package" rev="506" vrev="506" srcmd5="3e8a26c16fd8874b73b2869c51073824">
          <linkinfo project="foo_project" package="bar_package" srcmd5="1e5c32344e4ad71f56fb45b133136dde" baserev="1e5c32344e4ad71f56fb45b133136dde" xsrcmd5="cc5d51dfde0753dcf4e90b2d60c1b863" lsrcmd5="3e8a26c16fd8874b73b2869c51073824"/>
          <serviceinfo code="running"/>
          <entry name="_branch_request" md5="a0ae3e8c1598e691c7662a4b258bd481" size="95" mtime="1636975874"/>
          <entry name="_config" md5="9f3a545b42bc65d8d2371571ee62e30e" size="54" mtime="1637143172"/>
          <entry name="_link" md5="c1b4c04810eb98408638e9502c9fae9a" size="119" mtime="1637237214"/>
          <entry name="somefile.txt" md5="d0cbeae2cf08feb06b4c984f13d5ade4" size="81" mtime="1637143172"/>
        </directory>
  recorded_at: Fri, 19 Nov 2021 09:57:56 GMT
- request:
    method: get
    uri: http://backend:5352/source/home:Iggy:openSUSE:open-build-service:PR-1/bar_package?view=info
    body:
      encoding: US-ASCII
      string: ''
    headers:
      Accept-Encoding:
      - gzip;q=1.0,deflate;q=0.6,identity;q=0.3
      Accept:
      - "*/*"
      User-Agent:
      - Ruby
  response:
    status:
      code: 200
      message: OK
    headers:
      Content-Type:
      - text/xml
      Cache-Control:
      - no-cache
      Connection:
      - close
      Content-Length:
      - '149'
    body:
      encoding: UTF-8
      string: |
        <sourceinfo package="bar_package" rev="506" vrev="506" srcmd5="3e8a26c16fd8874b73b2869c51073824">
          <error>service in progress</error>
        </sourceinfo>
  recorded_at: Fri, 19 Nov 2021 09:57:56 GMT
- request:
    method: get
    uri: http://backend:5352/source/home:Iggy:openSUSE:open-build-service:PR-1/bar_package
    body:
      encoding: US-ASCII
      string: ''
    headers:
      Accept-Encoding:
      - gzip;q=1.0,deflate;q=0.6,identity;q=0.3
      Accept:
      - "*/*"
      User-Agent:
      - Ruby
  response:
    status:
      code: 200
      message: OK
    headers:
      Content-Type:
      - text/xml
      Cache-Control:
      - no-cache
      Connection:
      - close
      Content-Length:
      - '756'
    body:
      encoding: UTF-8
      string: |
        <directory name="bar_package" rev="506" vrev="506" srcmd5="3e8a26c16fd8874b73b2869c51073824">
          <linkinfo project="foo_project" package="bar_package" srcmd5="1e5c32344e4ad71f56fb45b133136dde" baserev="1e5c32344e4ad71f56fb45b133136dde" xsrcmd5="cc5d51dfde0753dcf4e90b2d60c1b863" lsrcmd5="3e8a26c16fd8874b73b2869c51073824"/>
          <serviceinfo code="running"/>
          <entry name="_branch_request" md5="a0ae3e8c1598e691c7662a4b258bd481" size="95" mtime="1636975874"/>
          <entry name="_config" md5="9f3a545b42bc65d8d2371571ee62e30e" size="54" mtime="1637143172"/>
          <entry name="_link" md5="c1b4c04810eb98408638e9502c9fae9a" size="119" mtime="1637237214"/>
          <entry name="somefile.txt" md5="d0cbeae2cf08feb06b4c984f13d5ade4" size="81" mtime="1637143172"/>
        </directory>
  recorded_at: Fri, 19 Nov 2021 09:57:56 GMT
- request:
    method: post
    uri: http://backend:5352/source/home:Iggy:openSUSE:open-build-service:PR-1/bar_package?cmd=diff&linkrev=base&onlyissues=1&orev=0&view=xml
    body:
      encoding: UTF-8
      string: ''
    headers:
      Content-Type:
      - application/octet-stream
      Accept-Encoding:
      - gzip;q=1.0,deflate;q=0.6,identity;q=0.3
      Accept:
      - "*/*"
      User-Agent:
      - Ruby
  response:
    status:
      code: 200
      message: OK
    headers:
      Content-Type:
      - text/xml
      Cache-Control:
      - no-cache
      Connection:
      - close
      Content-Length:
      - '370'
    body:
      encoding: UTF-8
      string: |
        <sourcediff key="d695647b44d13ec9963392dd42870011">
          <old project="home:Iggy:openSUSE:open-build-service:PR-1" package="bar_package" rev="0" srcmd5="d41d8cd98f00b204e9800998ecf8427e"/>
          <new project="home:Iggy:openSUSE:open-build-service:PR-1" package="bar_package" rev="506" srcmd5="3e8a26c16fd8874b73b2869c51073824"/>
          <files/>
          <issues>
          </issues>
        </sourcediff>
  recorded_at: Fri, 19 Nov 2021 09:57:56 GMT
- request:
    method: post
    uri: http://backend:5352/source/home:Iggy:openSUSE:open-build-service:PR-1/bar_package?cmd=linkdiff&linkrev=base&onlyissues=1&view=xml
    body:
      encoding: UTF-8
      string: ''
    headers:
      Content-Type:
      - application/octet-stream
      Accept-Encoding:
      - gzip;q=1.0,deflate;q=0.6,identity;q=0.3
      Accept:
      - "*/*"
      User-Agent:
      - Ruby
  response:
    status:
      code: 200
      message: OK
    headers:
      Content-Type:
      - text/xml
      Cache-Control:
      - no-cache
      Connection:
      - close
      Content-Length:
      - '399'
    body:
      encoding: UTF-8
      string: |
        <sourcediff key="49044361b2b01966f0ca92274adc647c">
          <old project="foo_project" package="bar_package" rev="1e5c32344e4ad71f56fb45b133136dde" srcmd5="1e5c32344e4ad71f56fb45b133136dde"/>
          <new project="home:Iggy:openSUSE:open-build-service:PR-1" package="bar_package" rev="e8f37b8f7e29fd237dafd3fdc6a9348d" srcmd5="e8f37b8f7e29fd237dafd3fdc6a9348d"/>
          <files/>
          <issues>
          </issues>
        </sourcediff>
  recorded_at: Fri, 19 Nov 2021 09:57:56 GMT
recorded_with: VCR 6.0.0
