---
http_interactions:
- request:
    method: put
    uri: http://backend:5352/source/home:tom/_meta?user=tom
    body:
      encoding: UTF-8
      string: |
        <project name="home:tom">
          <title/>
          <description/>
          <person userid="tom" role="maintainer"/>
        </project>
    headers:
      Accept-Encoding:
      - gzip;q=1.0,deflate;q=0.6,identity;q=0.3
      Accept:
      - "*/*"
      User-Agent:
      - Ruby
  response:
    status:
      code: 200
      message: OK
    headers:
      Content-Type:
      - text/xml
      Cache-Control:
      - no-cache
      Connection:
      - close
      Content-Length:
      - '128'
    body:
      encoding: UTF-8
      string: |
        <project name="home:tom">
          <title></title>
          <description></description>
          <person userid="tom" role="maintainer"/>
        </project>
    http_version: 
  recorded_at: Fri, 27 Sep 2019 14:16:09 GMT
- request:
    method: put
    uri: http://backend:5352/source/home:tom/rev_package/_meta?user=user_13
    body:
      encoding: UTF-8
      string: |
        <package name="rev_package" project="home:tom">
          <title>The Curious Incident of the Dog in the Night-Time</title>
          <description>Recusandae mollitia aut non.</description>
        </package>
    headers:
      Accept-Encoding:
      - gzip;q=1.0,deflate;q=0.6,identity;q=0.3
      Accept:
      - "*/*"
      User-Agent:
      - Ruby
  response:
    status:
      code: 200
      message: OK
    headers:
      Content-Type:
      - text/xml
      Cache-Control:
      - no-cache
      Connection:
      - close
      Content-Length:
      - '184'
    body:
      encoding: UTF-8
      string: |
        <package name="rev_package" project="home:tom">
          <title>The Curious Incident of the Dog in the Night-Time</title>
          <description>Recusandae mollitia aut non.</description>
        </package>
    http_version: 
  recorded_at: Fri, 27 Sep 2019 14:16:09 GMT
- request:
    method: put
    uri: http://backend:5352/source/home:tom/rev_package/somefile.txt
    body:
      encoding: US-ASCII
      string: '0'
    headers:
      Accept-Encoding:
      - gzip;q=1.0,deflate;q=0.6,identity;q=0.3
      Accept:
      - "*/*"
      User-Agent:
      - Ruby
  response:
    status:
      code: 200
      message: OK
    headers:
      Content-Type:
      - text/xml
      Cache-Control:
      - no-cache
      Connection:
      - close
      Content-Length:
      - '207'
    body:
      encoding: UTF-8
      string: |
        <revision rev="1" vrev="1">
          <srcmd5>cabf9a1f9a0b7c19d4f7ff46166f4ee0</srcmd5>
          <version>unknown</version>
          <time>1569593769</time>
          <user>unknown</user>
          <comment></comment>
          <requestid/>
        </revision>
    http_version: 
  recorded_at: Fri, 27 Sep 2019 14:16:09 GMT
- request:
    method: put
    uri: http://backend:5352/source/home:tom/rev_package/somefile.txt
    body:
      encoding: US-ASCII
      string: '1'
    headers:
      Accept-Encoding:
      - gzip;q=1.0,deflate;q=0.6,identity;q=0.3
      Accept:
      - "*/*"
      User-Agent:
      - Ruby
  response:
    status:
      code: 200
      message: OK
    headers:
      Content-Type:
      - text/xml
      Cache-Control:
      - no-cache
      Connection:
      - close
      Content-Length:
      - '207'
    body:
      encoding: UTF-8
      string: |
        <revision rev="2" vrev="2">
          <srcmd5>efbe5f0a5dd48df5129b4319df43aa45</srcmd5>
          <version>unknown</version>
          <time>1569593769</time>
          <user>unknown</user>
          <comment></comment>
          <requestid/>
        </revision>
    http_version: 
  recorded_at: Fri, 27 Sep 2019 14:16:09 GMT
- request:
    method: put
    uri: http://backend:5352/source/home:tom/rev_package/somefile.txt
    body:
      encoding: US-ASCII
      string: '2'
    headers:
      Accept-Encoding:
      - gzip;q=1.0,deflate;q=0.6,identity;q=0.3
      Accept:
      - "*/*"
      User-Agent:
      - Ruby
  response:
    status:
      code: 200
      message: OK
    headers:
      Content-Type:
      - text/xml
      Cache-Control:
      - no-cache
      Connection:
      - close
      Content-Length:
      - '207'
    body:
      encoding: UTF-8
      string: |
        <revision rev="3" vrev="3">
          <srcmd5>6ba292a7c75f8b46e4d39ac7cb20ebcd</srcmd5>
          <version>unknown</version>
          <time>1569593769</time>
          <user>unknown</user>
          <comment></comment>
          <requestid/>
        </revision>
    http_version: 
  recorded_at: Fri, 27 Sep 2019 14:16:09 GMT
- request:
    method: get
    uri: http://backend:5352/source/home:tom/rev_package
    body:
      encoding: US-ASCII
      string: ''
    headers:
      Accept-Encoding:
      - gzip;q=1.0,deflate;q=0.6,identity;q=0.3
      Accept:
      - "*/*"
      User-Agent:
      - Ruby
  response:
    status:
      code: 200
      message: OK
    headers:
      Content-Type:
      - text/xml
      Cache-Control:
      - no-cache
      Connection:
      - close
      Content-Length:
      - '201'
    body:
      encoding: UTF-8
      string: |
        <directory name="rev_package" rev="3" vrev="3" srcmd5="6ba292a7c75f8b46e4d39ac7cb20ebcd">
          <entry name="somefile.txt" md5="c81e728d9d4c2f636f067f89cc14862c" size="1" mtime="1569593768"/>
        </directory>
    http_version: 
  recorded_at: Fri, 27 Sep 2019 14:16:09 GMT
- request:
    method: get
    uri: http://backend:5352/source/home:tom/rev_package?expand=1&rev=2
    body:
      encoding: US-ASCII
      string: ''
    headers:
      Accept-Encoding:
      - gzip;q=1.0,deflate;q=0.6,identity;q=0.3
      Accept:
      - "*/*"
      User-Agent:
      - Ruby
  response:
    status:
      code: 200
      message: OK
    headers:
      Content-Type:
      - text/xml
      Cache-Control:
      - no-cache
      Connection:
      - close
      Content-Length:
      - '201'
    body:
      encoding: UTF-8
      string: |
        <directory name="rev_package" rev="2" vrev="2" srcmd5="efbe5f0a5dd48df5129b4319df43aa45">
          <entry name="somefile.txt" md5="c4ca4238a0b923820dcc509a6f75849b" size="1" mtime="1569593768"/>
        </directory>
    http_version: 
  recorded_at: Fri, 27 Sep 2019 14:16:10 GMT
- request:
    method: delete
    uri: http://backend:5352/source/home:tom/rev_package?comment&user=user_13
    body:
      encoding: US-ASCII
      string: ''
    headers:
      Accept-Encoding:
      - gzip;q=1.0,deflate;q=0.6,identity;q=0.3
      Accept:
      - "*/*"
      User-Agent:
      - Ruby
  response:
    status:
      code: 200
      message: OK
    headers:
      Content-Type:
      - text/xml
      Cache-Control:
      - no-cache
      Connection:
      - close
      Content-Length:
      - '21'
    body:
      encoding: UTF-8
      string: '<status code="ok" />

'
    http_version: 
  recorded_at: Fri, 27 Sep 2019 14:16:10 GMT
recorded_with: VCR 5.0.0
