---
http_interactions:
- request:
    method: put
    uri: http://backend:5352/source/home:permitted_user/_meta?user=permitted_user
    body:
      encoding: UTF-8
      string: |
        <project name="home:permitted_user">
          <title/>
          <description/>
          <person userid="permitted_user" role="maintainer"/>
        </project>
    headers:
      Accept-Encoding:
      - gzip;q=1.0,deflate;q=0.6,identity;q=0.3
      Accept:
      - "*/*"
      User-Agent:
      - Ruby
  response:
    status:
      code: 200
      message: OK
    headers:
      Content-Type:
      - text/xml
      Cache-Control:
      - no-cache
      Connection:
      - close
      Content-Length:
      - '151'
    body:
      encoding: UTF-8
      string: |
        <project name="home:permitted_user">
          <title></title>
          <description></description>
          <person userid="permitted_user" role="maintainer" />
        </project>
    http_version: 
  recorded_at: Thu, 22 Nov 2018 15:08:10 GMT
- request:
    method: put
    uri: http://backend:5352/source/home:permitted_user/target_package/_meta?user=_nobody_
    body:
      encoding: UTF-8
      string: |
        <package name="target_package" project="home:permitted_user">
          <title>Tender Is the Night</title>
          <description>Quos voluptatem nam necessitatibus.</description>
        </package>
    headers:
      Accept-Encoding:
      - gzip;q=1.0,deflate;q=0.6,identity;q=0.3
      Accept:
      - "*/*"
      User-Agent:
      - Ruby
  response:
    status:
      code: 200
      message: OK
    headers:
      Content-Type:
      - text/xml
      Cache-Control:
      - no-cache
      Connection:
      - close
      Content-Length:
      - '175'
    body:
      encoding: UTF-8
      string: |
        <package name="target_package" project="home:permitted_user">
          <title>Tender Is the Night</title>
          <description>Quos voluptatem nam necessitatibus.</description>
        </package>
    http_version: 
  recorded_at: Thu, 22 Nov 2018 15:08:10 GMT
- request:
    method: put
    uri: http://backend:5352/source/home:permitted_user/target_package/_meta?user=_nobody_
    body:
      encoding: UTF-8
      string: |
        <package name="target_package" project="home:permitted_user">
          <title>Tender Is the Night</title>
          <description>Quos voluptatem nam necessitatibus.</description>
        </package>
    headers:
      Accept-Encoding:
      - gzip;q=1.0,deflate;q=0.6,identity;q=0.3
      Accept:
      - "*/*"
      User-Agent:
      - Ruby
  response:
    status:
      code: 200
      message: OK
    headers:
      Content-Type:
      - text/xml
      Cache-Control:
      - no-cache
      Connection:
      - close
      Content-Length:
      - '175'
    body:
      encoding: UTF-8
      string: |
        <package name="target_package" project="home:permitted_user">
          <title>Tender Is the Night</title>
          <description>Quos voluptatem nam necessitatibus.</description>
        </package>
    http_version: 
  recorded_at: Thu, 22 Nov 2018 15:08:10 GMT
- request:
    method: put
    uri: http://backend:5352/source/source_project/_meta?user=_nobody_
    body:
      encoding: UTF-8
      string: |
        <project name="source_project">
          <title>For a Breath I Tarry</title>
          <description/>
        </project>
    headers:
      Accept-Encoding:
      - gzip;q=1.0,deflate;q=0.6,identity;q=0.3
      Accept:
      - "*/*"
      User-Agent:
      - Ruby
  response:
    status:
      code: 200
      message: OK
    headers:
      Content-Type:
      - text/xml
      Cache-Control:
      - no-cache
      Connection:
      - close
      Content-Length:
      - '111'
    body:
      encoding: UTF-8
      string: |
        <project name="source_project">
          <title>For a Breath I Tarry</title>
          <description></description>
        </project>
    http_version: 
  recorded_at: Thu, 22 Nov 2018 15:08:10 GMT
- request:
    method: put
    uri: http://backend:5352/source/source_project/source_package/_meta?user=_nobody_
    body:
      encoding: UTF-8
      string: |
        <package name="source_package" project="source_project">
          <title>Blithe Spirit</title>
          <description>Enim aut voluptas dolores.</description>
        </package>
    headers:
      Accept-Encoding:
      - gzip;q=1.0,deflate;q=0.6,identity;q=0.3
      Accept:
      - "*/*"
      User-Agent:
      - Ruby
  response:
    status:
      code: 200
      message: OK
    headers:
      Content-Type:
      - text/xml
      Cache-Control:
      - no-cache
      Connection:
      - close
      Content-Length:
      - '155'
    body:
      encoding: UTF-8
      string: |
        <package name="source_package" project="source_project">
          <title>Blithe Spirit</title>
          <description>Enim aut voluptas dolores.</description>
        </package>
    http_version: 
  recorded_at: Thu, 22 Nov 2018 15:08:10 GMT
- request:
    method: put
    uri: http://backend:5352/source/source_project/source_package/_meta?user=_nobody_
    body:
      encoding: UTF-8
      string: |
        <package name="source_package" project="source_project">
          <title>Blithe Spirit</title>
          <description>Enim aut voluptas dolores.</description>
        </package>
    headers:
      Accept-Encoding:
      - gzip;q=1.0,deflate;q=0.6,identity;q=0.3
      Accept:
      - "*/*"
      User-Agent:
      - Ruby
  response:
    status:
      code: 200
      message: OK
    headers:
      Content-Type:
      - text/xml
      Cache-Control:
      - no-cache
      Connection:
      - close
      Content-Length:
      - '155'
    body:
      encoding: UTF-8
      string: |
        <package name="source_package" project="source_project">
          <title>Blithe Spirit</title>
          <description>Enim aut voluptas dolores.</description>
        </package>
    http_version: 
  recorded_at: Thu, 22 Nov 2018 15:08:10 GMT
- request:
    method: put
    uri: http://backend:5352/source/home:permitted_user/_project/_staging_workflow?user=_nobody_
    body:
      encoding: UTF-8
      string: |
        <workflow project="home:permitted_user" managers="staging-workflow-managers-2">
          <staging_project name="home:permitted_user:Staging:A"/>
        </workflow>
    headers:
      Accept-Encoding:
      - gzip;q=1.0,deflate;q=0.6,identity;q=0.3
      Accept:
      - "*/*"
      User-Agent:
      - Ruby
  response:
    status:
      code: 200
      message: OK
    headers:
      Content-Type:
      - text/xml
      Cache-Control:
      - no-cache
      Connection:
      - close
      Content-Length:
      - '171'
    body:
      encoding: UTF-8
      string: |
        <revision rev="37">
          <srcmd5>5aa91688e74e53b49343157a65da71e6</srcmd5>
          <time>1542899290</time>
          <user>_nobody_</user>
          <comment></comment>
          <requestid/>
        </revision>
    http_version: 
  recorded_at: Thu, 22 Nov 2018 15:08:10 GMT
- request:
    method: put
    uri: http://backend:5352/source/home:permitted_user:Staging:A/_meta?user=_nobody_
    body:
      encoding: UTF-8
      string: |
        <project name="home:permitted_user:Staging:A">
          <title/>
          <description/>
          <group groupid="staging-workflow-managers-2" role="maintainer"/>
        </project>
    headers:
      Accept-Encoding:
      - gzip;q=1.0,deflate;q=0.6,identity;q=0.3
      Accept:
      - "*/*"
      User-Agent:
      - Ruby
  response:
    status:
      code: 200
      message: OK
    headers:
      Content-Type:
      - text/xml
      Cache-Control:
      - no-cache
      Connection:
      - close
      Content-Length:
      - '174'
    body:
      encoding: UTF-8
      string: |
        <project name="home:permitted_user:Staging:A">
          <title></title>
          <description></description>
          <group groupid="staging-workflow-managers-2" role="maintainer" />
        </project>
    http_version: 
  recorded_at: Thu, 22 Nov 2018 15:08:10 GMT
- request:
    method: put
    uri: http://backend:5352/source/home:permitted_user/_project/_staging_workflow?user=_nobody_
    body:
      encoding: UTF-8
      string: |
        <workflow project="home:permitted_user" managers="staging-workflow-managers-2">
          <staging_project name="home:permitted_user:Staging:A"/>
          <staging_project name="home:permitted_user:Staging:B"/>
        </workflow>
    headers:
      Accept-Encoding:
      - gzip;q=1.0,deflate;q=0.6,identity;q=0.3
      Accept:
      - "*/*"
      User-Agent:
      - Ruby
  response:
    status:
      code: 200
      message: OK
    headers:
      Content-Type:
      - text/xml
      Cache-Control:
      - no-cache
      Connection:
      - close
      Content-Length:
      - '171'
    body:
      encoding: UTF-8
      string: |
        <revision rev="38">
          <srcmd5>6b66a2ec580136385a4db14d7d083dd7</srcmd5>
          <time>1542899290</time>
          <user>_nobody_</user>
          <comment></comment>
          <requestid/>
        </revision>
    http_version: 
  recorded_at: Thu, 22 Nov 2018 15:08:10 GMT
- request:
    method: put
    uri: http://backend:5352/source/home:permitted_user:Staging:B/_meta?user=_nobody_
    body:
      encoding: UTF-8
      string: |
        <project name="home:permitted_user:Staging:B">
          <title/>
          <description/>
          <group groupid="staging-workflow-managers-2" role="maintainer"/>
        </project>
    headers:
      Accept-Encoding:
      - gzip;q=1.0,deflate;q=0.6,identity;q=0.3
      Accept:
      - "*/*"
      User-Agent:
      - Ruby
  response:
    status:
      code: 200
      message: OK
    headers:
      Content-Type:
      - text/xml
      Cache-Control:
      - no-cache
      Connection:
      - close
      Content-Length:
      - '174'
    body:
      encoding: UTF-8
      string: |
        <project name="home:permitted_user:Staging:B">
          <title></title>
          <description></description>
          <group groupid="staging-workflow-managers-2" role="maintainer" />
        </project>
    http_version: 
  recorded_at: Thu, 22 Nov 2018 15:08:10 GMT
recorded_with: VCR 4.0.0
