---
http_interactions:
- request:
    method: put
    uri: http://backend:5352/source/home:package_test_user/_meta?user=package_test_user
    body:
      encoding: UTF-8
      string: |
        <project name="home:package_test_user">
          <title/>
          <description/>
          <person userid="package_test_user" role="maintainer"/>
        </project>
    headers:
      Accept-Encoding:
      - gzip;q=1.0,deflate;q=0.6,identity;q=0.3
      Accept:
      - "*/*"
      User-Agent:
      - Ruby
  response:
    status:
      code: 200
      message: OK
    headers:
      Content-Type:
      - text/xml
      Cache-Control:
      - no-cache
      Connection:
      - close
      Content-Length:
      - '157'
    body:
      encoding: UTF-8
      string: |
        <project name="home:package_test_user">
          <title></title>
          <description></description>
          <person userid="package_test_user" role="maintainer" />
        </project>
    http_version: 
  recorded_at: Tue, 21 Aug 2018 15:57:44 GMT
- request:
    method: put
    uri: http://backend:5352/source/home:package_test_user/test_package/_meta?user=_nobody_
    body:
      encoding: UTF-8
      string: |
        <package name="test_package" project="home:package_test_user">
          <title>I Sing the Body Electric</title>
          <description>Qui explicabo quia et.</description>
        </package>
    headers:
      Accept-Encoding:
      - gzip;q=1.0,deflate;q=0.6,identity;q=0.3
      Accept:
      - "*/*"
      User-Agent:
      - Ruby
  response:
    status:
      code: 200
      message: OK
    headers:
      Content-Type:
      - text/xml
      Cache-Control:
      - no-cache
      Connection:
      - close
      Content-Length:
      - '168'
    body:
      encoding: UTF-8
      string: |
        <package name="test_package" project="home:package_test_user">
          <title>I Sing the Body Electric</title>
          <description>Qui explicabo quia et.</description>
        </package>
    http_version: 
  recorded_at: Tue, 21 Aug 2018 15:57:44 GMT
- request:
    method: put
    uri: http://backend:5352/source/home:package_test_user/test_package/_meta?user=_nobody_
    body:
      encoding: UTF-8
      string: |
        <package name="test_package" project="home:package_test_user">
          <title>I Sing the Body Electric</title>
          <description>Qui explicabo quia et.</description>
        </package>
    headers:
      Accept-Encoding:
      - gzip;q=1.0,deflate;q=0.6,identity;q=0.3
      Accept:
      - "*/*"
      User-Agent:
      - Ruby
  response:
    status:
      code: 200
      message: OK
    headers:
      Content-Type:
      - text/xml
      Cache-Control:
      - no-cache
      Connection:
      - close
      Content-Length:
      - '168'
    body:
      encoding: UTF-8
      string: |
        <package name="test_package" project="home:package_test_user">
          <title>I Sing the Body Electric</title>
          <description>Qui explicabo quia et.</description>
        </package>
    http_version: 
  recorded_at: Tue, 21 Aug 2018 15:57:44 GMT
- request:
    method: put
    uri: http://backend:5352/source/home:package_test_user/test_package/_config
    body:
      encoding: UTF-8
      string: Tenetur deserunt cumque. Excepturi culpa consectetur. Quo quasi quos.
    headers:
      Accept-Encoding:
      - gzip;q=1.0,deflate;q=0.6,identity;q=0.3
      Accept:
      - "*/*"
      User-Agent:
      - Ruby
  response:
    status:
      code: 200
      message: OK
    headers:
      Content-Type:
      - text/xml
      Cache-Control:
      - no-cache
      Connection:
      - close
      Content-Length:
      - '207'
    body:
      encoding: UTF-8
      string: |
        <revision rev="5" vrev="5">
          <srcmd5>d2b62d6120f73faea3814a7f534ba01e</srcmd5>
          <version>unknown</version>
          <time>1534867064</time>
          <user>unknown</user>
          <comment></comment>
          <requestid/>
        </revision>
    http_version: 
  recorded_at: Tue, 21 Aug 2018 15:57:44 GMT
- request:
    method: put
    uri: http://backend:5352/source/home:package_test_user/test_package/somefile.txt
    body:
      encoding: UTF-8
      string: Ipsam non eos. Quia ipsum vel. Quia molestias excepturi.
    headers:
      Accept-Encoding:
      - gzip;q=1.0,deflate;q=0.6,identity;q=0.3
      Accept:
      - "*/*"
      User-Agent:
      - Ruby
  response:
    status:
      code: 200
      message: OK
    headers:
      Content-Type:
      - text/xml
      Cache-Control:
      - no-cache
      Connection:
      - close
      Content-Length:
      - '207'
    body:
      encoding: UTF-8
      string: |
        <revision rev="6" vrev="6">
          <srcmd5>8a5db50df5b5513d3c3642cdde089803</srcmd5>
          <version>unknown</version>
          <time>1534867064</time>
          <user>unknown</user>
          <comment></comment>
          <requestid/>
        </revision>
    http_version: 
  recorded_at: Tue, 21 Aug 2018 15:57:44 GMT
- request:
    method: put
    uri: http://backend:5352/source/home:other_package_test_user/_meta?user=other_package_test_user
    body:
      encoding: UTF-8
      string: |
        <project name="home:other_package_test_user">
          <title/>
          <description/>
          <person userid="other_package_test_user" role="maintainer"/>
        </project>
    headers:
      Accept-Encoding:
      - gzip;q=1.0,deflate;q=0.6,identity;q=0.3
      Accept:
      - "*/*"
      User-Agent:
      - Ruby
  response:
    status:
      code: 200
      message: OK
    headers:
      Content-Type:
      - text/xml
      Cache-Control:
      - no-cache
      Connection:
      - close
      Content-Length:
      - '169'
    body:
      encoding: UTF-8
      string: |
        <project name="home:other_package_test_user">
          <title></title>
          <description></description>
          <person userid="other_package_test_user" role="maintainer" />
        </project>
    http_version: 
  recorded_at: Tue, 21 Aug 2018 15:57:44 GMT
- request:
    method: put
    uri: http://backend:5352/source/home:other_package_test_user/branch_test_package/_meta?user=_nobody_
    body:
      encoding: UTF-8
      string: |
        <package name="branch_test_package" project="home:other_package_test_user">
          <title>A Confederacy of Dunces</title>
          <description>Et perspiciatis aliquam commodi.</description>
        </package>
    headers:
      Accept-Encoding:
      - gzip;q=1.0,deflate;q=0.6,identity;q=0.3
      Accept:
      - "*/*"
      User-Agent:
      - Ruby
  response:
    status:
      code: 200
      message: OK
    headers:
      Content-Type:
      - text/xml
      Cache-Control:
      - no-cache
      Connection:
      - close
      Content-Length:
      - '190'
    body:
      encoding: UTF-8
      string: |
        <package name="branch_test_package" project="home:other_package_test_user">
          <title>A Confederacy of Dunces</title>
          <description>Et perspiciatis aliquam commodi.</description>
        </package>
    http_version: 
  recorded_at: Tue, 21 Aug 2018 15:57:44 GMT
- request:
    method: put
    uri: http://backend:5352/source/home:other_package_test_user/branch_test_package/_meta?user=_nobody_
    body:
      encoding: UTF-8
      string: |
        <package name="branch_test_package" project="home:other_package_test_user">
          <title>A Confederacy of Dunces</title>
          <description>Et perspiciatis aliquam commodi.</description>
        </package>
    headers:
      Accept-Encoding:
      - gzip;q=1.0,deflate;q=0.6,identity;q=0.3
      Accept:
      - "*/*"
      User-Agent:
      - Ruby
  response:
    status:
      code: 200
      message: OK
    headers:
      Content-Type:
      - text/xml
      Cache-Control:
      - no-cache
      Connection:
      - close
      Content-Length:
      - '190'
    body:
      encoding: UTF-8
      string: |
        <package name="branch_test_package" project="home:other_package_test_user">
          <title>A Confederacy of Dunces</title>
          <description>Et perspiciatis aliquam commodi.</description>
        </package>
    http_version: 
  recorded_at: Tue, 21 Aug 2018 15:57:44 GMT
- request:
    method: put
    uri: http://backend:5352/source/home:other_package_test_user/branch_test_package/_config
    body:
      encoding: UTF-8
      string: Quos architecto soluta. Aut ab facere. Consequatur omnis unde.
    headers:
      Accept-Encoding:
      - gzip;q=1.0,deflate;q=0.6,identity;q=0.3
      Accept:
      - "*/*"
      User-Agent:
      - Ruby
  response:
    status:
      code: 200
      message: OK
    headers:
      Content-Type:
      - text/xml
      Cache-Control:
      - no-cache
      Connection:
      - close
      Content-Length:
      - '209'
    body:
      encoding: UTF-8
      string: |
        <revision rev="29" vrev="29">
          <srcmd5>cebd29d96c325e2744e6b1419d437a98</srcmd5>
          <version>unknown</version>
          <time>1534867064</time>
          <user>unknown</user>
          <comment></comment>
          <requestid/>
        </revision>
    http_version: 
  recorded_at: Tue, 21 Aug 2018 15:57:44 GMT
- request:
    method: put
    uri: http://backend:5352/source/home:other_package_test_user/branch_test_package/somefile.txt
    body:
      encoding: UTF-8
      string: Nobis dolorem qui. Aliquam provident id. Natus nihil corporis.
    headers:
      Accept-Encoding:
      - gzip;q=1.0,deflate;q=0.6,identity;q=0.3
      Accept:
      - "*/*"
      User-Agent:
      - Ruby
  response:
    status:
      code: 200
      message: OK
    headers:
      Content-Type:
      - text/xml
      Cache-Control:
      - no-cache
      Connection:
      - close
      Content-Length:
      - '209'
    body:
      encoding: UTF-8
      string: |
        <revision rev="30" vrev="30">
          <srcmd5>050092b11b70c11820f05b6544c13296</srcmd5>
          <version>unknown</version>
          <time>1534867065</time>
          <user>unknown</user>
          <comment></comment>
          <requestid/>
        </revision>
    http_version: 
  recorded_at: Tue, 21 Aug 2018 15:57:45 GMT
- request:
    method: get
    uri: http://backend:5352/source/home:other_package_test_user/branch_test_package
    body:
      encoding: US-ASCII
      string: ''
    headers:
      Accept-Encoding:
      - gzip;q=1.0,deflate;q=0.6,identity;q=0.3
      Accept:
      - "*/*"
      User-Agent:
      - Ruby
  response:
    status:
      code: 200
      message: OK
    headers:
      Content-Type:
      - text/xml
      Cache-Control:
      - no-cache
      Connection:
      - close
      Content-Length:
      - '308'
    body:
      encoding: UTF-8
      string: |
        <directory name="branch_test_package" rev="30" vrev="30" srcmd5="050092b11b70c11820f05b6544c13296">
          <entry name="_config" md5="c24f82b9a5697b21715093cd9cb60064" size="62" mtime="1534867064" />
          <entry name="somefile.txt" md5="ec02d943a21151f81cdb793026ab54d9" size="62" mtime="1534867064" />
        </directory>
    http_version: 
  recorded_at: Tue, 21 Aug 2018 15:57:46 GMT
- request:
    method: get
    uri: http://backend:5352/source/home:other_package_test_user/branch_test_package?expand=1&rev=30
    body:
      encoding: US-ASCII
      string: ''
    headers:
      Accept-Encoding:
      - gzip;q=1.0,deflate;q=0.6,identity;q=0.3
      Accept:
      - "*/*"
      User-Agent:
      - Ruby
  response:
    status:
      code: 200
      message: OK
    headers:
      Content-Type:
      - text/xml
      Cache-Control:
      - no-cache
      Connection:
      - close
      Content-Length:
      - '308'
    body:
      encoding: UTF-8
      string: |
        <directory name="branch_test_package" rev="30" vrev="30" srcmd5="050092b11b70c11820f05b6544c13296">
          <entry name="_config" md5="c24f82b9a5697b21715093cd9cb60064" size="62" mtime="1534867064" />
          <entry name="somefile.txt" md5="ec02d943a21151f81cdb793026ab54d9" size="62" mtime="1534867064" />
        </directory>
    http_version: 
  recorded_at: Tue, 21 Aug 2018 15:57:46 GMT
- request:
    method: get
    uri: http://backend:5352/source/home:other_package_test_user/branch_test_package/_service
    body:
      encoding: US-ASCII
      string: ''
    headers:
      Accept-Encoding:
      - gzip;q=1.0,deflate;q=0.6,identity;q=0.3
      Accept:
      - "*/*"
      User-Agent:
      - Ruby
  response:
    status:
      code: 404
      message: _service  no such file
    headers:
      Content-Type:
      - text/xml
      Cache-Control:
      - no-cache
      Connection:
      - close
      Content-Length:
      - '122'
    body:
      encoding: UTF-8
      string: |
        <status code="404">
          <summary>_service: no such file</summary>
          <details>404 _service: no such file</details>
        </status>
    http_version: 
  recorded_at: Tue, 21 Aug 2018 15:57:46 GMT
- request:
    method: get
    uri: http://backend:5352/source/home:other_package_test_user/branch_test_package/_history
    body:
      encoding: US-ASCII
      string: ''
    headers:
      Accept-Encoding:
      - gzip;q=1.0,deflate;q=0.6,identity;q=0.3
      Accept:
      - "*/*"
      User-Agent:
      - Ruby
  response:
    status:
      code: 200
      message: OK
    headers:
      Content-Type:
      - text/xml
      Cache-Control:
      - no-cache
      Connection:
      - close
      Content-Length:
      - '5533'
    body:
      encoding: UTF-8
      string: |
        <revisionlist>
          <revision rev="1" vrev="1">
            <srcmd5>caa40595e5c2f997921cc00856f3d6b3</srcmd5>
            <version>unknown</version>
            <time>1534865529</time>
            <user>unknown</user>
          </revision>
          <revision rev="2" vrev="2">
            <srcmd5>9825fa5f595360ff1547eb72b6bb6473</srcmd5>
            <version>unknown</version>
            <time>1534865529</time>
            <user>unknown</user>
          </revision>
          <revision rev="3" vrev="3">
            <srcmd5>4f4597a4bb2f0c292a6a512b49af1d82</srcmd5>
            <version>unknown</version>
            <time>1534865578</time>
            <user>unknown</user>
          </revision>
          <revision rev="4" vrev="4">
            <srcmd5>4230a243e9074345de2df5aaf5c78b9b</srcmd5>
            <version>unknown</version>
            <time>1534865578</time>
            <user>unknown</user>
          </revision>
          <revision rev="5" vrev="5">
            <srcmd5>7ea58fdb06f0c00a497ebb776f128067</srcmd5>
            <version>unknown</version>
            <time>1534865626</time>
            <user>unknown</user>
          </revision>
          <revision rev="6" vrev="6">
            <srcmd5>b2e78cac189be8877011b8020313eb62</srcmd5>
            <version>unknown</version>
            <time>1534865626</time>
            <user>unknown</user>
          </revision>
          <revision rev="7" vrev="7">
            <srcmd5>6dc7a0591628fdca5639be10fa2f0bbd</srcmd5>
            <version>unknown</version>
            <time>1534865695</time>
            <user>unknown</user>
          </revision>
          <revision rev="8" vrev="8">
            <srcmd5>c3b6330696dbcd7778775d27ab4afe38</srcmd5>
            <version>unknown</version>
            <time>1534865695</time>
            <user>unknown</user>
          </revision>
          <revision rev="9" vrev="9">
            <srcmd5>d355992090a5aba05fc44e2a879080e4</srcmd5>
            <version>unknown</version>
            <time>1534865784</time>
            <user>unknown</user>
          </revision>
          <revision rev="10" vrev="10">
            <srcmd5>64eb2701208a947799a77cb202920bf7</srcmd5>
            <version>unknown</version>
            <time>1534865784</time>
            <user>unknown</user>
          </revision>
          <revision rev="11" vrev="11">
            <srcmd5>db4e4bbbb792488f02eb3a5d713e10ea</srcmd5>
            <version>unknown</version>
            <time>1534865875</time>
            <user>unknown</user>
          </revision>
          <revision rev="12" vrev="12">
            <srcmd5>a00e5f8d41f63c43c7e35882795d8378</srcmd5>
            <version>unknown</version>
            <time>1534865875</time>
            <user>unknown</user>
          </revision>
          <revision rev="13" vrev="13">
            <srcmd5>3a4323b8b10a6ec4f6a1331f0b5e233b</srcmd5>
            <version>unknown</version>
            <time>1534866135</time>
            <user>unknown</user>
          </revision>
          <revision rev="14" vrev="14">
            <srcmd5>9b0ba8b04bb265d566519c06e97da18d</srcmd5>
            <version>unknown</version>
            <time>1534866135</time>
            <user>unknown</user>
          </revision>
          <revision rev="15" vrev="15">
            <srcmd5>58ac7404cb439d2d94d7b222e2cb323a</srcmd5>
            <version>unknown</version>
            <time>1534866605</time>
            <user>unknown</user>
          </revision>
          <revision rev="16" vrev="16">
            <srcmd5>21bbd44225a33288862a91af504dcf07</srcmd5>
            <version>unknown</version>
            <time>1534866605</time>
            <user>unknown</user>
          </revision>
          <revision rev="17" vrev="17">
            <srcmd5>9855cb408bc390c6896945d6bb8870ce</srcmd5>
            <version>unknown</version>
            <time>1534866650</time>
            <user>unknown</user>
          </revision>
          <revision rev="18" vrev="18">
            <srcmd5>1c380325beec65ab9c48f2ab02f12079</srcmd5>
            <version>unknown</version>
            <time>1534866650</time>
            <user>unknown</user>
          </revision>
          <revision rev="19" vrev="19">
            <srcmd5>8a41ab795ec79d8362df20ee01fc0bf4</srcmd5>
            <version>unknown</version>
            <time>1534866845</time>
            <user>unknown</user>
          </revision>
          <revision rev="20" vrev="20">
            <srcmd5>decbc00ecb40b39b9592d54bacd8508a</srcmd5>
            <version>unknown</version>
            <time>1534866845</time>
            <user>unknown</user>
          </revision>
          <revision rev="21" vrev="21">
            <srcmd5>cde84a2bfb8ee16451a27261140ae884</srcmd5>
            <version>unknown</version>
            <time>1534866887</time>
            <user>unknown</user>
          </revision>
          <revision rev="22" vrev="22">
            <srcmd5>cc3185658133d181612427f3b72be7e4</srcmd5>
            <version>unknown</version>
            <time>1534866887</time>
            <user>unknown</user>
          </revision>
          <revision rev="23" vrev="23">
            <srcmd5>81dd3c570fbc3fa7983175d3da436bd9</srcmd5>
            <version>unknown</version>
            <time>1534866933</time>
            <user>unknown</user>
          </revision>
          <revision rev="24" vrev="24">
            <srcmd5>d8d2b1203d240eacd0859a0c3a91e468</srcmd5>
            <version>unknown</version>
            <time>1534866933</time>
            <user>unknown</user>
          </revision>
          <revision rev="25" vrev="25">
            <srcmd5>1d25c9d1cba87290ad77c907702c311e</srcmd5>
            <version>unknown</version>
            <time>1534866945</time>
            <user>unknown</user>
          </revision>
          <revision rev="26" vrev="26">
            <srcmd5>d28c6f1b5292a7d79cfdbf9955cefdba</srcmd5>
            <version>unknown</version>
            <time>1534866945</time>
            <user>unknown</user>
          </revision>
          <revision rev="27" vrev="27">
            <srcmd5>75005410b59191332cb05fe0a6bfaaf6</srcmd5>
            <version>unknown</version>
            <time>1534866956</time>
            <user>unknown</user>
          </revision>
          <revision rev="28" vrev="28">
            <srcmd5>c7e9ac94fd6de3dfb95ab16c7720f114</srcmd5>
            <version>unknown</version>
            <time>1534866956</time>
            <user>unknown</user>
          </revision>
          <revision rev="29" vrev="29">
            <srcmd5>cebd29d96c325e2744e6b1419d437a98</srcmd5>
            <version>unknown</version>
            <time>1534867064</time>
            <user>unknown</user>
          </revision>
          <revision rev="30" vrev="30">
            <srcmd5>050092b11b70c11820f05b6544c13296</srcmd5>
            <version>unknown</version>
            <time>1534867065</time>
            <user>unknown</user>
          </revision>
        </revisionlist>
    http_version: 
  recorded_at: Tue, 21 Aug 2018 15:57:46 GMT
- request:
    method: get
    uri: http://backend:5352/build/home:other_package_test_user/_result?package=branch_test_package&view=status
    body:
      encoding: US-ASCII
      string: ''
    headers:
      Content-Type:
      - text/plain
      Accept-Encoding:
      - identity
      Accept:
      - "*/*"
      User-Agent:
      - Ruby
  response:
    status:
      code: 200
      message: OK
    headers:
      Content-Type:
      - text/xml
      Cache-Control:
      - no-cache
      Connection:
      - close
      Content-Length:
      - '56'
    body:
      encoding: UTF-8
      string: '<resultlist state="00000000000000000000000000000000" />

'
    http_version: 
  recorded_at: Tue, 21 Aug 2018 15:57:46 GMT
- request:
    method: get
    uri: http://backend:5352/source/home:other_package_test_user/branch_test_package?expand=1
    body:
      encoding: US-ASCII
      string: ''
    headers:
      Accept-Encoding:
      - gzip;q=1.0,deflate;q=0.6,identity;q=0.3
      Accept:
      - "*/*"
      User-Agent:
      - Ruby
  response:
    status:
      code: 200
      message: OK
    headers:
      Content-Type:
      - text/xml
      Cache-Control:
      - no-cache
      Connection:
      - close
      Content-Length:
      - '308'
    body:
      encoding: UTF-8
      string: |
        <directory name="branch_test_package" rev="30" vrev="30" srcmd5="050092b11b70c11820f05b6544c13296">
          <entry name="_config" md5="c24f82b9a5697b21715093cd9cb60064" size="62" mtime="1534867064" />
          <entry name="somefile.txt" md5="ec02d943a21151f81cdb793026ab54d9" size="62" mtime="1534867064" />
        </directory>
    http_version: 
  recorded_at: Tue, 21 Aug 2018 15:57:47 GMT
- request:
    method: get
    uri: http://backend:5352/source/home:other_package_test_user/branch_test_package?rev=30
    body:
      encoding: US-ASCII
      string: ''
    headers:
      Content-Type:
      - text/plain
      Accept-Encoding:
      - identity
      Accept:
      - "*/*"
      User-Agent:
      - Ruby
  response:
    status:
      code: 200
      message: OK
    headers:
      Content-Type:
      - text/xml
      Cache-Control:
      - no-cache
      Connection:
      - close
      Content-Length:
      - '308'
    body:
      encoding: UTF-8
      string: |
        <directory name="branch_test_package" rev="30" vrev="30" srcmd5="050092b11b70c11820f05b6544c13296">
          <entry name="_config" md5="c24f82b9a5697b21715093cd9cb60064" size="62" mtime="1534867064" />
          <entry name="somefile.txt" md5="ec02d943a21151f81cdb793026ab54d9" size="62" mtime="1534867064" />
        </directory>
    http_version: 
  recorded_at: Tue, 21 Aug 2018 15:57:47 GMT
- request:
    method: post
    uri: http://backend:5352/search/package/id?match=(linkinfo/@package=%22branch_test_package%22%20and%20linkinfo/@project=%22home:other_package_test_user%22%20and%20@project=%22home:other_package_test_user%22)
    body:
      encoding: UTF-8
      string: ''
    headers:
      Content-Type:
      - application/octet-stream
      Accept-Encoding:
      - gzip;q=1.0,deflate;q=0.6,identity;q=0.3
      Accept:
      - "*/*"
      User-Agent:
      - Ruby
  response:
    status:
      code: 200
      message: OK
    headers:
      Content-Type:
      - text/xml
      Cache-Control:
      - no-cache
      Connection:
      - close
      Content-Length:
      - '27'
    body:
      encoding: UTF-8
      string: |
        <collection>
        </collection>
    http_version: 
  recorded_at: Tue, 21 Aug 2018 15:57:47 GMT
- request:
    method: put
    uri: http://backend:5352/source/home:package_test_user:branches:home:other_package_test_user/_meta?user=package_test_user
    body:
      encoding: UTF-8
      string: |
        <project name="home:package_test_user:branches:home:other_package_test_user">
          <title>Branch project for package branch_test_package</title>
          <description>This project was created for package branch_test_package via attribute OBS:Maintained</description>
          <person userid="package_test_user" role="maintainer"/>
        </project>
    headers:
      Accept-Encoding:
      - gzip;q=1.0,deflate;q=0.6,identity;q=0.3
      Accept:
      - "*/*"
      User-Agent:
      - Ruby
  response:
    status:
      code: 200
      message: OK
    headers:
      Content-Type:
      - text/xml
      Cache-Control:
      - no-cache
      Connection:
      - close
      Content-Length:
      - '326'
    body:
      encoding: UTF-8
      string: |
        <project name="home:package_test_user:branches:home:other_package_test_user">
          <title>Branch project for package branch_test_package</title>
          <description>This project was created for package branch_test_package via attribute OBS:Maintained</description>
          <person userid="package_test_user" role="maintainer" />
        </project>
    http_version: 
  recorded_at: Tue, 21 Aug 2018 15:57:47 GMT
- request:
    method: put
    uri: http://backend:5352/source/home:package_test_user:branches:home:other_package_test_user/_project/_attribute?meta=1&user=package_test_user
    body:
      encoding: UTF-8
      string: |
        <attributes>
          <attribute name="AutoCleanup" namespace="OBS">
            <value>2018-09-04T15:57:47+00:00</value>
          </attribute>
        </attributes>
    headers:
      Accept-Encoding:
      - gzip;q=1.0,deflate;q=0.6,identity;q=0.3
      Accept:
      - "*/*"
      User-Agent:
      - Ruby
  response:
    status:
      code: 200
      message: OK
    headers:
      Content-Type:
      - text/xml
      Cache-Control:
      - no-cache
      Connection:
      - close
      Content-Length:
      - '180'
    body:
      encoding: UTF-8
      string: |
        <revision rev="68">
          <srcmd5>1771b1c321c38631a2b510d5e8248475</srcmd5>
          <time>1534867067</time>
          <user>package_test_user</user>
          <comment></comment>
          <requestid/>
        </revision>
    http_version: 
  recorded_at: Tue, 21 Aug 2018 15:57:47 GMT
- request:
    method: put
    uri: http://backend:5352/source/home:package_test_user:branches:home:other_package_test_user/branch_test_package/_meta?user=package_test_user
    body:
      encoding: UTF-8
      string: |
        <package name="branch_test_package" project="home:package_test_user:branches:home:other_package_test_user">
          <title>A Confederacy of Dunces</title>
          <description>Et perspiciatis aliquam commodi.</description>
        </package>
    headers:
      Accept-Encoding:
      - gzip;q=1.0,deflate;q=0.6,identity;q=0.3
      Accept:
      - "*/*"
      User-Agent:
      - Ruby
  response:
    status:
      code: 200
      message: OK
    headers:
      Content-Type:
      - text/xml
      Cache-Control:
      - no-cache
      Connection:
      - close
      Content-Length:
      - '222'
    body:
      encoding: UTF-8
      string: |
        <package name="branch_test_package" project="home:package_test_user:branches:home:other_package_test_user">
          <title>A Confederacy of Dunces</title>
          <description>Et perspiciatis aliquam commodi.</description>
        </package>
    http_version: 
  recorded_at: Tue, 21 Aug 2018 15:57:47 GMT
- request:
    method: post
    uri: http://backend:5352/source/home:package_test_user:branches:home:other_package_test_user/branch_test_package?cmd=branch&noservice=1&opackage=branch_test_package&oproject=home:other_package_test_user&orev=050092b11b70c11820f05b6544c13296&user=package_test_user
    body:
      encoding: UTF-8
      string: ''
    headers:
      Content-Type:
      - application/octet-stream
      Accept-Encoding:
      - gzip;q=1.0,deflate;q=0.6,identity;q=0.3
      Accept:
      - "*/*"
      User-Agent:
      - Ruby
  response:
    status:
      code: 200
      message: OK
    headers:
      Content-Type:
      - text/xml
      Cache-Control:
      - no-cache
      Connection:
      - close
      Content-Length:
      - '217'
    body:
      encoding: UTF-8
      string: |
        <revision rev="6" vrev="6">
          <srcmd5>36f447faa16848c14025976bf6b878a5</srcmd5>
          <version>unknown</version>
          <time>1534867067</time>
          <user>package_test_user</user>
          <comment></comment>
          <requestid/>
        </revision>
    http_version: 
  recorded_at: Tue, 21 Aug 2018 15:57:47 GMT
- request:
    method: put
    uri: http://backend:5352/source/home:package_test_user:branches:home:other_package_test_user/branch_test_package/_meta?user=package_test_user
    body:
      encoding: UTF-8
      string: |
        <package name="branch_test_package" project="home:package_test_user:branches:home:other_package_test_user">
          <title>A Confederacy of Dunces</title>
          <description>Et perspiciatis aliquam commodi.</description>
        </package>
    headers:
      Accept-Encoding:
      - gzip;q=1.0,deflate;q=0.6,identity;q=0.3
      Accept:
      - "*/*"
      User-Agent:
      - Ruby
  response:
    status:
      code: 200
      message: OK
    headers:
      Content-Type:
      - text/xml
      Cache-Control:
      - no-cache
      Connection:
      - close
      Content-Length:
      - '222'
    body:
      encoding: UTF-8
      string: |
        <package name="branch_test_package" project="home:package_test_user:branches:home:other_package_test_user">
          <title>A Confederacy of Dunces</title>
          <description>Et perspiciatis aliquam commodi.</description>
        </package>
    http_version: 
  recorded_at: Tue, 21 Aug 2018 15:57:47 GMT
- request:
    method: get
    uri: http://backend:5352/source/home:package_test_user:branches:home:other_package_test_user/branch_test_package
    body:
      encoding: US-ASCII
      string: ''
    headers:
      Accept-Encoding:
      - gzip;q=1.0,deflate;q=0.6,identity;q=0.3
      Accept:
      - "*/*"
      User-Agent:
      - Ruby
  response:
    status:
      code: 200
      message: OK
    headers:
      Content-Type:
      - text/xml
      Cache-Control:
      - no-cache
      Connection:
      - close
      Content-Length:
      - '694'
    body:
      encoding: UTF-8
      string: |
        <directory name="branch_test_package" rev="6" vrev="6" srcmd5="36f447faa16848c14025976bf6b878a5">
          <linkinfo project="home:other_package_test_user" package="branch_test_package" rev="050092b11b70c11820f05b6544c13296" srcmd5="050092b11b70c11820f05b6544c13296" baserev="050092b11b70c11820f05b6544c13296" xsrcmd5="d3f98ad6db7fcff2f6f775051be07384" lsrcmd5="36f447faa16848c14025976bf6b878a5" />
          <entry name="_config" md5="c24f82b9a5697b21715093cd9cb60064" size="62" mtime="1534867064" />
          <entry name="_link" md5="38df71d4d725f9083975bf0a3b7bd54e" size="175" mtime="1534867067" />
          <entry name="somefile.txt" md5="ec02d943a21151f81cdb793026ab54d9" size="62" mtime="1534867064" />
        </directory>
    http_version: 
  recorded_at: Tue, 21 Aug 2018 15:57:47 GMT
- request:
    method: get
    uri: http://backend:5352/source/home:package_test_user:branches:home:other_package_test_user/branch_test_package?view=info
    body:
      encoding: US-ASCII
      string: ''
    headers:
      Accept-Encoding:
      - gzip;q=1.0,deflate;q=0.6,identity;q=0.3
      Accept:
      - "*/*"
      User-Agent:
      - Ruby
  response:
    status:
      code: 200
      message: OK
    headers:
      Content-Type:
      - text/xml
      Cache-Control:
      - no-cache
      Connection:
      - close
      Content-Length:
      - '362'
    body:
      encoding: UTF-8
      string: |
        <sourceinfo package="branch_test_package" rev="6" vrev="6" srcmd5="d3f98ad6db7fcff2f6f775051be07384" lsrcmd5="36f447faa16848c14025976bf6b878a5" verifymd5="050092b11b70c11820f05b6544c13296">
          <error>bad build configuration, no build type defined or detected</error>
          <linked project="home:other_package_test_user" package="branch_test_package" />
        </sourceinfo>
    http_version: 
  recorded_at: Tue, 21 Aug 2018 15:57:47 GMT
- request:
    method: get
    uri: http://backend:5352/source/home:package_test_user:branches:home:other_package_test_user/branch_test_package
    body:
      encoding: US-ASCII
      string: ''
    headers:
      Accept-Encoding:
      - gzip;q=1.0,deflate;q=0.6,identity;q=0.3
      Accept:
      - "*/*"
      User-Agent:
      - Ruby
  response:
    status:
      code: 200
      message: OK
    headers:
      Content-Type:
      - text/xml
      Cache-Control:
      - no-cache
      Connection:
      - close
      Content-Length:
      - '694'
    body:
      encoding: UTF-8
      string: |
        <directory name="branch_test_package" rev="6" vrev="6" srcmd5="36f447faa16848c14025976bf6b878a5">
          <linkinfo project="home:other_package_test_user" package="branch_test_package" rev="050092b11b70c11820f05b6544c13296" srcmd5="050092b11b70c11820f05b6544c13296" baserev="050092b11b70c11820f05b6544c13296" xsrcmd5="d3f98ad6db7fcff2f6f775051be07384" lsrcmd5="36f447faa16848c14025976bf6b878a5" />
          <entry name="_config" md5="c24f82b9a5697b21715093cd9cb60064" size="62" mtime="1534867064" />
          <entry name="_link" md5="38df71d4d725f9083975bf0a3b7bd54e" size="175" mtime="1534867067" />
          <entry name="somefile.txt" md5="ec02d943a21151f81cdb793026ab54d9" size="62" mtime="1534867064" />
        </directory>
    http_version: 
  recorded_at: Tue, 21 Aug 2018 15:57:47 GMT
- request:
    method: post
    uri: http://backend:5352/source/home:package_test_user:branches:home:other_package_test_user/branch_test_package?cmd=diff&linkrev=base&onlyissues=1&orev=0&view=xml
    body:
      encoding: UTF-8
      string: ''
    headers:
      Content-Type:
      - application/octet-stream
      Accept-Encoding:
      - gzip;q=1.0,deflate;q=0.6,identity;q=0.3
      Accept:
      - "*/*"
      User-Agent:
      - Ruby
  response:
    status:
      code: 200
      message: OK
    headers:
      Content-Type:
      - text/xml
      Cache-Control:
      - no-cache
      Connection:
      - close
      Content-Length:
      - '423'
    body:
      encoding: UTF-8
      string: |
        <sourcediff key="a8d33897ff40b13aa7c5e5ccc5453f3a">
          <old project="home:package_test_user:branches:home:other_package_test_user" package="branch_test_package" rev="0" srcmd5="d41d8cd98f00b204e9800998ecf8427e" />
          <new project="home:package_test_user:branches:home:other_package_test_user" package="branch_test_package" rev="6" srcmd5="36f447faa16848c14025976bf6b878a5" />
          <files />
          <issues>
          </issues>
        </sourcediff>
    http_version: 
  recorded_at: Tue, 21 Aug 2018 15:57:48 GMT
- request:
    method: post
    uri: http://backend:5352/source/home:package_test_user:branches:home:other_package_test_user/branch_test_package?cmd=linkdiff&linkrev=base&onlyissues=1&view=xml
    body:
      encoding: UTF-8
      string: ''
    headers:
      Content-Type:
      - application/octet-stream
      Accept-Encoding:
      - gzip;q=1.0,deflate;q=0.6,identity;q=0.3
      Accept:
      - "*/*"
      User-Agent:
      - Ruby
  response:
    status:
      code: 200
      message: OK
    headers:
      Content-Type:
      - text/xml
      Cache-Control:
      - no-cache
      Connection:
      - close
      Content-Length:
      - '430'
    body:
      encoding: UTF-8
      string: |
        <sourcediff key="af95183dac72496795b2208dd6046f50">
          <old project="home:other_package_test_user" package="branch_test_package" rev="050092b11b70c11820f05b6544c13296" srcmd5="050092b11b70c11820f05b6544c13296" />
          <new project="home:package_test_user:branches:home:other_package_test_user" package="branch_test_package" rev="d3f98ad6db7fcff2f6f775051be07384" srcmd5="d3f98ad6db7fcff2f6f775051be07384" />
          <files />
        </sourcediff>
    http_version: 
  recorded_at: Tue, 21 Aug 2018 15:57:48 GMT
- request:
    method: put
    uri: http://backend:5352/source/home:package_test_user:branches:home:other_package_test_user/_meta?user=package_test_user
    body:
      encoding: UTF-8
      string: |
        <project name="home:package_test_user:branches:home:other_package_test_user">
          <title>Branch project for package branch_test_package</title>
          <description>This project was created for package branch_test_package via attribute OBS:Maintained</description>
          <person userid="package_test_user" role="maintainer"/>
          <publish>
            <disable/>
          </publish>
        </project>
    headers:
      Accept-Encoding:
      - gzip;q=1.0,deflate;q=0.6,identity;q=0.3
      Accept:
      - "*/*"
      User-Agent:
      - Ruby
  response:
    status:
      code: 200
      message: OK
    headers:
      Content-Type:
      - text/xml
      Cache-Control:
      - no-cache
      Connection:
      - close
      Content-Length:
      - '367'
    body:
      encoding: UTF-8
      string: |
        <project name="home:package_test_user:branches:home:other_package_test_user">
          <title>Branch project for package branch_test_package</title>
          <description>This project was created for package branch_test_package via attribute OBS:Maintained</description>
          <person userid="package_test_user" role="maintainer" />
          <publish>
            <disable />
          </publish>
        </project>
    http_version: 
  recorded_at: Tue, 21 Aug 2018 15:57:48 GMT
- request:
    method: get
    uri: http://backend:5352/source/home:other_package_test_user/branch_test_package?view=info
    body:
      encoding: US-ASCII
      string: ''
    headers:
      Accept-Encoding:
      - gzip;q=1.0,deflate;q=0.6,identity;q=0.3
      Accept:
      - "*/*"
      User-Agent:
      - Ruby
  response:
    status:
      code: 200
      message: OK
    headers:
      Content-Type:
      - text/xml
      Cache-Control:
      - no-cache
      Connection:
      - close
      Content-Length:
      - '239'
    body:
      encoding: UTF-8
      string: |
        <sourceinfo package="branch_test_package" rev="30" vrev="30" srcmd5="050092b11b70c11820f05b6544c13296" verifymd5="050092b11b70c11820f05b6544c13296">
          <error>bad build configuration, no build type defined or detected</error>
        </sourceinfo>
    http_version: 
  recorded_at: Tue, 21 Aug 2018 15:57:48 GMT
- request:
    method: get
    uri: http://backend:5352/source/home:other_package_test_user/branch_test_package
    body:
      encoding: US-ASCII
      string: ''
    headers:
      Accept-Encoding:
      - gzip;q=1.0,deflate;q=0.6,identity;q=0.3
      Accept:
      - "*/*"
      User-Agent:
      - Ruby
  response:
    status:
      code: 200
      message: OK
    headers:
      Content-Type:
      - text/xml
      Cache-Control:
      - no-cache
      Connection:
      - close
      Content-Length:
      - '308'
    body:
      encoding: UTF-8
      string: |
        <directory name="branch_test_package" rev="30" vrev="30" srcmd5="050092b11b70c11820f05b6544c13296">
          <entry name="_config" md5="c24f82b9a5697b21715093cd9cb60064" size="62" mtime="1534867064" />
          <entry name="somefile.txt" md5="ec02d943a21151f81cdb793026ab54d9" size="62" mtime="1534867064" />
        </directory>
    http_version: 
  recorded_at: Tue, 21 Aug 2018 15:57:48 GMT
- request:
    method: post
    uri: http://backend:5352/source/home:other_package_test_user/branch_test_package?cmd=diff&linkrev=base&onlyissues=1&orev=0&view=xml
    body:
      encoding: UTF-8
      string: ''
    headers:
      Content-Type:
      - application/octet-stream
      Accept-Encoding:
      - gzip;q=1.0,deflate;q=0.6,identity;q=0.3
      Accept:
      - "*/*"
      User-Agent:
      - Ruby
  response:
    status:
      code: 200
      message: OK
    headers:
      Content-Type:
      - text/xml
      Cache-Control:
      - no-cache
      Connection:
      - close
      Content-Length:
      - '360'
    body:
      encoding: UTF-8
      string: |
        <sourcediff key="70cb1e4ca9540ca92f207d2a46048912">
          <old project="home:other_package_test_user" package="branch_test_package" rev="0" srcmd5="d41d8cd98f00b204e9800998ecf8427e" />
          <new project="home:other_package_test_user" package="branch_test_package" rev="30" srcmd5="050092b11b70c11820f05b6544c13296" />
          <files />
          <issues>
          </issues>
        </sourcediff>
    http_version: 
  recorded_at: Tue, 21 Aug 2018 15:57:48 GMT
- request:
    method: get
    uri: http://backend:5352/source/home:package_test_user:branches:home:other_package_test_user/branch_test_package
    body:
      encoding: US-ASCII
      string: ''
    headers:
      Accept-Encoding:
      - gzip;q=1.0,deflate;q=0.6,identity;q=0.3
      Accept:
      - "*/*"
      User-Agent:
      - Ruby
  response:
    status:
      code: 200
      message: OK
    headers:
      Content-Type:
      - text/xml
      Cache-Control:
      - no-cache
      Connection:
      - close
      Content-Length:
      - '694'
    body:
      encoding: UTF-8
      string: |
        <directory name="branch_test_package" rev="6" vrev="6" srcmd5="36f447faa16848c14025976bf6b878a5">
          <linkinfo project="home:other_package_test_user" package="branch_test_package" rev="050092b11b70c11820f05b6544c13296" srcmd5="050092b11b70c11820f05b6544c13296" baserev="050092b11b70c11820f05b6544c13296" xsrcmd5="d3f98ad6db7fcff2f6f775051be07384" lsrcmd5="36f447faa16848c14025976bf6b878a5" />
          <entry name="_config" md5="c24f82b9a5697b21715093cd9cb60064" size="62" mtime="1534867064" />
          <entry name="_link" md5="38df71d4d725f9083975bf0a3b7bd54e" size="175" mtime="1534867067" />
          <entry name="somefile.txt" md5="ec02d943a21151f81cdb793026ab54d9" size="62" mtime="1534867064" />
        </directory>
    http_version: 
  recorded_at: Tue, 21 Aug 2018 15:57:48 GMT
- request:
    method: get
    uri: http://backend:5352/source/home:package_test_user:branches:home:other_package_test_user/branch_test_package?expand=1&rev=6
    body:
      encoding: US-ASCII
      string: ''
    headers:
      Accept-Encoding:
      - gzip;q=1.0,deflate;q=0.6,identity;q=0.3
      Accept:
      - "*/*"
      User-Agent:
      - Ruby
  response:
    status:
      code: 200
      message: OK
    headers:
      Content-Type:
      - text/xml
      Cache-Control:
      - no-cache
      Connection:
      - close
      Content-Length:
      - '588'
    body:
      encoding: UTF-8
      string: |
        <directory name="branch_test_package" rev="d3f98ad6db7fcff2f6f775051be07384" vrev="6" srcmd5="d3f98ad6db7fcff2f6f775051be07384">
          <linkinfo project="home:other_package_test_user" package="branch_test_package" rev="050092b11b70c11820f05b6544c13296" srcmd5="050092b11b70c11820f05b6544c13296" baserev="050092b11b70c11820f05b6544c13296" lsrcmd5="36f447faa16848c14025976bf6b878a5" />
          <entry name="_config" md5="c24f82b9a5697b21715093cd9cb60064" size="62" mtime="1534867064" />
          <entry name="somefile.txt" md5="ec02d943a21151f81cdb793026ab54d9" size="62" mtime="1534867064" />
        </directory>
    http_version: 
  recorded_at: Tue, 21 Aug 2018 15:57:48 GMT
- request:
    method: get
    uri: http://backend:5352/source/home:package_test_user:branches:home:other_package_test_user/branch_test_package/_service
    body:
      encoding: US-ASCII
      string: ''
    headers:
      Accept-Encoding:
      - gzip;q=1.0,deflate;q=0.6,identity;q=0.3
      Accept:
      - "*/*"
      User-Agent:
      - Ruby
  response:
    status:
      code: 404
      message: _service  no such file
    headers:
      Content-Type:
      - text/xml
      Cache-Control:
      - no-cache
      Connection:
      - close
      Content-Length:
      - '122'
    body:
      encoding: UTF-8
      string: |
        <status code="404">
          <summary>_service: no such file</summary>
          <details>404 _service: no such file</details>
        </status>
    http_version: 
  recorded_at: Tue, 21 Aug 2018 15:57:48 GMT
- request:
    method: get
    uri: http://backend:5352/source/home:package_test_user:branches:home:other_package_test_user/branch_test_package
    body:
      encoding: US-ASCII
      string: ''
    headers:
      Accept-Encoding:
      - gzip;q=1.0,deflate;q=0.6,identity;q=0.3
      Accept:
      - "*/*"
      User-Agent:
      - Ruby
  response:
    status:
      code: 200
      message: OK
    headers:
      Content-Type:
      - text/xml
      Cache-Control:
      - no-cache
      Connection:
      - close
      Content-Length:
      - '694'
    body:
      encoding: UTF-8
      string: |
        <directory name="branch_test_package" rev="6" vrev="6" srcmd5="36f447faa16848c14025976bf6b878a5">
          <linkinfo project="home:other_package_test_user" package="branch_test_package" rev="050092b11b70c11820f05b6544c13296" srcmd5="050092b11b70c11820f05b6544c13296" baserev="050092b11b70c11820f05b6544c13296" xsrcmd5="d3f98ad6db7fcff2f6f775051be07384" lsrcmd5="36f447faa16848c14025976bf6b878a5" />
          <entry name="_config" md5="c24f82b9a5697b21715093cd9cb60064" size="62" mtime="1534867064" />
          <entry name="_link" md5="38df71d4d725f9083975bf0a3b7bd54e" size="175" mtime="1534867067" />
          <entry name="somefile.txt" md5="ec02d943a21151f81cdb793026ab54d9" size="62" mtime="1534867064" />
        </directory>
    http_version: 
  recorded_at: Tue, 21 Aug 2018 15:57:48 GMT
- request:
    method: get
    uri: http://backend:5352/source/home:package_test_user:branches:home:other_package_test_user/branch_test_package
    body:
      encoding: US-ASCII
      string: ''
    headers:
      Accept-Encoding:
      - gzip;q=1.0,deflate;q=0.6,identity;q=0.3
      Accept:
      - "*/*"
      User-Agent:
      - Ruby
  response:
    status:
      code: 200
      message: OK
    headers:
      Content-Type:
      - text/xml
      Cache-Control:
      - no-cache
      Connection:
      - close
      Content-Length:
      - '694'
    body:
      encoding: UTF-8
      string: |
        <directory name="branch_test_package" rev="6" vrev="6" srcmd5="36f447faa16848c14025976bf6b878a5">
          <linkinfo project="home:other_package_test_user" package="branch_test_package" rev="050092b11b70c11820f05b6544c13296" srcmd5="050092b11b70c11820f05b6544c13296" baserev="050092b11b70c11820f05b6544c13296" xsrcmd5="d3f98ad6db7fcff2f6f775051be07384" lsrcmd5="36f447faa16848c14025976bf6b878a5" />
          <entry name="_config" md5="c24f82b9a5697b21715093cd9cb60064" size="62" mtime="1534867064" />
          <entry name="_link" md5="38df71d4d725f9083975bf0a3b7bd54e" size="175" mtime="1534867067" />
          <entry name="somefile.txt" md5="ec02d943a21151f81cdb793026ab54d9" size="62" mtime="1534867064" />
        </directory>
    http_version: 
  recorded_at: Tue, 21 Aug 2018 15:57:48 GMT
- request:
    method: get
    uri: http://backend:5352/source/home:package_test_user:branches:home:other_package_test_user/branch_test_package/_history
    body:
      encoding: US-ASCII
      string: ''
    headers:
      Accept-Encoding:
      - gzip;q=1.0,deflate;q=0.6,identity;q=0.3
      Accept:
      - "*/*"
      User-Agent:
      - Ruby
  response:
    status:
      code: 200
      message: OK
    headers:
      Content-Type:
      - text/xml
      Cache-Control:
      - no-cache
      Connection:
      - close
      Content-Length:
      - '1183'
    body:
      encoding: UTF-8
      string: |
        <revisionlist>
          <revision rev="1" vrev="1">
            <srcmd5>6daad9086858d2cf58d9219f35da6b76</srcmd5>
            <version>unknown</version>
            <time>1534865631</time>
            <user>package_test_user</user>
          </revision>
          <revision rev="2" vrev="2">
            <srcmd5>640ee6803c0ffe9d3215a8bfe9aa572b</srcmd5>
            <version>unknown</version>
            <time>1534865701</time>
            <user>package_test_user</user>
          </revision>
          <revision rev="3" vrev="3">
            <srcmd5>35b65be5e1e42357d8446d49ddeb9caa</srcmd5>
            <version>unknown</version>
            <time>1534865889</time>
            <user>package_test_user</user>
          </revision>
          <revision rev="4" vrev="4">
            <srcmd5>35a3f33686e267bd557638ce47ffb2ba</srcmd5>
            <version>unknown</version>
            <time>1534866851</time>
            <user>package_test_user</user>
          </revision>
          <revision rev="5" vrev="5">
            <srcmd5>8c0590b023f0ae53e90a25c09aff8d1e</srcmd5>
            <version>unknown</version>
            <time>1534866892</time>
            <user>package_test_user</user>
          </revision>
          <revision rev="6" vrev="6">
            <srcmd5>36f447faa16848c14025976bf6b878a5</srcmd5>
            <version>unknown</version>
            <time>1534867067</time>
            <user>package_test_user</user>
          </revision>
        </revisionlist>
    http_version: 
  recorded_at: Tue, 21 Aug 2018 15:57:48 GMT
- request:
    method: get
    uri: http://backend:5352/build/home:package_test_user:branches:home:other_package_test_user/_result?package=branch_test_package&view=status
    body:
      encoding: US-ASCII
      string: ''
    headers:
      Content-Type:
      - text/plain
      Accept-Encoding:
      - identity
      Accept:
      - "*/*"
      User-Agent:
      - Ruby
  response:
    status:
      code: 200
      message: OK
    headers:
      Content-Type:
      - text/xml
      Cache-Control:
      - no-cache
      Connection:
      - close
      Content-Length:
      - '56'
    body:
      encoding: UTF-8
      string: '<resultlist state="00000000000000000000000000000000" />

'
    http_version: 
  recorded_at: Tue, 21 Aug 2018 15:57:48 GMT
recorded_with: VCR 4.0.0
