---
http_interactions:
- request:
    method: put
    uri: http://backend:5352/source/home:package_test_user/_meta?user=package_test_user
    body:
      encoding: UTF-8
      string: |
        <project name="home:package_test_user">
          <title/>
          <description/>
          <person userid="package_test_user" role="maintainer"/>
        </project>
    headers:
      Accept-Encoding:
      - gzip;q=1.0,deflate;q=0.6,identity;q=0.3
      Accept:
      - "*/*"
      User-Agent:
      - Ruby
  response:
    status:
      code: 200
      message: OK
    headers:
      Content-Type:
      - text/xml
      Cache-Control:
      - no-cache
      Connection:
      - close
      Content-Length:
      - '157'
    body:
      encoding: UTF-8
      string: |
        <project name="home:package_test_user">
          <title></title>
          <description></description>
          <person userid="package_test_user" role="maintainer" />
        </project>
    http_version: 
  recorded_at: Tue, 04 Sep 2018 10:51:03 GMT
- request:
    method: put
    uri: http://backend:5352/source/home:package_test_user/test_package/_meta?user=_nobody_
    body:
      encoding: UTF-8
      string: |
        <package name="test_package" project="home:package_test_user">
          <title>A Darkling Plain</title>
          <description>Quisquam libero et optio.</description>
        </package>
    headers:
      Accept-Encoding:
      - gzip;q=1.0,deflate;q=0.6,identity;q=0.3
      Accept:
      - "*/*"
      User-Agent:
      - Ruby
  response:
    status:
      code: 200
      message: OK
    headers:
      Content-Type:
      - text/xml
      Cache-Control:
      - no-cache
      Connection:
      - close
      Content-Length:
      - '163'
    body:
      encoding: UTF-8
      string: |
        <package name="test_package" project="home:package_test_user">
          <title>A Darkling Plain</title>
          <description>Quisquam libero et optio.</description>
        </package>
    http_version: 
  recorded_at: Tue, 04 Sep 2018 10:51:03 GMT
- request:
    method: put
    uri: http://backend:5352/source/home:package_test_user/test_package/_meta?user=_nobody_
    body:
      encoding: UTF-8
      string: |
        <package name="test_package" project="home:package_test_user">
          <title>A Darkling Plain</title>
          <description>Quisquam libero et optio.</description>
        </package>
    headers:
      Accept-Encoding:
      - gzip;q=1.0,deflate;q=0.6,identity;q=0.3
      Accept:
      - "*/*"
      User-Agent:
      - Ruby
  response:
    status:
      code: 200
      message: OK
    headers:
      Content-Type:
      - text/xml
      Cache-Control:
      - no-cache
      Connection:
      - close
      Content-Length:
      - '163'
    body:
      encoding: UTF-8
      string: |
        <package name="test_package" project="home:package_test_user">
          <title>A Darkling Plain</title>
          <description>Quisquam libero et optio.</description>
        </package>
    http_version: 
  recorded_at: Tue, 04 Sep 2018 10:51:03 GMT
- request:
    method: put
    uri: http://backend:5352/source/home:package_test_user/test_package/_config
    body:
      encoding: UTF-8
      string: Ad deserunt modi. Molestiae enim fugiat. Eum asperiores voluptas.
    headers:
      Accept-Encoding:
      - gzip;q=1.0,deflate;q=0.6,identity;q=0.3
      Accept:
      - "*/*"
      User-Agent:
      - Ruby
  response:
    status:
      code: 200
      message: OK
    headers:
      Content-Type:
      - text/xml
      Cache-Control:
      - no-cache
      Connection:
      - close
      Content-Length:
      - '207'
    body:
      encoding: UTF-8
      string: |
        <revision rev="5" vrev="5">
          <srcmd5>d6997ba6053d9f81c798eba8cd0bcc19</srcmd5>
          <version>unknown</version>
          <time>1536058263</time>
          <user>unknown</user>
          <comment></comment>
          <requestid/>
        </revision>
    http_version: 
  recorded_at: Tue, 04 Sep 2018 10:51:03 GMT
- request:
    method: put
    uri: http://backend:5352/source/home:package_test_user/test_package/somefile.txt
    body:
      encoding: UTF-8
      string: Sit voluptates ex. Temporibus labore et. Amet nulla assumenda.
    headers:
      Accept-Encoding:
      - gzip;q=1.0,deflate;q=0.6,identity;q=0.3
      Accept:
      - "*/*"
      User-Agent:
      - Ruby
  response:
    status:
      code: 200
      message: OK
    headers:
      Content-Type:
      - text/xml
      Cache-Control:
      - no-cache
      Connection:
      - close
      Content-Length:
      - '207'
    body:
      encoding: UTF-8
      string: |
        <revision rev="6" vrev="6">
          <srcmd5>e45ad4df126e5b27f321623fce6cf033</srcmd5>
          <version>unknown</version>
          <time>1536058263</time>
          <user>unknown</user>
          <comment></comment>
          <requestid/>
        </revision>
    http_version: 
  recorded_at: Tue, 04 Sep 2018 10:51:03 GMT
- request:
    method: put
    uri: http://backend:5352/source/home:other_package_test_user/_meta?user=other_package_test_user
    body:
      encoding: UTF-8
      string: |
        <project name="home:other_package_test_user">
          <title/>
          <description/>
          <person userid="other_package_test_user" role="maintainer"/>
        </project>
    headers:
      Accept-Encoding:
      - gzip;q=1.0,deflate;q=0.6,identity;q=0.3
      Accept:
      - "*/*"
      User-Agent:
      - Ruby
  response:
    status:
      code: 200
      message: OK
    headers:
      Content-Type:
      - text/xml
      Cache-Control:
      - no-cache
      Connection:
      - close
      Content-Length:
      - '169'
    body:
      encoding: UTF-8
      string: |
        <project name="home:other_package_test_user">
          <title></title>
          <description></description>
          <person userid="other_package_test_user" role="maintainer" />
        </project>
    http_version: 
  recorded_at: Tue, 04 Sep 2018 10:51:03 GMT
- request:
    method: put
    uri: http://backend:5352/source/home:other_package_test_user/branch_test_package/_meta?user=_nobody_
    body:
      encoding: UTF-8
      string: |
        <package name="branch_test_package" project="home:other_package_test_user">
          <title>Carrion Comfort</title>
          <description>Autem voluptatem et et.</description>
        </package>
    headers:
      Accept-Encoding:
      - gzip;q=1.0,deflate;q=0.6,identity;q=0.3
      Accept:
      - "*/*"
      User-Agent:
      - Ruby
  response:
    status:
      code: 200
      message: OK
    headers:
      Content-Type:
      - text/xml
      Cache-Control:
      - no-cache
      Connection:
      - close
      Content-Length:
      - '173'
    body:
      encoding: UTF-8
      string: |
        <package name="branch_test_package" project="home:other_package_test_user">
          <title>Carrion Comfort</title>
          <description>Autem voluptatem et et.</description>
        </package>
    http_version: 
  recorded_at: Tue, 04 Sep 2018 10:51:03 GMT
- request:
    method: put
    uri: http://backend:5352/source/home:other_package_test_user/branch_test_package/_meta?user=_nobody_
    body:
      encoding: UTF-8
      string: |
        <package name="branch_test_package" project="home:other_package_test_user">
          <title>Carrion Comfort</title>
          <description>Autem voluptatem et et.</description>
        </package>
    headers:
      Accept-Encoding:
      - gzip;q=1.0,deflate;q=0.6,identity;q=0.3
      Accept:
      - "*/*"
      User-Agent:
      - Ruby
  response:
    status:
      code: 200
      message: OK
    headers:
      Content-Type:
      - text/xml
      Cache-Control:
      - no-cache
      Connection:
      - close
      Content-Length:
      - '173'
    body:
      encoding: UTF-8
      string: |
        <package name="branch_test_package" project="home:other_package_test_user">
          <title>Carrion Comfort</title>
          <description>Autem voluptatem et et.</description>
        </package>
    http_version: 
  recorded_at: Tue, 04 Sep 2018 10:51:03 GMT
- request:
    method: put
    uri: http://backend:5352/source/home:other_package_test_user/branch_test_package/_config
    body:
      encoding: UTF-8
      string: Hic et animi. Et voluptatem labore. Quisquam facilis qui.
    headers:
      Accept-Encoding:
      - gzip;q=1.0,deflate;q=0.6,identity;q=0.3
      Accept:
      - "*/*"
      User-Agent:
      - Ruby
  response:
    status:
      code: 200
      message: OK
    headers:
      Content-Type:
      - text/xml
      Cache-Control:
      - no-cache
      Connection:
      - close
      Content-Length:
      - '209'
    body:
      encoding: UTF-8
      string: |
        <revision rev="19" vrev="19">
          <srcmd5>96a3a0815afa04990e8d5e5a49864ec7</srcmd5>
          <version>unknown</version>
          <time>1536058263</time>
          <user>unknown</user>
          <comment></comment>
          <requestid/>
        </revision>
    http_version: 
  recorded_at: Tue, 04 Sep 2018 10:51:03 GMT
- request:
    method: put
    uri: http://backend:5352/source/home:other_package_test_user/branch_test_package/somefile.txt
    body:
      encoding: UTF-8
      string: Expedita dolor est. Amet cupiditate ut. Molestias sed consequuntur.
    headers:
      Accept-Encoding:
      - gzip;q=1.0,deflate;q=0.6,identity;q=0.3
      Accept:
      - "*/*"
      User-Agent:
      - Ruby
  response:
    status:
      code: 200
      message: OK
    headers:
      Content-Type:
      - text/xml
      Cache-Control:
      - no-cache
      Connection:
      - close
      Content-Length:
      - '209'
    body:
      encoding: UTF-8
      string: |
        <revision rev="20" vrev="20">
          <srcmd5>b671ab274f4d94aae3f1fab864aa158a</srcmd5>
          <version>unknown</version>
          <time>1536058263</time>
          <user>unknown</user>
          <comment></comment>
          <requestid/>
        </revision>
    http_version: 
  recorded_at: Tue, 04 Sep 2018 10:51:03 GMT
- request:
    method: get
    uri: http://backend:5352/source/home:other_package_test_user/branch_test_package
    body:
      encoding: US-ASCII
      string: ''
    headers:
      Accept-Encoding:
      - gzip;q=1.0,deflate;q=0.6,identity;q=0.3
      Accept:
      - "*/*"
      User-Agent:
      - Ruby
  response:
    status:
      code: 200
      message: OK
    headers:
      Content-Type:
      - text/xml
      Cache-Control:
      - no-cache
      Connection:
      - close
      Content-Length:
      - '308'
    body:
      encoding: UTF-8
      string: |
        <directory name="branch_test_package" rev="20" vrev="20" srcmd5="b671ab274f4d94aae3f1fab864aa158a">
          <entry name="_config" md5="4259eb3e75fb62084c59caae5e7189f9" size="57" mtime="1536058263" />
          <entry name="somefile.txt" md5="0ba57ded349c9b60be53fd1c67627348" size="67" mtime="1536058263" />
        </directory>
    http_version: 
  recorded_at: Tue, 04 Sep 2018 10:51:05 GMT
- request:
    method: get
    uri: http://backend:5352/source/home:other_package_test_user/branch_test_package?expand=1&rev=20
    body:
      encoding: US-ASCII
      string: ''
    headers:
      Accept-Encoding:
      - gzip;q=1.0,deflate;q=0.6,identity;q=0.3
      Accept:
      - "*/*"
      User-Agent:
      - Ruby
  response:
    status:
      code: 200
      message: OK
    headers:
      Content-Type:
      - text/xml
      Cache-Control:
      - no-cache
      Connection:
      - close
      Content-Length:
      - '308'
    body:
      encoding: UTF-8
      string: |
        <directory name="branch_test_package" rev="20" vrev="20" srcmd5="b671ab274f4d94aae3f1fab864aa158a">
          <entry name="_config" md5="4259eb3e75fb62084c59caae5e7189f9" size="57" mtime="1536058263" />
          <entry name="somefile.txt" md5="0ba57ded349c9b60be53fd1c67627348" size="67" mtime="1536058263" />
        </directory>
    http_version: 
  recorded_at: Tue, 04 Sep 2018 10:51:05 GMT
- request:
    method: get
    uri: http://backend:5352/source/home:other_package_test_user/branch_test_package/_service
    body:
      encoding: US-ASCII
      string: ''
    headers:
      Accept-Encoding:
      - gzip;q=1.0,deflate;q=0.6,identity;q=0.3
      Accept:
      - "*/*"
      User-Agent:
      - Ruby
  response:
    status:
      code: 404
      message: _service  no such file
    headers:
      Content-Type:
      - text/xml
      Cache-Control:
      - no-cache
      Connection:
      - close
      Content-Length:
      - '122'
    body:
      encoding: UTF-8
      string: |
        <status code="404">
          <summary>_service: no such file</summary>
          <details>404 _service: no such file</details>
        </status>
    http_version: 
  recorded_at: Tue, 04 Sep 2018 10:51:05 GMT
- request:
    method: get
    uri: http://backend:5352/source/home:other_package_test_user/branch_test_package/_history
    body:
      encoding: US-ASCII
      string: ''
    headers:
      Accept-Encoding:
      - gzip;q=1.0,deflate;q=0.6,identity;q=0.3
      Accept:
      - "*/*"
      User-Agent:
      - Ruby
  response:
    status:
      code: 200
      message: OK
    headers:
      Content-Type:
      - text/xml
      Cache-Control:
      - no-cache
      Connection:
      - close
      Content-Length:
      - '3693'
    body:
      encoding: UTF-8
      string: |
        <revisionlist>
          <revision rev="1" vrev="1">
            <srcmd5>df24bbf67148333bf797d4626c3ff4ea</srcmd5>
            <version>unknown</version>
            <time>1536057948</time>
            <user>unknown</user>
          </revision>
          <revision rev="2" vrev="2">
            <srcmd5>03e5b185e89ba1a7dc37404ad35cad5a</srcmd5>
            <version>unknown</version>
            <time>1536057949</time>
            <user>unknown</user>
          </revision>
          <revision rev="3" vrev="3">
            <srcmd5>8d53b1273da0428dfb4050557a803e83</srcmd5>
            <version>unknown</version>
            <time>1536057962</time>
            <user>unknown</user>
          </revision>
          <revision rev="4" vrev="4">
            <srcmd5>6e557801b6f414b3bfe3013e49eda41e</srcmd5>
            <version>unknown</version>
            <time>1536057962</time>
            <user>unknown</user>
          </revision>
          <revision rev="5" vrev="5">
            <srcmd5>cab47c2fde8167497ef7b69278f219bf</srcmd5>
            <version>unknown</version>
            <time>1536057975</time>
            <user>unknown</user>
          </revision>
          <revision rev="6" vrev="6">
            <srcmd5>daf7369fef63e9a7a783d8958a7f9f4b</srcmd5>
            <version>unknown</version>
            <time>1536057975</time>
            <user>unknown</user>
          </revision>
          <revision rev="7" vrev="7">
            <srcmd5>513380c011c7f3210f76d0b0fbf43c14</srcmd5>
            <version>unknown</version>
            <time>1536058085</time>
            <user>unknown</user>
          </revision>
          <revision rev="8" vrev="8">
            <srcmd5>5365d987371c0475d3d2e56586426f15</srcmd5>
            <version>unknown</version>
            <time>1536058085</time>
            <user>unknown</user>
          </revision>
          <revision rev="9" vrev="9">
            <srcmd5>6c83dbef46f21fea22e7a851d827c969</srcmd5>
            <version>unknown</version>
            <time>1536058097</time>
            <user>unknown</user>
          </revision>
          <revision rev="10" vrev="10">
            <srcmd5>f42cb5a0428e1418f7a74936847b3bfb</srcmd5>
            <version>unknown</version>
            <time>1536058097</time>
            <user>unknown</user>
          </revision>
          <revision rev="11" vrev="11">
            <srcmd5>10efdbd02bcf9819f430b89f1921a35a</srcmd5>
            <version>unknown</version>
            <time>1536058109</time>
            <user>unknown</user>
          </revision>
          <revision rev="12" vrev="12">
            <srcmd5>3b2fab6eda5c343871d7c65090db7ad4</srcmd5>
            <version>unknown</version>
            <time>1536058109</time>
            <user>unknown</user>
          </revision>
          <revision rev="13" vrev="13">
            <srcmd5>62d0a022ceb0b48715d45810a0153ed0</srcmd5>
            <version>unknown</version>
            <time>1536058227</time>
            <user>unknown</user>
          </revision>
          <revision rev="14" vrev="14">
            <srcmd5>6acfb52abc27e5cb149dc1404c4dd17c</srcmd5>
            <version>unknown</version>
            <time>1536058227</time>
            <user>unknown</user>
          </revision>
          <revision rev="15" vrev="15">
            <srcmd5>f031e61b53ccae924e4005240d83081b</srcmd5>
            <version>unknown</version>
            <time>1536058239</time>
            <user>unknown</user>
          </revision>
          <revision rev="16" vrev="16">
            <srcmd5>3fef5db8b64bdfd9394d51f66cb75487</srcmd5>
            <version>unknown</version>
            <time>1536058239</time>
            <user>unknown</user>
          </revision>
          <revision rev="17" vrev="17">
            <srcmd5>7d46a73f0c5831de26fc1b9cad5bf477</srcmd5>
            <version>unknown</version>
            <time>1536058252</time>
            <user>unknown</user>
          </revision>
          <revision rev="18" vrev="18">
            <srcmd5>16ee36e1e8199aca4a86338a7c955ce3</srcmd5>
            <version>unknown</version>
            <time>1536058252</time>
            <user>unknown</user>
          </revision>
          <revision rev="19" vrev="19">
            <srcmd5>96a3a0815afa04990e8d5e5a49864ec7</srcmd5>
            <version>unknown</version>
            <time>1536058263</time>
            <user>unknown</user>
          </revision>
          <revision rev="20" vrev="20">
            <srcmd5>b671ab274f4d94aae3f1fab864aa158a</srcmd5>
            <version>unknown</version>
            <time>1536058263</time>
            <user>unknown</user>
          </revision>
        </revisionlist>
    http_version: 
  recorded_at: Tue, 04 Sep 2018 10:51:05 GMT
- request:
    method: get
    uri: http://backend:5352/build/home:other_package_test_user/_result?package=branch_test_package&view=status
    body:
      encoding: US-ASCII
      string: ''
    headers:
      Content-Type:
      - text/plain
      Accept-Encoding:
      - identity
      Accept:
      - "*/*"
      User-Agent:
      - Ruby
  response:
    status:
      code: 200
      message: OK
    headers:
      Content-Type:
      - text/xml
      Cache-Control:
      - no-cache
      Connection:
      - close
      Content-Length:
      - '56'
    body:
      encoding: UTF-8
      string: '<resultlist state="00000000000000000000000000000000" />

'
    http_version: 
  recorded_at: Tue, 04 Sep 2018 10:51:05 GMT
- request:
    method: get
    uri: http://backend:5352/source/home:other_package_test_user/branch_test_package?expand=1
    body:
      encoding: US-ASCII
      string: ''
    headers:
      Accept-Encoding:
      - gzip;q=1.0,deflate;q=0.6,identity;q=0.3
      Accept:
      - "*/*"
      User-Agent:
      - Ruby
  response:
    status:
      code: 200
      message: OK
    headers:
      Content-Type:
      - text/xml
      Cache-Control:
      - no-cache
      Connection:
      - close
      Content-Length:
      - '308'
    body:
      encoding: UTF-8
      string: |
        <directory name="branch_test_package" rev="20" vrev="20" srcmd5="b671ab274f4d94aae3f1fab864aa158a">
          <entry name="_config" md5="4259eb3e75fb62084c59caae5e7189f9" size="57" mtime="1536058263" />
          <entry name="somefile.txt" md5="0ba57ded349c9b60be53fd1c67627348" size="67" mtime="1536058263" />
        </directory>
    http_version: 
  recorded_at: Tue, 04 Sep 2018 10:51:06 GMT
- request:
    method: get
    uri: http://backend:5352/source/home:other_package_test_user/branch_test_package?rev=20
    body:
      encoding: US-ASCII
      string: ''
    headers:
      Content-Type:
      - text/plain
      Accept-Encoding:
      - identity
      Accept:
      - "*/*"
      User-Agent:
      - Ruby
  response:
    status:
      code: 200
      message: OK
    headers:
      Content-Type:
      - text/xml
      Cache-Control:
      - no-cache
      Connection:
      - close
      Content-Length:
      - '308'
    body:
      encoding: UTF-8
      string: |
        <directory name="branch_test_package" rev="20" vrev="20" srcmd5="b671ab274f4d94aae3f1fab864aa158a">
          <entry name="_config" md5="4259eb3e75fb62084c59caae5e7189f9" size="57" mtime="1536058263" />
          <entry name="somefile.txt" md5="0ba57ded349c9b60be53fd1c67627348" size="67" mtime="1536058263" />
        </directory>
    http_version: 
  recorded_at: Tue, 04 Sep 2018 10:51:06 GMT
- request:
    method: post
    uri: http://backend:5352/search/package/id?match=(linkinfo/@package=%22branch_test_package%22%20and%20linkinfo/@project=%22home:other_package_test_user%22%20and%20@project=%22home:other_package_test_user%22)
    body:
      encoding: UTF-8
      string: ''
    headers:
      Content-Type:
      - application/octet-stream
      Accept-Encoding:
      - gzip;q=1.0,deflate;q=0.6,identity;q=0.3
      Accept:
      - "*/*"
      User-Agent:
      - Ruby
  response:
    status:
      code: 200
      message: OK
    headers:
      Content-Type:
      - text/xml
      Cache-Control:
      - no-cache
      Connection:
      - close
      Content-Length:
      - '27'
    body:
      encoding: UTF-8
      string: |
        <collection>
        </collection>
    http_version: 
  recorded_at: Tue, 04 Sep 2018 10:51:06 GMT
- request:
    method: put
    uri: http://backend:5352/source/home:package_test_user:branches:home:other_package_test_user/_meta?user=package_test_user
    body:
      encoding: UTF-8
      string: |
        <project name="home:package_test_user:branches:home:other_package_test_user">
          <title>Branch project for package branch_test_package</title>
          <description>This project was created for package branch_test_package via attribute OBS:Maintained</description>
          <person userid="package_test_user" role="maintainer"/>
        </project>
    headers:
      Accept-Encoding:
      - gzip;q=1.0,deflate;q=0.6,identity;q=0.3
      Accept:
      - "*/*"
      User-Agent:
      - Ruby
  response:
    status:
      code: 200
      message: OK
    headers:
      Content-Type:
      - text/xml
      Cache-Control:
      - no-cache
      Connection:
      - close
      Content-Length:
      - '326'
    body:
      encoding: UTF-8
      string: |
        <project name="home:package_test_user:branches:home:other_package_test_user">
          <title>Branch project for package branch_test_package</title>
          <description>This project was created for package branch_test_package via attribute OBS:Maintained</description>
          <person userid="package_test_user" role="maintainer" />
        </project>
    http_version: 
  recorded_at: Tue, 04 Sep 2018 10:51:06 GMT
- request:
    method: put
    uri: http://backend:5352/source/home:package_test_user:branches:home:other_package_test_user/_project/_attribute?meta=1&user=package_test_user
    body:
      encoding: UTF-8
      string: |
        <attributes>
          <attribute name="AutoCleanup" namespace="OBS">
            <value>2018-09-18T10:51:06+00:00</value>
          </attribute>
        </attributes>
    headers:
      Accept-Encoding:
      - gzip;q=1.0,deflate;q=0.6,identity;q=0.3
      Accept:
      - "*/*"
      User-Agent:
      - Ruby
  response:
    status:
      code: 200
      message: OK
    headers:
      Content-Type:
      - text/xml
      Cache-Control:
      - no-cache
      Connection:
      - close
      Content-Length:
      - '180'
    body:
      encoding: UTF-8
      string: |
        <revision rev="30">
          <srcmd5>d82ba5797d04e80882f264c0800fdb11</srcmd5>
          <time>1536058266</time>
          <user>package_test_user</user>
          <comment></comment>
          <requestid/>
        </revision>
    http_version: 
  recorded_at: Tue, 04 Sep 2018 10:51:06 GMT
- request:
    method: put
    uri: http://backend:5352/source/home:package_test_user:branches:home:other_package_test_user/branch_test_package/_meta?user=package_test_user
    body:
      encoding: UTF-8
      string: |
        <package name="branch_test_package" project="home:package_test_user:branches:home:other_package_test_user">
          <title>Carrion Comfort</title>
          <description>Autem voluptatem et et.</description>
        </package>
    headers:
      Accept-Encoding:
      - gzip;q=1.0,deflate;q=0.6,identity;q=0.3
      Accept:
      - "*/*"
      User-Agent:
      - Ruby
  response:
    status:
      code: 200
      message: OK
    headers:
      Content-Type:
      - text/xml
      Cache-Control:
      - no-cache
      Connection:
      - close
      Content-Length:
      - '205'
    body:
      encoding: UTF-8
      string: |
        <package name="branch_test_package" project="home:package_test_user:branches:home:other_package_test_user">
          <title>Carrion Comfort</title>
          <description>Autem voluptatem et et.</description>
        </package>
    http_version: 
  recorded_at: Tue, 04 Sep 2018 10:51:06 GMT
- request:
    method: post
    uri: http://backend:5352/source/home:package_test_user:branches:home:other_package_test_user/branch_test_package?cmd=branch&noservice=1&opackage=branch_test_package&oproject=home:other_package_test_user&orev=b671ab274f4d94aae3f1fab864aa158a&user=package_test_user
    body:
      encoding: UTF-8
      string: ''
    headers:
      Content-Type:
      - application/octet-stream
      Accept-Encoding:
      - gzip;q=1.0,deflate;q=0.6,identity;q=0.3
      Accept:
      - "*/*"
      User-Agent:
      - Ruby
  response:
    status:
      code: 200
      message: OK
    headers:
      Content-Type:
      - text/xml
      Cache-Control:
      - no-cache
      Connection:
      - close
      Content-Length:
      - '217'
    body:
      encoding: UTF-8
      string: |
        <revision rev="3" vrev="3">
          <srcmd5>5729343ed2c09cf63f9ce1a9a7fe888f</srcmd5>
          <version>unknown</version>
          <time>1536058266</time>
          <user>package_test_user</user>
          <comment></comment>
          <requestid/>
        </revision>
    http_version: 
  recorded_at: Tue, 04 Sep 2018 10:51:06 GMT
- request:
    method: put
    uri: http://backend:5352/source/home:package_test_user:branches:home:other_package_test_user/branch_test_package/_meta?user=package_test_user
    body:
      encoding: UTF-8
      string: |
        <package name="branch_test_package" project="home:package_test_user:branches:home:other_package_test_user">
          <title>Carrion Comfort</title>
          <description>Autem voluptatem et et.</description>
        </package>
    headers:
      Accept-Encoding:
      - gzip;q=1.0,deflate;q=0.6,identity;q=0.3
      Accept:
      - "*/*"
      User-Agent:
      - Ruby
  response:
    status:
      code: 200
      message: OK
    headers:
      Content-Type:
      - text/xml
      Cache-Control:
      - no-cache
      Connection:
      - close
      Content-Length:
      - '205'
    body:
      encoding: UTF-8
      string: |
        <package name="branch_test_package" project="home:package_test_user:branches:home:other_package_test_user">
          <title>Carrion Comfort</title>
          <description>Autem voluptatem et et.</description>
        </package>
    http_version: 
  recorded_at: Tue, 04 Sep 2018 10:51:06 GMT
- request:
    method: get
    uri: http://backend:5352/source/home:package_test_user:branches:home:other_package_test_user/branch_test_package
    body:
      encoding: US-ASCII
      string: ''
    headers:
      Accept-Encoding:
      - gzip;q=1.0,deflate;q=0.6,identity;q=0.3
      Accept:
      - "*/*"
      User-Agent:
      - Ruby
  response:
    status:
      code: 200
      message: OK
    headers:
      Content-Type:
      - text/xml
      Cache-Control:
      - no-cache
      Connection:
      - close
      Content-Length:
      - '694'
    body:
      encoding: UTF-8
      string: |
        <directory name="branch_test_package" rev="3" vrev="3" srcmd5="5729343ed2c09cf63f9ce1a9a7fe888f">
          <linkinfo project="home:other_package_test_user" package="branch_test_package" rev="b671ab274f4d94aae3f1fab864aa158a" srcmd5="b671ab274f4d94aae3f1fab864aa158a" baserev="b671ab274f4d94aae3f1fab864aa158a" xsrcmd5="12882aac8fc80f94beff6a2dc1c0e1e4" lsrcmd5="5729343ed2c09cf63f9ce1a9a7fe888f" />
          <entry name="_config" md5="4259eb3e75fb62084c59caae5e7189f9" size="57" mtime="1536058263" />
          <entry name="_link" md5="f2164ff237818b4153e576888a4bd56f" size="175" mtime="1536058266" />
          <entry name="somefile.txt" md5="0ba57ded349c9b60be53fd1c67627348" size="67" mtime="1536058263" />
        </directory>
    http_version: 
  recorded_at: Tue, 04 Sep 2018 10:51:06 GMT
- request:
    method: get
    uri: http://backend:5352/source/home:package_test_user:branches:home:other_package_test_user/branch_test_package?view=info
    body:
      encoding: US-ASCII
      string: ''
    headers:
      Accept-Encoding:
      - gzip;q=1.0,deflate;q=0.6,identity;q=0.3
      Accept:
      - "*/*"
      User-Agent:
      - Ruby
  response:
    status:
      code: 200
      message: OK
    headers:
      Content-Type:
      - text/xml
      Cache-Control:
      - no-cache
      Connection:
      - close
      Content-Length:
      - '362'
    body:
      encoding: UTF-8
      string: |
        <sourceinfo package="branch_test_package" rev="3" vrev="3" srcmd5="12882aac8fc80f94beff6a2dc1c0e1e4" lsrcmd5="5729343ed2c09cf63f9ce1a9a7fe888f" verifymd5="b671ab274f4d94aae3f1fab864aa158a">
          <error>bad build configuration, no build type defined or detected</error>
          <linked project="home:other_package_test_user" package="branch_test_package" />
        </sourceinfo>
    http_version: 
  recorded_at: Tue, 04 Sep 2018 10:51:06 GMT
- request:
    method: get
    uri: http://backend:5352/source/home:package_test_user:branches:home:other_package_test_user/branch_test_package
    body:
      encoding: US-ASCII
      string: ''
    headers:
      Accept-Encoding:
      - gzip;q=1.0,deflate;q=0.6,identity;q=0.3
      Accept:
      - "*/*"
      User-Agent:
      - Ruby
  response:
    status:
      code: 200
      message: OK
    headers:
      Content-Type:
      - text/xml
      Cache-Control:
      - no-cache
      Connection:
      - close
      Content-Length:
      - '694'
    body:
      encoding: UTF-8
      string: |
        <directory name="branch_test_package" rev="3" vrev="3" srcmd5="5729343ed2c09cf63f9ce1a9a7fe888f">
          <linkinfo project="home:other_package_test_user" package="branch_test_package" rev="b671ab274f4d94aae3f1fab864aa158a" srcmd5="b671ab274f4d94aae3f1fab864aa158a" baserev="b671ab274f4d94aae3f1fab864aa158a" xsrcmd5="12882aac8fc80f94beff6a2dc1c0e1e4" lsrcmd5="5729343ed2c09cf63f9ce1a9a7fe888f" />
          <entry name="_config" md5="4259eb3e75fb62084c59caae5e7189f9" size="57" mtime="1536058263" />
          <entry name="_link" md5="f2164ff237818b4153e576888a4bd56f" size="175" mtime="1536058266" />
          <entry name="somefile.txt" md5="0ba57ded349c9b60be53fd1c67627348" size="67" mtime="1536058263" />
        </directory>
    http_version: 
  recorded_at: Tue, 04 Sep 2018 10:51:06 GMT
- request:
    method: post
    uri: http://backend:5352/source/home:package_test_user:branches:home:other_package_test_user/branch_test_package?cmd=diff&linkrev=base&onlyissues=1&orev=0&view=xml
    body:
      encoding: UTF-8
      string: ''
    headers:
      Content-Type:
      - application/octet-stream
      Accept-Encoding:
      - gzip;q=1.0,deflate;q=0.6,identity;q=0.3
      Accept:
      - "*/*"
      User-Agent:
      - Ruby
  response:
    status:
      code: 200
      message: OK
    headers:
      Content-Type:
      - text/xml
      Cache-Control:
      - no-cache
      Connection:
      - close
      Content-Length:
      - '423'
    body:
      encoding: UTF-8
      string: |
        <sourcediff key="02009bc873dc96778c90e0dd4ad1de54">
          <old project="home:package_test_user:branches:home:other_package_test_user" package="branch_test_package" rev="0" srcmd5="d41d8cd98f00b204e9800998ecf8427e" />
          <new project="home:package_test_user:branches:home:other_package_test_user" package="branch_test_package" rev="3" srcmd5="5729343ed2c09cf63f9ce1a9a7fe888f" />
          <files />
          <issues>
          </issues>
        </sourcediff>
    http_version: 
  recorded_at: Tue, 04 Sep 2018 10:51:06 GMT
- request:
    method: post
    uri: http://backend:5352/source/home:package_test_user:branches:home:other_package_test_user/branch_test_package?cmd=linkdiff&linkrev=base&onlyissues=1&view=xml
    body:
      encoding: UTF-8
      string: ''
    headers:
      Content-Type:
      - application/octet-stream
      Accept-Encoding:
      - gzip;q=1.0,deflate;q=0.6,identity;q=0.3
      Accept:
      - "*/*"
      User-Agent:
      - Ruby
  response:
    status:
      code: 200
      message: OK
    headers:
      Content-Type:
      - text/xml
      Cache-Control:
      - no-cache
      Connection:
      - close
      Content-Length:
      - '430'
    body:
      encoding: UTF-8
      string: |
        <sourcediff key="fde6cf648629807b47f05a1f5b3dd993">
          <old project="home:other_package_test_user" package="branch_test_package" rev="b671ab274f4d94aae3f1fab864aa158a" srcmd5="b671ab274f4d94aae3f1fab864aa158a" />
          <new project="home:package_test_user:branches:home:other_package_test_user" package="branch_test_package" rev="12882aac8fc80f94beff6a2dc1c0e1e4" srcmd5="12882aac8fc80f94beff6a2dc1c0e1e4" />
          <files />
        </sourcediff>
    http_version: 
  recorded_at: Tue, 04 Sep 2018 10:51:06 GMT
- request:
    method: put
    uri: http://backend:5352/source/home:package_test_user:branches:home:other_package_test_user/_meta?user=package_test_user
    body:
      encoding: UTF-8
      string: |
        <project name="home:package_test_user:branches:home:other_package_test_user">
          <title>Branch project for package branch_test_package</title>
          <description>This project was created for package branch_test_package via attribute OBS:Maintained</description>
          <person userid="package_test_user" role="maintainer"/>
          <publish>
            <disable/>
          </publish>
        </project>
    headers:
      Accept-Encoding:
      - gzip;q=1.0,deflate;q=0.6,identity;q=0.3
      Accept:
      - "*/*"
      User-Agent:
      - Ruby
  response:
    status:
      code: 200
      message: OK
    headers:
      Content-Type:
      - text/xml
      Cache-Control:
      - no-cache
      Connection:
      - close
      Content-Length:
      - '367'
    body:
      encoding: UTF-8
      string: |
        <project name="home:package_test_user:branches:home:other_package_test_user">
          <title>Branch project for package branch_test_package</title>
          <description>This project was created for package branch_test_package via attribute OBS:Maintained</description>
          <person userid="package_test_user" role="maintainer" />
          <publish>
            <disable />
          </publish>
        </project>
    http_version: 
  recorded_at: Tue, 04 Sep 2018 10:51:07 GMT
- request:
    method: get
    uri: http://backend:5352/source/home:other_package_test_user/branch_test_package?view=info
    body:
      encoding: US-ASCII
      string: ''
    headers:
      Accept-Encoding:
      - gzip;q=1.0,deflate;q=0.6,identity;q=0.3
      Accept:
      - "*/*"
      User-Agent:
      - Ruby
  response:
    status:
      code: 200
      message: OK
    headers:
      Content-Type:
      - text/xml
      Cache-Control:
      - no-cache
      Connection:
      - close
      Content-Length:
      - '239'
    body:
      encoding: UTF-8
      string: |
        <sourceinfo package="branch_test_package" rev="20" vrev="20" srcmd5="b671ab274f4d94aae3f1fab864aa158a" verifymd5="b671ab274f4d94aae3f1fab864aa158a">
          <error>bad build configuration, no build type defined or detected</error>
        </sourceinfo>
    http_version: 
  recorded_at: Tue, 04 Sep 2018 10:51:07 GMT
- request:
    method: get
    uri: http://backend:5352/source/home:other_package_test_user/branch_test_package
    body:
      encoding: US-ASCII
      string: ''
    headers:
      Accept-Encoding:
      - gzip;q=1.0,deflate;q=0.6,identity;q=0.3
      Accept:
      - "*/*"
      User-Agent:
      - Ruby
  response:
    status:
      code: 200
      message: OK
    headers:
      Content-Type:
      - text/xml
      Cache-Control:
      - no-cache
      Connection:
      - close
      Content-Length:
      - '308'
    body:
      encoding: UTF-8
      string: |
        <directory name="branch_test_package" rev="20" vrev="20" srcmd5="b671ab274f4d94aae3f1fab864aa158a">
          <entry name="_config" md5="4259eb3e75fb62084c59caae5e7189f9" size="57" mtime="1536058263" />
          <entry name="somefile.txt" md5="0ba57ded349c9b60be53fd1c67627348" size="67" mtime="1536058263" />
        </directory>
    http_version: 
  recorded_at: Tue, 04 Sep 2018 10:51:07 GMT
- request:
    method: post
    uri: http://backend:5352/source/home:other_package_test_user/branch_test_package?cmd=diff&linkrev=base&onlyissues=1&orev=0&view=xml
    body:
      encoding: UTF-8
      string: ''
    headers:
      Content-Type:
      - application/octet-stream
      Accept-Encoding:
      - gzip;q=1.0,deflate;q=0.6,identity;q=0.3
      Accept:
      - "*/*"
      User-Agent:
      - Ruby
  response:
    status:
      code: 200
      message: OK
    headers:
      Content-Type:
      - text/xml
      Cache-Control:
      - no-cache
      Connection:
      - close
      Content-Length:
      - '360'
    body:
      encoding: UTF-8
      string: |
        <sourcediff key="02f3b3090b9e39830d3de7fdae174176">
          <old project="home:other_package_test_user" package="branch_test_package" rev="0" srcmd5="d41d8cd98f00b204e9800998ecf8427e" />
          <new project="home:other_package_test_user" package="branch_test_package" rev="20" srcmd5="b671ab274f4d94aae3f1fab864aa158a" />
          <files />
          <issues>
          </issues>
        </sourcediff>
    http_version: 
  recorded_at: Tue, 04 Sep 2018 10:51:07 GMT
- request:
    method: get
    uri: http://backend:5352/source/home:package_test_user:branches:home:other_package_test_user/branch_test_package
    body:
      encoding: US-ASCII
      string: ''
    headers:
      Accept-Encoding:
      - gzip;q=1.0,deflate;q=0.6,identity;q=0.3
      Accept:
      - "*/*"
      User-Agent:
      - Ruby
  response:
    status:
      code: 200
      message: OK
    headers:
      Content-Type:
      - text/xml
      Cache-Control:
      - no-cache
      Connection:
      - close
      Content-Length:
      - '694'
    body:
      encoding: UTF-8
      string: |
        <directory name="branch_test_package" rev="3" vrev="3" srcmd5="5729343ed2c09cf63f9ce1a9a7fe888f">
          <linkinfo project="home:other_package_test_user" package="branch_test_package" rev="b671ab274f4d94aae3f1fab864aa158a" srcmd5="b671ab274f4d94aae3f1fab864aa158a" baserev="b671ab274f4d94aae3f1fab864aa158a" xsrcmd5="12882aac8fc80f94beff6a2dc1c0e1e4" lsrcmd5="5729343ed2c09cf63f9ce1a9a7fe888f" />
          <entry name="_config" md5="4259eb3e75fb62084c59caae5e7189f9" size="57" mtime="1536058263" />
          <entry name="_link" md5="f2164ff237818b4153e576888a4bd56f" size="175" mtime="1536058266" />
          <entry name="somefile.txt" md5="0ba57ded349c9b60be53fd1c67627348" size="67" mtime="1536058263" />
        </directory>
    http_version: 
  recorded_at: Tue, 04 Sep 2018 10:51:07 GMT
- request:
    method: get
    uri: http://backend:5352/source/home:package_test_user:branches:home:other_package_test_user/branch_test_package?expand=1&rev=3
    body:
      encoding: US-ASCII
      string: ''
    headers:
      Accept-Encoding:
      - gzip;q=1.0,deflate;q=0.6,identity;q=0.3
      Accept:
      - "*/*"
      User-Agent:
      - Ruby
  response:
    status:
      code: 200
      message: OK
    headers:
      Content-Type:
      - text/xml
      Cache-Control:
      - no-cache
      Connection:
      - close
      Content-Length:
      - '588'
    body:
      encoding: UTF-8
      string: |
        <directory name="branch_test_package" rev="12882aac8fc80f94beff6a2dc1c0e1e4" vrev="3" srcmd5="12882aac8fc80f94beff6a2dc1c0e1e4">
          <linkinfo project="home:other_package_test_user" package="branch_test_package" rev="b671ab274f4d94aae3f1fab864aa158a" srcmd5="b671ab274f4d94aae3f1fab864aa158a" baserev="b671ab274f4d94aae3f1fab864aa158a" lsrcmd5="5729343ed2c09cf63f9ce1a9a7fe888f" />
          <entry name="_config" md5="4259eb3e75fb62084c59caae5e7189f9" size="57" mtime="1536058263" />
          <entry name="somefile.txt" md5="0ba57ded349c9b60be53fd1c67627348" size="67" mtime="1536058263" />
        </directory>
    http_version: 
  recorded_at: Tue, 04 Sep 2018 10:51:07 GMT
- request:
    method: get
    uri: http://backend:5352/source/home:package_test_user:branches:home:other_package_test_user/branch_test_package/_service
    body:
      encoding: US-ASCII
      string: ''
    headers:
      Accept-Encoding:
      - gzip;q=1.0,deflate;q=0.6,identity;q=0.3
      Accept:
      - "*/*"
      User-Agent:
      - Ruby
  response:
    status:
      code: 404
      message: _service  no such file
    headers:
      Content-Type:
      - text/xml
      Cache-Control:
      - no-cache
      Connection:
      - close
      Content-Length:
      - '122'
    body:
      encoding: UTF-8
      string: |
        <status code="404">
          <summary>_service: no such file</summary>
          <details>404 _service: no such file</details>
        </status>
    http_version: 
  recorded_at: Tue, 04 Sep 2018 10:51:07 GMT
- request:
    method: get
    uri: http://backend:5352/source/home:package_test_user:branches:home:other_package_test_user/branch_test_package
    body:
      encoding: US-ASCII
      string: ''
    headers:
      Accept-Encoding:
      - gzip;q=1.0,deflate;q=0.6,identity;q=0.3
      Accept:
      - "*/*"
      User-Agent:
      - Ruby
  response:
    status:
      code: 200
      message: OK
    headers:
      Content-Type:
      - text/xml
      Cache-Control:
      - no-cache
      Connection:
      - close
      Content-Length:
      - '694'
    body:
      encoding: UTF-8
      string: |
        <directory name="branch_test_package" rev="3" vrev="3" srcmd5="5729343ed2c09cf63f9ce1a9a7fe888f">
          <linkinfo project="home:other_package_test_user" package="branch_test_package" rev="b671ab274f4d94aae3f1fab864aa158a" srcmd5="b671ab274f4d94aae3f1fab864aa158a" baserev="b671ab274f4d94aae3f1fab864aa158a" xsrcmd5="12882aac8fc80f94beff6a2dc1c0e1e4" lsrcmd5="5729343ed2c09cf63f9ce1a9a7fe888f" />
          <entry name="_config" md5="4259eb3e75fb62084c59caae5e7189f9" size="57" mtime="1536058263" />
          <entry name="_link" md5="f2164ff237818b4153e576888a4bd56f" size="175" mtime="1536058266" />
          <entry name="somefile.txt" md5="0ba57ded349c9b60be53fd1c67627348" size="67" mtime="1536058263" />
        </directory>
    http_version: 
  recorded_at: Tue, 04 Sep 2018 10:51:07 GMT
- request:
    method: get
    uri: http://backend:5352/source/home:package_test_user:branches:home:other_package_test_user/branch_test_package
    body:
      encoding: US-ASCII
      string: ''
    headers:
      Accept-Encoding:
      - gzip;q=1.0,deflate;q=0.6,identity;q=0.3
      Accept:
      - "*/*"
      User-Agent:
      - Ruby
  response:
    status:
      code: 200
      message: OK
    headers:
      Content-Type:
      - text/xml
      Cache-Control:
      - no-cache
      Connection:
      - close
      Content-Length:
      - '694'
    body:
      encoding: UTF-8
      string: |
        <directory name="branch_test_package" rev="3" vrev="3" srcmd5="5729343ed2c09cf63f9ce1a9a7fe888f">
          <linkinfo project="home:other_package_test_user" package="branch_test_package" rev="b671ab274f4d94aae3f1fab864aa158a" srcmd5="b671ab274f4d94aae3f1fab864aa158a" baserev="b671ab274f4d94aae3f1fab864aa158a" xsrcmd5="12882aac8fc80f94beff6a2dc1c0e1e4" lsrcmd5="5729343ed2c09cf63f9ce1a9a7fe888f" />
          <entry name="_config" md5="4259eb3e75fb62084c59caae5e7189f9" size="57" mtime="1536058263" />
          <entry name="_link" md5="f2164ff237818b4153e576888a4bd56f" size="175" mtime="1536058266" />
          <entry name="somefile.txt" md5="0ba57ded349c9b60be53fd1c67627348" size="67" mtime="1536058263" />
        </directory>
    http_version: 
  recorded_at: Tue, 04 Sep 2018 10:51:07 GMT
- request:
    method: get
    uri: http://backend:5352/source/home:package_test_user:branches:home:other_package_test_user/branch_test_package/_history
    body:
      encoding: US-ASCII
      string: ''
    headers:
      Accept-Encoding:
      - gzip;q=1.0,deflate;q=0.6,identity;q=0.3
      Accept:
      - "*/*"
      User-Agent:
      - Ruby
  response:
    status:
      code: 200
      message: OK
    headers:
      Content-Type:
      - text/xml
      Cache-Control:
      - no-cache
      Connection:
      - close
      Content-Length:
      - '607'
    body:
      encoding: UTF-8
      string: |
        <revisionlist>
          <revision rev="1" vrev="1">
            <srcmd5>4369256fc7026ce9efc535ca4af38c57</srcmd5>
            <version>unknown</version>
            <time>1536058088</time>
            <user>package_test_user</user>
          </revision>
          <revision rev="2" vrev="2">
            <srcmd5>3054c237efb30ad77f7986dd041466d5</srcmd5>
            <version>unknown</version>
            <time>1536058100</time>
            <user>package_test_user</user>
          </revision>
          <revision rev="3" vrev="3">
            <srcmd5>5729343ed2c09cf63f9ce1a9a7fe888f</srcmd5>
            <version>unknown</version>
            <time>1536058266</time>
            <user>package_test_user</user>
          </revision>
        </revisionlist>
    http_version: 
  recorded_at: Tue, 04 Sep 2018 10:51:07 GMT
- request:
    method: get
    uri: http://backend:5352/build/home:package_test_user:branches:home:other_package_test_user/_result?package=branch_test_package&view=status
    body:
      encoding: US-ASCII
      string: ''
    headers:
      Content-Type:
      - text/plain
      Accept-Encoding:
      - identity
      Accept:
      - "*/*"
      User-Agent:
      - Ruby
  response:
    status:
      code: 200
      message: OK
    headers:
      Content-Type:
      - text/xml
      Cache-Control:
      - no-cache
      Connection:
      - close
      Content-Length:
      - '56'
    body:
      encoding: UTF-8
      string: '<resultlist state="00000000000000000000000000000000" />

'
    http_version: 
  recorded_at: Tue, 04 Sep 2018 10:51:07 GMT
recorded_with: VCR 4.0.0
