---
http_interactions:
- request:
    method: put
    uri: http://backend:5352/source/linked_project/_meta?user=user_40
    body:
      encoding: UTF-8
      string: |
        <project name="linked_project">
          <title>The Golden Apples of the Sun</title>
          <description/>
        </project>
    headers:
      Accept-Encoding:
      - gzip;q=1.0,deflate;q=0.6,identity;q=0.3
      Accept:
      - "*/*"
      User-Agent:
      - Ruby
  response:
    status:
      code: 200
      message: OK
    headers:
      Content-Type:
      - text/xml
      Cache-Control:
      - no-cache
      Connection:
      - close
      Content-Length:
      - '119'
    body:
      encoding: UTF-8
      string: |
        <project name="linked_project">
          <title>The Golden Apples of the Sun</title>
          <description></description>
        </project>
  recorded_at: Mon, 03 May 2021 15:47:19 GMT
- request:
    method: put
    uri: http://backend:5352/source/linked_project/linked_package/_meta?user=user_41
    body:
      encoding: UTF-8
      string: |
        <package name="linked_package" project="linked_project">
          <title>From Here to Eternity</title>
          <description>Quas consequatur dolore animi.</description>
        </package>
    headers:
      Accept-Encoding:
      - gzip;q=1.0,deflate;q=0.6,identity;q=0.3
      Accept:
      - "*/*"
      User-Agent:
      - Ruby
  response:
    status:
      code: 200
      message: OK
    headers:
      Content-Type:
      - text/xml
      Cache-Control:
      - no-cache
      Connection:
      - close
      Content-Length:
      - '167'
    body:
      encoding: UTF-8
      string: |
        <package name="linked_package" project="linked_project">
          <title>From Here to Eternity</title>
          <description>Quas consequatur dolore animi.</description>
        </package>
  recorded_at: Mon, 03 May 2021 15:47:19 GMT
- request:
    method: put
    uri: http://backend:5352/source/project/_meta?user=user_42
    body:
      encoding: UTF-8
      string: |
        <project name="project">
          <title>Frequent Hearses</title>
          <description/>
          <link project="linked_project"/>
          <person userid="foo" role="maintainer"/>
        </project>
    headers:
      Accept-Encoding:
      - gzip;q=1.0,deflate;q=0.6,identity;q=0.3
      Accept:
      - "*/*"
      User-Agent:
      - Ruby
  response:
    status:
      code: 200
      message: OK
    headers:
      Content-Type:
      - text/xml
      Cache-Control:
      - no-cache
      Connection:
      - close
      Content-Length:
      - '178'
    body:
      encoding: UTF-8
      string: |
        <project name="project">
          <title>Frequent Hearses</title>
          <description></description>
          <link project="linked_project"/>
          <person userid="foo" role="maintainer"/>
        </project>
  recorded_at: Mon, 03 May 2021 15:47:19 GMT
- request:
    method: put
    uri: http://backend:5352/source/project/local_package/_meta?user=user_43
    body:
      encoding: UTF-8
      string: |
        <package name="local_package" project="project">
          <title>Jacob Have I Loved</title>
          <description>Voluptatem ut qui sit.</description>
        </package>
    headers:
      Accept-Encoding:
      - gzip;q=1.0,deflate;q=0.6,identity;q=0.3
      Accept:
      - "*/*"
      User-Agent:
      - Ruby
  response:
    status:
      code: 200
      message: OK
    headers:
      Content-Type:
      - text/xml
      Cache-Control:
      - no-cache
      Connection:
      - close
      Content-Length:
      - '148'
    body:
      encoding: UTF-8
      string: |
        <package name="local_package" project="project">
          <title>Jacob Have I Loved</title>
          <description>Voluptatem ut qui sit.</description>
        </package>
  recorded_at: Mon, 03 May 2021 15:47:19 GMT
- request:
    method: get
    uri: http://backend:5352/source/linked_project/linked_package
    body:
      encoding: US-ASCII
      string: ''
    headers:
      Accept-Encoding:
      - gzip;q=1.0,deflate;q=0.6,identity;q=0.3
      Accept:
      - "*/*"
      User-Agent:
      - Ruby
  response:
    status:
      code: 200
      message: OK
    headers:
      Content-Type:
      - text/xml
      Cache-Control:
      - no-cache
      Connection:
      - close
      Content-Length:
      - '89'
    body:
      encoding: UTF-8
      string: |
        <directory name="linked_package" srcmd5="d41d8cd98f00b204e9800998ecf8427e">
        </directory>
  recorded_at: Mon, 03 May 2021 15:47:19 GMT
- request:
    method: post
    uri: http://backend:5352/build/project?cmd=rebuild&package=linked_package
    body:
      encoding: UTF-8
      string: ''
    headers:
      Content-Type:
      - application/octet-stream
      Accept-Encoding:
      - gzip;q=1.0,deflate;q=0.6,identity;q=0.3
      Accept:
      - "*/*"
      User-Agent:
      - Ruby
  response:
    status:
      code: 400
      message: no repository defined
    headers:
      Content-Type:
      - text/xml
      Cache-Control:
      - no-cache
      Connection:
      - close
      Content-Length:
      - '73'
    body:
      encoding: UTF-8
      string: |
        <status code="400">
          <summary>no repository defined</summary>
        </status>
  recorded_at: Mon, 03 May 2021 15:47:19 GMT
recorded_with: VCR 6.0.0
